ARM GAS  /tmp/ccZfLYrj.s 			page 1


   1              		.cpu cortex-m4
   2              		.arch armv7e-m
   3              		.fpu fpv4-sp-d16
   4              		.eabi_attribute 27, 1
   5              		.eabi_attribute 28, 1
   6              		.eabi_attribute 20, 1
   7              		.eabi_attribute 21, 1
   8              		.eabi_attribute 23, 3
   9              		.eabi_attribute 24, 1
  10              		.eabi_attribute 25, 1
  11              		.eabi_attribute 26, 1
  12              		.eabi_attribute 30, 2
  13              		.eabi_attribute 34, 1
  14              		.eabi_attribute 18, 4
  15              		.file	"board.c"
  16              		.text
  17              	.Ltext0:
  18              		.cfi_sections	.debug_frame
  19              		.file 1 "../RC_Controller/ChibiOS_3.0.5/os/hal/boards/ST_STM32F4_DISCOVERY/board.c"
  20              		.section	.text.__early_init,"ax",%progbits
  21              		.align	1
  22              		.p2align 4,,15
  23              		.global	__early_init
  24              		.syntax unified
  25              		.thumb
  26              		.thumb_func
  27              		.type	__early_init, %function
  28              	__early_init:
  29              	.LFB223:
  30              		.loc 1 70 25 view -0
  31              		.cfi_startproc
  32              		@ args = 0, pretend = 0, frame = 0
  33              		@ frame_needed = 0, uses_anonymous_args = 0
  34              		@ link register save eliminated.
  35              		.loc 1 72 3 view .LVU1
  36 0000 FFF7FEBF 		b	stm32_clock_init
  37              	.LVL0:
  38              		.cfi_endproc
  39              	.LFE223:
  40              		.size	__early_init, .-__early_init
  41              		.section	.text.boardInit,"ax",%progbits
  42              		.align	1
  43              		.p2align 4,,15
  44              		.global	boardInit
  45              		.syntax unified
  46              		.thumb
  47              		.thumb_func
  48              		.type	boardInit, %function
  49              	boardInit:
  50              	.LFB224:
  51              		.loc 1 123 22 view -0
  52              		.cfi_startproc
  53              		@ args = 0, pretend = 0, frame = 0
  54              		@ frame_needed = 0, uses_anonymous_args = 0
  55              		@ link register save eliminated.
  56              		.loc 1 124 1 view .LVU3
  57 0000 7047     		bx	lr
ARM GAS  /tmp/ccZfLYrj.s 			page 2


  58              		.cfi_endproc
  59              	.LFE224:
  60              		.size	boardInit, .-boardInit
  61              		.global	pal_default_config
  62 0002 00BF     		.section	.rodata.pal_default_config,"a"
  63              		.align	2
  64              		.type	pal_default_config, %object
  65              		.size	pal_default_config, 252
  66              	pal_default_config:
  67 0000 00AAA02A 		.word	715172352
  68 0004 00000000 		.word	0
  69 0008 FFABFFFF 		.word	-21505
  70 000c 54000140 		.word	1073807444
  71 0010 FFFF0000 		.word	65535
  72 0014 00005655 		.word	1431699456
  73 0018 00AA0A00 		.word	698880
  74 001c 80200800 		.word	532608
  75 0020 40020000 		.word	576
  76 0024 FFFFFFFF 		.word	-1
  77 0028 15455155 		.word	1431389461
  78 002c FFFF0000 		.word	65535
  79 0030 00000004 		.word	67108864
  80 0034 40000000 		.word	64
  81 0038 01802002 		.word	35684353
  82 003c 00000000 		.word	0
  83 0040 FFFFFFFF 		.word	-1
  84 0044 54154554 		.word	1413813588
  85 0048 FFFF0000 		.word	65535
  86 004c 00000060 		.word	1610612736
  87 0050 00060600 		.word	394752
  88 0054 00010055 		.word	1426063616
  89 0058 00000000 		.word	0
  90 005c FFFFFFFF 		.word	-1
  91 0060 55505500 		.word	5591125
  92 0064 FF0F0000 		.word	4095
  93 0068 00000000 		.word	0
  94 006c 00000000 		.word	0
  95 0070 40000000 		.word	64
  96 0074 00000000 		.word	0
  97 0078 FFFFFFFF 		.word	-1
  98 007c 00000000 		.word	0
  99 0080 FFFF0000 		.word	65535
 100 0084 00000000 		.word	0
 101 0088 00000000 		.word	0
 102 008c 00000000 		.word	0
 103 0090 00000000 		.word	0
 104 0094 FFFFFFFF 		.word	-1
 105 0098 00000000 		.word	0
 106 009c FFFF0000 		.word	65535
 107 00a0 00000000 		.word	0
 108 00a4 00000000 		.word	0
 109 00a8 00000000 		.word	0
 110 00ac 00000000 		.word	0
 111 00b0 FFFFFFFF 		.word	-1
 112 00b4 00000000 		.word	0
 113 00b8 FFFF0000 		.word	65535
 114 00bc 00000000 		.word	0
ARM GAS  /tmp/ccZfLYrj.s 			page 3


 115 00c0 00000000 		.word	0
 116 00c4 00000000 		.word	0
 117 00c8 00000000 		.word	0
 118 00cc FFFFFFFF 		.word	-1
 119 00d0 00000000 		.word	0
 120 00d4 FFFF0000 		.word	65535
 121 00d8 00000000 		.word	0
 122 00dc 00000000 		.word	0
 123 00e0 00000000 		.word	0
 124 00e4 00000000 		.word	0
 125 00e8 FFFFFFFF 		.word	-1
 126 00ec 00000000 		.word	0
 127 00f0 FFFF0000 		.word	65535
 128 00f4 00000000 		.word	0
 129 00f8 00000000 		.word	0
 130              		.text
 131              	.Letext0:
 132              		.file 2 "/opt/arm-gnu-toolchain-13.2.Rel1-x86_64-arm-none-eabi/lib/gcc/arm-none-eabi/13.2.1/includ
 133              		.file 3 "/opt/arm-gnu-toolchain-13.2.Rel1-x86_64-arm-none-eabi/arm-none-eabi/include/machine/_defa
 134              		.file 4 "/opt/arm-gnu-toolchain-13.2.Rel1-x86_64-arm-none-eabi/arm-none-eabi/include/sys/_stdint.h
 135              		.file 5 "../RC_Controller/ChibiOS_3.0.5/os/hal/ports/STM32/LLD/GPIOv2/pal_lld.h"
 136              		.file 6 "../RC_Controller/ChibiOS_3.0.5/os/hal/ports/STM32/STM32F4xx/hal_lld.h"
 137              		.section	.debug_info,"",%progbits
 138              	.Ldebug_info0:
 139 0000 CC010000 		.4byte	0x1cc
 140 0004 0500     		.2byte	0x5
 141 0006 01       		.byte	0x1
 142 0007 04       		.byte	0x4
 143 0008 00000000 		.4byte	.Ldebug_abbrev0
 144 000c 05       		.uleb128 0x5
 145 000d BA010000 		.4byte	.LASF31
 146 0011 0C       		.byte	0xc
 147 0012 23000000 		.4byte	.LASF32
 148 0016 77010000 		.4byte	.LASF33
 149 001a 0C000000 		.4byte	.LLRL0
 150 001e 00000000 		.4byte	0
 151 0022 00000000 		.4byte	.Ldebug_line0
 152 0026 06       		.uleb128 0x6
 153 0027 04       		.byte	0x4
 154 0028 05       		.byte	0x5
 155 0029 696E7400 		.ascii	"int\000"
 156 002d 03       		.uleb128 0x3
 157 002e 15000000 		.4byte	.LASF6
 158 0032 02       		.byte	0x2
 159 0033 D6       		.byte	0xd6
 160 0034 17       		.byte	0x17
 161 0035 39000000 		.4byte	0x39
 162 0039 02       		.uleb128 0x2
 163 003a 04       		.byte	0x4
 164 003b 07       		.byte	0x7
 165 003c 80000000 		.4byte	.LASF0
 166 0040 02       		.uleb128 0x2
 167 0041 01       		.byte	0x1
 168 0042 06       		.byte	0x6
 169 0043 03030000 		.4byte	.LASF1
 170 0047 02       		.uleb128 0x2
 171 0048 01       		.byte	0x1
ARM GAS  /tmp/ccZfLYrj.s 			page 4


 172 0049 08       		.byte	0x8
 173 004a B9000000 		.4byte	.LASF2
 174 004e 02       		.uleb128 0x2
 175 004f 02       		.byte	0x2
 176 0050 05       		.byte	0x5
 177 0051 E3020000 		.4byte	.LASF3
 178 0055 02       		.uleb128 0x2
 179 0056 02       		.byte	0x2
 180 0057 07       		.byte	0x7
 181 0058 6D000000 		.4byte	.LASF4
 182 005c 02       		.uleb128 0x2
 183 005d 04       		.byte	0x4
 184 005e 05       		.byte	0x5
 185 005f F4020000 		.4byte	.LASF5
 186 0063 03       		.uleb128 0x3
 187 0064 2D010000 		.4byte	.LASF7
 188 0068 03       		.byte	0x3
 189 0069 4F       		.byte	0x4f
 190 006a 19       		.byte	0x19
 191 006b 6F000000 		.4byte	0x6f
 192 006f 02       		.uleb128 0x2
 193 0070 04       		.byte	0x4
 194 0071 07       		.byte	0x7
 195 0072 EB000000 		.4byte	.LASF8
 196 0076 02       		.uleb128 0x2
 197 0077 08       		.byte	0x8
 198 0078 05       		.byte	0x5
 199 0079 00000000 		.4byte	.LASF9
 200 007d 02       		.uleb128 0x2
 201 007e 08       		.byte	0x8
 202 007f 07       		.byte	0x7
 203 0080 9B000000 		.4byte	.LASF10
 204 0084 03       		.uleb128 0x3
 205 0085 02010000 		.4byte	.LASF11
 206 0089 04       		.byte	0x4
 207 008a 30       		.byte	0x30
 208 008b 14       		.byte	0x14
 209 008c 63000000 		.4byte	0x63
 210 0090 02       		.uleb128 0x2
 211 0091 01       		.byte	0x1
 212 0092 08       		.byte	0x8
 213 0093 4C010000 		.4byte	.LASF12
 214 0097 02       		.uleb128 0x2
 215 0098 01       		.byte	0x1
 216 0099 02       		.byte	0x2
 217 009a 0F030000 		.4byte	.LASF13
 218 009e 04       		.uleb128 0x4
 219 009f 1C       		.byte	0x1c
 220 00a0 C1       		.byte	0xc1
 221 00a1 F5000000 		.4byte	0xf5
 222 00a5 01       		.uleb128 0x1
 223 00a6 FD020000 		.4byte	.LASF14
 224 00aa C3       		.byte	0xc3
 225 00ab 84000000 		.4byte	0x84
 226 00af 00       		.byte	0
 227 00b0 01       		.uleb128 0x1
 228 00b1 8D000000 		.4byte	.LASF15
ARM GAS  /tmp/ccZfLYrj.s 			page 5


 229 00b5 C5       		.byte	0xc5
 230 00b6 84000000 		.4byte	0x84
 231 00ba 04       		.byte	0x4
 232 00bb 01       		.uleb128 0x1
 233 00bc 68010000 		.4byte	.LASF16
 234 00c0 C7       		.byte	0xc7
 235 00c1 84000000 		.4byte	0x84
 236 00c5 08       		.byte	0x8
 237 00c6 01       		.uleb128 0x1
 238 00c7 38010000 		.4byte	.LASF17
 239 00cb C9       		.byte	0xc9
 240 00cc 84000000 		.4byte	0x84
 241 00d0 0C       		.byte	0xc
 242 00d1 07       		.uleb128 0x7
 243 00d2 6F647200 		.ascii	"odr\000"
 244 00d6 05       		.byte	0x5
 245 00d7 CB       		.byte	0xcb
 246 00d8 19       		.byte	0x19
 247 00d9 84000000 		.4byte	0x84
 248 00dd 10       		.byte	0x10
 249 00de 01       		.uleb128 0x1
 250 00df 0B010000 		.4byte	.LASF18
 251 00e3 CD       		.byte	0xcd
 252 00e4 84000000 		.4byte	0x84
 253 00e8 14       		.byte	0x14
 254 00e9 01       		.uleb128 0x1
 255 00ea FD000000 		.4byte	.LASF19
 256 00ee CF       		.byte	0xcf
 257 00ef 84000000 		.4byte	0x84
 258 00f3 18       		.byte	0x18
 259 00f4 00       		.byte	0
 260 00f5 03       		.uleb128 0x3
 261 00f6 C7000000 		.4byte	.LASF20
 262 00fa 05       		.byte	0x5
 263 00fb D0       		.byte	0xd0
 264 00fc 03       		.byte	0x3
 265 00fd 9E000000 		.4byte	0x9e
 266 0101 04       		.uleb128 0x4
 267 0102 FC       		.byte	0xfc
 268 0103 D9       		.byte	0xd9
 269 0104 6C010000 		.4byte	0x16c
 270 0108 01       		.uleb128 0x1
 271 0109 ED020000 		.4byte	.LASF21
 272 010d DC       		.byte	0xdc
 273 010e F5000000 		.4byte	0xf5
 274 0112 00       		.byte	0
 275 0113 01       		.uleb128 0x1
 276 0114 45010000 		.4byte	.LASF22
 277 0118 E0       		.byte	0xe0
 278 0119 F5000000 		.4byte	0xf5
 279 011d 1C       		.byte	0x1c
 280 011e 01       		.uleb128 0x1
 281 011f B3010000 		.4byte	.LASF23
 282 0123 E4       		.byte	0xe4
 283 0124 F5000000 		.4byte	0xf5
 284 0128 38       		.byte	0x38
 285 0129 01       		.uleb128 0x1
ARM GAS  /tmp/ccZfLYrj.s 			page 6


 286 012a 1C000000 		.4byte	.LASF24
 287 012e E8       		.byte	0xe8
 288 012f F5000000 		.4byte	0xf5
 289 0133 54       		.byte	0x54
 290 0134 01       		.uleb128 0x1
 291 0135 B2000000 		.4byte	.LASF25
 292 0139 EC       		.byte	0xec
 293 013a F5000000 		.4byte	0xf5
 294 013e 70       		.byte	0x70
 295 013f 01       		.uleb128 0x1
 296 0140 3E010000 		.4byte	.LASF26
 297 0144 F0       		.byte	0xf0
 298 0145 F5000000 		.4byte	0xf5
 299 0149 8C       		.byte	0x8c
 300 014a 01       		.uleb128 0x1
 301 014b 70010000 		.4byte	.LASF27
 302 014f F4       		.byte	0xf4
 303 0150 F5000000 		.4byte	0xf5
 304 0154 A8       		.byte	0xa8
 305 0155 01       		.uleb128 0x1
 306 0156 0E000000 		.4byte	.LASF28
 307 015a F8       		.byte	0xf8
 308 015b F5000000 		.4byte	0xf5
 309 015f C4       		.byte	0xc4
 310 0160 01       		.uleb128 0x1
 311 0161 94000000 		.4byte	.LASF29
 312 0165 FC       		.byte	0xfc
 313 0166 F5000000 		.4byte	0xf5
 314 016a E0       		.byte	0xe0
 315 016b 00       		.byte	0
 316 016c 03       		.uleb128 0x3
 317 016d 10010000 		.4byte	.LASF30
 318 0171 05       		.byte	0x5
 319 0172 FE       		.byte	0xfe
 320 0173 03       		.byte	0x3
 321 0174 01010000 		.4byte	0x101
 322 0178 08       		.uleb128 0x8
 323 0179 6C010000 		.4byte	0x16c
 324 017d 09       		.uleb128 0x9
 325 017e 1A010000 		.4byte	.LASF34
 326 0182 05       		.byte	0x5
 327 0183 DA01     		.2byte	0x1da
 328 0185 18       		.byte	0x18
 329 0186 78010000 		.4byte	0x178
 330 018a 0A       		.uleb128 0xa
 331 018b 7D010000 		.4byte	0x17d
 332 018f 01       		.byte	0x1
 333 0190 19       		.byte	0x19
 334 0191 11       		.byte	0x11
 335 0192 05       		.uleb128 0x5
 336 0193 03       		.byte	0x3
 337 0194 00000000 		.4byte	pal_default_config
 338 0198 0B       		.uleb128 0xb
 339 0199 DA000000 		.4byte	.LASF35
 340 019d 06       		.byte	0x6
 341 019e 1306     		.2byte	0x613
 342 01a0 08       		.byte	0x8
ARM GAS  /tmp/ccZfLYrj.s 			page 7


 343 01a1 0C       		.uleb128 0xc
 344 01a2 51010000 		.4byte	.LASF36
 345 01a6 01       		.byte	0x1
 346 01a7 7B       		.byte	0x7b
 347 01a8 06       		.byte	0x6
 348 01a9 00000000 		.4byte	.LFB224
 349 01ad 02000000 		.4byte	.LFE224-.LFB224
 350 01b1 01       		.uleb128 0x1
 351 01b2 9C       		.byte	0x9c
 352 01b3 0D       		.uleb128 0xd
 353 01b4 5B010000 		.4byte	.LASF37
 354 01b8 01       		.byte	0x1
 355 01b9 46       		.byte	0x46
 356 01ba 06       		.byte	0x6
 357 01bb 00000000 		.4byte	.LFB223
 358 01bf 04000000 		.4byte	.LFE223-.LFB223
 359 01c3 01       		.uleb128 0x1
 360 01c4 9C       		.byte	0x9c
 361 01c5 0E       		.uleb128 0xe
 362 01c6 04000000 		.4byte	.LVL0
 363 01ca 98010000 		.4byte	0x198
 364 01ce 00       		.byte	0
 365 01cf 00       		.byte	0
 366              		.section	.debug_abbrev,"",%progbits
 367              	.Ldebug_abbrev0:
 368 0000 01       		.uleb128 0x1
 369 0001 0D       		.uleb128 0xd
 370 0002 00       		.byte	0
 371 0003 03       		.uleb128 0x3
 372 0004 0E       		.uleb128 0xe
 373 0005 3A       		.uleb128 0x3a
 374 0006 21       		.uleb128 0x21
 375 0007 05       		.sleb128 5
 376 0008 3B       		.uleb128 0x3b
 377 0009 0B       		.uleb128 0xb
 378 000a 39       		.uleb128 0x39
 379 000b 21       		.uleb128 0x21
 380 000c 19       		.sleb128 25
 381 000d 49       		.uleb128 0x49
 382 000e 13       		.uleb128 0x13
 383 000f 38       		.uleb128 0x38
 384 0010 0B       		.uleb128 0xb
 385 0011 00       		.byte	0
 386 0012 00       		.byte	0
 387 0013 02       		.uleb128 0x2
 388 0014 24       		.uleb128 0x24
 389 0015 00       		.byte	0
 390 0016 0B       		.uleb128 0xb
 391 0017 0B       		.uleb128 0xb
 392 0018 3E       		.uleb128 0x3e
 393 0019 0B       		.uleb128 0xb
 394 001a 03       		.uleb128 0x3
 395 001b 0E       		.uleb128 0xe
 396 001c 00       		.byte	0
 397 001d 00       		.byte	0
 398 001e 03       		.uleb128 0x3
 399 001f 16       		.uleb128 0x16
ARM GAS  /tmp/ccZfLYrj.s 			page 8


 400 0020 00       		.byte	0
 401 0021 03       		.uleb128 0x3
 402 0022 0E       		.uleb128 0xe
 403 0023 3A       		.uleb128 0x3a
 404 0024 0B       		.uleb128 0xb
 405 0025 3B       		.uleb128 0x3b
 406 0026 0B       		.uleb128 0xb
 407 0027 39       		.uleb128 0x39
 408 0028 0B       		.uleb128 0xb
 409 0029 49       		.uleb128 0x49
 410 002a 13       		.uleb128 0x13
 411 002b 00       		.byte	0
 412 002c 00       		.byte	0
 413 002d 04       		.uleb128 0x4
 414 002e 13       		.uleb128 0x13
 415 002f 01       		.byte	0x1
 416 0030 0B       		.uleb128 0xb
 417 0031 0B       		.uleb128 0xb
 418 0032 3A       		.uleb128 0x3a
 419 0033 21       		.uleb128 0x21
 420 0034 05       		.sleb128 5
 421 0035 3B       		.uleb128 0x3b
 422 0036 0B       		.uleb128 0xb
 423 0037 39       		.uleb128 0x39
 424 0038 21       		.uleb128 0x21
 425 0039 09       		.sleb128 9
 426 003a 01       		.uleb128 0x1
 427 003b 13       		.uleb128 0x13
 428 003c 00       		.byte	0
 429 003d 00       		.byte	0
 430 003e 05       		.uleb128 0x5
 431 003f 11       		.uleb128 0x11
 432 0040 01       		.byte	0x1
 433 0041 25       		.uleb128 0x25
 434 0042 0E       		.uleb128 0xe
 435 0043 13       		.uleb128 0x13
 436 0044 0B       		.uleb128 0xb
 437 0045 03       		.uleb128 0x3
 438 0046 0E       		.uleb128 0xe
 439 0047 1B       		.uleb128 0x1b
 440 0048 0E       		.uleb128 0xe
 441 0049 55       		.uleb128 0x55
 442 004a 17       		.uleb128 0x17
 443 004b 11       		.uleb128 0x11
 444 004c 01       		.uleb128 0x1
 445 004d 10       		.uleb128 0x10
 446 004e 17       		.uleb128 0x17
 447 004f 00       		.byte	0
 448 0050 00       		.byte	0
 449 0051 06       		.uleb128 0x6
 450 0052 24       		.uleb128 0x24
 451 0053 00       		.byte	0
 452 0054 0B       		.uleb128 0xb
 453 0055 0B       		.uleb128 0xb
 454 0056 3E       		.uleb128 0x3e
 455 0057 0B       		.uleb128 0xb
 456 0058 03       		.uleb128 0x3
ARM GAS  /tmp/ccZfLYrj.s 			page 9


 457 0059 08       		.uleb128 0x8
 458 005a 00       		.byte	0
 459 005b 00       		.byte	0
 460 005c 07       		.uleb128 0x7
 461 005d 0D       		.uleb128 0xd
 462 005e 00       		.byte	0
 463 005f 03       		.uleb128 0x3
 464 0060 08       		.uleb128 0x8
 465 0061 3A       		.uleb128 0x3a
 466 0062 0B       		.uleb128 0xb
 467 0063 3B       		.uleb128 0x3b
 468 0064 0B       		.uleb128 0xb
 469 0065 39       		.uleb128 0x39
 470 0066 0B       		.uleb128 0xb
 471 0067 49       		.uleb128 0x49
 472 0068 13       		.uleb128 0x13
 473 0069 38       		.uleb128 0x38
 474 006a 0B       		.uleb128 0xb
 475 006b 00       		.byte	0
 476 006c 00       		.byte	0
 477 006d 08       		.uleb128 0x8
 478 006e 26       		.uleb128 0x26
 479 006f 00       		.byte	0
 480 0070 49       		.uleb128 0x49
 481 0071 13       		.uleb128 0x13
 482 0072 00       		.byte	0
 483 0073 00       		.byte	0
 484 0074 09       		.uleb128 0x9
 485 0075 34       		.uleb128 0x34
 486 0076 00       		.byte	0
 487 0077 03       		.uleb128 0x3
 488 0078 0E       		.uleb128 0xe
 489 0079 3A       		.uleb128 0x3a
 490 007a 0B       		.uleb128 0xb
 491 007b 3B       		.uleb128 0x3b
 492 007c 05       		.uleb128 0x5
 493 007d 39       		.uleb128 0x39
 494 007e 0B       		.uleb128 0xb
 495 007f 49       		.uleb128 0x49
 496 0080 13       		.uleb128 0x13
 497 0081 3F       		.uleb128 0x3f
 498 0082 19       		.uleb128 0x19
 499 0083 3C       		.uleb128 0x3c
 500 0084 19       		.uleb128 0x19
 501 0085 00       		.byte	0
 502 0086 00       		.byte	0
 503 0087 0A       		.uleb128 0xa
 504 0088 34       		.uleb128 0x34
 505 0089 00       		.byte	0
 506 008a 47       		.uleb128 0x47
 507 008b 13       		.uleb128 0x13
 508 008c 3A       		.uleb128 0x3a
 509 008d 0B       		.uleb128 0xb
 510 008e 3B       		.uleb128 0x3b
 511 008f 0B       		.uleb128 0xb
 512 0090 39       		.uleb128 0x39
 513 0091 0B       		.uleb128 0xb
ARM GAS  /tmp/ccZfLYrj.s 			page 10


 514 0092 02       		.uleb128 0x2
 515 0093 18       		.uleb128 0x18
 516 0094 00       		.byte	0
 517 0095 00       		.byte	0
 518 0096 0B       		.uleb128 0xb
 519 0097 2E       		.uleb128 0x2e
 520 0098 00       		.byte	0
 521 0099 3F       		.uleb128 0x3f
 522 009a 19       		.uleb128 0x19
 523 009b 03       		.uleb128 0x3
 524 009c 0E       		.uleb128 0xe
 525 009d 3A       		.uleb128 0x3a
 526 009e 0B       		.uleb128 0xb
 527 009f 3B       		.uleb128 0x3b
 528 00a0 05       		.uleb128 0x5
 529 00a1 39       		.uleb128 0x39
 530 00a2 0B       		.uleb128 0xb
 531 00a3 27       		.uleb128 0x27
 532 00a4 19       		.uleb128 0x19
 533 00a5 3C       		.uleb128 0x3c
 534 00a6 19       		.uleb128 0x19
 535 00a7 00       		.byte	0
 536 00a8 00       		.byte	0
 537 00a9 0C       		.uleb128 0xc
 538 00aa 2E       		.uleb128 0x2e
 539 00ab 00       		.byte	0
 540 00ac 3F       		.uleb128 0x3f
 541 00ad 19       		.uleb128 0x19
 542 00ae 03       		.uleb128 0x3
 543 00af 0E       		.uleb128 0xe
 544 00b0 3A       		.uleb128 0x3a
 545 00b1 0B       		.uleb128 0xb
 546 00b2 3B       		.uleb128 0x3b
 547 00b3 0B       		.uleb128 0xb
 548 00b4 39       		.uleb128 0x39
 549 00b5 0B       		.uleb128 0xb
 550 00b6 27       		.uleb128 0x27
 551 00b7 19       		.uleb128 0x19
 552 00b8 11       		.uleb128 0x11
 553 00b9 01       		.uleb128 0x1
 554 00ba 12       		.uleb128 0x12
 555 00bb 06       		.uleb128 0x6
 556 00bc 40       		.uleb128 0x40
 557 00bd 18       		.uleb128 0x18
 558 00be 7A       		.uleb128 0x7a
 559 00bf 19       		.uleb128 0x19
 560 00c0 00       		.byte	0
 561 00c1 00       		.byte	0
 562 00c2 0D       		.uleb128 0xd
 563 00c3 2E       		.uleb128 0x2e
 564 00c4 01       		.byte	0x1
 565 00c5 3F       		.uleb128 0x3f
 566 00c6 19       		.uleb128 0x19
 567 00c7 03       		.uleb128 0x3
 568 00c8 0E       		.uleb128 0xe
 569 00c9 3A       		.uleb128 0x3a
 570 00ca 0B       		.uleb128 0xb
ARM GAS  /tmp/ccZfLYrj.s 			page 11


 571 00cb 3B       		.uleb128 0x3b
 572 00cc 0B       		.uleb128 0xb
 573 00cd 39       		.uleb128 0x39
 574 00ce 0B       		.uleb128 0xb
 575 00cf 27       		.uleb128 0x27
 576 00d0 19       		.uleb128 0x19
 577 00d1 11       		.uleb128 0x11
 578 00d2 01       		.uleb128 0x1
 579 00d3 12       		.uleb128 0x12
 580 00d4 06       		.uleb128 0x6
 581 00d5 40       		.uleb128 0x40
 582 00d6 18       		.uleb128 0x18
 583 00d7 7A       		.uleb128 0x7a
 584 00d8 19       		.uleb128 0x19
 585 00d9 00       		.byte	0
 586 00da 00       		.byte	0
 587 00db 0E       		.uleb128 0xe
 588 00dc 48       		.uleb128 0x48
 589 00dd 00       		.byte	0
 590 00de 7D       		.uleb128 0x7d
 591 00df 01       		.uleb128 0x1
 592 00e0 8201     		.uleb128 0x82
 593 00e2 19       		.uleb128 0x19
 594 00e3 7F       		.uleb128 0x7f
 595 00e4 13       		.uleb128 0x13
 596 00e5 00       		.byte	0
 597 00e6 00       		.byte	0
 598 00e7 00       		.byte	0
 599              		.section	.debug_aranges,"",%progbits
 600 0000 24000000 		.4byte	0x24
 601 0004 0200     		.2byte	0x2
 602 0006 00000000 		.4byte	.Ldebug_info0
 603 000a 04       		.byte	0x4
 604 000b 00       		.byte	0
 605 000c 0000     		.2byte	0
 606 000e 0000     		.2byte	0
 607 0010 00000000 		.4byte	.LFB223
 608 0014 04000000 		.4byte	.LFE223-.LFB223
 609 0018 00000000 		.4byte	.LFB224
 610 001c 02000000 		.4byte	.LFE224-.LFB224
 611 0020 00000000 		.4byte	0
 612 0024 00000000 		.4byte	0
 613              		.section	.debug_rnglists,"",%progbits
 614              	.Ldebug_ranges0:
 615 0000 15000000 		.4byte	.Ldebug_ranges3-.Ldebug_ranges2
 616              	.Ldebug_ranges2:
 617 0004 0500     		.2byte	0x5
 618 0006 04       		.byte	0x4
 619 0007 00       		.byte	0
 620 0008 00000000 		.4byte	0
 621              	.LLRL0:
 622 000c 07       		.byte	0x7
 623 000d 00000000 		.4byte	.LFB223
 624 0011 04       		.uleb128 .LFE223-.LFB223
 625 0012 07       		.byte	0x7
 626 0013 00000000 		.4byte	.LFB224
 627 0017 02       		.uleb128 .LFE224-.LFB224
ARM GAS  /tmp/ccZfLYrj.s 			page 12


 628 0018 00       		.byte	0
 629              	.Ldebug_ranges3:
 630              		.section	.debug_line,"",%progbits
 631              	.Ldebug_line0:
 632 0000 4F020000 		.section	.debug_str,"MS",%progbits,1
 632      03001F02 
 632      00000201 
 632      FB0E0D00 
 632      01010101 
 633              	.LASF9:
 634 0000 6C6F6E67 		.ascii	"long long int\000"
 634      206C6F6E 
 634      6720696E 
 634      7400
 635              	.LASF28:
 636 000e 50484461 		.ascii	"PHData\000"
 636      746100
 637              	.LASF6:
 638 0015 73697A65 		.ascii	"size_t\000"
 638      5F7400
 639              	.LASF24:
 640 001c 50444461 		.ascii	"PDData\000"
 640      746100
 641              	.LASF32:
 642 0023 2E2E2F52 		.ascii	"../RC_Controller/ChibiOS_3.0.5/os/hal/boards/ST_STM"
 642      435F436F 
 642      6E74726F 
 642      6C6C6572 
 642      2F436869 
 643 0056 33324634 		.ascii	"32F4_DISCOVERY/board.c\000"
 643      5F444953 
 643      434F5645 
 643      52592F62 
 643      6F617264 
 644              	.LASF4:
 645 006d 73686F72 		.ascii	"short unsigned int\000"
 645      7420756E 
 645      7369676E 
 645      65642069 
 645      6E7400
 646              	.LASF0:
 647 0080 756E7369 		.ascii	"unsigned int\000"
 647      676E6564 
 647      20696E74 
 647      00
 648              	.LASF15:
 649 008d 6F747970 		.ascii	"otyper\000"
 649      657200
 650              	.LASF29:
 651 0094 50494461 		.ascii	"PIData\000"
 651      746100
 652              	.LASF10:
 653 009b 6C6F6E67 		.ascii	"long long unsigned int\000"
 653      206C6F6E 
 653      6720756E 
 653      7369676E 
 653      65642069 
ARM GAS  /tmp/ccZfLYrj.s 			page 13


 654              	.LASF25:
 655 00b2 50454461 		.ascii	"PEData\000"
 655      746100
 656              	.LASF2:
 657 00b9 756E7369 		.ascii	"unsigned char\000"
 657      676E6564 
 657      20636861 
 657      7200
 658              	.LASF20:
 659 00c7 73746D33 		.ascii	"stm32_gpio_setup_t\000"
 659      325F6770 
 659      696F5F73 
 659      65747570 
 659      5F7400
 660              	.LASF35:
 661 00da 73746D33 		.ascii	"stm32_clock_init\000"
 661      325F636C 
 661      6F636B5F 
 661      696E6974 
 661      00
 662              	.LASF8:
 663 00eb 6C6F6E67 		.ascii	"long unsigned int\000"
 663      20756E73 
 663      69676E65 
 663      6420696E 
 663      7400
 664              	.LASF19:
 665 00fd 61667268 		.ascii	"afrh\000"
 665      00
 666              	.LASF11:
 667 0102 75696E74 		.ascii	"uint32_t\000"
 667      33325F74 
 667      00
 668              	.LASF18:
 669 010b 6166726C 		.ascii	"afrl\000"
 669      00
 670              	.LASF30:
 671 0110 50414C43 		.ascii	"PALConfig\000"
 671      6F6E6669 
 671      6700
 672              	.LASF34:
 673 011a 70616C5F 		.ascii	"pal_default_config\000"
 673      64656661 
 673      756C745F 
 673      636F6E66 
 673      696700
 674              	.LASF7:
 675 012d 5F5F7569 		.ascii	"__uint32_t\000"
 675      6E743332 
 675      5F7400
 676              	.LASF17:
 677 0138 70757064 		.ascii	"pupdr\000"
 677      7200
 678              	.LASF26:
 679 013e 50464461 		.ascii	"PFData\000"
 679      746100
 680              	.LASF22:
ARM GAS  /tmp/ccZfLYrj.s 			page 14


 681 0145 50424461 		.ascii	"PBData\000"
 681      746100
 682              	.LASF12:
 683 014c 63686172 		.ascii	"char\000"
 683      00
 684              	.LASF36:
 685 0151 626F6172 		.ascii	"boardInit\000"
 685      64496E69 
 685      7400
 686              	.LASF37:
 687 015b 5F5F6561 		.ascii	"__early_init\000"
 687      726C795F 
 687      696E6974 
 687      00
 688              	.LASF16:
 689 0168 6F737065 		.ascii	"ospeedr\000"
 689      65647200 
 690              	.LASF27:
 691 0170 50474461 		.ascii	"PGData\000"
 691      746100
 692              	.LASF33:
 693 0177 2F686F6D 		.ascii	"/home/gunnar/code/rise_sdvp/Embedded/RTCM_Forwarder"
 693      652F6775 
 693      6E6E6172 
 693      2F636F64 
 693      652F7269 
 694 01aa 5F50726F 		.ascii	"_Project\000"
 694      6A656374 
 694      00
 695              	.LASF23:
 696 01b3 50434461 		.ascii	"PCData\000"
 696      746100
 697              	.LASF31:
 698 01ba 474E5520 		.ascii	"GNU C99 13.2.1 20231009 -mcpu=cortex-m4 -mfpu=fpv4-"
 698      43393920 
 698      31332E32 
 698      2E312032 
 698      30323331 
 699 01ed 73702D64 		.ascii	"sp-d16 -mfloat-abi=hard -mfloat-abi=hard -mfpu=fpv4"
 699      3136202D 
 699      6D666C6F 
 699      61742D61 
 699      62693D68 
 700 0220 2D73702D 		.ascii	"-sp-d16 -mno-thumb-interwork -mthumb -march=armv7e-"
 700      64313620 
 700      2D6D6E6F 
 700      2D746875 
 700      6D622D69 
 701 0253 6D2B6670 		.ascii	"m+fp -ggdb -O2 -std=gnu99 -fomit-frame-pointer -fal"
 701      202D6767 
 701      6462202D 
 701      4F32202D 
 701      7374643D 
 702 0286 69676E2D 		.ascii	"ign-functions=16 -ffunction-sections -fdata-section"
 702      66756E63 
 702      74696F6E 
 702      733D3136 
ARM GAS  /tmp/ccZfLYrj.s 			page 15


 702      202D6666 
 703 02b9 73202D66 		.ascii	"s -fno-common -fsingle-precision-constant\000"
 703      6E6F2D63 
 703      6F6D6D6F 
 703      6E202D66 
 703      73696E67 
 704              	.LASF3:
 705 02e3 73686F72 		.ascii	"short int\000"
 705      7420696E 
 705      7400
 706              	.LASF21:
 707 02ed 50414461 		.ascii	"PAData\000"
 707      746100
 708              	.LASF5:
 709 02f4 6C6F6E67 		.ascii	"long int\000"
 709      20696E74 
 709      00
 710              	.LASF14:
 711 02fd 6D6F6465 		.ascii	"moder\000"
 711      7200
 712              	.LASF1:
 713 0303 7369676E 		.ascii	"signed char\000"
 713      65642063 
 713      68617200 
 714              	.LASF13:
 715 030f 5F426F6F 		.ascii	"_Bool\000"
 715      6C00
 716              		.ident	"GCC: (Arm GNU Toolchain 13.2.rel1 (Build arm-13.7)) 13.2.1 20231009"
ARM GAS  /tmp/ccZfLYrj.s 			page 16


DEFINED SYMBOLS
                            *ABS*:00000000 board.c
     /tmp/ccZfLYrj.s:21     .text.__early_init:00000000 $t
     /tmp/ccZfLYrj.s:28     .text.__early_init:00000000 __early_init
     /tmp/ccZfLYrj.s:42     .text.boardInit:00000000 $t
     /tmp/ccZfLYrj.s:49     .text.boardInit:00000000 boardInit
     /tmp/ccZfLYrj.s:66     .rodata.pal_default_config:00000000 pal_default_config
     /tmp/ccZfLYrj.s:63     .rodata.pal_default_config:00000000 $d

UNDEFINED SYMBOLS
stm32_clock_init
