ARM GAS  /tmp/cc8bydrr.s 			page 1


   1              		.cpu cortex-m4
   2              		.arch armv7e-m
   3              		.fpu fpv4-sp-d16
   4              		.eabi_attribute 27, 1
   5              		.eabi_attribute 28, 1
   6              		.eabi_attribute 20, 1
   7              		.eabi_attribute 21, 1
   8              		.eabi_attribute 23, 3
   9              		.eabi_attribute 24, 1
  10              		.eabi_attribute 25, 1
  11              		.eabi_attribute 26, 1
  12              		.eabi_attribute 30, 2
  13              		.eabi_attribute 34, 1
  14              		.eabi_attribute 18, 4
  15              		.file	"chcore.c"
  16              		.text
  17              	.Ltext0:
  18              		.cfi_sections	.debug_frame
  19              		.file 1 "../RC_Controller/ChibiOS_3.0.5/os/rt/ports/ARMCMx/chcore.c"
  20              	.Letext0:
  21              		.section	.debug_info,"",%progbits
  22              	.Ldebug_info0:
  23 0000 68000000 		.4byte	0x68
  24 0004 0500     		.2byte	0x5
  25 0006 01       		.byte	0x1
  26 0007 04       		.byte	0x4
  27 0008 00000000 		.4byte	.Ldebug_abbrev0
  28 000c 02       		.uleb128 0x2
  29 000d F2000000 		.4byte	.LASF10
  30 0011 0C       		.byte	0xc
  31 0012 B7000000 		.4byte	.LASF11
  32 0016 48000000 		.4byte	.LASF12
  33 001a 00000000 		.4byte	.Ldebug_line0
  34 001e 03       		.uleb128 0x3
  35 001f 04       		.byte	0x4
  36 0020 05       		.byte	0x5
  37 0021 696E7400 		.ascii	"int\000"
  38 0025 01       		.uleb128 0x1
  39 0026 04       		.byte	0x4
  40 0027 07       		.byte	0x7
  41 0028 00000000 		.4byte	.LASF0
  42 002c 01       		.uleb128 0x1
  43 002d 01       		.byte	0x1
  44 002e 06       		.byte	0x6
  45 002f 1F000000 		.4byte	.LASF1
  46 0033 01       		.uleb128 0x1
  47 0034 01       		.byte	0x1
  48 0035 08       		.byte	0x8
  49 0036 A0000000 		.4byte	.LASF2
  50 003a 01       		.uleb128 0x1
  51 003b 02       		.byte	0x2
  52 003c 05       		.byte	0x5
  53 003d 3E000000 		.4byte	.LASF3
  54 0041 01       		.uleb128 0x1
  55 0042 02       		.byte	0x2
  56 0043 07       		.byte	0x7
  57 0044 2B000000 		.4byte	.LASF4
ARM GAS  /tmp/cc8bydrr.s 			page 2


  58 0048 01       		.uleb128 0x1
  59 0049 04       		.byte	0x4
  60 004a 05       		.byte	0x5
  61 004b AE000000 		.4byte	.LASF5
  62 004f 01       		.uleb128 0x1
  63 0050 04       		.byte	0x4
  64 0051 07       		.byte	0x7
  65 0052 0D000000 		.4byte	.LASF6
  66 0056 01       		.uleb128 0x1
  67 0057 08       		.byte	0x8
  68 0058 05       		.byte	0x5
  69 0059 1B020000 		.4byte	.LASF7
  70 005d 01       		.uleb128 0x1
  71 005e 08       		.byte	0x8
  72 005f 07       		.byte	0x7
  73 0060 89000000 		.4byte	.LASF8
  74 0064 01       		.uleb128 0x1
  75 0065 01       		.byte	0x1
  76 0066 08       		.byte	0x8
  77 0067 84000000 		.4byte	.LASF9
  78 006b 00       		.byte	0
  79              		.section	.debug_abbrev,"",%progbits
  80              	.Ldebug_abbrev0:
  81 0000 01       		.uleb128 0x1
  82 0001 24       		.uleb128 0x24
  83 0002 00       		.byte	0
  84 0003 0B       		.uleb128 0xb
  85 0004 0B       		.uleb128 0xb
  86 0005 3E       		.uleb128 0x3e
  87 0006 0B       		.uleb128 0xb
  88 0007 03       		.uleb128 0x3
  89 0008 0E       		.uleb128 0xe
  90 0009 00       		.byte	0
  91 000a 00       		.byte	0
  92 000b 02       		.uleb128 0x2
  93 000c 11       		.uleb128 0x11
  94 000d 01       		.byte	0x1
  95 000e 25       		.uleb128 0x25
  96 000f 0E       		.uleb128 0xe
  97 0010 13       		.uleb128 0x13
  98 0011 0B       		.uleb128 0xb
  99 0012 03       		.uleb128 0x3
 100 0013 0E       		.uleb128 0xe
 101 0014 1B       		.uleb128 0x1b
 102 0015 0E       		.uleb128 0xe
 103 0016 10       		.uleb128 0x10
 104 0017 17       		.uleb128 0x17
 105 0018 00       		.byte	0
 106 0019 00       		.byte	0
 107 001a 03       		.uleb128 0x3
 108 001b 24       		.uleb128 0x24
 109 001c 00       		.byte	0
 110 001d 0B       		.uleb128 0xb
 111 001e 0B       		.uleb128 0xb
 112 001f 3E       		.uleb128 0x3e
 113 0020 0B       		.uleb128 0xb
 114 0021 03       		.uleb128 0x3
ARM GAS  /tmp/cc8bydrr.s 			page 3


 115 0022 08       		.uleb128 0x8
 116 0023 00       		.byte	0
 117 0024 00       		.byte	0
 118 0025 00       		.byte	0
 119              		.section	.debug_aranges,"",%progbits
 120 0000 14000000 		.4byte	0x14
 121 0004 0200     		.2byte	0x2
 122 0006 00000000 		.4byte	.Ldebug_info0
 123 000a 04       		.byte	0x4
 124 000b 00       		.byte	0
 125 000c 0000     		.2byte	0
 126 000e 0000     		.2byte	0
 127 0010 00000000 		.4byte	0
 128 0014 00000000 		.4byte	0
 129              		.section	.debug_line,"",%progbits
 130              	.Ldebug_line0:
 131 0000 57000000 		.section	.debug_str,"MS",%progbits,1
 131      03005100 
 131      00000201 
 131      FB0E0D00 
 131      01010101 
 132              	.LASF0:
 133 0000 756E7369 		.ascii	"unsigned int\000"
 133      676E6564 
 133      20696E74 
 133      00
 134              	.LASF6:
 135 000d 6C6F6E67 		.ascii	"long unsigned int\000"
 135      20756E73 
 135      69676E65 
 135      6420696E 
 135      7400
 136              	.LASF1:
 137 001f 7369676E 		.ascii	"signed char\000"
 137      65642063 
 137      68617200 
 138              	.LASF4:
 139 002b 73686F72 		.ascii	"short unsigned int\000"
 139      7420756E 
 139      7369676E 
 139      65642069 
 139      6E7400
 140              	.LASF3:
 141 003e 73686F72 		.ascii	"short int\000"
 141      7420696E 
 141      7400
 142              	.LASF12:
 143 0048 2F686F6D 		.ascii	"/home/gunnar/code/rise_sdvp/Embedded/RTCM_Forwarder"
 143      652F6775 
 143      6E6E6172 
 143      2F636F64 
 143      652F7269 
 144 007b 5F50726F 		.ascii	"_Project\000"
 144      6A656374 
 144      00
 145              	.LASF9:
 146 0084 63686172 		.ascii	"char\000"
ARM GAS  /tmp/cc8bydrr.s 			page 4


 146      00
 147              	.LASF8:
 148 0089 6C6F6E67 		.ascii	"long long unsigned int\000"
 148      206C6F6E 
 148      6720756E 
 148      7369676E 
 148      65642069 
 149              	.LASF2:
 150 00a0 756E7369 		.ascii	"unsigned char\000"
 150      676E6564 
 150      20636861 
 150      7200
 151              	.LASF5:
 152 00ae 6C6F6E67 		.ascii	"long int\000"
 152      20696E74 
 152      00
 153              	.LASF11:
 154 00b7 2E2E2F52 		.ascii	"../RC_Controller/ChibiOS_3.0.5/os/rt/ports/ARMCMx/c"
 154      435F436F 
 154      6E74726F 
 154      6C6C6572 
 154      2F436869 
 155 00ea 68636F72 		.ascii	"hcore.c\000"
 155      652E6300 
 156              	.LASF10:
 157 00f2 474E5520 		.ascii	"GNU C99 13.2.1 20231009 -mcpu=cortex-m4 -mfpu=fpv4-"
 157      43393920 
 157      31332E32 
 157      2E312032 
 157      30323331 
 158 0125 73702D64 		.ascii	"sp-d16 -mfloat-abi=hard -mfloat-abi=hard -mfpu=fpv4"
 158      3136202D 
 158      6D666C6F 
 158      61742D61 
 158      62693D68 
 159 0158 2D73702D 		.ascii	"-sp-d16 -mno-thumb-interwork -mthumb -march=armv7e-"
 159      64313620 
 159      2D6D6E6F 
 159      2D746875 
 159      6D622D69 
 160 018b 6D2B6670 		.ascii	"m+fp -ggdb -O2 -std=gnu99 -fomit-frame-pointer -fal"
 160      202D6767 
 160      6462202D 
 160      4F32202D 
 160      7374643D 
 161 01be 69676E2D 		.ascii	"ign-functions=16 -ffunction-sections -fdata-section"
 161      66756E63 
 161      74696F6E 
 161      733D3136 
 161      202D6666 
 162 01f1 73202D66 		.ascii	"s -fno-common -fsingle-precision-constant\000"
 162      6E6F2D63 
 162      6F6D6D6F 
 162      6E202D66 
 162      73696E67 
 163              	.LASF7:
 164 021b 6C6F6E67 		.ascii	"long long int\000"
ARM GAS  /tmp/cc8bydrr.s 			page 5


 164      206C6F6E 
 164      6720696E 
 164      7400
 165              		.ident	"GCC: (Arm GNU Toolchain 13.2.rel1 (Build arm-13.7)) 13.2.1 20231009"
ARM GAS  /tmp/cc8bydrr.s 			page 6


DEFINED SYMBOLS
                            *ABS*:00000000 chcore.c

NO UNDEFINED SYMBOLS
