ARM GAS  /tmp/ccN6Huci.s 			page 1


   1              		.cpu cortex-m4
   2              		.arch armv7e-m
   3              		.fpu fpv4-sp-d16
   4              		.eabi_attribute 27, 1
   5              		.eabi_attribute 28, 1
   6              		.eabi_attribute 20, 1
   7              		.eabi_attribute 21, 1
   8              		.eabi_attribute 23, 3
   9              		.eabi_attribute 24, 1
  10              		.eabi_attribute 25, 1
  11              		.eabi_attribute 26, 1
  12              		.eabi_attribute 30, 2
  13              		.eabi_attribute 34, 1
  14              		.eabi_attribute 18, 4
  15              		.file	"chcore_v7m.c"
  16              		.text
  17              	.Ltext0:
  18              		.cfi_sections	.debug_frame
  19              		.file 1 "../RC_Controller/ChibiOS_3.0.5/os/rt/ports/ARMCMx/chcore_v7m.c"
  20              		.section	.text.SVC_Handler,"ax",%progbits
  21              		.align	1
  22              		.p2align 4,,15
  23              		.global	SVC_Handler
  24              		.syntax unified
  25              		.thumb
  26              		.thumb_func
  27              		.type	SVC_Handler, %function
  28              	SVC_Handler:
  29              	.LFB186:
  30              		.loc 1 62 24 view -0
  31              		.cfi_startproc
  32              		@ args = 0, pretend = 0, frame = 0
  33              		@ frame_needed = 1, uses_anonymous_args = 0
  34              		@ link register save eliminated.
  35              		.loc 1 64 3 view .LVU1
  36              		.loc 1 68 3 view .LVU2
  37              		.loc 1 62 24 is_stmt 0 view .LVU3
  38 0000 80B4     		push	{r7}
  39              		.cfi_def_cfa_offset 4
  40              		.cfi_offset 7, -4
  41              		.loc 1 68 6 view .LVU4
  42 0002 094A     		ldr	r2, .L4
  43 0004 536B     		ldr	r3, [r2, #52]
  44              		.loc 1 68 14 view .LVU5
  45 0006 23F00103 		bic	r3, r3, #1
  46              		.loc 1 62 24 view .LVU6
  47 000a 00AF     		add	r7, sp, #0
  48              		.cfi_def_cfa_register 7
  49              		.loc 1 68 14 view .LVU7
  50 000c 5363     		str	r3, [r2, #52]
  51              		.loc 1 72 3 is_stmt 1 view .LVU8
  52              	.LBB51:
  53              	.LBI51:
  54              		.file 2 "../RC_Controller/ChibiOS_3.0.5/os/ext/CMSIS/include/core_cmFunc.h"
  55              		.loc 2 424 61 view .LVU9
  56              	.LBB52:
  57              		.loc 2 426 3 view .LVU10
ARM GAS  /tmp/ccN6Huci.s 			page 2


  58              		.loc 2 428 3 view .LVU11
  59              		.syntax unified
  60              	@ 428 "../RC_Controller/ChibiOS_3.0.5/os/ext/CMSIS/include/core_cmFunc.h" 1
  61 000e EFF30983 		MRS r3, psp
  62              	
  63              	@ 0 "" 2
  64              	.LVL0:
  65              		.loc 2 429 3 view .LVU12
  66              		.loc 2 429 3 is_stmt 0 view .LVU13
  67              		.thumb
  68              		.syntax unified
  69              	.LBE52:
  70              	.LBE51:
  71              		.loc 1 76 3 is_stmt 1 view .LVU14
  72              		.loc 1 79 3 view .LVU15
  73              	.LBB53:
  74              	.LBI53:
  75              		.loc 2 439 57 view .LVU16
  76              	.LBB54:
  77              		.loc 2 441 3 view .LVU17
  78              	.LBE54:
  79              	.LBE53:
  80              		.loc 1 76 7 is_stmt 0 view .LVU18
  81 0012 6833     		adds	r3, r3, #104
  82              	.LVL1:
  83              	.LBB56:
  84              	.LBB55:
  85              		.loc 2 441 3 view .LVU19
  86              		.syntax unified
  87              	@ 441 "../RC_Controller/ChibiOS_3.0.5/os/ext/CMSIS/include/core_cmFunc.h" 1
  88 0014 83F30988 		MSR psp, r3
  89              	
  90              	@ 0 "" 2
  91              	.LVL2:
  92              		.loc 2 441 3 view .LVU20
  93              		.thumb
  94              		.syntax unified
  95              	.LBE55:
  96              	.LBE56:
  97              		.loc 1 82 3 is_stmt 1 view .LVU21
  98              	.LBB57:
  99              	.LBI57:
 100              		.file 3 "../RC_Controller/ChibiOS_3.0.5/os/rt/ports/ARMCMx/chcore_v7m.h"
 101              		.loc 3 484 20 view .LVU22
 102              		.loc 3 486 3 view .LVU23
 103              	.LBB58:
 104              	.LBI58:
 105              		.loc 3 458 20 view .LVU24
 106              		.loc 3 461 3 view .LVU25
 107              	.LBB59:
 108              	.LBI59:
 109              		.loc 2 544 57 view .LVU26
 110              	.LBB60:
 111              		.loc 2 546 3 view .LVU27
 112 0018 0023     		movs	r3, #0
 113              	.LVL3:
 114              		.loc 2 546 3 is_stmt 0 view .LVU28
ARM GAS  /tmp/ccN6Huci.s 			page 3


 115              		.syntax unified
 116              	@ 546 "../RC_Controller/ChibiOS_3.0.5/os/ext/CMSIS/include/core_cmFunc.h" 1
 117 001a 83F31188 		MSR basepri, r3
 118              	@ 0 "" 2
 119              	.LVL4:
 120              		.loc 2 546 3 view .LVU29
 121              		.thumb
 122              		.syntax unified
 123              	.LBE60:
 124              	.LBE59:
 125              	.LBE58:
 126              	.LBE57:
 127              		.loc 1 83 1 view .LVU30
 128 001e BD46     		mov	sp, r7
 129              		.cfi_def_cfa_register 13
 130              		@ sp needed
 131 0020 5DF8047B 		ldr	r7, [sp], #4
 132              		.cfi_restore 7
 133              		.cfi_def_cfa_offset 0
 134 0024 7047     		bx	lr
 135              	.L5:
 136 0026 00BF     		.align	2
 137              	.L4:
 138 0028 00EF00E0 		.word	-536809728
 139              		.cfi_endproc
 140              	.LFE186:
 141              		.size	SVC_Handler, .-SVC_Handler
 142              		.section	.text._port_irq_epilogue,"ax",%progbits
 143              		.align	1
 144              		.p2align 4,,15
 145              		.global	_port_irq_epilogue
 146              		.syntax unified
 147              		.thumb
 148              		.thumb_func
 149              		.type	_port_irq_epilogue, %function
 150              	_port_irq_epilogue:
 151              	.LFB187:
 152              		.loc 1 122 31 is_stmt 1 view -0
 153              		.cfi_startproc
 154              		@ args = 0, pretend = 0, frame = 0
 155              		@ frame_needed = 1, uses_anonymous_args = 0
 156              		.loc 1 124 3 view .LVU32
 157              	.LBB61:
 158              	.LBI61:
 159              		.loc 3 473 20 view .LVU33
 160              		.loc 3 475 3 view .LVU34
 161              	.LBB62:
 162              	.LBI62:
 163              		.loc 3 444 20 view .LVU35
 164              		.loc 3 447 3 view .LVU36
 165              	.LVL5:
 166              	.LBB63:
 167              	.LBI63:
 168              		.loc 2 544 57 view .LVU37
 169              	.LBB64:
 170              		.loc 2 546 3 view .LVU38
 171              	.LBE64:
ARM GAS  /tmp/ccN6Huci.s 			page 4


 172              	.LBE63:
 173              	.LBE62:
 174              	.LBE61:
 175              		.loc 1 122 31 is_stmt 0 view .LVU39
 176 0000 98B5     		push	{r3, r4, r7, lr}
 177              		.cfi_def_cfa_offset 16
 178              		.cfi_offset 3, -16
 179              		.cfi_offset 4, -12
 180              		.cfi_offset 7, -8
 181              		.cfi_offset 14, -4
 182              	.LBB71:
 183              	.LBB69:
 184              	.LBB67:
 185              	.LBB65:
 186              		.loc 2 546 3 view .LVU40
 187 0002 2023     		movs	r3, #32
 188              	.LBE65:
 189              	.LBE67:
 190              	.LBE69:
 191              	.LBE71:
 192              		.loc 1 122 31 view .LVU41
 193 0004 00AF     		add	r7, sp, #0
 194              		.cfi_def_cfa_register 7
 195              	.LBB72:
 196              	.LBB70:
 197              	.LBB68:
 198              	.LBB66:
 199              		.loc 2 546 3 view .LVU42
 200              		.syntax unified
 201              	@ 546 "../RC_Controller/ChibiOS_3.0.5/os/ext/CMSIS/include/core_cmFunc.h" 1
 202 0006 83F31188 		MSR basepri, r3
 203              	@ 0 "" 2
 204              	.LVL6:
 205              		.loc 2 546 3 view .LVU43
 206              		.thumb
 207              		.syntax unified
 208              	.LBE66:
 209              	.LBE68:
 210              	.LBE70:
 211              	.LBE72:
 212              		.loc 1 125 3 is_stmt 1 view .LVU44
 213              		.loc 1 125 11 is_stmt 0 view .LVU45
 214 000a 114B     		ldr	r3, .L12
 215 000c 5B68     		ldr	r3, [r3, #4]
 216              		.loc 1 125 6 view .LVU46
 217 000e 13F40063 		ands	r3, r3, #2048
 218 0012 02D1     		bne	.L11
 219              		.loc 1 165 3 is_stmt 1 view .LVU47
 220              	.LBB73:
 221              	.LBI73:
 222              		.loc 3 484 20 view .LVU48
 223              	.LBB74:
 224              		.loc 3 486 3 view .LVU49
 225              	.LBB75:
 226              	.LBI75:
 227              		.loc 3 458 20 view .LVU50
 228              		.loc 3 461 3 view .LVU51
ARM GAS  /tmp/ccN6Huci.s 			page 5


 229              	.LVL7:
 230              	.LBB76:
 231              	.LBI76:
 232              		.loc 2 544 57 view .LVU52
 233              	.LBB77:
 234              		.loc 2 546 3 view .LVU53
 235              		.syntax unified
 236              	@ 546 "../RC_Controller/ChibiOS_3.0.5/os/ext/CMSIS/include/core_cmFunc.h" 1
 237 0014 83F31188 		MSR basepri, r3
 238              	@ 0 "" 2
 239              	.LVL8:
 240              		.loc 2 546 3 is_stmt 0 view .LVU54
 241              		.thumb
 242              		.syntax unified
 243              	.LBE77:
 244              	.LBE76:
 245              	.LBE75:
 246              	.LBE74:
 247              	.LBE73:
 248              		.loc 1 166 1 view .LVU55
 249 0018 98BD     		pop	{r3, r4, r7, pc}
 250              	.L11:
 251              	.LBB78:
 252              		.loc 1 126 5 is_stmt 1 view .LVU56
 253              		.loc 1 130 7 view .LVU57
 254              	.LBB79:
 255              	.LBI79:
 256              		.loc 2 587 61 view .LVU58
 257              	.LBB80:
 258              		.loc 2 590 3 view .LVU59
 259              		.loc 2 593 3 view .LVU60
 260              		.loc 2 594 3 view .LVU61
 261              		.syntax unified
 262              	@ 594 "../RC_Controller/ChibiOS_3.0.5/os/ext/CMSIS/include/core_cmFunc.h" 1
 263 001a F1EE103A 		VMRS r3, fpscr
 264              	@ 0 "" 2
 265              	.LVL9:
 266              		.loc 2 595 3 view .LVU62
 267              		.loc 2 596 3 view .LVU63
 268              	.LVL10:
 269              		.loc 2 596 3 is_stmt 0 view .LVU64
 270              		.thumb
 271              		.syntax unified
 272              	.LBE80:
 273              	.LBE79:
 274              		.loc 1 134 5 is_stmt 1 view .LVU65
 275              	.LBB81:
 276              	.LBI81:
 277              		.loc 2 424 61 view .LVU66
 278              	.LBB82:
 279              		.loc 2 426 3 view .LVU67
 280              		.loc 2 428 3 view .LVU68
 281              		.syntax unified
 282              	@ 428 "../RC_Controller/ChibiOS_3.0.5/os/ext/CMSIS/include/core_cmFunc.h" 1
 283 001e EFF30984 		MRS r4, psp
 284              	
 285              	@ 0 "" 2
ARM GAS  /tmp/ccN6Huci.s 			page 6


 286              	.LVL11:
 287              		.loc 2 429 3 view .LVU69
 288              		.loc 2 429 3 is_stmt 0 view .LVU70
 289              		.thumb
 290              		.syntax unified
 291              	.LBE82:
 292              	.LBE81:
 293              		.loc 1 138 5 is_stmt 1 view .LVU71
 294              		.loc 1 141 5 view .LVU72
 295              		.loc 1 143 32 is_stmt 0 view .LVU73
 296 0022 0C4B     		ldr	r3, .L12+4
 297              		.loc 1 141 16 view .LVU74
 298 0024 4FF08072 		mov	r2, #16777216
 299              		.loc 1 143 32 view .LVU75
 300 0028 DB6B     		ldr	r3, [r3, #60]
 301              		.loc 1 143 17 view .LVU76
 302 002a 44F8083C 		str	r3, [r4, #-8]
 303              		.loc 1 141 16 view .LVU77
 304 002e 44F84C2C 		str	r2, [r4, #-76]
 305              		.loc 1 143 5 is_stmt 1 view .LVU78
 306              		.loc 1 147 5 view .LVU79
 307              	.LVL12:
 308              	.LBB83:
 309              	.LBI83:
 310              		.loc 2 439 57 view .LVU80
 311              	.LBB84:
 312              		.loc 2 441 3 view .LVU81
 313              	.LBE84:
 314              	.LBE83:
 315              		.loc 1 138 9 is_stmt 0 view .LVU82
 316 0032 A4F16803 		sub	r3, r4, #104
 317              	.LVL13:
 318              	.LBB86:
 319              	.LBB85:
 320              		.loc 2 441 3 view .LVU83
 321              		.syntax unified
 322              	@ 441 "../RC_Controller/ChibiOS_3.0.5/os/ext/CMSIS/include/core_cmFunc.h" 1
 323 0036 83F30988 		MSR psp, r3
 324              	
 325              	@ 0 "" 2
 326              	.LVL14:
 327              		.loc 2 441 3 view .LVU84
 328              		.thumb
 329              		.syntax unified
 330              	.LBE85:
 331              	.LBE86:
 332              		.loc 1 151 5 is_stmt 1 view .LVU85
 333              		.loc 1 151 9 is_stmt 0 view .LVU86
 334 003a FFF7FEFF 		bl	chSchIsPreemptionRequired
 335              	.LVL15:
 336              		.loc 1 151 8 discriminator 1 view .LVU87
 337 003e 18B1     		cbz	r0, .L8
 338              		.loc 1 153 7 is_stmt 1 view .LVU88
 339              		.loc 1 153 16 is_stmt 0 view .LVU89
 340 0040 054B     		ldr	r3, .L12+8
 341 0042 44F8503C 		str	r3, [r4, #-80]
 342              	.LBE78:
ARM GAS  /tmp/ccN6Huci.s 			page 7


 343              		.loc 1 166 1 view .LVU90
 344 0046 98BD     		pop	{r3, r4, r7, pc}
 345              	.LVL16:
 346              	.L8:
 347              	.LBB87:
 348              		.loc 1 158 7 is_stmt 1 view .LVU91
 349              		.loc 1 158 16 is_stmt 0 view .LVU92
 350 0048 044B     		ldr	r3, .L12+12
 351 004a 44F8503C 		str	r3, [r4, #-80]
 352              	.LBE87:
 353              		.loc 1 166 1 view .LVU93
 354 004e 98BD     		pop	{r3, r4, r7, pc}
 355              	.LVL17:
 356              	.L13:
 357              		.loc 1 166 1 view .LVU94
 358              		.align	2
 359              	.L12:
 360 0050 00ED00E0 		.word	-536810240
 361 0054 00EF00E0 		.word	-536809728
 362 0058 00000000 		.word	_port_switch_from_isr
 363 005c 00000000 		.word	_port_exit_from_isr
 364              		.cfi_endproc
 365              	.LFE187:
 366              		.size	_port_irq_epilogue, .-_port_irq_epilogue
 367              		.text
 368              	.Letext0:
 369              		.file 4 "/opt/arm-gnu-toolchain-13.2.Rel1-x86_64-arm-none-eabi/arm-none-eabi/include/machine/_defa
 370              		.file 5 "/opt/arm-gnu-toolchain-13.2.Rel1-x86_64-arm-none-eabi/arm-none-eabi/include/sys/_stdint.h
 371              		.file 6 "../RC_Controller/ChibiOS_3.0.5/os/ext/CMSIS/include/core_cm4.h"
 372              		.file 7 "../RC_Controller/ChibiOS_3.0.5/os/rt/ports/ARMCMx/chcore.h"
 373              		.file 8 "../RC_Controller/ChibiOS_3.0.5/os/rt/include/chschd.h"
 374              		.section	.debug_info,"",%progbits
 375              	.Ldebug_info0:
 376 0000 62060000 		.4byte	0x662
 377 0004 0500     		.2byte	0x5
 378 0006 01       		.byte	0x1
 379 0007 04       		.byte	0x4
 380 0008 00000000 		.4byte	.Ldebug_abbrev0
 381 000c 1B       		.uleb128 0x1b
 382 000d 49010000 		.4byte	.LASF57
 383 0011 0C       		.byte	0xc
 384 0012 D1020000 		.4byte	.LASF58
 385 0016 9E030000 		.4byte	.LASF59
 386 001a 3F000000 		.4byte	.LLRL13
 387 001e 00000000 		.4byte	0
 388 0022 00000000 		.4byte	.Ldebug_line0
 389 0026 1C       		.uleb128 0x1c
 390 0027 04       		.byte	0x4
 391 0028 05       		.byte	0x5
 392 0029 696E7400 		.ascii	"int\000"
 393 002d 03       		.uleb128 0x3
 394 002e 04       		.byte	0x4
 395 002f 07       		.byte	0x7
 396 0030 91030000 		.4byte	.LASF0
 397 0034 03       		.uleb128 0x3
 398 0035 01       		.byte	0x1
 399 0036 06       		.byte	0x6
ARM GAS  /tmp/ccN6Huci.s 			page 8


 400 0037 72020000 		.4byte	.LASF1
 401 003b 08       		.uleb128 0x8
 402 003c 05010000 		.4byte	.LASF6
 403 0040 04       		.byte	0x4
 404 0041 2B       		.byte	0x2b
 405 0042 18       		.byte	0x18
 406 0043 47000000 		.4byte	0x47
 407 0047 03       		.uleb128 0x3
 408 0048 01       		.byte	0x1
 409 0049 08       		.byte	0x8
 410 004a 21010000 		.4byte	.LASF2
 411 004e 03       		.uleb128 0x3
 412 004f 02       		.byte	0x2
 413 0050 05       		.byte	0x5
 414 0051 13000000 		.4byte	.LASF3
 415 0055 03       		.uleb128 0x3
 416 0056 02       		.byte	0x2
 417 0057 07       		.byte	0x7
 418 0058 AD020000 		.4byte	.LASF4
 419 005c 03       		.uleb128 0x3
 420 005d 04       		.byte	0x4
 421 005e 05       		.byte	0x5
 422 005f D2000000 		.4byte	.LASF5
 423 0063 08       		.uleb128 0x8
 424 0064 2D000000 		.4byte	.LASF7
 425 0068 04       		.byte	0x4
 426 0069 4F       		.byte	0x4f
 427 006a 19       		.byte	0x19
 428 006b 6F000000 		.4byte	0x6f
 429 006f 03       		.uleb128 0x3
 430 0070 04       		.byte	0x4
 431 0071 07       		.byte	0x7
 432 0072 45030000 		.4byte	.LASF8
 433 0076 03       		.uleb128 0x3
 434 0077 08       		.byte	0x8
 435 0078 05       		.byte	0x5
 436 0079 90000000 		.4byte	.LASF9
 437 007d 03       		.uleb128 0x3
 438 007e 08       		.byte	0x8
 439 007f 07       		.byte	0x7
 440 0080 7E020000 		.4byte	.LASF10
 441 0084 08       		.uleb128 0x8
 442 0085 58000000 		.4byte	.LASF11
 443 0089 05       		.byte	0x5
 444 008a 18       		.byte	0x18
 445 008b 13       		.byte	0x13
 446 008c 3B000000 		.4byte	0x3b
 447 0090 04       		.uleb128 0x4
 448 0091 84000000 		.4byte	0x84
 449 0095 08       		.uleb128 0x8
 450 0096 6F000000 		.4byte	.LASF12
 451 009a 05       		.byte	0x5
 452 009b 30       		.byte	0x30
 453 009c 14       		.byte	0x14
 454 009d 63000000 		.4byte	0x63
 455 00a1 04       		.uleb128 0x4
 456 00a2 95000000 		.4byte	0x95
ARM GAS  /tmp/ccN6Huci.s 			page 9


 457 00a6 0A       		.uleb128 0xa
 458 00a7 A1000000 		.4byte	0xa1
 459 00ab 1D       		.uleb128 0x1d
 460 00ac 04       		.byte	0x4
 461 00ad 10       		.uleb128 0x10
 462 00ae 8C       		.byte	0x8c
 463 00af 7001     		.2byte	0x170
 464 00b1 B2010000 		.4byte	0x1b2
 465 00b5 02       		.uleb128 0x2
 466 00b6 3D000000 		.4byte	.LASF13
 467 00ba 7201     		.2byte	0x172
 468 00bc A6000000 		.4byte	0xa6
 469 00c0 00       		.byte	0
 470 00c1 02       		.uleb128 0x2
 471 00c2 78000000 		.4byte	.LASF14
 472 00c6 7301     		.2byte	0x173
 473 00c8 A1000000 		.4byte	0xa1
 474 00cc 04       		.byte	0x4
 475 00cd 02       		.uleb128 0x2
 476 00ce 10030000 		.4byte	.LASF15
 477 00d2 7401     		.2byte	0x174
 478 00d4 A1000000 		.4byte	0xa1
 479 00d8 08       		.byte	0x8
 480 00d9 02       		.uleb128 0x2
 481 00da 43010000 		.4byte	.LASF16
 482 00de 7501     		.2byte	0x175
 483 00e0 A1000000 		.4byte	0xa1
 484 00e4 0C       		.byte	0xc
 485 00e5 05       		.uleb128 0x5
 486 00e6 53435200 		.ascii	"SCR\000"
 487 00ea 7601     		.2byte	0x176
 488 00ec A1000000 		.4byte	0xa1
 489 00f0 10       		.byte	0x10
 490 00f1 05       		.uleb128 0x5
 491 00f2 43435200 		.ascii	"CCR\000"
 492 00f6 7701     		.2byte	0x177
 493 00f8 A1000000 		.4byte	0xa1
 494 00fc 14       		.byte	0x14
 495 00fd 05       		.uleb128 0x5
 496 00fe 53485000 		.ascii	"SHP\000"
 497 0102 7801     		.2byte	0x178
 498 0104 C2010000 		.4byte	0x1c2
 499 0108 18       		.byte	0x18
 500 0109 02       		.uleb128 0x2
 501 010a 95020000 		.4byte	.LASF17
 502 010e 7901     		.2byte	0x179
 503 0110 A1000000 		.4byte	0xa1
 504 0114 24       		.byte	0x24
 505 0115 02       		.uleb128 0x2
 506 0116 15010000 		.4byte	.LASF18
 507 011a 7A01     		.2byte	0x17a
 508 011c A1000000 		.4byte	0xa1
 509 0120 28       		.byte	0x28
 510 0121 02       		.uleb128 0x2
 511 0122 31030000 		.4byte	.LASF19
 512 0126 7B01     		.2byte	0x17b
 513 0128 A1000000 		.4byte	0xa1
ARM GAS  /tmp/ccN6Huci.s 			page 10


 514 012c 2C       		.byte	0x2c
 515 012d 02       		.uleb128 0x2
 516 012e 1A030000 		.4byte	.LASF20
 517 0132 7C01     		.2byte	0x17c
 518 0134 A1000000 		.4byte	0xa1
 519 0138 30       		.byte	0x30
 520 0139 02       		.uleb128 0x2
 521 013a A7020000 		.4byte	.LASF21
 522 013e 7D01     		.2byte	0x17d
 523 0140 A1000000 		.4byte	0xa1
 524 0144 34       		.byte	0x34
 525 0145 02       		.uleb128 0x2
 526 0146 B3000000 		.4byte	.LASF22
 527 014a 7E01     		.2byte	0x17e
 528 014c A1000000 		.4byte	0xa1
 529 0150 38       		.byte	0x38
 530 0151 02       		.uleb128 0x2
 531 0152 8C030000 		.4byte	.LASF23
 532 0156 7F01     		.2byte	0x17f
 533 0158 A1000000 		.4byte	0xa1
 534 015c 3C       		.byte	0x3c
 535 015d 05       		.uleb128 0x5
 536 015e 50465200 		.ascii	"PFR\000"
 537 0162 8001     		.2byte	0x180
 538 0164 DC010000 		.4byte	0x1dc
 539 0168 40       		.byte	0x40
 540 0169 05       		.uleb128 0x5
 541 016a 44465200 		.ascii	"DFR\000"
 542 016e 8101     		.2byte	0x181
 543 0170 A6000000 		.4byte	0xa6
 544 0174 48       		.byte	0x48
 545 0175 05       		.uleb128 0x5
 546 0176 41445200 		.ascii	"ADR\000"
 547 017a 8201     		.2byte	0x182
 548 017c A6000000 		.4byte	0xa6
 549 0180 4C       		.byte	0x4c
 550 0181 02       		.uleb128 0x2
 551 0182 36030000 		.4byte	.LASF24
 552 0186 8301     		.2byte	0x183
 553 0188 F6010000 		.4byte	0x1f6
 554 018c 50       		.byte	0x50
 555 018d 02       		.uleb128 0x2
 556 018e 15030000 		.4byte	.LASF25
 557 0192 8401     		.2byte	0x184
 558 0194 10020000 		.4byte	0x210
 559 0198 60       		.byte	0x60
 560 0199 02       		.uleb128 0x2
 561 019a 3B030000 		.4byte	.LASF26
 562 019e 8501     		.2byte	0x185
 563 01a0 15020000 		.4byte	0x215
 564 01a4 74       		.byte	0x74
 565 01a5 02       		.uleb128 0x2
 566 01a6 F9030000 		.4byte	.LASF27
 567 01aa 8601     		.2byte	0x186
 568 01ac A1000000 		.4byte	0xa1
 569 01b0 88       		.byte	0x88
 570 01b1 00       		.byte	0
ARM GAS  /tmp/ccN6Huci.s 			page 11


 571 01b2 06       		.uleb128 0x6
 572 01b3 90000000 		.4byte	0x90
 573 01b7 C2010000 		.4byte	0x1c2
 574 01bb 07       		.uleb128 0x7
 575 01bc 2D000000 		.4byte	0x2d
 576 01c0 0B       		.byte	0xb
 577 01c1 00       		.byte	0
 578 01c2 04       		.uleb128 0x4
 579 01c3 B2010000 		.4byte	0x1b2
 580 01c7 06       		.uleb128 0x6
 581 01c8 A6000000 		.4byte	0xa6
 582 01cc D7010000 		.4byte	0x1d7
 583 01d0 07       		.uleb128 0x7
 584 01d1 2D000000 		.4byte	0x2d
 585 01d5 01       		.byte	0x1
 586 01d6 00       		.byte	0
 587 01d7 0A       		.uleb128 0xa
 588 01d8 C7010000 		.4byte	0x1c7
 589 01dc 04       		.uleb128 0x4
 590 01dd D7010000 		.4byte	0x1d7
 591 01e1 06       		.uleb128 0x6
 592 01e2 A6000000 		.4byte	0xa6
 593 01e6 F1010000 		.4byte	0x1f1
 594 01ea 07       		.uleb128 0x7
 595 01eb 2D000000 		.4byte	0x2d
 596 01ef 03       		.byte	0x3
 597 01f0 00       		.byte	0
 598 01f1 0A       		.uleb128 0xa
 599 01f2 E1010000 		.4byte	0x1e1
 600 01f6 04       		.uleb128 0x4
 601 01f7 F1010000 		.4byte	0x1f1
 602 01fb 06       		.uleb128 0x6
 603 01fc A6000000 		.4byte	0xa6
 604 0200 0B020000 		.4byte	0x20b
 605 0204 07       		.uleb128 0x7
 606 0205 2D000000 		.4byte	0x2d
 607 0209 04       		.byte	0x4
 608 020a 00       		.byte	0
 609 020b 0A       		.uleb128 0xa
 610 020c FB010000 		.4byte	0x1fb
 611 0210 04       		.uleb128 0x4
 612 0211 0B020000 		.4byte	0x20b
 613 0215 06       		.uleb128 0x6
 614 0216 95000000 		.4byte	0x95
 615 021a 25020000 		.4byte	0x225
 616 021e 07       		.uleb128 0x7
 617 021f 2D000000 		.4byte	0x2d
 618 0223 04       		.byte	0x4
 619 0224 00       		.byte	0
 620 0225 11       		.uleb128 0x11
 621 0226 60000000 		.4byte	.LASF28
 622 022a 8701     		.2byte	0x187
 623 022c AD000000 		.4byte	0xad
 624 0230 06       		.uleb128 0x6
 625 0231 95000000 		.4byte	0x95
 626 0235 40020000 		.4byte	0x240
 627 0239 07       		.uleb128 0x7
ARM GAS  /tmp/ccN6Huci.s 			page 12


 628 023a 2D000000 		.4byte	0x2d
 629 023e 00       		.byte	0
 630 023f 00       		.byte	0
 631 0240 10       		.uleb128 0x10
 632 0241 18       		.byte	0x18
 633 0242 8E04     		.2byte	0x48e
 634 0244 91020000 		.4byte	0x291
 635 0248 02       		.uleb128 0x2
 636 0249 3B030000 		.4byte	.LASF26
 637 024d 9004     		.2byte	0x490
 638 024f 30020000 		.4byte	0x230
 639 0253 00       		.byte	0
 640 0254 02       		.uleb128 0x2
 641 0255 57030000 		.4byte	.LASF29
 642 0259 9104     		.2byte	0x491
 643 025b A1000000 		.4byte	0xa1
 644 025f 04       		.byte	0x4
 645 0260 02       		.uleb128 0x2
 646 0261 69000000 		.4byte	.LASF30
 647 0265 9204     		.2byte	0x492
 648 0267 A1000000 		.4byte	0xa1
 649 026b 08       		.byte	0x8
 650 026c 02       		.uleb128 0x2
 651 026d C5020000 		.4byte	.LASF31
 652 0271 9304     		.2byte	0x493
 653 0273 A1000000 		.4byte	0xa1
 654 0277 0C       		.byte	0xc
 655 0278 02       		.uleb128 0x2
 656 0279 43000000 		.4byte	.LASF32
 657 027d 9404     		.2byte	0x494
 658 027f A6000000 		.4byte	0xa6
 659 0283 10       		.byte	0x10
 660 0284 02       		.uleb128 0x2
 661 0285 1D000000 		.4byte	.LASF33
 662 0289 9504     		.2byte	0x495
 663 028b A6000000 		.4byte	0xa6
 664 028f 14       		.byte	0x14
 665 0290 00       		.byte	0
 666 0291 11       		.uleb128 0x11
 667 0292 9E000000 		.4byte	.LASF34
 668 0296 9604     		.2byte	0x496
 669 0298 40020000 		.4byte	0x240
 670 029c 08       		.uleb128 0x8
 671 029d 4F000000 		.4byte	.LASF35
 672 02a1 07       		.byte	0x7
 673 02a2 65       		.byte	0x65
 674 02a3 0F       		.byte	0xf
 675 02a4 AB000000 		.4byte	0xab
 676 02a8 1E       		.uleb128 0x1e
 677 02a9 80030000 		.4byte	.LASF60
 678 02ad 68       		.byte	0x68
 679 02ae 03       		.byte	0x3
 680 02af D5       		.byte	0xd5
 681 02b0 08       		.byte	0x8
 682 02b1 C5030000 		.4byte	0x3c5
 683 02b5 01       		.uleb128 0x1
 684 02b6 723000   		.ascii	"r0\000"
ARM GAS  /tmp/ccN6Huci.s 			page 13


 685 02b9 D6       		.byte	0xd6
 686 02ba 9C020000 		.4byte	0x29c
 687 02be 00       		.byte	0
 688 02bf 01       		.uleb128 0x1
 689 02c0 723100   		.ascii	"r1\000"
 690 02c3 D7       		.byte	0xd7
 691 02c4 9C020000 		.4byte	0x29c
 692 02c8 04       		.byte	0x4
 693 02c9 01       		.uleb128 0x1
 694 02ca 723200   		.ascii	"r2\000"
 695 02cd D8       		.byte	0xd8
 696 02ce 9C020000 		.4byte	0x29c
 697 02d2 08       		.byte	0x8
 698 02d3 01       		.uleb128 0x1
 699 02d4 723300   		.ascii	"r3\000"
 700 02d7 D9       		.byte	0xd9
 701 02d8 9C020000 		.4byte	0x29c
 702 02dc 0C       		.byte	0xc
 703 02dd 01       		.uleb128 0x1
 704 02de 72313200 		.ascii	"r12\000"
 705 02e2 DA       		.byte	0xda
 706 02e3 9C020000 		.4byte	0x29c
 707 02e7 10       		.byte	0x10
 708 02e8 0B       		.uleb128 0xb
 709 02e9 1A010000 		.4byte	.LASF36
 710 02ed DB       		.byte	0xdb
 711 02ee 9C020000 		.4byte	0x29c
 712 02f2 14       		.byte	0x14
 713 02f3 01       		.uleb128 0x1
 714 02f4 706300   		.ascii	"pc\000"
 715 02f7 DC       		.byte	0xdc
 716 02f8 9C020000 		.4byte	0x29c
 717 02fc 18       		.byte	0x18
 718 02fd 0B       		.uleb128 0xb
 719 02fe 38000000 		.4byte	.LASF37
 720 0302 DD       		.byte	0xdd
 721 0303 9C020000 		.4byte	0x29c
 722 0307 1C       		.byte	0x1c
 723 0308 01       		.uleb128 0x1
 724 0309 733000   		.ascii	"s0\000"
 725 030c DF       		.byte	0xdf
 726 030d 9C020000 		.4byte	0x29c
 727 0311 20       		.byte	0x20
 728 0312 01       		.uleb128 0x1
 729 0313 733100   		.ascii	"s1\000"
 730 0316 E0       		.byte	0xe0
 731 0317 9C020000 		.4byte	0x29c
 732 031b 24       		.byte	0x24
 733 031c 01       		.uleb128 0x1
 734 031d 733200   		.ascii	"s2\000"
 735 0320 E1       		.byte	0xe1
 736 0321 9C020000 		.4byte	0x29c
 737 0325 28       		.byte	0x28
 738 0326 01       		.uleb128 0x1
 739 0327 733300   		.ascii	"s3\000"
 740 032a E2       		.byte	0xe2
 741 032b 9C020000 		.4byte	0x29c
ARM GAS  /tmp/ccN6Huci.s 			page 14


 742 032f 2C       		.byte	0x2c
 743 0330 01       		.uleb128 0x1
 744 0331 733400   		.ascii	"s4\000"
 745 0334 E3       		.byte	0xe3
 746 0335 9C020000 		.4byte	0x29c
 747 0339 30       		.byte	0x30
 748 033a 01       		.uleb128 0x1
 749 033b 733500   		.ascii	"s5\000"
 750 033e E4       		.byte	0xe4
 751 033f 9C020000 		.4byte	0x29c
 752 0343 34       		.byte	0x34
 753 0344 01       		.uleb128 0x1
 754 0345 733600   		.ascii	"s6\000"
 755 0348 E5       		.byte	0xe5
 756 0349 9C020000 		.4byte	0x29c
 757 034d 38       		.byte	0x38
 758 034e 01       		.uleb128 0x1
 759 034f 733700   		.ascii	"s7\000"
 760 0352 E6       		.byte	0xe6
 761 0353 9C020000 		.4byte	0x29c
 762 0357 3C       		.byte	0x3c
 763 0358 01       		.uleb128 0x1
 764 0359 733800   		.ascii	"s8\000"
 765 035c E7       		.byte	0xe7
 766 035d 9C020000 		.4byte	0x29c
 767 0361 40       		.byte	0x40
 768 0362 01       		.uleb128 0x1
 769 0363 733900   		.ascii	"s9\000"
 770 0366 E8       		.byte	0xe8
 771 0367 9C020000 		.4byte	0x29c
 772 036b 44       		.byte	0x44
 773 036c 01       		.uleb128 0x1
 774 036d 73313000 		.ascii	"s10\000"
 775 0371 E9       		.byte	0xe9
 776 0372 9C020000 		.4byte	0x29c
 777 0376 48       		.byte	0x48
 778 0377 01       		.uleb128 0x1
 779 0378 73313100 		.ascii	"s11\000"
 780 037c EA       		.byte	0xea
 781 037d 9C020000 		.4byte	0x29c
 782 0381 4C       		.byte	0x4c
 783 0382 01       		.uleb128 0x1
 784 0383 73313200 		.ascii	"s12\000"
 785 0387 EB       		.byte	0xeb
 786 0388 9C020000 		.4byte	0x29c
 787 038c 50       		.byte	0x50
 788 038d 01       		.uleb128 0x1
 789 038e 73313300 		.ascii	"s13\000"
 790 0392 EC       		.byte	0xec
 791 0393 9C020000 		.4byte	0x29c
 792 0397 54       		.byte	0x54
 793 0398 01       		.uleb128 0x1
 794 0399 73313400 		.ascii	"s14\000"
 795 039d ED       		.byte	0xed
 796 039e 9C020000 		.4byte	0x29c
 797 03a2 58       		.byte	0x58
 798 03a3 01       		.uleb128 0x1
ARM GAS  /tmp/ccN6Huci.s 			page 15


 799 03a4 73313500 		.ascii	"s15\000"
 800 03a8 EE       		.byte	0xee
 801 03a9 9C020000 		.4byte	0x29c
 802 03ad 5C       		.byte	0x5c
 803 03ae 0B       		.uleb128 0xb
 804 03af 0F010000 		.4byte	.LASF38
 805 03b3 EF       		.byte	0xef
 806 03b4 9C020000 		.4byte	0x29c
 807 03b8 60       		.byte	0x60
 808 03b9 0B       		.uleb128 0xb
 809 03ba DA030000 		.4byte	.LASF39
 810 03be F0       		.byte	0xf0
 811 03bf 9C020000 		.4byte	0x29c
 812 03c3 64       		.byte	0x64
 813 03c4 00       		.byte	0
 814 03c5 03       		.uleb128 0x3
 815 03c6 01       		.byte	0x1
 816 03c7 08       		.byte	0x8
 817 03c8 CC020000 		.4byte	.LASF40
 818 03cc 12       		.uleb128 0x12
 819 03cd 2F010000 		.4byte	.LASF41
 820 03d1 6A01     		.2byte	0x16a
 821 03d3 12       		.uleb128 0x12
 822 03d4 E3030000 		.4byte	.LASF42
 823 03d8 6901     		.2byte	0x169
 824 03da 1F       		.uleb128 0x1f
 825 03db B8000000 		.4byte	.LASF61
 826 03df 08       		.byte	0x8
 827 03e0 1802     		.2byte	0x218
 828 03e2 08       		.byte	0x8
 829 03e3 E7030000 		.4byte	0x3e7
 830 03e7 03       		.uleb128 0x3
 831 03e8 01       		.byte	0x1
 832 03e9 02       		.byte	0x2
 833 03ea 1F030000 		.4byte	.LASF43
 834 03ee 13       		.uleb128 0x13
 835 03ef 7D000000 		.4byte	.LASF44
 836 03f3 7A       		.byte	0x7a
 837 03f4 00000000 		.4byte	.LFB187
 838 03f8 60000000 		.4byte	.LFE187-.LFB187
 839 03fc 01       		.uleb128 0x1
 840 03fd 9C       		.byte	0x9c
 841 03fe 1E050000 		.4byte	0x51e
 842 0402 20       		.uleb128 0x20
 843 0403 27000000 		.4byte	.LLRL8
 844 0407 8E040000 		.4byte	0x48e
 845 040b 14       		.uleb128 0x14
 846 040c C0020000 		.4byte	.LASF46
 847 0410 7E       		.byte	0x7e
 848 0411 19       		.byte	0x19
 849 0412 1E050000 		.4byte	0x51e
 850 0416 14000000 		.4byte	.LLST9
 851 041a 0C000000 		.4byte	.LVUS9
 852 041e 0E       		.uleb128 0xe
 853 041f FB050000 		.4byte	0x5fb
 854 0423 1A000000 		.4byte	.LBI79
 855 0427 02       		.byte	.LVU58
ARM GAS  /tmp/ccN6Huci.s 			page 16


 856 0428 1A000000 		.4byte	.LBB79
 857 042c 04000000 		.4byte	.LBE79-.LBB79
 858 0430 82       		.byte	0x82
 859 0431 0E       		.byte	0xe
 860 0432 3C040000 		.4byte	0x43c
 861 0436 21       		.uleb128 0x21
 862 0437 0D060000 		.4byte	0x60d
 863 043b 00       		.byte	0
 864 043c 0E       		.uleb128 0xe
 865 043d 4A060000 		.4byte	0x64a
 866 0441 1E000000 		.4byte	.LBI81
 867 0445 04       		.byte	.LVU66
 868 0446 1E000000 		.4byte	.LBB81
 869 044a 04000000 		.4byte	.LBE81-.LBB81
 870 044e 86       		.byte	0x86
 871 044f 22       		.byte	0x22
 872 0450 62040000 		.4byte	0x462
 873 0454 15       		.uleb128 0x15
 874 0455 58060000 		.4byte	0x658
 875 0459 36000000 		.4byte	.LLST10
 876 045d 34000000 		.4byte	.LVUS10
 877 0461 00       		.byte	0
 878 0462 0F       		.uleb128 0xf
 879 0463 32060000 		.4byte	0x632
 880 0467 32000000 		.4byte	.LBI83
 881 046b 02       		.byte	.LVU80
 882 046c 33000000 		.4byte	.LLRL11
 883 0470 93       		.byte	0x93
 884 0471 05       		.byte	0x5
 885 0472 84040000 		.4byte	0x484
 886 0476 09       		.uleb128 0x9
 887 0477 3D060000 		.4byte	0x63d
 888 047b 43000000 		.4byte	.LLST12
 889 047f 3F000000 		.4byte	.LVUS12
 890 0483 00       		.byte	0
 891 0484 22       		.uleb128 0x22
 892 0485 3E000000 		.4byte	.LVL15
 893 0489 DA030000 		.4byte	0x3da
 894 048d 00       		.byte	0
 895 048e 0F       		.uleb128 0xf
 896 048f E6050000 		.4byte	0x5e6
 897 0493 00000000 		.4byte	.LBI61
 898 0497 02       		.byte	.LVU33
 899 0498 18000000 		.4byte	.LLRL5
 900 049c 7C       		.byte	0x7c
 901 049d 03       		.byte	0x3
 902 049e D2040000 		.4byte	0x4d2
 903 04a2 16       		.uleb128 0x16
 904 04a3 F4050000 		.4byte	0x5f4
 905 04a7 00000000 		.4byte	.LBI62
 906 04ab 04       		.byte	.LVU35
 907 04ac 18000000 		.4byte	.LLRL5
 908 04b0 DB01     		.2byte	0x1db
 909 04b2 16       		.uleb128 0x16
 910 04b3 1A060000 		.4byte	0x61a
 911 04b7 00000000 		.4byte	.LBI63
 912 04bb 06       		.byte	.LVU37
ARM GAS  /tmp/ccN6Huci.s 			page 17


 913 04bc 18000000 		.4byte	.LLRL5
 914 04c0 BF01     		.2byte	0x1bf
 915 04c2 09       		.uleb128 0x9
 916 04c3 25060000 		.4byte	0x625
 917 04c7 58000000 		.4byte	.LLST6
 918 04cb 56000000 		.4byte	.LVUS6
 919 04cf 00       		.byte	0
 920 04d0 00       		.byte	0
 921 04d1 00       		.byte	0
 922 04d2 17       		.uleb128 0x17
 923 04d3 DF050000 		.4byte	0x5df
 924 04d7 14000000 		.4byte	.LBI73
 925 04db 01       		.byte	.LVU48
 926 04dc 14000000 		.4byte	.LBB73
 927 04e0 04000000 		.4byte	.LBE73-.LBB73
 928 04e4 A5       		.byte	0xa5
 929 04e5 0C       		.uleb128 0xc
 930 04e6 ED050000 		.4byte	0x5ed
 931 04ea 14000000 		.4byte	.LBI75
 932 04ee 03       		.byte	.LVU50
 933 04ef 14000000 		.4byte	.LBB75
 934 04f3 04000000 		.4byte	.LBE75-.LBB75
 935 04f7 E601     		.2byte	0x1e6
 936 04f9 0C       		.uleb128 0xc
 937 04fa 1A060000 		.4byte	0x61a
 938 04fe 14000000 		.4byte	.LBI76
 939 0502 05       		.byte	.LVU52
 940 0503 14000000 		.4byte	.LBB76
 941 0507 04000000 		.4byte	.LBE76-.LBB76
 942 050b CD01     		.2byte	0x1cd
 943 050d 09       		.uleb128 0x9
 944 050e 25060000 		.4byte	0x625
 945 0512 65000000 		.4byte	.LLST7
 946 0516 63000000 		.4byte	.LVUS7
 947 051a 00       		.byte	0
 948 051b 00       		.byte	0
 949 051c 00       		.byte	0
 950 051d 00       		.byte	0
 951 051e 23       		.uleb128 0x23
 952 051f 04       		.byte	0x4
 953 0520 A8020000 		.4byte	0x2a8
 954 0524 13       		.uleb128 0x13
 955 0525 9B020000 		.4byte	.LASF45
 956 0529 3E       		.byte	0x3e
 957 052a 00000000 		.4byte	.LFB186
 958 052e 2C000000 		.4byte	.LFE186-.LFB186
 959 0532 01       		.uleb128 0x1
 960 0533 9C       		.byte	0x9c
 961 0534 DF050000 		.4byte	0x5df
 962 0538 14       		.uleb128 0x14
 963 0539 C0020000 		.4byte	.LASF46
 964 053d 40       		.byte	0x40
 965 053e 17       		.byte	0x17
 966 053f 1E050000 		.4byte	0x51e
 967 0543 75000000 		.4byte	.LLST0
 968 0547 6F000000 		.4byte	.LVUS0
 969 054b 0E       		.uleb128 0xe
ARM GAS  /tmp/ccN6Huci.s 			page 18


 970 054c 4A060000 		.4byte	0x64a
 971 0550 0E000000 		.4byte	.LBI51
 972 0554 01       		.byte	.LVU9
 973 0555 0E000000 		.4byte	.LBB51
 974 0559 04000000 		.4byte	.LBE51-.LBB51
 975 055d 48       		.byte	0x48
 976 055e 20       		.byte	0x20
 977 055f 71050000 		.4byte	0x571
 978 0563 15       		.uleb128 0x15
 979 0564 58060000 		.4byte	0x658
 980 0568 8F000000 		.4byte	.LLST1
 981 056c 8D000000 		.4byte	.LVUS1
 982 0570 00       		.byte	0
 983 0571 0F       		.uleb128 0xf
 984 0572 32060000 		.4byte	0x632
 985 0576 12000000 		.4byte	.LBI53
 986 057a 04       		.byte	.LVU16
 987 057b 0C000000 		.4byte	.LLRL2
 988 057f 4F       		.byte	0x4f
 989 0580 03       		.byte	0x3
 990 0581 93050000 		.4byte	0x593
 991 0585 09       		.uleb128 0x9
 992 0586 3D060000 		.4byte	0x63d
 993 058a 9C000000 		.4byte	.LLST3
 994 058e 98000000 		.4byte	.LVUS3
 995 0592 00       		.byte	0
 996 0593 17       		.uleb128 0x17
 997 0594 DF050000 		.4byte	0x5df
 998 0598 18000000 		.4byte	.LBI57
 999 059c 02       		.byte	.LVU22
 1000 059d 18000000 		.4byte	.LBB57
 1001 05a1 06000000 		.4byte	.LBE57-.LBB57
 1002 05a5 52       		.byte	0x52
 1003 05a6 0C       		.uleb128 0xc
 1004 05a7 ED050000 		.4byte	0x5ed
 1005 05ab 18000000 		.4byte	.LBI58
 1006 05af 04       		.byte	.LVU24
 1007 05b0 18000000 		.4byte	.LBB58
 1008 05b4 06000000 		.4byte	.LBE58-.LBB58
 1009 05b8 E601     		.2byte	0x1e6
 1010 05ba 0C       		.uleb128 0xc
 1011 05bb 1A060000 		.4byte	0x61a
 1012 05bf 18000000 		.4byte	.LBI59
 1013 05c3 06       		.byte	.LVU26
 1014 05c4 18000000 		.4byte	.LBB59
 1015 05c8 06000000 		.4byte	.LBE59-.LBB59
 1016 05cc CD01     		.2byte	0x1cd
 1017 05ce 09       		.uleb128 0x9
 1018 05cf 25060000 		.4byte	0x625
 1019 05d3 B1000000 		.4byte	.LLST4
 1020 05d7 AF000000 		.4byte	.LVUS4
 1021 05db 00       		.byte	0
 1022 05dc 00       		.byte	0
 1023 05dd 00       		.byte	0
 1024 05de 00       		.byte	0
 1025 05df 0D       		.uleb128 0xd
 1026 05e0 6B030000 		.4byte	.LASF47
ARM GAS  /tmp/ccN6Huci.s 			page 19


 1027 05e4 E401     		.2byte	0x1e4
 1028 05e6 0D       		.uleb128 0xd
 1029 05e7 00000000 		.4byte	.LASF48
 1030 05eb D901     		.2byte	0x1d9
 1031 05ed 0D       		.uleb128 0xd
 1032 05ee 25030000 		.4byte	.LASF49
 1033 05f2 CA01     		.2byte	0x1ca
 1034 05f4 0D       		.uleb128 0xd
 1035 05f5 23000000 		.4byte	.LASF50
 1036 05f9 BC01     		.2byte	0x1bc
 1037 05fb 24       		.uleb128 0x24
 1038 05fc A7000000 		.4byte	.LASF62
 1039 0600 02       		.byte	0x2
 1040 0601 4B02     		.2byte	0x24b
 1041 0603 3D       		.byte	0x3d
 1042 0604 95000000 		.4byte	0x95
 1043 0608 03       		.byte	0x3
 1044 0609 1A060000 		.4byte	0x61a
 1045 060d 18       		.uleb128 0x18
 1046 060e F4000000 		.4byte	.LASF56
 1047 0612 4E02     		.2byte	0x24e
 1048 0614 0C       		.byte	0xc
 1049 0615 95000000 		.4byte	0x95
 1050 0619 00       		.byte	0
 1051 061a 19       		.uleb128 0x19
 1052 061b 5D030000 		.4byte	.LASF51
 1053 061f 2002     		.2byte	0x220
 1054 0621 32060000 		.4byte	0x632
 1055 0625 1A       		.uleb128 0x1a
 1056 0626 49000000 		.4byte	.LASF53
 1057 062a 2002     		.2byte	0x220
 1058 062c 50       		.byte	0x50
 1059 062d 95000000 		.4byte	0x95
 1060 0631 00       		.byte	0
 1061 0632 19       		.uleb128 0x19
 1062 0633 FB000000 		.4byte	.LASF52
 1063 0637 B701     		.2byte	0x1b7
 1064 0639 4A060000 		.4byte	0x64a
 1065 063d 1A       		.uleb128 0x1a
 1066 063e DB000000 		.4byte	.LASF54
 1067 0642 B701     		.2byte	0x1b7
 1068 0644 4C       		.byte	0x4c
 1069 0645 95000000 		.4byte	0x95
 1070 0649 00       		.byte	0
 1071 064a 25       		.uleb128 0x25
 1072 064b EA000000 		.4byte	.LASF55
 1073 064f 02       		.byte	0x2
 1074 0650 A801     		.2byte	0x1a8
 1075 0652 3D       		.byte	0x3d
 1076 0653 95000000 		.4byte	0x95
 1077 0657 03       		.byte	0x3
 1078 0658 18       		.uleb128 0x18
 1079 0659 F4000000 		.4byte	.LASF56
 1080 065d AA01     		.2byte	0x1aa
 1081 065f 15       		.byte	0x15
 1082 0660 95000000 		.4byte	0x95
 1083 0664 00       		.byte	0
ARM GAS  /tmp/ccN6Huci.s 			page 20


 1084 0665 00       		.byte	0
 1085              		.section	.debug_abbrev,"",%progbits
 1086              	.Ldebug_abbrev0:
 1087 0000 01       		.uleb128 0x1
 1088 0001 0D       		.uleb128 0xd
 1089 0002 00       		.byte	0
 1090 0003 03       		.uleb128 0x3
 1091 0004 08       		.uleb128 0x8
 1092 0005 3A       		.uleb128 0x3a
 1093 0006 21       		.uleb128 0x21
 1094 0007 03       		.sleb128 3
 1095 0008 3B       		.uleb128 0x3b
 1096 0009 0B       		.uleb128 0xb
 1097 000a 39       		.uleb128 0x39
 1098 000b 21       		.uleb128 0x21
 1099 000c 11       		.sleb128 17
 1100 000d 49       		.uleb128 0x49
 1101 000e 13       		.uleb128 0x13
 1102 000f 38       		.uleb128 0x38
 1103 0010 0B       		.uleb128 0xb
 1104 0011 00       		.byte	0
 1105 0012 00       		.byte	0
 1106 0013 02       		.uleb128 0x2
 1107 0014 0D       		.uleb128 0xd
 1108 0015 00       		.byte	0
 1109 0016 03       		.uleb128 0x3
 1110 0017 0E       		.uleb128 0xe
 1111 0018 3A       		.uleb128 0x3a
 1112 0019 21       		.uleb128 0x21
 1113 001a 06       		.sleb128 6
 1114 001b 3B       		.uleb128 0x3b
 1115 001c 05       		.uleb128 0x5
 1116 001d 39       		.uleb128 0x39
 1117 001e 21       		.uleb128 0x21
 1118 001f 11       		.sleb128 17
 1119 0020 49       		.uleb128 0x49
 1120 0021 13       		.uleb128 0x13
 1121 0022 38       		.uleb128 0x38
 1122 0023 0B       		.uleb128 0xb
 1123 0024 00       		.byte	0
 1124 0025 00       		.byte	0
 1125 0026 03       		.uleb128 0x3
 1126 0027 24       		.uleb128 0x24
 1127 0028 00       		.byte	0
 1128 0029 0B       		.uleb128 0xb
 1129 002a 0B       		.uleb128 0xb
 1130 002b 3E       		.uleb128 0x3e
 1131 002c 0B       		.uleb128 0xb
 1132 002d 03       		.uleb128 0x3
 1133 002e 0E       		.uleb128 0xe
 1134 002f 00       		.byte	0
 1135 0030 00       		.byte	0
 1136 0031 04       		.uleb128 0x4
 1137 0032 35       		.uleb128 0x35
 1138 0033 00       		.byte	0
 1139 0034 49       		.uleb128 0x49
 1140 0035 13       		.uleb128 0x13
ARM GAS  /tmp/ccN6Huci.s 			page 21


 1141 0036 00       		.byte	0
 1142 0037 00       		.byte	0
 1143 0038 05       		.uleb128 0x5
 1144 0039 0D       		.uleb128 0xd
 1145 003a 00       		.byte	0
 1146 003b 03       		.uleb128 0x3
 1147 003c 08       		.uleb128 0x8
 1148 003d 3A       		.uleb128 0x3a
 1149 003e 21       		.uleb128 0x21
 1150 003f 06       		.sleb128 6
 1151 0040 3B       		.uleb128 0x3b
 1152 0041 05       		.uleb128 0x5
 1153 0042 39       		.uleb128 0x39
 1154 0043 21       		.uleb128 0x21
 1155 0044 11       		.sleb128 17
 1156 0045 49       		.uleb128 0x49
 1157 0046 13       		.uleb128 0x13
 1158 0047 38       		.uleb128 0x38
 1159 0048 0B       		.uleb128 0xb
 1160 0049 00       		.byte	0
 1161 004a 00       		.byte	0
 1162 004b 06       		.uleb128 0x6
 1163 004c 01       		.uleb128 0x1
 1164 004d 01       		.byte	0x1
 1165 004e 49       		.uleb128 0x49
 1166 004f 13       		.uleb128 0x13
 1167 0050 01       		.uleb128 0x1
 1168 0051 13       		.uleb128 0x13
 1169 0052 00       		.byte	0
 1170 0053 00       		.byte	0
 1171 0054 07       		.uleb128 0x7
 1172 0055 21       		.uleb128 0x21
 1173 0056 00       		.byte	0
 1174 0057 49       		.uleb128 0x49
 1175 0058 13       		.uleb128 0x13
 1176 0059 2F       		.uleb128 0x2f
 1177 005a 0B       		.uleb128 0xb
 1178 005b 00       		.byte	0
 1179 005c 00       		.byte	0
 1180 005d 08       		.uleb128 0x8
 1181 005e 16       		.uleb128 0x16
 1182 005f 00       		.byte	0
 1183 0060 03       		.uleb128 0x3
 1184 0061 0E       		.uleb128 0xe
 1185 0062 3A       		.uleb128 0x3a
 1186 0063 0B       		.uleb128 0xb
 1187 0064 3B       		.uleb128 0x3b
 1188 0065 0B       		.uleb128 0xb
 1189 0066 39       		.uleb128 0x39
 1190 0067 0B       		.uleb128 0xb
 1191 0068 49       		.uleb128 0x49
 1192 0069 13       		.uleb128 0x13
 1193 006a 00       		.byte	0
 1194 006b 00       		.byte	0
 1195 006c 09       		.uleb128 0x9
 1196 006d 05       		.uleb128 0x5
 1197 006e 00       		.byte	0
ARM GAS  /tmp/ccN6Huci.s 			page 22


 1198 006f 31       		.uleb128 0x31
 1199 0070 13       		.uleb128 0x13
 1200 0071 02       		.uleb128 0x2
 1201 0072 17       		.uleb128 0x17
 1202 0073 B742     		.uleb128 0x2137
 1203 0075 17       		.uleb128 0x17
 1204 0076 00       		.byte	0
 1205 0077 00       		.byte	0
 1206 0078 0A       		.uleb128 0xa
 1207 0079 26       		.uleb128 0x26
 1208 007a 00       		.byte	0
 1209 007b 49       		.uleb128 0x49
 1210 007c 13       		.uleb128 0x13
 1211 007d 00       		.byte	0
 1212 007e 00       		.byte	0
 1213 007f 0B       		.uleb128 0xb
 1214 0080 0D       		.uleb128 0xd
 1215 0081 00       		.byte	0
 1216 0082 03       		.uleb128 0x3
 1217 0083 0E       		.uleb128 0xe
 1218 0084 3A       		.uleb128 0x3a
 1219 0085 21       		.uleb128 0x21
 1220 0086 03       		.sleb128 3
 1221 0087 3B       		.uleb128 0x3b
 1222 0088 0B       		.uleb128 0xb
 1223 0089 39       		.uleb128 0x39
 1224 008a 21       		.uleb128 0x21
 1225 008b 11       		.sleb128 17
 1226 008c 49       		.uleb128 0x49
 1227 008d 13       		.uleb128 0x13
 1228 008e 38       		.uleb128 0x38
 1229 008f 0B       		.uleb128 0xb
 1230 0090 00       		.byte	0
 1231 0091 00       		.byte	0
 1232 0092 0C       		.uleb128 0xc
 1233 0093 1D       		.uleb128 0x1d
 1234 0094 01       		.byte	0x1
 1235 0095 31       		.uleb128 0x31
 1236 0096 13       		.uleb128 0x13
 1237 0097 52       		.uleb128 0x52
 1238 0098 01       		.uleb128 0x1
 1239 0099 B842     		.uleb128 0x2138
 1240 009b 0B       		.uleb128 0xb
 1241 009c 11       		.uleb128 0x11
 1242 009d 01       		.uleb128 0x1
 1243 009e 12       		.uleb128 0x12
 1244 009f 06       		.uleb128 0x6
 1245 00a0 58       		.uleb128 0x58
 1246 00a1 21       		.uleb128 0x21
 1247 00a2 03       		.sleb128 3
 1248 00a3 59       		.uleb128 0x59
 1249 00a4 05       		.uleb128 0x5
 1250 00a5 57       		.uleb128 0x57
 1251 00a6 21       		.uleb128 0x21
 1252 00a7 03       		.sleb128 3
 1253 00a8 00       		.byte	0
 1254 00a9 00       		.byte	0
ARM GAS  /tmp/ccN6Huci.s 			page 23


 1255 00aa 0D       		.uleb128 0xd
 1256 00ab 2E       		.uleb128 0x2e
 1257 00ac 00       		.byte	0
 1258 00ad 03       		.uleb128 0x3
 1259 00ae 0E       		.uleb128 0xe
 1260 00af 3A       		.uleb128 0x3a
 1261 00b0 21       		.uleb128 0x21
 1262 00b1 03       		.sleb128 3
 1263 00b2 3B       		.uleb128 0x3b
 1264 00b3 05       		.uleb128 0x5
 1265 00b4 39       		.uleb128 0x39
 1266 00b5 21       		.uleb128 0x21
 1267 00b6 14       		.sleb128 20
 1268 00b7 27       		.uleb128 0x27
 1269 00b8 19       		.uleb128 0x19
 1270 00b9 20       		.uleb128 0x20
 1271 00ba 21       		.uleb128 0x21
 1272 00bb 03       		.sleb128 3
 1273 00bc 00       		.byte	0
 1274 00bd 00       		.byte	0
 1275 00be 0E       		.uleb128 0xe
 1276 00bf 1D       		.uleb128 0x1d
 1277 00c0 01       		.byte	0x1
 1278 00c1 31       		.uleb128 0x31
 1279 00c2 13       		.uleb128 0x13
 1280 00c3 52       		.uleb128 0x52
 1281 00c4 01       		.uleb128 0x1
 1282 00c5 B842     		.uleb128 0x2138
 1283 00c7 0B       		.uleb128 0xb
 1284 00c8 11       		.uleb128 0x11
 1285 00c9 01       		.uleb128 0x1
 1286 00ca 12       		.uleb128 0x12
 1287 00cb 06       		.uleb128 0x6
 1288 00cc 58       		.uleb128 0x58
 1289 00cd 21       		.uleb128 0x21
 1290 00ce 01       		.sleb128 1
 1291 00cf 59       		.uleb128 0x59
 1292 00d0 0B       		.uleb128 0xb
 1293 00d1 57       		.uleb128 0x57
 1294 00d2 0B       		.uleb128 0xb
 1295 00d3 01       		.uleb128 0x1
 1296 00d4 13       		.uleb128 0x13
 1297 00d5 00       		.byte	0
 1298 00d6 00       		.byte	0
 1299 00d7 0F       		.uleb128 0xf
 1300 00d8 1D       		.uleb128 0x1d
 1301 00d9 01       		.byte	0x1
 1302 00da 31       		.uleb128 0x31
 1303 00db 13       		.uleb128 0x13
 1304 00dc 52       		.uleb128 0x52
 1305 00dd 01       		.uleb128 0x1
 1306 00de B842     		.uleb128 0x2138
 1307 00e0 0B       		.uleb128 0xb
 1308 00e1 55       		.uleb128 0x55
 1309 00e2 17       		.uleb128 0x17
 1310 00e3 58       		.uleb128 0x58
 1311 00e4 21       		.uleb128 0x21
ARM GAS  /tmp/ccN6Huci.s 			page 24


 1312 00e5 01       		.sleb128 1
 1313 00e6 59       		.uleb128 0x59
 1314 00e7 0B       		.uleb128 0xb
 1315 00e8 57       		.uleb128 0x57
 1316 00e9 0B       		.uleb128 0xb
 1317 00ea 01       		.uleb128 0x1
 1318 00eb 13       		.uleb128 0x13
 1319 00ec 00       		.byte	0
 1320 00ed 00       		.byte	0
 1321 00ee 10       		.uleb128 0x10
 1322 00ef 13       		.uleb128 0x13
 1323 00f0 01       		.byte	0x1
 1324 00f1 0B       		.uleb128 0xb
 1325 00f2 0B       		.uleb128 0xb
 1326 00f3 3A       		.uleb128 0x3a
 1327 00f4 21       		.uleb128 0x21
 1328 00f5 06       		.sleb128 6
 1329 00f6 3B       		.uleb128 0x3b
 1330 00f7 05       		.uleb128 0x5
 1331 00f8 39       		.uleb128 0x39
 1332 00f9 21       		.uleb128 0x21
 1333 00fa 09       		.sleb128 9
 1334 00fb 01       		.uleb128 0x1
 1335 00fc 13       		.uleb128 0x13
 1336 00fd 00       		.byte	0
 1337 00fe 00       		.byte	0
 1338 00ff 11       		.uleb128 0x11
 1339 0100 16       		.uleb128 0x16
 1340 0101 00       		.byte	0
 1341 0102 03       		.uleb128 0x3
 1342 0103 0E       		.uleb128 0xe
 1343 0104 3A       		.uleb128 0x3a
 1344 0105 21       		.uleb128 0x21
 1345 0106 06       		.sleb128 6
 1346 0107 3B       		.uleb128 0x3b
 1347 0108 05       		.uleb128 0x5
 1348 0109 39       		.uleb128 0x39
 1349 010a 21       		.uleb128 0x21
 1350 010b 03       		.sleb128 3
 1351 010c 49       		.uleb128 0x49
 1352 010d 13       		.uleb128 0x13
 1353 010e 00       		.byte	0
 1354 010f 00       		.byte	0
 1355 0110 12       		.uleb128 0x12
 1356 0111 2E       		.uleb128 0x2e
 1357 0112 00       		.byte	0
 1358 0113 3F       		.uleb128 0x3f
 1359 0114 19       		.uleb128 0x19
 1360 0115 03       		.uleb128 0x3
 1361 0116 0E       		.uleb128 0xe
 1362 0117 3A       		.uleb128 0x3a
 1363 0118 21       		.uleb128 0x21
 1364 0119 03       		.sleb128 3
 1365 011a 3B       		.uleb128 0x3b
 1366 011b 05       		.uleb128 0x5
 1367 011c 39       		.uleb128 0x39
 1368 011d 21       		.uleb128 0x21
ARM GAS  /tmp/ccN6Huci.s 			page 25


 1369 011e 08       		.sleb128 8
 1370 011f 27       		.uleb128 0x27
 1371 0120 19       		.uleb128 0x19
 1372 0121 3C       		.uleb128 0x3c
 1373 0122 19       		.uleb128 0x19
 1374 0123 00       		.byte	0
 1375 0124 00       		.byte	0
 1376 0125 13       		.uleb128 0x13
 1377 0126 2E       		.uleb128 0x2e
 1378 0127 01       		.byte	0x1
 1379 0128 3F       		.uleb128 0x3f
 1380 0129 19       		.uleb128 0x19
 1381 012a 03       		.uleb128 0x3
 1382 012b 0E       		.uleb128 0xe
 1383 012c 3A       		.uleb128 0x3a
 1384 012d 21       		.uleb128 0x21
 1385 012e 01       		.sleb128 1
 1386 012f 3B       		.uleb128 0x3b
 1387 0130 0B       		.uleb128 0xb
 1388 0131 39       		.uleb128 0x39
 1389 0132 21       		.uleb128 0x21
 1390 0133 06       		.sleb128 6
 1391 0134 27       		.uleb128 0x27
 1392 0135 19       		.uleb128 0x19
 1393 0136 11       		.uleb128 0x11
 1394 0137 01       		.uleb128 0x1
 1395 0138 12       		.uleb128 0x12
 1396 0139 06       		.uleb128 0x6
 1397 013a 40       		.uleb128 0x40
 1398 013b 18       		.uleb128 0x18
 1399 013c 7A       		.uleb128 0x7a
 1400 013d 19       		.uleb128 0x19
 1401 013e 01       		.uleb128 0x1
 1402 013f 13       		.uleb128 0x13
 1403 0140 00       		.byte	0
 1404 0141 00       		.byte	0
 1405 0142 14       		.uleb128 0x14
 1406 0143 34       		.uleb128 0x34
 1407 0144 00       		.byte	0
 1408 0145 03       		.uleb128 0x3
 1409 0146 0E       		.uleb128 0xe
 1410 0147 3A       		.uleb128 0x3a
 1411 0148 21       		.uleb128 0x21
 1412 0149 01       		.sleb128 1
 1413 014a 3B       		.uleb128 0x3b
 1414 014b 0B       		.uleb128 0xb
 1415 014c 39       		.uleb128 0x39
 1416 014d 0B       		.uleb128 0xb
 1417 014e 49       		.uleb128 0x49
 1418 014f 13       		.uleb128 0x13
 1419 0150 02       		.uleb128 0x2
 1420 0151 17       		.uleb128 0x17
 1421 0152 B742     		.uleb128 0x2137
 1422 0154 17       		.uleb128 0x17
 1423 0155 00       		.byte	0
 1424 0156 00       		.byte	0
 1425 0157 15       		.uleb128 0x15
ARM GAS  /tmp/ccN6Huci.s 			page 26


 1426 0158 34       		.uleb128 0x34
 1427 0159 00       		.byte	0
 1428 015a 31       		.uleb128 0x31
 1429 015b 13       		.uleb128 0x13
 1430 015c 02       		.uleb128 0x2
 1431 015d 17       		.uleb128 0x17
 1432 015e B742     		.uleb128 0x2137
 1433 0160 17       		.uleb128 0x17
 1434 0161 00       		.byte	0
 1435 0162 00       		.byte	0
 1436 0163 16       		.uleb128 0x16
 1437 0164 1D       		.uleb128 0x1d
 1438 0165 01       		.byte	0x1
 1439 0166 31       		.uleb128 0x31
 1440 0167 13       		.uleb128 0x13
 1441 0168 52       		.uleb128 0x52
 1442 0169 01       		.uleb128 0x1
 1443 016a B842     		.uleb128 0x2138
 1444 016c 0B       		.uleb128 0xb
 1445 016d 55       		.uleb128 0x55
 1446 016e 17       		.uleb128 0x17
 1447 016f 58       		.uleb128 0x58
 1448 0170 21       		.uleb128 0x21
 1449 0171 03       		.sleb128 3
 1450 0172 59       		.uleb128 0x59
 1451 0173 05       		.uleb128 0x5
 1452 0174 57       		.uleb128 0x57
 1453 0175 21       		.uleb128 0x21
 1454 0176 03       		.sleb128 3
 1455 0177 00       		.byte	0
 1456 0178 00       		.byte	0
 1457 0179 17       		.uleb128 0x17
 1458 017a 1D       		.uleb128 0x1d
 1459 017b 01       		.byte	0x1
 1460 017c 31       		.uleb128 0x31
 1461 017d 13       		.uleb128 0x13
 1462 017e 52       		.uleb128 0x52
 1463 017f 01       		.uleb128 0x1
 1464 0180 B842     		.uleb128 0x2138
 1465 0182 0B       		.uleb128 0xb
 1466 0183 11       		.uleb128 0x11
 1467 0184 01       		.uleb128 0x1
 1468 0185 12       		.uleb128 0x12
 1469 0186 06       		.uleb128 0x6
 1470 0187 58       		.uleb128 0x58
 1471 0188 21       		.uleb128 0x21
 1472 0189 01       		.sleb128 1
 1473 018a 59       		.uleb128 0x59
 1474 018b 0B       		.uleb128 0xb
 1475 018c 57       		.uleb128 0x57
 1476 018d 21       		.uleb128 0x21
 1477 018e 03       		.sleb128 3
 1478 018f 00       		.byte	0
 1479 0190 00       		.byte	0
 1480 0191 18       		.uleb128 0x18
 1481 0192 34       		.uleb128 0x34
 1482 0193 00       		.byte	0
ARM GAS  /tmp/ccN6Huci.s 			page 27


 1483 0194 03       		.uleb128 0x3
 1484 0195 0E       		.uleb128 0xe
 1485 0196 3A       		.uleb128 0x3a
 1486 0197 21       		.uleb128 0x21
 1487 0198 02       		.sleb128 2
 1488 0199 3B       		.uleb128 0x3b
 1489 019a 05       		.uleb128 0x5
 1490 019b 39       		.uleb128 0x39
 1491 019c 0B       		.uleb128 0xb
 1492 019d 49       		.uleb128 0x49
 1493 019e 13       		.uleb128 0x13
 1494 019f 00       		.byte	0
 1495 01a0 00       		.byte	0
 1496 01a1 19       		.uleb128 0x19
 1497 01a2 2E       		.uleb128 0x2e
 1498 01a3 01       		.byte	0x1
 1499 01a4 03       		.uleb128 0x3
 1500 01a5 0E       		.uleb128 0xe
 1501 01a6 3A       		.uleb128 0x3a
 1502 01a7 21       		.uleb128 0x21
 1503 01a8 02       		.sleb128 2
 1504 01a9 3B       		.uleb128 0x3b
 1505 01aa 05       		.uleb128 0x5
 1506 01ab 39       		.uleb128 0x39
 1507 01ac 21       		.uleb128 0x21
 1508 01ad 39       		.sleb128 57
 1509 01ae 27       		.uleb128 0x27
 1510 01af 19       		.uleb128 0x19
 1511 01b0 20       		.uleb128 0x20
 1512 01b1 21       		.uleb128 0x21
 1513 01b2 03       		.sleb128 3
 1514 01b3 01       		.uleb128 0x1
 1515 01b4 13       		.uleb128 0x13
 1516 01b5 00       		.byte	0
 1517 01b6 00       		.byte	0
 1518 01b7 1A       		.uleb128 0x1a
 1519 01b8 05       		.uleb128 0x5
 1520 01b9 00       		.byte	0
 1521 01ba 03       		.uleb128 0x3
 1522 01bb 0E       		.uleb128 0xe
 1523 01bc 3A       		.uleb128 0x3a
 1524 01bd 21       		.uleb128 0x21
 1525 01be 02       		.sleb128 2
 1526 01bf 3B       		.uleb128 0x3b
 1527 01c0 05       		.uleb128 0x5
 1528 01c1 39       		.uleb128 0x39
 1529 01c2 0B       		.uleb128 0xb
 1530 01c3 49       		.uleb128 0x49
 1531 01c4 13       		.uleb128 0x13
 1532 01c5 00       		.byte	0
 1533 01c6 00       		.byte	0
 1534 01c7 1B       		.uleb128 0x1b
 1535 01c8 11       		.uleb128 0x11
 1536 01c9 01       		.byte	0x1
 1537 01ca 25       		.uleb128 0x25
 1538 01cb 0E       		.uleb128 0xe
 1539 01cc 13       		.uleb128 0x13
ARM GAS  /tmp/ccN6Huci.s 			page 28


 1540 01cd 0B       		.uleb128 0xb
 1541 01ce 03       		.uleb128 0x3
 1542 01cf 0E       		.uleb128 0xe
 1543 01d0 1B       		.uleb128 0x1b
 1544 01d1 0E       		.uleb128 0xe
 1545 01d2 55       		.uleb128 0x55
 1546 01d3 17       		.uleb128 0x17
 1547 01d4 11       		.uleb128 0x11
 1548 01d5 01       		.uleb128 0x1
 1549 01d6 10       		.uleb128 0x10
 1550 01d7 17       		.uleb128 0x17
 1551 01d8 00       		.byte	0
 1552 01d9 00       		.byte	0
 1553 01da 1C       		.uleb128 0x1c
 1554 01db 24       		.uleb128 0x24
 1555 01dc 00       		.byte	0
 1556 01dd 0B       		.uleb128 0xb
 1557 01de 0B       		.uleb128 0xb
 1558 01df 3E       		.uleb128 0x3e
 1559 01e0 0B       		.uleb128 0xb
 1560 01e1 03       		.uleb128 0x3
 1561 01e2 08       		.uleb128 0x8
 1562 01e3 00       		.byte	0
 1563 01e4 00       		.byte	0
 1564 01e5 1D       		.uleb128 0x1d
 1565 01e6 0F       		.uleb128 0xf
 1566 01e7 00       		.byte	0
 1567 01e8 0B       		.uleb128 0xb
 1568 01e9 0B       		.uleb128 0xb
 1569 01ea 00       		.byte	0
 1570 01eb 00       		.byte	0
 1571 01ec 1E       		.uleb128 0x1e
 1572 01ed 13       		.uleb128 0x13
 1573 01ee 01       		.byte	0x1
 1574 01ef 03       		.uleb128 0x3
 1575 01f0 0E       		.uleb128 0xe
 1576 01f1 0B       		.uleb128 0xb
 1577 01f2 0B       		.uleb128 0xb
 1578 01f3 3A       		.uleb128 0x3a
 1579 01f4 0B       		.uleb128 0xb
 1580 01f5 3B       		.uleb128 0x3b
 1581 01f6 0B       		.uleb128 0xb
 1582 01f7 39       		.uleb128 0x39
 1583 01f8 0B       		.uleb128 0xb
 1584 01f9 01       		.uleb128 0x1
 1585 01fa 13       		.uleb128 0x13
 1586 01fb 00       		.byte	0
 1587 01fc 00       		.byte	0
 1588 01fd 1F       		.uleb128 0x1f
 1589 01fe 2E       		.uleb128 0x2e
 1590 01ff 00       		.byte	0
 1591 0200 3F       		.uleb128 0x3f
 1592 0201 19       		.uleb128 0x19
 1593 0202 03       		.uleb128 0x3
 1594 0203 0E       		.uleb128 0xe
 1595 0204 3A       		.uleb128 0x3a
 1596 0205 0B       		.uleb128 0xb
ARM GAS  /tmp/ccN6Huci.s 			page 29


 1597 0206 3B       		.uleb128 0x3b
 1598 0207 05       		.uleb128 0x5
 1599 0208 39       		.uleb128 0x39
 1600 0209 0B       		.uleb128 0xb
 1601 020a 27       		.uleb128 0x27
 1602 020b 19       		.uleb128 0x19
 1603 020c 49       		.uleb128 0x49
 1604 020d 13       		.uleb128 0x13
 1605 020e 3C       		.uleb128 0x3c
 1606 020f 19       		.uleb128 0x19
 1607 0210 00       		.byte	0
 1608 0211 00       		.byte	0
 1609 0212 20       		.uleb128 0x20
 1610 0213 0B       		.uleb128 0xb
 1611 0214 01       		.byte	0x1
 1612 0215 55       		.uleb128 0x55
 1613 0216 17       		.uleb128 0x17
 1614 0217 01       		.uleb128 0x1
 1615 0218 13       		.uleb128 0x13
 1616 0219 00       		.byte	0
 1617 021a 00       		.byte	0
 1618 021b 21       		.uleb128 0x21
 1619 021c 34       		.uleb128 0x34
 1620 021d 00       		.byte	0
 1621 021e 31       		.uleb128 0x31
 1622 021f 13       		.uleb128 0x13
 1623 0220 00       		.byte	0
 1624 0221 00       		.byte	0
 1625 0222 22       		.uleb128 0x22
 1626 0223 48       		.uleb128 0x48
 1627 0224 00       		.byte	0
 1628 0225 7D       		.uleb128 0x7d
 1629 0226 01       		.uleb128 0x1
 1630 0227 7F       		.uleb128 0x7f
 1631 0228 13       		.uleb128 0x13
 1632 0229 00       		.byte	0
 1633 022a 00       		.byte	0
 1634 022b 23       		.uleb128 0x23
 1635 022c 0F       		.uleb128 0xf
 1636 022d 00       		.byte	0
 1637 022e 0B       		.uleb128 0xb
 1638 022f 0B       		.uleb128 0xb
 1639 0230 49       		.uleb128 0x49
 1640 0231 13       		.uleb128 0x13
 1641 0232 00       		.byte	0
 1642 0233 00       		.byte	0
 1643 0234 24       		.uleb128 0x24
 1644 0235 2E       		.uleb128 0x2e
 1645 0236 01       		.byte	0x1
 1646 0237 03       		.uleb128 0x3
 1647 0238 0E       		.uleb128 0xe
 1648 0239 3A       		.uleb128 0x3a
 1649 023a 0B       		.uleb128 0xb
 1650 023b 3B       		.uleb128 0x3b
 1651 023c 05       		.uleb128 0x5
 1652 023d 39       		.uleb128 0x39
 1653 023e 0B       		.uleb128 0xb
ARM GAS  /tmp/ccN6Huci.s 			page 30


 1654 023f 27       		.uleb128 0x27
 1655 0240 19       		.uleb128 0x19
 1656 0241 49       		.uleb128 0x49
 1657 0242 13       		.uleb128 0x13
 1658 0243 20       		.uleb128 0x20
 1659 0244 0B       		.uleb128 0xb
 1660 0245 01       		.uleb128 0x1
 1661 0246 13       		.uleb128 0x13
 1662 0247 00       		.byte	0
 1663 0248 00       		.byte	0
 1664 0249 25       		.uleb128 0x25
 1665 024a 2E       		.uleb128 0x2e
 1666 024b 01       		.byte	0x1
 1667 024c 03       		.uleb128 0x3
 1668 024d 0E       		.uleb128 0xe
 1669 024e 3A       		.uleb128 0x3a
 1670 024f 0B       		.uleb128 0xb
 1671 0250 3B       		.uleb128 0x3b
 1672 0251 05       		.uleb128 0x5
 1673 0252 39       		.uleb128 0x39
 1674 0253 0B       		.uleb128 0xb
 1675 0254 27       		.uleb128 0x27
 1676 0255 19       		.uleb128 0x19
 1677 0256 49       		.uleb128 0x49
 1678 0257 13       		.uleb128 0x13
 1679 0258 20       		.uleb128 0x20
 1680 0259 0B       		.uleb128 0xb
 1681 025a 00       		.byte	0
 1682 025b 00       		.byte	0
 1683 025c 00       		.byte	0
 1684              		.section	.debug_loclists,"",%progbits
 1685 0000 B7000000 		.4byte	.Ldebug_loc3-.Ldebug_loc2
 1686              	.Ldebug_loc2:
 1687 0004 0500     		.2byte	0x5
 1688 0006 04       		.byte	0x4
 1689 0007 00       		.byte	0
 1690 0008 00000000 		.4byte	0
 1691              	.Ldebug_loc0:
 1692              	.LVUS9:
 1693 000c 01       		.uleb128 .LVU70
 1694 000d 03       		.uleb128 .LVU72
 1695 000e 03       		.uleb128 .LVU72
 1696 000f 00       		.uleb128 .LVU83
 1697 0010 00       		.uleb128 .LVU83
 1698 0011 00       		.uleb128 .LVU87
 1699 0012 00       		.uleb128 .LVU87
 1700 0013 00       		.uleb128 .LVU94
 1701              	.LLST9:
 1702 0014 06       		.byte	0x6
 1703 0015 22000000 		.4byte	.LVL11
 1704 0019 04       		.byte	0x4
 1705 001a 00       		.uleb128 .LVL11-.LVL11
 1706 001b 00       		.uleb128 .LVL11-.LVL11
 1707 001c 01       		.uleb128 0x1
 1708 001d 54       		.byte	0x54
 1709 001e 04       		.byte	0x4
 1710 001f 00       		.uleb128 .LVL11-.LVL11
ARM GAS  /tmp/ccN6Huci.s 			page 31


 1711 0020 14       		.uleb128 .LVL13-.LVL11
 1712 0021 04       		.uleb128 0x4
 1713 0022 74       		.byte	0x74
 1714 0023 987F     		.sleb128 -104
 1715 0025 9F       		.byte	0x9f
 1716 0026 04       		.byte	0x4
 1717 0027 14       		.uleb128 .LVL13-.LVL11
 1718 0028 1B       		.uleb128 .LVL15-1-.LVL11
 1719 0029 01       		.uleb128 0x1
 1720 002a 53       		.byte	0x53
 1721 002b 04       		.byte	0x4
 1722 002c 1B       		.uleb128 .LVL15-1-.LVL11
 1723 002d 2E       		.uleb128 .LVL17-.LVL11
 1724 002e 04       		.uleb128 0x4
 1725 002f 74       		.byte	0x74
 1726 0030 987F     		.sleb128 -104
 1727 0032 9F       		.byte	0x9f
 1728 0033 00       		.byte	0
 1729              	.LVUS10:
 1730 0034 00       		.uleb128 .LVU69
 1731 0035 01       		.uleb128 .LVU70
 1732              	.LLST10:
 1733 0036 08       		.byte	0x8
 1734 0037 22000000 		.4byte	.LVL11
 1735 003b 00       		.uleb128 .LVL11-.LVL11
 1736 003c 01       		.uleb128 0x1
 1737 003d 54       		.byte	0x54
 1738 003e 00       		.byte	0
 1739              	.LVUS12:
 1740 003f 02       		.uleb128 .LVU80
 1741 0040 00       		.uleb128 .LVU83
 1742 0041 00       		.uleb128 .LVU83
 1743 0042 00       		.uleb128 .LVU84
 1744              	.LLST12:
 1745 0043 06       		.byte	0x6
 1746 0044 32000000 		.4byte	.LVL12
 1747 0048 04       		.byte	0x4
 1748 0049 00       		.uleb128 .LVL12-.LVL12
 1749 004a 04       		.uleb128 .LVL13-.LVL12
 1750 004b 04       		.uleb128 0x4
 1751 004c 74       		.byte	0x74
 1752 004d 987F     		.sleb128 -104
 1753 004f 9F       		.byte	0x9f
 1754 0050 04       		.byte	0x4
 1755 0051 04       		.uleb128 .LVL13-.LVL12
 1756 0052 08       		.uleb128 .LVL14-.LVL12
 1757 0053 01       		.uleb128 0x1
 1758 0054 53       		.byte	0x53
 1759 0055 00       		.byte	0
 1760              	.LVUS6:
 1761 0056 06       		.uleb128 .LVU37
 1762 0057 00       		.uleb128 .LVU43
 1763              	.LLST6:
 1764 0058 08       		.byte	0x8
 1765 0059 00000000 		.4byte	.LVL5
 1766 005d 0A       		.uleb128 .LVL6-.LVL5
 1767 005e 03       		.uleb128 0x3
ARM GAS  /tmp/ccN6Huci.s 			page 32


 1768 005f 08       		.byte	0x8
 1769 0060 20       		.byte	0x20
 1770 0061 9F       		.byte	0x9f
 1771 0062 00       		.byte	0
 1772              	.LVUS7:
 1773 0063 05       		.uleb128 .LVU52
 1774 0064 00       		.uleb128 .LVU54
 1775              	.LLST7:
 1776 0065 08       		.byte	0x8
 1777 0066 14000000 		.4byte	.LVL7
 1778 006a 04       		.uleb128 .LVL8-.LVL7
 1779 006b 02       		.uleb128 0x2
 1780 006c 30       		.byte	0x30
 1781 006d 9F       		.byte	0x9f
 1782 006e 00       		.byte	0
 1783              	.LVUS0:
 1784 006f 01       		.uleb128 .LVU13
 1785 0070 03       		.uleb128 .LVU15
 1786 0071 03       		.uleb128 .LVU15
 1787 0072 00       		.uleb128 .LVU19
 1788 0073 00       		.uleb128 .LVU19
 1789 0074 00       		.uleb128 .LVU28
 1790              	.LLST0:
 1791 0075 06       		.byte	0x6
 1792 0076 12000000 		.4byte	.LVL0
 1793 007a 04       		.byte	0x4
 1794 007b 00       		.uleb128 .LVL0-.LVL0
 1795 007c 00       		.uleb128 .LVL0-.LVL0
 1796 007d 01       		.uleb128 0x1
 1797 007e 53       		.byte	0x53
 1798 007f 04       		.byte	0x4
 1799 0080 00       		.uleb128 .LVL0-.LVL0
 1800 0081 02       		.uleb128 .LVL1-.LVL0
 1801 0082 04       		.uleb128 0x4
 1802 0083 73       		.byte	0x73
 1803 0084 E800     		.sleb128 104
 1804 0086 9F       		.byte	0x9f
 1805 0087 04       		.byte	0x4
 1806 0088 02       		.uleb128 .LVL1-.LVL0
 1807 0089 08       		.uleb128 .LVL3-.LVL0
 1808 008a 01       		.uleb128 0x1
 1809 008b 53       		.byte	0x53
 1810 008c 00       		.byte	0
 1811              	.LVUS1:
 1812 008d 00       		.uleb128 .LVU12
 1813 008e 01       		.uleb128 .LVU13
 1814              	.LLST1:
 1815 008f 08       		.byte	0x8
 1816 0090 12000000 		.4byte	.LVL0
 1817 0094 00       		.uleb128 .LVL0-.LVL0
 1818 0095 01       		.uleb128 0x1
 1819 0096 53       		.byte	0x53
 1820 0097 00       		.byte	0
 1821              	.LVUS3:
 1822 0098 04       		.uleb128 .LVU16
 1823 0099 00       		.uleb128 .LVU19
 1824 009a 00       		.uleb128 .LVU19
ARM GAS  /tmp/ccN6Huci.s 			page 33


 1825 009b 00       		.uleb128 .LVU20
 1826              	.LLST3:
 1827 009c 06       		.byte	0x6
 1828 009d 12000000 		.4byte	.LVL0
 1829 00a1 04       		.byte	0x4
 1830 00a2 00       		.uleb128 .LVL0-.LVL0
 1831 00a3 02       		.uleb128 .LVL1-.LVL0
 1832 00a4 04       		.uleb128 0x4
 1833 00a5 73       		.byte	0x73
 1834 00a6 E800     		.sleb128 104
 1835 00a8 9F       		.byte	0x9f
 1836 00a9 04       		.byte	0x4
 1837 00aa 02       		.uleb128 .LVL1-.LVL0
 1838 00ab 06       		.uleb128 .LVL2-.LVL0
 1839 00ac 01       		.uleb128 0x1
 1840 00ad 53       		.byte	0x53
 1841 00ae 00       		.byte	0
 1842              	.LVUS4:
 1843 00af 06       		.uleb128 .LVU26
 1844 00b0 00       		.uleb128 .LVU29
 1845              	.LLST4:
 1846 00b1 08       		.byte	0x8
 1847 00b2 18000000 		.4byte	.LVL2
 1848 00b6 06       		.uleb128 .LVL4-.LVL2
 1849 00b7 02       		.uleb128 0x2
 1850 00b8 30       		.byte	0x30
 1851 00b9 9F       		.byte	0x9f
 1852 00ba 00       		.byte	0
 1853              	.Ldebug_loc3:
 1854              		.section	.debug_aranges,"",%progbits
 1855 0000 24000000 		.4byte	0x24
 1856 0004 0200     		.2byte	0x2
 1857 0006 00000000 		.4byte	.Ldebug_info0
 1858 000a 04       		.byte	0x4
 1859 000b 00       		.byte	0
 1860 000c 0000     		.2byte	0
 1861 000e 0000     		.2byte	0
 1862 0010 00000000 		.4byte	.LFB186
 1863 0014 2C000000 		.4byte	.LFE186-.LFB186
 1864 0018 00000000 		.4byte	.LFB187
 1865 001c 60000000 		.4byte	.LFE187-.LFB187
 1866 0020 00000000 		.4byte	0
 1867 0024 00000000 		.4byte	0
 1868              		.section	.debug_rnglists,"",%progbits
 1869              	.Ldebug_ranges0:
 1870 0000 48000000 		.4byte	.Ldebug_ranges3-.Ldebug_ranges2
 1871              	.Ldebug_ranges2:
 1872 0004 0500     		.2byte	0x5
 1873 0006 04       		.byte	0x4
 1874 0007 00       		.byte	0
 1875 0008 00000000 		.4byte	0
 1876              	.LLRL2:
 1877 000c 05       		.byte	0x5
 1878 000d 12000000 		.4byte	.LBB53
 1879 0011 04       		.byte	0x4
 1880 0012 00       		.uleb128 .LBB53-.LBB53
 1881 0013 00       		.uleb128 .LBE53-.LBB53
ARM GAS  /tmp/ccN6Huci.s 			page 34


 1882 0014 04       		.byte	0x4
 1883 0015 02       		.uleb128 .LBB56-.LBB53
 1884 0016 06       		.uleb128 .LBE56-.LBB53
 1885 0017 00       		.byte	0
 1886              	.LLRL5:
 1887 0018 05       		.byte	0x5
 1888 0019 00000000 		.4byte	.LBB61
 1889 001d 04       		.byte	0x4
 1890 001e 00       		.uleb128 .LBB61-.LBB61
 1891 001f 00       		.uleb128 .LBE61-.LBB61
 1892 0020 04       		.byte	0x4
 1893 0021 02       		.uleb128 .LBB71-.LBB61
 1894 0022 04       		.uleb128 .LBE71-.LBB61
 1895 0023 04       		.byte	0x4
 1896 0024 06       		.uleb128 .LBB72-.LBB61
 1897 0025 0A       		.uleb128 .LBE72-.LBB61
 1898 0026 00       		.byte	0
 1899              	.LLRL8:
 1900 0027 05       		.byte	0x5
 1901 0028 1A000000 		.4byte	.LBB78
 1902 002c 04       		.byte	0x4
 1903 002d 00       		.uleb128 .LBB78-.LBB78
 1904 002e 2C       		.uleb128 .LBE78-.LBB78
 1905 002f 04       		.byte	0x4
 1906 0030 2E       		.uleb128 .LBB87-.LBB78
 1907 0031 34       		.uleb128 .LBE87-.LBB78
 1908 0032 00       		.byte	0
 1909              	.LLRL11:
 1910 0033 05       		.byte	0x5
 1911 0034 32000000 		.4byte	.LBB83
 1912 0038 04       		.byte	0x4
 1913 0039 00       		.uleb128 .LBB83-.LBB83
 1914 003a 00       		.uleb128 .LBE83-.LBB83
 1915 003b 04       		.byte	0x4
 1916 003c 04       		.uleb128 .LBB86-.LBB83
 1917 003d 08       		.uleb128 .LBE86-.LBB83
 1918 003e 00       		.byte	0
 1919              	.LLRL13:
 1920 003f 07       		.byte	0x7
 1921 0040 00000000 		.4byte	.LFB186
 1922 0044 2C       		.uleb128 .LFE186-.LFB186
 1923 0045 07       		.byte	0x7
 1924 0046 00000000 		.4byte	.LFB187
 1925 004a 60       		.uleb128 .LFE187-.LFB187
 1926 004b 00       		.byte	0
 1927              	.Ldebug_ranges3:
 1928              		.section	.debug_line,"",%progbits
 1929              	.Ldebug_line0:
 1930 0000 87030000 		.section	.debug_str,"MS",%progbits,1
 1930      0300C201 
 1930      00000201 
 1930      FB0E0D00 
 1930      01010101 
 1931              	.LASF48:
 1932 0000 706F7274 		.ascii	"port_lock_from_isr\000"
 1932      5F6C6F63 
 1932      6B5F6672 
ARM GAS  /tmp/ccN6Huci.s 			page 35


 1932      6F6D5F69 
 1932      737200
 1933              	.LASF3:
 1934 0013 73686F72 		.ascii	"short int\000"
 1934      7420696E 
 1934      7400
 1935              	.LASF33:
 1936 001d 4D564652 		.ascii	"MVFR1\000"
 1936      3100
 1937              	.LASF50:
 1938 0023 706F7274 		.ascii	"port_lock\000"
 1938      5F6C6F63 
 1938      6B00
 1939              	.LASF7:
 1940 002d 5F5F7569 		.ascii	"__uint32_t\000"
 1940      6E743332 
 1940      5F7400
 1941              	.LASF37:
 1942 0038 78707372 		.ascii	"xpsr\000"
 1942      00
 1943              	.LASF13:
 1944 003d 43505549 		.ascii	"CPUID\000"
 1944      4400
 1945              	.LASF32:
 1946 0043 4D564652 		.ascii	"MVFR0\000"
 1946      3000
 1947              	.LASF53:
 1948 0049 76616C75 		.ascii	"value\000"
 1948      6500
 1949              	.LASF35:
 1950 004f 72656761 		.ascii	"regarm_t\000"
 1950      726D5F74 
 1950      00
 1951              	.LASF11:
 1952 0058 75696E74 		.ascii	"uint8_t\000"
 1952      385F7400 
 1953              	.LASF28:
 1954 0060 5343425F 		.ascii	"SCB_Type\000"
 1954      54797065 
 1954      00
 1955              	.LASF30:
 1956 0069 46504341 		.ascii	"FPCAR\000"
 1956      5200
 1957              	.LASF12:
 1958 006f 75696E74 		.ascii	"uint32_t\000"
 1958      33325F74 
 1958      00
 1959              	.LASF14:
 1960 0078 49435352 		.ascii	"ICSR\000"
 1960      00
 1961              	.LASF44:
 1962 007d 5F706F72 		.ascii	"_port_irq_epilogue\000"
 1962      745F6972 
 1962      715F6570 
 1962      696C6F67 
 1962      756500
 1963              	.LASF9:
ARM GAS  /tmp/ccN6Huci.s 			page 36


 1964 0090 6C6F6E67 		.ascii	"long long int\000"
 1964      206C6F6E 
 1964      6720696E 
 1964      7400
 1965              	.LASF34:
 1966 009e 4650555F 		.ascii	"FPU_Type\000"
 1966      54797065 
 1966      00
 1967              	.LASF62:
 1968 00a7 5F5F6765 		.ascii	"__get_FPSCR\000"
 1968      745F4650 
 1968      53435200 
 1969              	.LASF22:
 1970 00b3 42464152 		.ascii	"BFAR\000"
 1970      00
 1971              	.LASF61:
 1972 00b8 63685363 		.ascii	"chSchIsPreemptionRequired\000"
 1972      68497350 
 1972      7265656D 
 1972      7074696F 
 1972      6E526571 
 1973              	.LASF5:
 1974 00d2 6C6F6E67 		.ascii	"long int\000"
 1974      20696E74 
 1974      00
 1975              	.LASF54:
 1976 00db 746F704F 		.ascii	"topOfProcStack\000"
 1976      6650726F 
 1976      63537461 
 1976      636B00
 1977              	.LASF55:
 1978 00ea 5F5F6765 		.ascii	"__get_PSP\000"
 1978      745F5053 
 1978      5000
 1979              	.LASF56:
 1980 00f4 72657375 		.ascii	"result\000"
 1980      6C7400
 1981              	.LASF52:
 1982 00fb 5F5F7365 		.ascii	"__set_PSP\000"
 1982      745F5053 
 1982      5000
 1983              	.LASF6:
 1984 0105 5F5F7569 		.ascii	"__uint8_t\000"
 1984      6E74385F 
 1984      7400
 1985              	.LASF38:
 1986 010f 66707363 		.ascii	"fpscr\000"
 1986      7200
 1987              	.LASF18:
 1988 0115 43465352 		.ascii	"CFSR\000"
 1988      00
 1989              	.LASF36:
 1990 011a 6C725F74 		.ascii	"lr_thd\000"
 1990      686400
 1991              	.LASF2:
 1992 0121 756E7369 		.ascii	"unsigned char\000"
 1992      676E6564 
ARM GAS  /tmp/ccN6Huci.s 			page 37


 1992      20636861 
 1992      7200
 1993              	.LASF41:
 1994 012f 5F706F72 		.ascii	"_port_exit_from_isr\000"
 1994      745F6578 
 1994      69745F66 
 1994      726F6D5F 
 1994      69737200 
 1995              	.LASF16:
 1996 0143 41495243 		.ascii	"AIRCR\000"
 1996      5200
 1997              	.LASF57:
 1998 0149 474E5520 		.ascii	"GNU C99 13.2.1 20231009 -mcpu=cortex-m4 -mfpu=fpv4-"
 1998      43393920 
 1998      31332E32 
 1998      2E312032 
 1998      30323331 
 1999 017c 73702D64 		.ascii	"sp-d16 -mfloat-abi=hard -mfloat-abi=hard -mfpu=fpv4"
 1999      3136202D 
 1999      6D666C6F 
 1999      61742D61 
 1999      62693D68 
 2000 01af 2D73702D 		.ascii	"-sp-d16 -mno-thumb-interwork -mthumb -march=armv7e-"
 2000      64313620 
 2000      2D6D6E6F 
 2000      2D746875 
 2000      6D622D69 
 2001 01e2 6D2B6670 		.ascii	"m+fp -ggdb -O2 -std=gnu99 -fomit-frame-pointer -fal"
 2001      202D6767 
 2001      6462202D 
 2001      4F32202D 
 2001      7374643D 
 2002 0215 69676E2D 		.ascii	"ign-functions=16 -ffunction-sections -fdata-section"
 2002      66756E63 
 2002      74696F6E 
 2002      733D3136 
 2002      202D6666 
 2003 0248 73202D66 		.ascii	"s -fno-common -fsingle-precision-constant\000"
 2003      6E6F2D63 
 2003      6F6D6D6F 
 2003      6E202D66 
 2003      73696E67 
 2004              	.LASF1:
 2005 0272 7369676E 		.ascii	"signed char\000"
 2005      65642063 
 2005      68617200 
 2006              	.LASF10:
 2007 027e 6C6F6E67 		.ascii	"long long unsigned int\000"
 2007      206C6F6E 
 2007      6720756E 
 2007      7369676E 
 2007      65642069 
 2008              	.LASF17:
 2009 0295 53484353 		.ascii	"SHCSR\000"
 2009      5200
 2010              	.LASF45:
 2011 029b 5356435F 		.ascii	"SVC_Handler\000"
ARM GAS  /tmp/ccN6Huci.s 			page 38


 2011      48616E64 
 2011      6C657200 
 2012              	.LASF21:
 2013 02a7 4D4D4641 		.ascii	"MMFAR\000"
 2013      5200
 2014              	.LASF4:
 2015 02ad 73686F72 		.ascii	"short unsigned int\000"
 2015      7420756E 
 2015      7369676E 
 2015      65642069 
 2015      6E7400
 2016              	.LASF46:
 2017 02c0 63747870 		.ascii	"ctxp\000"
 2017      00
 2018              	.LASF31:
 2019 02c5 46504453 		.ascii	"FPDSCR\000"
 2019      435200
 2020              	.LASF40:
 2021 02cc 63686172 		.ascii	"char\000"
 2021      00
 2022              	.LASF58:
 2023 02d1 2E2E2F52 		.ascii	"../RC_Controller/ChibiOS_3.0.5/os/rt/ports/ARMCMx/c"
 2023      435F436F 
 2023      6E74726F 
 2023      6C6C6572 
 2023      2F436869 
 2024 0304 68636F72 		.ascii	"hcore_v7m.c\000"
 2024      655F7637 
 2024      6D2E6300 
 2025              	.LASF15:
 2026 0310 56544F52 		.ascii	"VTOR\000"
 2026      00
 2027              	.LASF25:
 2028 0315 49534152 		.ascii	"ISAR\000"
 2028      00
 2029              	.LASF20:
 2030 031a 44465352 		.ascii	"DFSR\000"
 2030      00
 2031              	.LASF43:
 2032 031f 5F426F6F 		.ascii	"_Bool\000"
 2032      6C00
 2033              	.LASF49:
 2034 0325 706F7274 		.ascii	"port_unlock\000"
 2034      5F756E6C 
 2034      6F636B00 
 2035              	.LASF19:
 2036 0331 48465352 		.ascii	"HFSR\000"
 2036      00
 2037              	.LASF24:
 2038 0336 4D4D4652 		.ascii	"MMFR\000"
 2038      00
 2039              	.LASF26:
 2040 033b 52455345 		.ascii	"RESERVED0\000"
 2040      52564544 
 2040      3000
 2041              	.LASF8:
 2042 0345 6C6F6E67 		.ascii	"long unsigned int\000"
ARM GAS  /tmp/ccN6Huci.s 			page 39


 2042      20756E73 
 2042      69676E65 
 2042      6420696E 
 2042      7400
 2043              	.LASF29:
 2044 0357 46504343 		.ascii	"FPCCR\000"
 2044      5200
 2045              	.LASF51:
 2046 035d 5F5F7365 		.ascii	"__set_BASEPRI\000"
 2046      745F4241 
 2046      53455052 
 2046      4900
 2047              	.LASF47:
 2048 036b 706F7274 		.ascii	"port_unlock_from_isr\000"
 2048      5F756E6C 
 2048      6F636B5F 
 2048      66726F6D 
 2048      5F697372 
 2049              	.LASF60:
 2050 0380 706F7274 		.ascii	"port_extctx\000"
 2050      5F657874 
 2050      63747800 
 2051              	.LASF23:
 2052 038c 41465352 		.ascii	"AFSR\000"
 2052      00
 2053              	.LASF0:
 2054 0391 756E7369 		.ascii	"unsigned int\000"
 2054      676E6564 
 2054      20696E74 
 2054      00
 2055              	.LASF59:
 2056 039e 2F686F6D 		.ascii	"/home/gunnar/code/rise_sdvp/Embedded/RTCM_Forwarder"
 2056      652F6775 
 2056      6E6E6172 
 2056      2F636F64 
 2056      652F7269 
 2057 03d1 5F50726F 		.ascii	"_Project\000"
 2057      6A656374 
 2057      00
 2058              	.LASF39:
 2059 03da 72657365 		.ascii	"reserved\000"
 2059      72766564 
 2059      00
 2060              	.LASF42:
 2061 03e3 5F706F72 		.ascii	"_port_switch_from_isr\000"
 2061      745F7377 
 2061      69746368 
 2061      5F66726F 
 2061      6D5F6973 
 2062              	.LASF27:
 2063 03f9 43504143 		.ascii	"CPACR\000"
 2063      5200
 2064              		.ident	"GCC: (Arm GNU Toolchain 13.2.rel1 (Build arm-13.7)) 13.2.1 20231009"
ARM GAS  /tmp/ccN6Huci.s 			page 40


DEFINED SYMBOLS
                            *ABS*:00000000 chcore_v7m.c
     /tmp/ccN6Huci.s:21     .text.SVC_Handler:00000000 $t
     /tmp/ccN6Huci.s:28     .text.SVC_Handler:00000000 SVC_Handler
     /tmp/ccN6Huci.s:138    .text.SVC_Handler:00000028 $d
     /tmp/ccN6Huci.s:143    .text._port_irq_epilogue:00000000 $t
     /tmp/ccN6Huci.s:150    .text._port_irq_epilogue:00000000 _port_irq_epilogue
     /tmp/ccN6Huci.s:360    .text._port_irq_epilogue:00000050 $d

UNDEFINED SYMBOLS
chSchIsPreemptionRequired
_port_switch_from_isr
_port_exit_from_isr
