ARM GAS  /tmp/ccIjIZVj.s 			page 1


   1              		.cpu cortex-m4
   2              		.arch armv7e-m
   3              		.fpu fpv4-sp-d16
   4              		.eabi_attribute 27, 1
   5              		.eabi_attribute 28, 1
   6              		.eabi_attribute 20, 1
   7              		.eabi_attribute 21, 1
   8              		.eabi_attribute 23, 3
   9              		.eabi_attribute 24, 1
  10              		.eabi_attribute 25, 1
  11              		.eabi_attribute 26, 1
  12              		.eabi_attribute 30, 2
  13              		.eabi_attribute 34, 1
  14              		.eabi_attribute 18, 4
  15              		.file	"chvt.c"
  16              		.text
  17              	.Ltext0:
  18              		.cfi_sections	.debug_frame
  19              		.file 1 "../RC_Controller/ChibiOS_3.0.5/os/rt/src/chvt.c"
  20              		.section	.text._vt_init,"ax",%progbits
  21              		.align	1
  22              		.p2align 4,,15
  23              		.global	_vt_init
  24              		.syntax unified
  25              		.thumb
  26              		.thumb_func
  27              		.type	_vt_init, %function
  28              	_vt_init:
  29              	.LFB186:
  30              		.loc 1 61 21 view -0
  31              		.cfi_startproc
  32              		@ args = 0, pretend = 0, frame = 0
  33              		@ frame_needed = 0, uses_anonymous_args = 0
  34              		@ link register save eliminated.
  35 0000 054A     		ldr	r2, .L3
  36              		.loc 1 63 3 view .LVU1
  37              		.loc 1 64 3 view .LVU2
  38              		.loc 1 63 21 is_stmt 0 view .LVU3
  39 0002 1346     		mov	r3, r2
  40              		.loc 1 65 22 view .LVU4
  41 0004 4FF0FF30 		mov	r0, #-1
  42              		.loc 1 63 21 view .LVU5
  43 0008 43F81C29 		str	r2, [r3], #-28
  44              		.loc 1 67 24 view .LVU6
  45 000c 0021     		movs	r1, #0
  46              		.loc 1 65 22 view .LVU7
  47 000e C3E90820 		strd	r2, r0, [r3, #32]
  48              		.loc 1 67 3 is_stmt 1 view .LVU8
  49              		.loc 1 67 24 is_stmt 0 view .LVU9
  50 0012 9962     		str	r1, [r3, #40]
  51              		.loc 1 71 1 view .LVU10
  52 0014 7047     		bx	lr
  53              	.L4:
  54 0016 00BF     		.align	2
  55              	.L3:
  56 0018 1C000000 		.word	ch+28
  57              		.cfi_endproc
ARM GAS  /tmp/ccIjIZVj.s 			page 2


  58              	.LFE186:
  59              		.size	_vt_init, .-_vt_init
  60              		.section	.text.chVTDoSetI,"ax",%progbits
  61              		.align	1
  62              		.p2align 4,,15
  63              		.global	chVTDoSetI
  64              		.syntax unified
  65              		.thumb
  66              		.thumb_func
  67              		.type	chVTDoSetI, %function
  68              	chVTDoSetI:
  69              	.LVL0:
  70              	.LFB187:
  71              		.loc 1 96 45 is_stmt 1 view -0
  72              		.cfi_startproc
  73              		@ args = 0, pretend = 0, frame = 0
  74              		@ frame_needed = 0, uses_anonymous_args = 0
  75              		.loc 1 97 3 view .LVU12
  76              		.loc 1 98 3 view .LVU13
  77              		.loc 1 100 3 view .LVU14
  78              		.loc 1 96 45 is_stmt 0 view .LVU15
  79 0000 F8B5     		push	{r3, r4, r5, r6, r7, lr}
  80              		.cfi_def_cfa_offset 24
  81              		.cfi_offset 3, -24
  82              		.cfi_offset 4, -20
  83              		.cfi_offset 5, -16
  84              		.cfi_offset 6, -12
  85              		.cfi_offset 7, -8
  86              		.cfi_offset 14, -4
  87              		.loc 1 96 45 view .LVU16
  88 0002 0546     		mov	r5, r0
  89 0004 0C46     		mov	r4, r1
  90 0006 1646     		mov	r6, r2
  91 0008 1F46     		mov	r7, r3
  92              		.loc 1 100 3 view .LVU17
  93 000a FFF7FEFF 		bl	chDbgCheckClassI
  94              	.LVL1:
  95              		.loc 1 101 3 is_stmt 1 view .LVU18
  96              		.loc 1 101 3 view .LVU19
  97              		.loc 1 101 3 discriminator 1 view .LVU20
  98 000e 15B3     		cbz	r5, .L6
  99              		.loc 1 101 3 is_stmt 0 discriminator 4 view .LVU21
 100 0010 0EB3     		cbz	r6, .L6
 101              		.loc 1 101 3 discriminator 6 view .LVU22
 102 0012 C4B1     		cbz	r4, .L18
 103              	.L7:
 104              		.loc 1 101 3 is_stmt 1 discriminator 9 view .LVU23
 105              		.loc 1 103 3 view .LVU24
 106              		.loc 1 150 5 is_stmt 0 view .LVU25
 107 0014 1249     		ldr	r1, .L19
 108 0016 CB69     		ldr	r3, [r1, #28]
 109              		.loc 1 151 11 view .LVU26
 110 0018 9A68     		ldr	r2, [r3, #8]
 111              		.loc 1 151 22 view .LVU27
 112 001a 9442     		cmp	r4, r2
 113              		.loc 1 104 16 view .LVU28
 114 001c C5E90367 		strd	r6, r7, [r5, #12]
ARM GAS  /tmp/ccIjIZVj.s 			page 3


 115              		.loc 1 145 3 is_stmt 1 view .LVU29
 116              	.LVL2:
 117              		.loc 1 150 3 view .LVU30
 118              		.loc 1 151 3 view .LVU31
 119              		.loc 1 151 22 view .LVU32
 120 0020 04D9     		bls	.L8
 121              	.LVL3:
 122              	.L9:
 123              		.loc 1 152 5 view .LVU33
 124              		.loc 1 153 7 is_stmt 0 view .LVU34
 125 0022 1B68     		ldr	r3, [r3]
 126              	.LVL4:
 127              		.loc 1 152 11 view .LVU35
 128 0024 A41A     		subs	r4, r4, r2
 129              	.LVL5:
 130              		.loc 1 153 5 is_stmt 1 view .LVU36
 131              		.loc 1 151 22 view .LVU37
 132              		.loc 1 151 11 is_stmt 0 view .LVU38
 133 0026 9A68     		ldr	r2, [r3, #8]
 134              		.loc 1 151 22 view .LVU39
 135 0028 A242     		cmp	r2, r4
 136 002a FAD3     		bcc	.L9
 137              	.LVL6:
 138              	.L8:
 139              		.loc 1 157 3 is_stmt 1 view .LVU40
 140              		.loc 1 158 30 is_stmt 0 view .LVU41
 141 002c 5A68     		ldr	r2, [r3, #4]
 142              		.loc 1 158 16 view .LVU42
 143 002e C5E90032 		strd	r3, r2, [r5]
 144              		.loc 1 159 3 is_stmt 1 view .LVU43
 145              		.loc 1 159 25 is_stmt 0 view .LVU44
 146 0032 1560     		str	r5, [r2]
 147              		.loc 1 160 3 is_stmt 1 view .LVU45
 148              		.loc 1 160 14 is_stmt 0 view .LVU46
 149 0034 5D60     		str	r5, [r3, #4]
 150              		.loc 1 161 3 is_stmt 1 view .LVU47
 151              		.loc 1 161 17 is_stmt 0 view .LVU48
 152 0036 AC60     		str	r4, [r5, #8]
 153              		.loc 1 165 3 is_stmt 1 view .LVU49
 154              		.loc 1 165 15 is_stmt 0 view .LVU50
 155 0038 9A68     		ldr	r2, [r3, #8]
 156              		.loc 1 166 22 view .LVU51
 157 003a 4FF0FF30 		mov	r0, #-1
 158              		.loc 1 165 15 view .LVU52
 159 003e 121B     		subs	r2, r2, r4
 160 0040 9A60     		str	r2, [r3, #8]
 161              		.loc 1 166 3 is_stmt 1 view .LVU53
 162              		.loc 1 166 22 is_stmt 0 view .LVU54
 163 0042 4862     		str	r0, [r1, #36]
 164              		.loc 1 167 1 view .LVU55
 165 0044 F8BD     		pop	{r3, r4, r5, r6, r7, pc}
 166              	.LVL7:
 167              	.L18:
 168              		.loc 1 101 3 is_stmt 1 discriminator 7 view .LVU56
 169 0046 0748     		ldr	r0, .L19+4
 170 0048 FFF7FEFF 		bl	chSysHalt
 171              	.LVL8:
ARM GAS  /tmp/ccIjIZVj.s 			page 4


 172              		.loc 1 101 3 discriminator 9 view .LVU57
 173              		.loc 1 103 3 view .LVU58
 174              		.loc 1 150 5 is_stmt 0 view .LVU59
 175 004c 0449     		ldr	r1, .L19
 176              		.loc 1 104 16 view .LVU60
 177 004e C5E90367 		strd	r6, r7, [r5, #12]
 178              		.loc 1 145 3 is_stmt 1 view .LVU61
 179              	.LVL9:
 180              		.loc 1 150 3 view .LVU62
 181              		.loc 1 150 5 is_stmt 0 view .LVU63
 182 0052 CB69     		ldr	r3, [r1, #28]
 183              	.LVL10:
 184              		.loc 1 151 3 is_stmt 1 view .LVU64
 185              		.loc 1 151 22 view .LVU65
 186 0054 EAE7     		b	.L8
 187              	.LVL11:
 188              	.L6:
 189              		.loc 1 101 3 discriminator 7 view .LVU66
 190 0056 0348     		ldr	r0, .L19+4
 191 0058 FFF7FEFF 		bl	chSysHalt
 192              	.LVL12:
 193 005c DAE7     		b	.L7
 194              	.L20:
 195 005e 00BF     		.align	2
 196              	.L19:
 197 0060 00000000 		.word	ch
 198 0064 00000000 		.word	__func__.1
 199              		.cfi_endproc
 200              	.LFE187:
 201              		.size	chVTDoSetI, .-chVTDoSetI
 202              		.section	.text.chVTDoResetI,"ax",%progbits
 203              		.align	1
 204              		.p2align 4,,15
 205              		.global	chVTDoResetI
 206              		.syntax unified
 207              		.thumb
 208              		.thumb_func
 209              		.type	chVTDoResetI, %function
 210              	chVTDoResetI:
 211              	.LVL13:
 212              	.LFB188:
 213              		.loc 1 177 41 view -0
 214              		.cfi_startproc
 215              		@ args = 0, pretend = 0, frame = 0
 216              		@ frame_needed = 0, uses_anonymous_args = 0
 217              		.loc 1 179 3 view .LVU68
 218              		.loc 1 177 41 is_stmt 0 view .LVU69
 219 0000 10B5     		push	{r4, lr}
 220              		.cfi_def_cfa_offset 8
 221              		.cfi_offset 4, -8
 222              		.cfi_offset 14, -4
 223              		.loc 1 177 41 view .LVU70
 224 0002 0446     		mov	r4, r0
 225              		.loc 1 179 3 view .LVU71
 226 0004 FFF7FEFF 		bl	chDbgCheckClassI
 227              	.LVL14:
 228              		.loc 1 180 3 is_stmt 1 view .LVU72
ARM GAS  /tmp/ccIjIZVj.s 			page 5


 229              		.loc 1 180 3 view .LVU73
 230              		.loc 1 180 3 discriminator 1 view .LVU74
 231 0008 8CB1     		cbz	r4, .L25
 232              		.loc 1 180 3 discriminator 5 view .LVU75
 233              		.loc 1 181 3 view .LVU76
 234              		.loc 1 181 3 view .LVU77
 235              		.loc 1 181 3 discriminator 1 view .LVU78
 236 000a E368     		ldr	r3, [r4, #12]
 237 000c ABB1     		cbz	r3, .L26
 238              	.L23:
 239              		.loc 1 181 3 discriminator 5 view .LVU79
 240              		.loc 1 186 3 view .LVU80
 241              		.loc 1 186 6 is_stmt 0 view .LVU81
 242 000e 2368     		ldr	r3, [r4]
 243              		.loc 1 186 26 view .LVU82
 244 0010 A068     		ldr	r0, [r4, #8]
 245 0012 9A68     		ldr	r2, [r3, #8]
 246              		.loc 1 189 6 view .LVU83
 247 0014 6168     		ldr	r1, [r4, #4]
 248              		.loc 1 186 26 view .LVU84
 249 0016 0244     		add	r2, r2, r0
 250 0018 9A60     		str	r2, [r3, #8]
 251              		.loc 1 189 3 is_stmt 1 view .LVU85
 252              		.loc 1 189 25 is_stmt 0 view .LVU86
 253 001a 0B60     		str	r3, [r1]
 254              		.loc 1 190 3 is_stmt 1 view .LVU87
 255              		.loc 1 190 25 is_stmt 0 view .LVU88
 256 001c 2068     		ldr	r0, [r4]
 257              		.loc 1 195 22 view .LVU89
 258 001e 094B     		ldr	r3, .L27
 259              		.loc 1 190 25 view .LVU90
 260 0020 4160     		str	r1, [r0, #4]
 261              		.loc 1 191 3 is_stmt 1 view .LVU91
 262              		.loc 1 191 16 is_stmt 0 view .LVU92
 263 0022 0022     		movs	r2, #0
 264 0024 E260     		str	r2, [r4, #12]
 265              		.loc 1 195 3 is_stmt 1 view .LVU93
 266              		.loc 1 195 22 is_stmt 0 view .LVU94
 267 0026 4FF0FF32 		mov	r2, #-1
 268 002a 5A62     		str	r2, [r3, #36]
 269              		.loc 1 255 1 view .LVU95
 270 002c 10BD     		pop	{r4, pc}
 271              	.LVL15:
 272              	.L25:
 273              		.loc 1 180 3 is_stmt 1 discriminator 3 view .LVU96
 274 002e 0648     		ldr	r0, .L27+4
 275 0030 FFF7FEFF 		bl	chSysHalt
 276              	.LVL16:
 277              		.loc 1 180 3 discriminator 5 view .LVU97
 278              		.loc 1 181 3 view .LVU98
 279              		.loc 1 181 3 view .LVU99
 280              		.loc 1 181 3 discriminator 1 view .LVU100
 281 0034 E368     		ldr	r3, [r4, #12]
 282 0036 002B     		cmp	r3, #0
 283 0038 E9D1     		bne	.L23
 284              	.L26:
 285              		.loc 1 181 3 discriminator 3 view .LVU101
ARM GAS  /tmp/ccIjIZVj.s 			page 6


 286 003a 0348     		ldr	r0, .L27+4
 287 003c FFF7FEFF 		bl	chSysHalt
 288              	.LVL17:
 289 0040 E5E7     		b	.L23
 290              	.L28:
 291 0042 00BF     		.align	2
 292              	.L27:
 293 0044 00000000 		.word	ch
 294 0048 00000000 		.word	__func__.0
 295              		.cfi_endproc
 296              	.LFE188:
 297              		.size	chVTDoResetI, .-chVTDoResetI
 298              		.section	.rodata.__func__.0,"a"
 299              		.align	2
 300              		.type	__func__.0, %object
 301              		.size	__func__.0, 13
 302              	__func__.0:
 303 0000 63685654 		.ascii	"chVTDoResetI\000"
 303      446F5265 
 303      73657449 
 303      00
 304              		.section	.rodata.__func__.1,"a"
 305              		.align	2
 306              		.type	__func__.1, %object
 307              		.size	__func__.1, 11
 308              	__func__.1:
 309 0000 63685654 		.ascii	"chVTDoSetI\000"
 309      446F5365 
 309      744900
 310              		.text
 311              	.Letext0:
 312              		.file 2 "/opt/arm-gnu-toolchain-13.2.Rel1-x86_64-arm-none-eabi/arm-none-eabi/include/machine/_defa
 313              		.file 3 "/opt/arm-gnu-toolchain-13.2.Rel1-x86_64-arm-none-eabi/arm-none-eabi/include/sys/_stdint.h
 314              		.file 4 "../RC_Controller/ChibiOS_3.0.5/os/rt/ports/ARMCMx/compilers/GCC/chtypes.h"
 315              		.file 5 "../RC_Controller/ChibiOS_3.0.5/os/rt/include/chsystypes.h"
 316              		.file 6 "../RC_Controller/ChibiOS_3.0.5/os/rt/include/chschd.h"
 317              		.file 7 "../RC_Controller/ChibiOS_3.0.5/os/rt/ports/ARMCMx/chcore.h"
 318              		.file 8 "../RC_Controller/ChibiOS_3.0.5/os/rt/ports/ARMCMx/chcore_v7m.h"
 319              		.file 9 "../RC_Controller/ChibiOS_3.0.5/os/rt/include/chtm.h"
 320              		.file 10 "../RC_Controller/ChibiOS_3.0.5/os/rt/include/chsem.h"
 321              		.file 11 "../RC_Controller/ChibiOS_3.0.5/os/rt/include/chmtx.h"
 322              		.file 12 "../RC_Controller/ChibiOS_3.0.5/os/rt/include/chsys.h"
 323              		.file 13 "../RC_Controller/ChibiOS_3.0.5/os/rt/include/chdebug.h"
 324              		.section	.debug_info,"",%progbits
 325              	.Ldebug_info0:
 326 0000 54080000 		.4byte	0x854
 327 0004 0500     		.2byte	0x5
 328 0006 01       		.byte	0x1
 329 0007 04       		.byte	0x4
 330 0008 00000000 		.4byte	.Ldebug_abbrev0
 331 000c 18       		.uleb128 0x18
 332 000d C7000000 		.4byte	.LASF99
 333 0011 0C       		.byte	0xc
 334 0012 24030000 		.4byte	.LASF100
 335 0016 15020000 		.4byte	.LASF101
 336 001a 0C000000 		.4byte	.LLRL7
 337 001e 00000000 		.4byte	0
ARM GAS  /tmp/ccIjIZVj.s 			page 7


 338 0022 00000000 		.4byte	.Ldebug_line0
 339 0026 06       		.uleb128 0x6
 340 0027 08       		.byte	0x8
 341 0028 07       		.byte	0x7
 342 0029 58000000 		.4byte	.LASF0
 343 002d 06       		.uleb128 0x6
 344 002e 04       		.byte	0x4
 345 002f 07       		.byte	0x7
 346 0030 C2020000 		.4byte	.LASF1
 347 0034 19       		.uleb128 0x19
 348 0035 04       		.byte	0x4
 349 0036 05       		.byte	0x5
 350 0037 696E7400 		.ascii	"int\000"
 351 003b 06       		.uleb128 0x6
 352 003c 01       		.byte	0x1
 353 003d 06       		.byte	0x6
 354 003e F0010000 		.4byte	.LASF2
 355 0042 01       		.uleb128 0x1
 356 0043 29000000 		.4byte	.LASF6
 357 0047 02       		.byte	0x2
 358 0048 2B       		.byte	0x2b
 359 0049 18       		.byte	0x18
 360 004a 4E000000 		.4byte	0x4e
 361 004e 06       		.uleb128 0x6
 362 004f 01       		.byte	0x1
 363 0050 08       		.byte	0x8
 364 0051 2F040000 		.4byte	.LASF3
 365 0055 06       		.uleb128 0x6
 366 0056 02       		.byte	0x2
 367 0057 05       		.byte	0x5
 368 0058 4D040000 		.4byte	.LASF4
 369 005c 06       		.uleb128 0x6
 370 005d 02       		.byte	0x2
 371 005e 07       		.byte	0x7
 372 005f E4020000 		.4byte	.LASF5
 373 0063 01       		.uleb128 0x1
 374 0064 75030000 		.4byte	.LASF7
 375 0068 02       		.byte	0x2
 376 0069 4D       		.byte	0x4d
 377 006a 18       		.byte	0x18
 378 006b 6F000000 		.4byte	0x6f
 379 006f 06       		.uleb128 0x6
 380 0070 04       		.byte	0x4
 381 0071 05       		.byte	0x5
 382 0072 5B020000 		.4byte	.LASF8
 383 0076 01       		.uleb128 0x1
 384 0077 0C050000 		.4byte	.LASF9
 385 007b 02       		.byte	0x2
 386 007c 4F       		.byte	0x4f
 387 007d 19       		.byte	0x19
 388 007e 82000000 		.4byte	0x82
 389 0082 06       		.uleb128 0x6
 390 0083 04       		.byte	0x4
 391 0084 07       		.byte	0x7
 392 0085 C7040000 		.4byte	.LASF10
 393 0089 06       		.uleb128 0x6
 394 008a 08       		.byte	0x8
ARM GAS  /tmp/ccIjIZVj.s 			page 8


 395 008b 05       		.byte	0x5
 396 008c 96020000 		.4byte	.LASF11
 397 0090 01       		.uleb128 0x1
 398 0091 ED030000 		.4byte	.LASF12
 399 0095 02       		.byte	0x2
 400 0096 69       		.byte	0x69
 401 0097 19       		.byte	0x19
 402 0098 26000000 		.4byte	0x26
 403 009c 01       		.uleb128 0x1
 404 009d 65050000 		.4byte	.LASF13
 405 00a1 03       		.byte	0x3
 406 00a2 18       		.byte	0x18
 407 00a3 13       		.byte	0x13
 408 00a4 42000000 		.4byte	0x42
 409 00a8 01       		.uleb128 0x1
 410 00a9 27040000 		.4byte	.LASF14
 411 00ad 03       		.byte	0x3
 412 00ae 2C       		.byte	0x2c
 413 00af 13       		.byte	0x13
 414 00b0 63000000 		.4byte	0x63
 415 00b4 01       		.uleb128 0x1
 416 00b5 A6040000 		.4byte	.LASF15
 417 00b9 03       		.byte	0x3
 418 00ba 30       		.byte	0x30
 419 00bb 14       		.byte	0x14
 420 00bc 76000000 		.4byte	0x76
 421 00c0 01       		.uleb128 0x1
 422 00c1 20000000 		.4byte	.LASF16
 423 00c5 03       		.byte	0x3
 424 00c6 3C       		.byte	0x3c
 425 00c7 14       		.byte	0x14
 426 00c8 90000000 		.4byte	0x90
 427 00cc 01       		.uleb128 0x1
 428 00cd 8A030000 		.4byte	.LASF17
 429 00d1 04       		.byte	0x4
 430 00d2 45       		.byte	0x45
 431 00d3 1D       		.byte	0x1d
 432 00d4 B4000000 		.4byte	0xb4
 433 00d8 01       		.uleb128 0x1
 434 00d9 54030000 		.4byte	.LASF18
 435 00dd 04       		.byte	0x4
 436 00de 48       		.byte	0x48
 437 00df 1D       		.byte	0x1d
 438 00e0 9C000000 		.4byte	0x9c
 439 00e4 01       		.uleb128 0x1
 440 00e5 64020000 		.4byte	.LASF19
 441 00e9 04       		.byte	0x4
 442 00ea 49       		.byte	0x49
 443 00eb 1D       		.byte	0x1d
 444 00ec 9C000000 		.4byte	0x9c
 445 00f0 01       		.uleb128 0x1
 446 00f1 0B020000 		.4byte	.LASF20
 447 00f5 04       		.byte	0x4
 448 00f6 4B       		.byte	0x4b
 449 00f7 1D       		.byte	0x1d
 450 00f8 9C000000 		.4byte	0x9c
 451 00fc 01       		.uleb128 0x1
ARM GAS  /tmp/ccIjIZVj.s 			page 9


 452 00fd 0F040000 		.4byte	.LASF21
 453 0101 04       		.byte	0x4
 454 0102 4C       		.byte	0x4c
 455 0103 1D       		.byte	0x1d
 456 0104 B4000000 		.4byte	0xb4
 457 0108 01       		.uleb128 0x1
 458 0109 01030000 		.4byte	.LASF22
 459 010d 04       		.byte	0x4
 460 010e 4D       		.byte	0x4d
 461 010f 1D       		.byte	0x1d
 462 0110 A8000000 		.4byte	0xa8
 463 0114 01       		.uleb128 0x1
 464 0115 BC020000 		.4byte	.LASF23
 465 0119 04       		.byte	0x4
 466 011a 51       		.byte	0x51
 467 011b 1D       		.byte	0x1d
 468 011c A8000000 		.4byte	0xa8
 469 0120 01       		.uleb128 0x1
 470 0121 EE040000 		.4byte	.LASF24
 471 0125 05       		.byte	0x5
 472 0126 33       		.byte	0x33
 473 0127 12       		.byte	0x12
 474 0128 B4000000 		.4byte	0xb4
 475 012c 10       		.uleb128 0x10
 476 012d 20010000 		.4byte	0x120
 477 0131 01       		.uleb128 0x1
 478 0132 DE040000 		.4byte	.LASF25
 479 0136 05       		.byte	0x5
 480 0137 3F       		.byte	0x3f
 481 0138 1A       		.byte	0x1a
 482 0139 3D010000 		.4byte	0x13d
 483 013d 08       		.uleb128 0x8
 484 013e F7020000 		.4byte	.LASF40
 485 0142 2C       		.byte	0x2c
 486 0143 06       		.byte	0x6
 487 0144 C2       		.byte	0xc2
 488 0145 08       		.byte	0x8
 489 0146 F5010000 		.4byte	0x1f5
 490 014a 03       		.uleb128 0x3
 491 014b 70040000 		.4byte	.LASF26
 492 014f 06       		.byte	0x6
 493 0150 C3       		.byte	0xc3
 494 0151 1A       		.byte	0x1a
 495 0152 01020000 		.4byte	0x201
 496 0156 00       		.byte	0
 497 0157 03       		.uleb128 0x3
 498 0158 08040000 		.4byte	.LASF27
 499 015c 06       		.byte	0x6
 500 015d C5       		.byte	0xc5
 501 015e 1A       		.byte	0x1a
 502 015f 01020000 		.4byte	0x201
 503 0163 04       		.byte	0x4
 504 0164 03       		.uleb128 0x3
 505 0165 B7000000 		.4byte	.LASF28
 506 0169 06       		.byte	0x6
 507 016a C7       		.byte	0xc7
 508 016b 19       		.byte	0x19
ARM GAS  /tmp/ccIjIZVj.s 			page 10


 509 016c FC000000 		.4byte	0xfc
 510 0170 08       		.byte	0x8
 511 0171 03       		.uleb128 0x3
 512 0172 96050000 		.4byte	.LASF29
 513 0176 06       		.byte	0x6
 514 0177 C8       		.byte	0xc8
 515 0178 19       		.byte	0x19
 516 0179 29040000 		.4byte	0x429
 517 017d 0C       		.byte	0xc
 518 017e 03       		.uleb128 0x3
 519 017f 6D020000 		.4byte	.LASF30
 520 0183 06       		.byte	0x6
 521 0184 CA       		.byte	0xca
 522 0185 1A       		.byte	0x1a
 523 0186 01020000 		.4byte	0x201
 524 018a 10       		.byte	0x10
 525 018b 03       		.uleb128 0x3
 526 018c BC030000 		.4byte	.LASF31
 527 0190 06       		.byte	0x6
 528 0191 CB       		.byte	0xcb
 529 0192 1A       		.byte	0x1a
 530 0193 01020000 		.4byte	0x201
 531 0197 14       		.byte	0x14
 532 0198 03       		.uleb128 0x3
 533 0199 74050000 		.4byte	.LASF32
 534 019d 06       		.byte	0x6
 535 019e D2       		.byte	0xd2
 536 019f 1A       		.byte	0x1a
 537 01a0 85060000 		.4byte	0x685
 538 01a4 18       		.byte	0x18
 539 01a5 03       		.uleb128 0x3
 540 01a6 57040000 		.4byte	.LASF33
 541 01aa 06       		.byte	0x6
 542 01ab DD       		.byte	0xdd
 543 01ac 19       		.byte	0x19
 544 01ad E4000000 		.4byte	0xe4
 545 01b1 1C       		.byte	0x1c
 546 01b2 03       		.uleb128 0x3
 547 01b3 77040000 		.4byte	.LASF34
 548 01b7 06       		.byte	0x6
 549 01b8 E1       		.byte	0xe1
 550 01b9 19       		.byte	0x19
 551 01ba D8000000 		.4byte	0xd8
 552 01be 1D       		.byte	0x1d
 553 01bf 03       		.uleb128 0x3
 554 01c0 5F040000 		.4byte	.LASF35
 555 01c4 06       		.byte	0x6
 556 01c5 EC       		.byte	0xec
 557 01c6 19       		.byte	0x19
 558 01c7 F0000000 		.4byte	0xf0
 559 01cb 1E       		.byte	0x1e
 560 01cc 04       		.uleb128 0x4
 561 01cd 705F7500 		.ascii	"p_u\000"
 562 01d1 06       		.byte	0x6
 563 01d2 3101     		.2byte	0x131
 564 01d4 19       		.byte	0x19
 565 01d5 C7050000 		.4byte	0x5c7
ARM GAS  /tmp/ccIjIZVj.s 			page 11


 566 01d9 20       		.byte	0x20
 567 01da 02       		.uleb128 0x2
 568 01db 43040000 		.4byte	.LASF36
 569 01df 4D01     		.2byte	0x14d
 570 01e1 1A       		.byte	0x1a
 571 01e2 80060000 		.4byte	0x680
 572 01e6 24       		.byte	0x24
 573 01e7 02       		.uleb128 0x2
 574 01e8 F8040000 		.4byte	.LASF37
 575 01ec 5101     		.2byte	0x151
 576 01ee 19       		.byte	0x19
 577 01ef FC000000 		.4byte	0xfc
 578 01f3 28       		.byte	0x28
 579 01f4 00       		.byte	0
 580 01f5 01       		.uleb128 0x1
 581 01f6 92030000 		.4byte	.LASF38
 582 01fa 05       		.byte	0x5
 583 01fb 44       		.byte	0x44
 584 01fc 14       		.byte	0x14
 585 01fd 01020000 		.4byte	0x201
 586 0201 07       		.uleb128 0x7
 587 0202 31010000 		.4byte	0x131
 588 0206 01       		.uleb128 0x1
 589 0207 3E050000 		.4byte	.LASF39
 590 020b 05       		.byte	0x5
 591 020c 50       		.byte	0x50
 592 020d 21       		.byte	0x21
 593 020e 12020000 		.4byte	0x212
 594 0212 08       		.uleb128 0x8
 595 0213 A6000000 		.4byte	.LASF41
 596 0217 08       		.byte	0x8
 597 0218 06       		.byte	0x6
 598 0219 B7       		.byte	0xb7
 599 021a 08       		.byte	0x8
 600 021b 3A020000 		.4byte	0x23a
 601 021f 03       		.uleb128 0x3
 602 0220 70040000 		.4byte	.LASF26
 603 0224 06       		.byte	0x6
 604 0225 B8       		.byte	0xb8
 605 0226 1A       		.byte	0x1a
 606 0227 01020000 		.4byte	0x201
 607 022b 00       		.byte	0
 608 022c 03       		.uleb128 0x3
 609 022d 08040000 		.4byte	.LASF27
 610 0231 06       		.byte	0x6
 611 0232 B9       		.byte	0xb9
 612 0233 1A       		.byte	0x1a
 613 0234 01020000 		.4byte	0x201
 614 0238 04       		.byte	0x4
 615 0239 00       		.byte	0
 616 023a 01       		.uleb128 0x1
 617 023b 00000000 		.4byte	.LASF42
 618 023f 05       		.byte	0x5
 619 0240 57       		.byte	0x57
 620 0241 1E       		.byte	0x1e
 621 0242 46020000 		.4byte	0x246
 622 0246 0A       		.uleb128 0xa
ARM GAS  /tmp/ccIjIZVj.s 			page 12


 623 0247 5C030000 		.4byte	.LASF43
 624 024b 1C       		.byte	0x1c
 625 024c 9001     		.2byte	0x190
 626 024e A1020000 		.4byte	0x2a1
 627 0252 02       		.uleb128 0x2
 628 0253 B6040000 		.4byte	.LASF44
 629 0257 9101     		.2byte	0x191
 630 0259 19       		.byte	0x19
 631 025a 06020000 		.4byte	0x206
 632 025e 00       		.byte	0
 633 025f 02       		.uleb128 0x2
 634 0260 69040000 		.4byte	.LASF45
 635 0264 9201     		.2byte	0x192
 636 0266 19       		.byte	0x19
 637 0267 FC000000 		.4byte	0xfc
 638 026b 08       		.byte	0x8
 639 026c 02       		.uleb128 0x2
 640 026d C4030000 		.4byte	.LASF46
 641 0271 9401     		.2byte	0x194
 642 0273 19       		.byte	0x19
 643 0274 29040000 		.4byte	0x429
 644 0278 0C       		.byte	0xc
 645 0279 02       		.uleb128 0x2
 646 027a 7D020000 		.4byte	.LASF47
 647 027e 9701     		.2byte	0x197
 648 0280 1A       		.byte	0x1a
 649 0281 01020000 		.4byte	0x201
 650 0285 10       		.byte	0x10
 651 0286 02       		.uleb128 0x2
 652 0287 E5030000 		.4byte	.LASF48
 653 028b 9801     		.2byte	0x198
 654 028d 1A       		.byte	0x1a
 655 028e 01020000 		.4byte	0x201
 656 0292 14       		.byte	0x14
 657 0293 02       		.uleb128 0x2
 658 0294 DB030000 		.4byte	.LASF49
 659 0298 9B01     		.2byte	0x19b
 660 029a 1A       		.byte	0x1a
 661 029b 01020000 		.4byte	0x201
 662 029f 18       		.byte	0x18
 663 02a0 00       		.byte	0
 664 02a1 01       		.uleb128 0x1
 665 02a2 03050000 		.4byte	.LASF50
 666 02a6 05       		.byte	0x5
 667 02a7 5C       		.byte	0x5c
 668 02a8 10       		.byte	0x10
 669 02a9 AD020000 		.4byte	0x2ad
 670 02ad 07       		.uleb128 0x7
 671 02ae B2020000 		.4byte	0x2b2
 672 02b2 1A       		.uleb128 0x1a
 673 02b3 BD020000 		.4byte	0x2bd
 674 02b7 11       		.uleb128 0x11
 675 02b8 BD020000 		.4byte	0x2bd
 676 02bc 00       		.byte	0
 677 02bd 1B       		.uleb128 0x1b
 678 02be 04       		.byte	0x4
 679 02bf 01       		.uleb128 0x1
ARM GAS  /tmp/ccIjIZVj.s 			page 13


 680 02c0 F8030000 		.4byte	.LASF51
 681 02c4 05       		.byte	0x5
 682 02c5 61       		.byte	0x61
 683 02c6 21       		.byte	0x21
 684 02c7 CB020000 		.4byte	0x2cb
 685 02cb 0A       		.uleb128 0xa
 686 02cc 88040000 		.4byte	.LASF52
 687 02d0 14       		.byte	0x14
 688 02d1 6B01     		.2byte	0x16b
 689 02d3 19030000 		.4byte	0x319
 690 02d7 02       		.uleb128 0x2
 691 02d8 CF020000 		.4byte	.LASF53
 692 02dc 6C01     		.2byte	0x16c
 693 02de 1A       		.byte	0x1a
 694 02df 9B060000 		.4byte	0x69b
 695 02e3 00       		.byte	0
 696 02e4 02       		.uleb128 0x2
 697 02e5 8E020000 		.4byte	.LASF54
 698 02e9 6D01     		.2byte	0x16d
 699 02eb 1A       		.byte	0x1a
 700 02ec 9B060000 		.4byte	0x69b
 701 02f0 04       		.byte	0x4
 702 02f1 02       		.uleb128 0x2
 703 02f2 BE040000 		.4byte	.LASF55
 704 02f6 6E01     		.2byte	0x16e
 705 02f8 19       		.byte	0x19
 706 02f9 20010000 		.4byte	0x120
 707 02fd 08       		.byte	0x8
 708 02fe 02       		.uleb128 0x2
 709 02ff 9C050000 		.4byte	.LASF56
 710 0303 6F01     		.2byte	0x16f
 711 0305 19       		.byte	0x19
 712 0306 A1020000 		.4byte	0x2a1
 713 030a 0C       		.byte	0xc
 714 030b 02       		.uleb128 0x2
 715 030c 30050000 		.4byte	.LASF57
 716 0310 7101     		.2byte	0x171
 717 0312 1A       		.byte	0x1a
 718 0313 BD020000 		.4byte	0x2bd
 719 0317 10       		.byte	0x10
 720 0318 00       		.byte	0
 721 0319 01       		.uleb128 0x1
 722 031a 90000000 		.4byte	.LASF58
 723 031e 05       		.byte	0x5
 724 031f 66       		.byte	0x66
 725 0320 28       		.byte	0x28
 726 0321 25030000 		.4byte	0x325
 727 0325 0A       		.uleb128 0xa
 728 0326 A5030000 		.4byte	.LASF59
 729 032a 10       		.byte	0x10
 730 032b 7B01     		.2byte	0x17b
 731 032d 66030000 		.4byte	0x366
 732 0331 02       		.uleb128 0x2
 733 0332 CF020000 		.4byte	.LASF53
 734 0336 7C01     		.2byte	0x17c
 735 0338 1A       		.byte	0x1a
 736 0339 9B060000 		.4byte	0x69b
ARM GAS  /tmp/ccIjIZVj.s 			page 14


 737 033d 00       		.byte	0
 738 033e 02       		.uleb128 0x2
 739 033f 8E020000 		.4byte	.LASF54
 740 0343 7E01     		.2byte	0x17e
 741 0345 1A       		.byte	0x1a
 742 0346 9B060000 		.4byte	0x69b
 743 034a 04       		.byte	0x4
 744 034b 02       		.uleb128 0x2
 745 034c BE040000 		.4byte	.LASF55
 746 0350 8001     		.2byte	0x180
 747 0352 19       		.byte	0x19
 748 0353 20010000 		.4byte	0x120
 749 0357 08       		.byte	0x8
 750 0358 02       		.uleb128 0x2
 751 0359 7B050000 		.4byte	.LASF60
 752 035d 8201     		.2byte	0x182
 753 035f 19       		.byte	0x19
 754 0360 2C010000 		.4byte	0x12c
 755 0364 0C       		.byte	0xc
 756 0365 00       		.byte	0
 757 0366 01       		.uleb128 0x1
 758 0367 3F000000 		.4byte	.LASF61
 759 036b 05       		.byte	0x5
 760 036c 6B       		.byte	0x6b
 761 036d 20       		.byte	0x20
 762 036e 72030000 		.4byte	0x372
 763 0372 0A       		.uleb128 0xa
 764 0373 17040000 		.4byte	.LASF62
 765 0377 0C       		.byte	0xc
 766 0378 A201     		.2byte	0x1a2
 767 037a A6030000 		.4byte	0x3a6
 768 037e 02       		.uleb128 0x2
 769 037f 17050000 		.4byte	.LASF63
 770 0383 AA01     		.2byte	0x1aa
 771 0385 24       		.byte	0x24
 772 0386 8A060000 		.4byte	0x68a
 773 038a 00       		.byte	0
 774 038b 02       		.uleb128 0x2
 775 038c 57050000 		.4byte	.LASF64
 776 0390 AF01     		.2byte	0x1af
 777 0392 19       		.byte	0x19
 778 0393 14010000 		.4byte	0x114
 779 0397 04       		.byte	0x4
 780 0398 02       		.uleb128 0x2
 781 0399 A4020000 		.4byte	.LASF65
 782 039d B301     		.2byte	0x1b3
 783 039f 19       		.byte	0x19
 784 03a0 14010000 		.4byte	0x114
 785 03a4 08       		.byte	0x8
 786 03a5 00       		.byte	0
 787 03a6 01       		.uleb128 0x1
 788 03a7 18030000 		.4byte	.LASF66
 789 03ab 05       		.byte	0x5
 790 03ac 70       		.byte	0x70
 791 03ad 1A       		.byte	0x1a
 792 03ae B2030000 		.4byte	0x3b2
 793 03b2 1C       		.uleb128 0x1c
ARM GAS  /tmp/ccIjIZVj.s 			page 15


 794 03b3 51020000 		.4byte	.LASF67
 795 03b7 B001     		.2byte	0x1b0
 796 03b9 06       		.byte	0x6
 797 03ba C201     		.2byte	0x1c2
 798 03bc 08       		.byte	0x8
 799 03bd 11040000 		.4byte	0x411
 800 03c1 02       		.uleb128 0x2
 801 03c2 5F050000 		.4byte	.LASF68
 802 03c6 C601     		.2byte	0x1c6
 803 03c8 19       		.byte	0x19
 804 03c9 3A020000 		.4byte	0x23a
 805 03cd 00       		.byte	0
 806 03ce 02       		.uleb128 0x2
 807 03cf 04020000 		.4byte	.LASF69
 808 03d3 CA01     		.2byte	0x1ca
 809 03d5 19       		.byte	0x19
 810 03d6 19030000 		.4byte	0x319
 811 03da 1C       		.byte	0x1c
 812 03db 04       		.uleb128 0x4
 813 03dc 64626700 		.ascii	"dbg\000"
 814 03e0 06       		.byte	0x6
 815 03e1 CE01     		.2byte	0x1ce
 816 03e3 19       		.byte	0x19
 817 03e4 66030000 		.4byte	0x366
 818 03e8 2C       		.byte	0x2c
 819 03e9 02       		.uleb128 0x2
 820 03ea 85000000 		.4byte	.LASF70
 821 03ee D201     		.2byte	0x1d2
 822 03f0 19       		.byte	0x19
 823 03f1 31010000 		.4byte	0x131
 824 03f5 38       		.byte	0x38
 825 03f6 04       		.uleb128 0x4
 826 03f7 746D00   		.ascii	"tm\000"
 827 03fa 06       		.byte	0x6
 828 03fb D701     		.2byte	0x1d7
 829 03fd 19       		.byte	0x19
 830 03fe BB050000 		.4byte	0x5bb
 831 0402 64       		.byte	0x64
 832 0403 02       		.uleb128 0x2
 833 0404 AD020000 		.4byte	.LASF71
 834 0408 E301     		.2byte	0x1e3
 835 040a 03       		.byte	0x3
 836 040b A0060000 		.4byte	0x6a0
 837 040f 68       		.byte	0x68
 838 0410 00       		.byte	0
 839 0411 01       		.uleb128 0x1
 840 0412 85020000 		.4byte	.LASF72
 841 0416 07       		.byte	0x7
 842 0417 65       		.byte	0x65
 843 0418 0F       		.byte	0xf
 844 0419 BD020000 		.4byte	0x2bd
 845 041d 01       		.uleb128 0x1
 846 041e 7F030000 		.4byte	.LASF73
 847 0422 07       		.byte	0x7
 848 0423 6D       		.byte	0x6d
 849 0424 12       		.byte	0x12
 850 0425 C0000000 		.4byte	0xc0
ARM GAS  /tmp/ccIjIZVj.s 			page 16


 851 0429 08       		.uleb128 0x8
 852 042a 28050000 		.4byte	.LASF74
 853 042e 04       		.byte	0x4
 854 042f 07       		.byte	0x7
 855 0430 89       		.byte	0x89
 856 0431 08       		.byte	0x8
 857 0432 44040000 		.4byte	0x444
 858 0436 05       		.uleb128 0x5
 859 0437 72313300 		.ascii	"r13\000"
 860 043b 07       		.byte	0x7
 861 043c 8A       		.byte	0x8a
 862 043d 17       		.byte	0x17
 863 043e 9F050000 		.4byte	0x59f
 864 0442 00       		.byte	0
 865 0443 00       		.byte	0
 866 0444 08       		.uleb128 0x8
 867 0445 33000000 		.4byte	.LASF75
 868 0449 64       		.byte	0x64
 869 044a 08       		.byte	0x8
 870 044b F4       		.byte	0xf4
 871 044c 08       		.byte	0x8
 872 044d 9F050000 		.4byte	0x59f
 873 0451 05       		.uleb128 0x5
 874 0452 73313600 		.ascii	"s16\000"
 875 0456 08       		.byte	0x8
 876 0457 F6       		.byte	0xf6
 877 0458 11       		.byte	0x11
 878 0459 11040000 		.4byte	0x411
 879 045d 00       		.byte	0
 880 045e 05       		.uleb128 0x5
 881 045f 73313700 		.ascii	"s17\000"
 882 0463 08       		.byte	0x8
 883 0464 F7       		.byte	0xf7
 884 0465 11       		.byte	0x11
 885 0466 11040000 		.4byte	0x411
 886 046a 04       		.byte	0x4
 887 046b 05       		.uleb128 0x5
 888 046c 73313800 		.ascii	"s18\000"
 889 0470 08       		.byte	0x8
 890 0471 F8       		.byte	0xf8
 891 0472 11       		.byte	0x11
 892 0473 11040000 		.4byte	0x411
 893 0477 08       		.byte	0x8
 894 0478 05       		.uleb128 0x5
 895 0479 73313900 		.ascii	"s19\000"
 896 047d 08       		.byte	0x8
 897 047e F9       		.byte	0xf9
 898 047f 11       		.byte	0x11
 899 0480 11040000 		.4byte	0x411
 900 0484 0C       		.byte	0xc
 901 0485 05       		.uleb128 0x5
 902 0486 73323000 		.ascii	"s20\000"
 903 048a 08       		.byte	0x8
 904 048b FA       		.byte	0xfa
 905 048c 11       		.byte	0x11
 906 048d 11040000 		.4byte	0x411
 907 0491 10       		.byte	0x10
ARM GAS  /tmp/ccIjIZVj.s 			page 17


 908 0492 05       		.uleb128 0x5
 909 0493 73323100 		.ascii	"s21\000"
 910 0497 08       		.byte	0x8
 911 0498 FB       		.byte	0xfb
 912 0499 11       		.byte	0x11
 913 049a 11040000 		.4byte	0x411
 914 049e 14       		.byte	0x14
 915 049f 05       		.uleb128 0x5
 916 04a0 73323200 		.ascii	"s22\000"
 917 04a4 08       		.byte	0x8
 918 04a5 FC       		.byte	0xfc
 919 04a6 11       		.byte	0x11
 920 04a7 11040000 		.4byte	0x411
 921 04ab 18       		.byte	0x18
 922 04ac 05       		.uleb128 0x5
 923 04ad 73323300 		.ascii	"s23\000"
 924 04b1 08       		.byte	0x8
 925 04b2 FD       		.byte	0xfd
 926 04b3 11       		.byte	0x11
 927 04b4 11040000 		.4byte	0x411
 928 04b8 1C       		.byte	0x1c
 929 04b9 05       		.uleb128 0x5
 930 04ba 73323400 		.ascii	"s24\000"
 931 04be 08       		.byte	0x8
 932 04bf FE       		.byte	0xfe
 933 04c0 11       		.byte	0x11
 934 04c1 11040000 		.4byte	0x411
 935 04c5 20       		.byte	0x20
 936 04c6 05       		.uleb128 0x5
 937 04c7 73323500 		.ascii	"s25\000"
 938 04cb 08       		.byte	0x8
 939 04cc FF       		.byte	0xff
 940 04cd 11       		.byte	0x11
 941 04ce 11040000 		.4byte	0x411
 942 04d2 24       		.byte	0x24
 943 04d3 04       		.uleb128 0x4
 944 04d4 73323600 		.ascii	"s26\000"
 945 04d8 08       		.byte	0x8
 946 04d9 0001     		.2byte	0x100
 947 04db 11       		.byte	0x11
 948 04dc 11040000 		.4byte	0x411
 949 04e0 28       		.byte	0x28
 950 04e1 04       		.uleb128 0x4
 951 04e2 73323700 		.ascii	"s27\000"
 952 04e6 08       		.byte	0x8
 953 04e7 0101     		.2byte	0x101
 954 04e9 11       		.byte	0x11
 955 04ea 11040000 		.4byte	0x411
 956 04ee 2C       		.byte	0x2c
 957 04ef 04       		.uleb128 0x4
 958 04f0 73323800 		.ascii	"s28\000"
 959 04f4 08       		.byte	0x8
 960 04f5 0201     		.2byte	0x102
 961 04f7 11       		.byte	0x11
 962 04f8 11040000 		.4byte	0x411
 963 04fc 30       		.byte	0x30
 964 04fd 04       		.uleb128 0x4
ARM GAS  /tmp/ccIjIZVj.s 			page 18


 965 04fe 73323900 		.ascii	"s29\000"
 966 0502 08       		.byte	0x8
 967 0503 0301     		.2byte	0x103
 968 0505 11       		.byte	0x11
 969 0506 11040000 		.4byte	0x411
 970 050a 34       		.byte	0x34
 971 050b 04       		.uleb128 0x4
 972 050c 73333000 		.ascii	"s30\000"
 973 0510 08       		.byte	0x8
 974 0511 0401     		.2byte	0x104
 975 0513 11       		.byte	0x11
 976 0514 11040000 		.4byte	0x411
 977 0518 38       		.byte	0x38
 978 0519 04       		.uleb128 0x4
 979 051a 73333100 		.ascii	"s31\000"
 980 051e 08       		.byte	0x8
 981 051f 0501     		.2byte	0x105
 982 0521 11       		.byte	0x11
 983 0522 11040000 		.4byte	0x411
 984 0526 3C       		.byte	0x3c
 985 0527 04       		.uleb128 0x4
 986 0528 723400   		.ascii	"r4\000"
 987 052b 08       		.byte	0x8
 988 052c 0701     		.2byte	0x107
 989 052e 11       		.byte	0x11
 990 052f 11040000 		.4byte	0x411
 991 0533 40       		.byte	0x40
 992 0534 04       		.uleb128 0x4
 993 0535 723500   		.ascii	"r5\000"
 994 0538 08       		.byte	0x8
 995 0539 0801     		.2byte	0x108
 996 053b 11       		.byte	0x11
 997 053c 11040000 		.4byte	0x411
 998 0540 44       		.byte	0x44
 999 0541 04       		.uleb128 0x4
 1000 0542 723600   		.ascii	"r6\000"
 1001 0545 08       		.byte	0x8
 1002 0546 0901     		.2byte	0x109
 1003 0548 11       		.byte	0x11
 1004 0549 11040000 		.4byte	0x411
 1005 054d 48       		.byte	0x48
 1006 054e 04       		.uleb128 0x4
 1007 054f 723700   		.ascii	"r7\000"
 1008 0552 08       		.byte	0x8
 1009 0553 0A01     		.2byte	0x10a
 1010 0555 11       		.byte	0x11
 1011 0556 11040000 		.4byte	0x411
 1012 055a 4C       		.byte	0x4c
 1013 055b 04       		.uleb128 0x4
 1014 055c 723800   		.ascii	"r8\000"
 1015 055f 08       		.byte	0x8
 1016 0560 0B01     		.2byte	0x10b
 1017 0562 11       		.byte	0x11
 1018 0563 11040000 		.4byte	0x411
 1019 0567 50       		.byte	0x50
 1020 0568 04       		.uleb128 0x4
 1021 0569 723900   		.ascii	"r9\000"
ARM GAS  /tmp/ccIjIZVj.s 			page 19


 1022 056c 08       		.byte	0x8
 1023 056d 0C01     		.2byte	0x10c
 1024 056f 11       		.byte	0x11
 1025 0570 11040000 		.4byte	0x411
 1026 0574 54       		.byte	0x54
 1027 0575 04       		.uleb128 0x4
 1028 0576 72313000 		.ascii	"r10\000"
 1029 057a 08       		.byte	0x8
 1030 057b 0D01     		.2byte	0x10d
 1031 057d 11       		.byte	0x11
 1032 057e 11040000 		.4byte	0x411
 1033 0582 58       		.byte	0x58
 1034 0583 04       		.uleb128 0x4
 1035 0584 72313100 		.ascii	"r11\000"
 1036 0588 08       		.byte	0x8
 1037 0589 0E01     		.2byte	0x10e
 1038 058b 11       		.byte	0x11
 1039 058c 11040000 		.4byte	0x411
 1040 0590 5C       		.byte	0x5c
 1041 0591 04       		.uleb128 0x4
 1042 0592 6C7200   		.ascii	"lr\000"
 1043 0595 08       		.byte	0x8
 1044 0596 0F01     		.2byte	0x10f
 1045 0598 11       		.byte	0x11
 1046 0599 11040000 		.4byte	0x411
 1047 059d 60       		.byte	0x60
 1048 059e 00       		.byte	0
 1049 059f 07       		.uleb128 0x7
 1050 05a0 44040000 		.4byte	0x444
 1051 05a4 1D       		.uleb128 0x1d
 1052 05a5 04       		.byte	0x4
 1053 05a6 09       		.byte	0x9
 1054 05a7 38       		.byte	0x38
 1055 05a8 09       		.byte	0x9
 1056 05a9 BB050000 		.4byte	0x5bb
 1057 05ad 03       		.uleb128 0x3
 1058 05ae 21050000 		.4byte	.LASF76
 1059 05b2 09       		.byte	0x9
 1060 05b3 3C       		.byte	0x3c
 1061 05b4 19       		.byte	0x19
 1062 05b5 CC000000 		.4byte	0xcc
 1063 05b9 00       		.byte	0
 1064 05ba 00       		.byte	0
 1065 05bb 01       		.uleb128 0x1
 1066 05bc CA030000 		.4byte	.LASF77
 1067 05c0 09       		.byte	0x9
 1068 05c1 3D       		.byte	0x3d
 1069 05c2 03       		.byte	0x3
 1070 05c3 A4050000 		.4byte	0x5a4
 1071 05c7 1E       		.uleb128 0x1e
 1072 05c8 04       		.byte	0x4
 1073 05c9 06       		.byte	0x6
 1074 05ca FA       		.byte	0xfa
 1075 05cb 03       		.byte	0x3
 1076 05cc 19060000 		.4byte	0x619
 1077 05d0 09       		.uleb128 0x9
 1078 05d1 19000000 		.4byte	.LASF78
ARM GAS  /tmp/ccIjIZVj.s 			page 20


 1079 05d5 0101     		.2byte	0x101
 1080 05d7 19       		.byte	0x19
 1081 05d8 08010000 		.4byte	0x108
 1082 05dc 09       		.uleb128 0x9
 1083 05dd 7C000000 		.4byte	.LASF79
 1084 05e1 0801     		.2byte	0x108
 1085 05e3 19       		.byte	0x19
 1086 05e4 08010000 		.4byte	0x108
 1087 05e8 09       		.uleb128 0x9
 1088 05e9 6D050000 		.4byte	.LASF80
 1089 05ed 0F01     		.2byte	0x10f
 1090 05ef 1A       		.byte	0x1a
 1091 05f0 BD020000 		.4byte	0x2bd
 1092 05f4 09       		.uleb128 0x9
 1093 05f5 0D000000 		.4byte	.LASF81
 1094 05f9 1601     		.2byte	0x116
 1095 05fb 1A       		.byte	0x1a
 1096 05fc 19060000 		.4byte	0x619
 1097 0600 09       		.uleb128 0x9
 1098 0601 D7020000 		.4byte	.LASF82
 1099 0605 1E01     		.2byte	0x11e
 1100 0607 1A       		.byte	0x1a
 1101 0608 46060000 		.4byte	0x646
 1102 060c 09       		.uleb128 0x9
 1103 060d AF040000 		.4byte	.LASF83
 1104 0611 2701     		.2byte	0x127
 1105 0613 1A       		.byte	0x1a
 1106 0614 80060000 		.4byte	0x680
 1107 0618 00       		.byte	0
 1108 0619 07       		.uleb128 0x7
 1109 061a F5010000 		.4byte	0x1f5
 1110 061e 08       		.uleb128 0x8
 1111 061f 99040000 		.4byte	.LASF84
 1112 0623 0C       		.byte	0xc
 1113 0624 0A       		.byte	0xa
 1114 0625 34       		.byte	0x34
 1115 0626 10       		.byte	0x10
 1116 0627 46060000 		.4byte	0x646
 1117 062b 03       		.uleb128 0x3
 1118 062c 75020000 		.4byte	.LASF85
 1119 0630 0A       		.byte	0xa
 1120 0631 35       		.byte	0x35
 1121 0632 19       		.byte	0x19
 1122 0633 06020000 		.4byte	0x206
 1123 0637 00       		.byte	0
 1124 0638 03       		.uleb128 0x3
 1125 0639 DE020000 		.4byte	.LASF86
 1126 063d 0A       		.byte	0xa
 1127 063e 37       		.byte	0x37
 1128 063f 19       		.byte	0x19
 1129 0640 14010000 		.4byte	0x114
 1130 0644 08       		.byte	0x8
 1131 0645 00       		.byte	0
 1132 0646 07       		.uleb128 0x7
 1133 0647 1E060000 		.4byte	0x61e
 1134 064b 08       		.uleb128 0x8
 1135 064c 4E050000 		.4byte	.LASF87
ARM GAS  /tmp/ccIjIZVj.s 			page 21


 1136 0650 10       		.byte	0x10
 1137 0651 0B       		.byte	0xb
 1138 0652 39       		.byte	0x39
 1139 0653 08       		.byte	0x8
 1140 0654 80060000 		.4byte	0x680
 1141 0658 03       		.uleb128 0x3
 1142 0659 FC010000 		.4byte	.LASF88
 1143 065d 0B       		.byte	0xb
 1144 065e 3A       		.byte	0x3a
 1145 065f 19       		.byte	0x19
 1146 0660 06020000 		.4byte	0x206
 1147 0664 00       		.byte	0
 1148 0665 03       		.uleb128 0x3
 1149 0666 8E050000 		.4byte	.LASF89
 1150 066a 0B       		.byte	0xb
 1151 066b 3C       		.byte	0x3c
 1152 066c 1A       		.byte	0x1a
 1153 066d 01020000 		.4byte	0x201
 1154 0671 08       		.byte	0x8
 1155 0672 03       		.uleb128 0x3
 1156 0673 E7040000 		.4byte	.LASF90
 1157 0677 0B       		.byte	0xb
 1158 0678 3E       		.byte	0x3e
 1159 0679 1A       		.byte	0x1a
 1160 067a C8060000 		.4byte	0x6c8
 1161 067e 0C       		.byte	0xc
 1162 067f 00       		.byte	0
 1163 0680 07       		.uleb128 0x7
 1164 0681 4B060000 		.4byte	0x64b
 1165 0685 07       		.uleb128 0x7
 1166 0686 96060000 		.4byte	0x696
 1167 068a 10       		.uleb128 0x10
 1168 068b 85060000 		.4byte	0x685
 1169 068f 06       		.uleb128 0x6
 1170 0690 01       		.byte	0x1
 1171 0691 08       		.byte	0x8
 1172 0692 D9040000 		.4byte	.LASF91
 1173 0696 0C       		.uleb128 0xc
 1174 0697 8F060000 		.4byte	0x68f
 1175 069b 07       		.uleb128 0x7
 1176 069c BF020000 		.4byte	0x2bf
 1177 06a0 0D       		.uleb128 0xd
 1178 06a1 1D040000 		.4byte	0x41d
 1179 06a5 B0060000 		.4byte	0x6b0
 1180 06a9 0E       		.uleb128 0xe
 1181 06aa 2D000000 		.4byte	0x2d
 1182 06ae 28       		.byte	0x28
 1183 06af 00       		.byte	0
 1184 06b0 1F       		.uleb128 0x1f
 1185 06b1 636800   		.ascii	"ch\000"
 1186 06b4 06       		.byte	0x6
 1187 06b5 0902     		.2byte	0x209
 1188 06b7 14       		.byte	0x14
 1189 06b8 A6030000 		.4byte	0x3a6
 1190 06bc 01       		.uleb128 0x1
 1191 06bd 86050000 		.4byte	.LASF92
 1192 06c1 0B       		.byte	0xb
ARM GAS  /tmp/ccIjIZVj.s 			page 22


 1193 06c2 34       		.byte	0x34
 1194 06c3 19       		.byte	0x19
 1195 06c4 4B060000 		.4byte	0x64b
 1196 06c8 07       		.uleb128 0x7
 1197 06c9 BC060000 		.4byte	0x6bc
 1198 06cd 20       		.uleb128 0x20
 1199 06ce 4E000000 		.4byte	.LASF102
 1200 06d2 0C       		.byte	0xc
 1201 06d3 1601     		.2byte	0x116
 1202 06d5 08       		.byte	0x8
 1203 06d6 E0060000 		.4byte	0x6e0
 1204 06da 11       		.uleb128 0x11
 1205 06db 85060000 		.4byte	0x685
 1206 06df 00       		.byte	0
 1207 06e0 21       		.uleb128 0x21
 1208 06e1 07030000 		.4byte	.LASF103
 1209 06e5 0D       		.byte	0xd
 1210 06e6 DE       		.byte	0xde
 1211 06e7 08       		.byte	0x8
 1212 06e8 12       		.uleb128 0x12
 1213 06e9 6F000000 		.4byte	.LASF93
 1214 06ed B1       		.byte	0xb1
 1215 06ee 00000000 		.4byte	.LFB188
 1216 06f2 4C000000 		.4byte	.LFE188-.LFB188
 1217 06f6 01       		.uleb128 0x1
 1218 06f7 9C       		.byte	0x9c
 1219 06f8 52070000 		.4byte	0x752
 1220 06fc 0F       		.uleb128 0xf
 1221 06fd 76747000 		.ascii	"vtp\000"
 1222 0701 B1       		.byte	0xb1
 1223 0702 24       		.byte	0x24
 1224 0703 9B060000 		.4byte	0x69b
 1225 0707 10000000 		.4byte	.LLST6
 1226 070b 0C000000 		.4byte	.LVUS6
 1227 070f 13       		.uleb128 0x13
 1228 0710 7F040000 		.4byte	.LASF98
 1229 0714 62070000 		.4byte	0x762
 1230 0718 05       		.uleb128 0x5
 1231 0719 03       		.byte	0x3
 1232 071a 00000000 		.4byte	__func__.0
 1233 071e 14       		.uleb128 0x14
 1234 071f 08000000 		.4byte	.LVL14
 1235 0723 E0060000 		.4byte	0x6e0
 1236 0727 15       		.uleb128 0x15
 1237 0728 34000000 		.4byte	.LVL16
 1238 072c CD060000 		.4byte	0x6cd
 1239 0730 3E070000 		.4byte	0x73e
 1240 0734 0B       		.uleb128 0xb
 1241 0735 01       		.uleb128 0x1
 1242 0736 50       		.byte	0x50
 1243 0737 05       		.uleb128 0x5
 1244 0738 03       		.byte	0x3
 1245 0739 00000000 		.4byte	__func__.0
 1246 073d 00       		.byte	0
 1247 073e 16       		.uleb128 0x16
 1248 073f 40000000 		.4byte	.LVL17
 1249 0743 CD060000 		.4byte	0x6cd
ARM GAS  /tmp/ccIjIZVj.s 			page 23


 1250 0747 0B       		.uleb128 0xb
 1251 0748 01       		.uleb128 0x1
 1252 0749 50       		.byte	0x50
 1253 074a 05       		.uleb128 0x5
 1254 074b 03       		.byte	0x3
 1255 074c 00000000 		.4byte	__func__.0
 1256 0750 00       		.byte	0
 1257 0751 00       		.byte	0
 1258 0752 0D       		.uleb128 0xd
 1259 0753 96060000 		.4byte	0x696
 1260 0757 62070000 		.4byte	0x762
 1261 075b 0E       		.uleb128 0xe
 1262 075c 2D000000 		.4byte	0x2d
 1263 0760 0C       		.byte	0xc
 1264 0761 00       		.byte	0
 1265 0762 0C       		.uleb128 0xc
 1266 0763 52070000 		.4byte	0x752
 1267 0767 12       		.uleb128 0x12
 1268 0768 6A030000 		.4byte	.LASF94
 1269 076c 5F       		.byte	0x5f
 1270 076d 00000000 		.4byte	.LFB187
 1271 0771 68000000 		.4byte	.LFE187-.LFB187
 1272 0775 01       		.uleb128 0x1
 1273 0776 9C       		.byte	0x9c
 1274 0777 30080000 		.4byte	0x830
 1275 077b 0F       		.uleb128 0xf
 1276 077c 76747000 		.ascii	"vtp\000"
 1277 0780 5F       		.byte	0x5f
 1278 0781 22       		.byte	0x22
 1279 0782 9B060000 		.4byte	0x69b
 1280 0786 24000000 		.4byte	.LLST0
 1281 078a 20000000 		.4byte	.LVUS0
 1282 078e 17       		.uleb128 0x17
 1283 078f 3D040000 		.4byte	.LASF95
 1284 0793 5F       		.byte	0x5f
 1285 0794 31       		.byte	0x31
 1286 0795 20010000 		.4byte	0x120
 1287 0799 3C000000 		.4byte	.LLST1
 1288 079d 34000000 		.4byte	.LVUS1
 1289 07a1 17       		.uleb128 0x17
 1290 07a2 37050000 		.4byte	.LASF96
 1291 07a6 60       		.byte	0x60
 1292 07a7 1A       		.byte	0x1a
 1293 07a8 A1020000 		.4byte	0x2a1
 1294 07ac 63000000 		.4byte	.LLST2
 1295 07b0 5F000000 		.4byte	.LVUS2
 1296 07b4 0F       		.uleb128 0xf
 1297 07b5 70617200 		.ascii	"par\000"
 1298 07b9 60       		.byte	0x60
 1299 07ba 28       		.byte	0x28
 1300 07bb BD020000 		.4byte	0x2bd
 1301 07bf 77000000 		.4byte	.LLST3
 1302 07c3 73000000 		.4byte	.LVUS3
 1303 07c7 22       		.uleb128 0x22
 1304 07c8 7000     		.ascii	"p\000"
 1305 07ca 01       		.byte	0x1
 1306 07cb 61       		.byte	0x61
ARM GAS  /tmp/ccIjIZVj.s 			page 24


 1307 07cc 14       		.byte	0x14
 1308 07cd 9B060000 		.4byte	0x69b
 1309 07d1 8D000000 		.4byte	.LLST4
 1310 07d5 87000000 		.4byte	.LVUS4
 1311 07d9 23       		.uleb128 0x23
 1312 07da 13000000 		.4byte	.LASF97
 1313 07de 01       		.byte	0x1
 1314 07df 62       		.byte	0x62
 1315 07e0 0D       		.byte	0xd
 1316 07e1 20010000 		.4byte	0x120
 1317 07e5 A6000000 		.4byte	.LLST5
 1318 07e9 A2000000 		.4byte	.LVUS5
 1319 07ed 13       		.uleb128 0x13
 1320 07ee 7F040000 		.4byte	.LASF98
 1321 07f2 40080000 		.4byte	0x840
 1322 07f6 05       		.uleb128 0x5
 1323 07f7 03       		.byte	0x3
 1324 07f8 00000000 		.4byte	__func__.1
 1325 07fc 14       		.uleb128 0x14
 1326 07fd 0E000000 		.4byte	.LVL1
 1327 0801 E0060000 		.4byte	0x6e0
 1328 0805 15       		.uleb128 0x15
 1329 0806 4C000000 		.4byte	.LVL8
 1330 080a CD060000 		.4byte	0x6cd
 1331 080e 1C080000 		.4byte	0x81c
 1332 0812 0B       		.uleb128 0xb
 1333 0813 01       		.uleb128 0x1
 1334 0814 50       		.byte	0x50
 1335 0815 05       		.uleb128 0x5
 1336 0816 03       		.byte	0x3
 1337 0817 00000000 		.4byte	__func__.1
 1338 081b 00       		.byte	0
 1339 081c 16       		.uleb128 0x16
 1340 081d 5C000000 		.4byte	.LVL12
 1341 0821 CD060000 		.4byte	0x6cd
 1342 0825 0B       		.uleb128 0xb
 1343 0826 01       		.uleb128 0x1
 1344 0827 50       		.byte	0x50
 1345 0828 05       		.uleb128 0x5
 1346 0829 03       		.byte	0x3
 1347 082a 00000000 		.4byte	__func__.1
 1348 082e 00       		.byte	0
 1349 082f 00       		.byte	0
 1350 0830 0D       		.uleb128 0xd
 1351 0831 96060000 		.4byte	0x696
 1352 0835 40080000 		.4byte	0x840
 1353 0839 0E       		.uleb128 0xe
 1354 083a 2D000000 		.4byte	0x2d
 1355 083e 0A       		.byte	0xa
 1356 083f 00       		.byte	0
 1357 0840 0C       		.uleb128 0xc
 1358 0841 30080000 		.4byte	0x830
 1359 0845 24       		.uleb128 0x24
 1360 0846 BE000000 		.4byte	.LASF104
 1361 084a 01       		.byte	0x1
 1362 084b 3D       		.byte	0x3d
 1363 084c 06       		.byte	0x6
ARM GAS  /tmp/ccIjIZVj.s 			page 25


 1364 084d 00000000 		.4byte	.LFB186
 1365 0851 1C000000 		.4byte	.LFE186-.LFB186
 1366 0855 01       		.uleb128 0x1
 1367 0856 9C       		.byte	0x9c
 1368 0857 00       		.byte	0
 1369              		.section	.debug_abbrev,"",%progbits
 1370              	.Ldebug_abbrev0:
 1371 0000 01       		.uleb128 0x1
 1372 0001 16       		.uleb128 0x16
 1373 0002 00       		.byte	0
 1374 0003 03       		.uleb128 0x3
 1375 0004 0E       		.uleb128 0xe
 1376 0005 3A       		.uleb128 0x3a
 1377 0006 0B       		.uleb128 0xb
 1378 0007 3B       		.uleb128 0x3b
 1379 0008 0B       		.uleb128 0xb
 1380 0009 39       		.uleb128 0x39
 1381 000a 0B       		.uleb128 0xb
 1382 000b 49       		.uleb128 0x49
 1383 000c 13       		.uleb128 0x13
 1384 000d 00       		.byte	0
 1385 000e 00       		.byte	0
 1386 000f 02       		.uleb128 0x2
 1387 0010 0D       		.uleb128 0xd
 1388 0011 00       		.byte	0
 1389 0012 03       		.uleb128 0x3
 1390 0013 0E       		.uleb128 0xe
 1391 0014 3A       		.uleb128 0x3a
 1392 0015 21       		.uleb128 0x21
 1393 0016 06       		.sleb128 6
 1394 0017 3B       		.uleb128 0x3b
 1395 0018 05       		.uleb128 0x5
 1396 0019 39       		.uleb128 0x39
 1397 001a 0B       		.uleb128 0xb
 1398 001b 49       		.uleb128 0x49
 1399 001c 13       		.uleb128 0x13
 1400 001d 38       		.uleb128 0x38
 1401 001e 0B       		.uleb128 0xb
 1402 001f 00       		.byte	0
 1403 0020 00       		.byte	0
 1404 0021 03       		.uleb128 0x3
 1405 0022 0D       		.uleb128 0xd
 1406 0023 00       		.byte	0
 1407 0024 03       		.uleb128 0x3
 1408 0025 0E       		.uleb128 0xe
 1409 0026 3A       		.uleb128 0x3a
 1410 0027 0B       		.uleb128 0xb
 1411 0028 3B       		.uleb128 0x3b
 1412 0029 0B       		.uleb128 0xb
 1413 002a 39       		.uleb128 0x39
 1414 002b 0B       		.uleb128 0xb
 1415 002c 49       		.uleb128 0x49
 1416 002d 13       		.uleb128 0x13
 1417 002e 38       		.uleb128 0x38
 1418 002f 0B       		.uleb128 0xb
 1419 0030 00       		.byte	0
 1420 0031 00       		.byte	0
ARM GAS  /tmp/ccIjIZVj.s 			page 26


 1421 0032 04       		.uleb128 0x4
 1422 0033 0D       		.uleb128 0xd
 1423 0034 00       		.byte	0
 1424 0035 03       		.uleb128 0x3
 1425 0036 08       		.uleb128 0x8
 1426 0037 3A       		.uleb128 0x3a
 1427 0038 0B       		.uleb128 0xb
 1428 0039 3B       		.uleb128 0x3b
 1429 003a 05       		.uleb128 0x5
 1430 003b 39       		.uleb128 0x39
 1431 003c 0B       		.uleb128 0xb
 1432 003d 49       		.uleb128 0x49
 1433 003e 13       		.uleb128 0x13
 1434 003f 38       		.uleb128 0x38
 1435 0040 0B       		.uleb128 0xb
 1436 0041 00       		.byte	0
 1437 0042 00       		.byte	0
 1438 0043 05       		.uleb128 0x5
 1439 0044 0D       		.uleb128 0xd
 1440 0045 00       		.byte	0
 1441 0046 03       		.uleb128 0x3
 1442 0047 08       		.uleb128 0x8
 1443 0048 3A       		.uleb128 0x3a
 1444 0049 0B       		.uleb128 0xb
 1445 004a 3B       		.uleb128 0x3b
 1446 004b 0B       		.uleb128 0xb
 1447 004c 39       		.uleb128 0x39
 1448 004d 0B       		.uleb128 0xb
 1449 004e 49       		.uleb128 0x49
 1450 004f 13       		.uleb128 0x13
 1451 0050 38       		.uleb128 0x38
 1452 0051 0B       		.uleb128 0xb
 1453 0052 00       		.byte	0
 1454 0053 00       		.byte	0
 1455 0054 06       		.uleb128 0x6
 1456 0055 24       		.uleb128 0x24
 1457 0056 00       		.byte	0
 1458 0057 0B       		.uleb128 0xb
 1459 0058 0B       		.uleb128 0xb
 1460 0059 3E       		.uleb128 0x3e
 1461 005a 0B       		.uleb128 0xb
 1462 005b 03       		.uleb128 0x3
 1463 005c 0E       		.uleb128 0xe
 1464 005d 00       		.byte	0
 1465 005e 00       		.byte	0
 1466 005f 07       		.uleb128 0x7
 1467 0060 0F       		.uleb128 0xf
 1468 0061 00       		.byte	0
 1469 0062 0B       		.uleb128 0xb
 1470 0063 21       		.uleb128 0x21
 1471 0064 04       		.sleb128 4
 1472 0065 49       		.uleb128 0x49
 1473 0066 13       		.uleb128 0x13
 1474 0067 00       		.byte	0
 1475 0068 00       		.byte	0
 1476 0069 08       		.uleb128 0x8
 1477 006a 13       		.uleb128 0x13
ARM GAS  /tmp/ccIjIZVj.s 			page 27


 1478 006b 01       		.byte	0x1
 1479 006c 03       		.uleb128 0x3
 1480 006d 0E       		.uleb128 0xe
 1481 006e 0B       		.uleb128 0xb
 1482 006f 0B       		.uleb128 0xb
 1483 0070 3A       		.uleb128 0x3a
 1484 0071 0B       		.uleb128 0xb
 1485 0072 3B       		.uleb128 0x3b
 1486 0073 0B       		.uleb128 0xb
 1487 0074 39       		.uleb128 0x39
 1488 0075 0B       		.uleb128 0xb
 1489 0076 01       		.uleb128 0x1
 1490 0077 13       		.uleb128 0x13
 1491 0078 00       		.byte	0
 1492 0079 00       		.byte	0
 1493 007a 09       		.uleb128 0x9
 1494 007b 0D       		.uleb128 0xd
 1495 007c 00       		.byte	0
 1496 007d 03       		.uleb128 0x3
 1497 007e 0E       		.uleb128 0xe
 1498 007f 3A       		.uleb128 0x3a
 1499 0080 21       		.uleb128 0x21
 1500 0081 06       		.sleb128 6
 1501 0082 3B       		.uleb128 0x3b
 1502 0083 05       		.uleb128 0x5
 1503 0084 39       		.uleb128 0x39
 1504 0085 0B       		.uleb128 0xb
 1505 0086 49       		.uleb128 0x49
 1506 0087 13       		.uleb128 0x13
 1507 0088 00       		.byte	0
 1508 0089 00       		.byte	0
 1509 008a 0A       		.uleb128 0xa
 1510 008b 13       		.uleb128 0x13
 1511 008c 01       		.byte	0x1
 1512 008d 03       		.uleb128 0x3
 1513 008e 0E       		.uleb128 0xe
 1514 008f 0B       		.uleb128 0xb
 1515 0090 0B       		.uleb128 0xb
 1516 0091 3A       		.uleb128 0x3a
 1517 0092 21       		.uleb128 0x21
 1518 0093 06       		.sleb128 6
 1519 0094 3B       		.uleb128 0x3b
 1520 0095 05       		.uleb128 0x5
 1521 0096 39       		.uleb128 0x39
 1522 0097 21       		.uleb128 0x21
 1523 0098 08       		.sleb128 8
 1524 0099 01       		.uleb128 0x1
 1525 009a 13       		.uleb128 0x13
 1526 009b 00       		.byte	0
 1527 009c 00       		.byte	0
 1528 009d 0B       		.uleb128 0xb
 1529 009e 49       		.uleb128 0x49
 1530 009f 00       		.byte	0
 1531 00a0 02       		.uleb128 0x2
 1532 00a1 18       		.uleb128 0x18
 1533 00a2 7E       		.uleb128 0x7e
 1534 00a3 18       		.uleb128 0x18
ARM GAS  /tmp/ccIjIZVj.s 			page 28


 1535 00a4 00       		.byte	0
 1536 00a5 00       		.byte	0
 1537 00a6 0C       		.uleb128 0xc
 1538 00a7 26       		.uleb128 0x26
 1539 00a8 00       		.byte	0
 1540 00a9 49       		.uleb128 0x49
 1541 00aa 13       		.uleb128 0x13
 1542 00ab 00       		.byte	0
 1543 00ac 00       		.byte	0
 1544 00ad 0D       		.uleb128 0xd
 1545 00ae 01       		.uleb128 0x1
 1546 00af 01       		.byte	0x1
 1547 00b0 49       		.uleb128 0x49
 1548 00b1 13       		.uleb128 0x13
 1549 00b2 01       		.uleb128 0x1
 1550 00b3 13       		.uleb128 0x13
 1551 00b4 00       		.byte	0
 1552 00b5 00       		.byte	0
 1553 00b6 0E       		.uleb128 0xe
 1554 00b7 21       		.uleb128 0x21
 1555 00b8 00       		.byte	0
 1556 00b9 49       		.uleb128 0x49
 1557 00ba 13       		.uleb128 0x13
 1558 00bb 2F       		.uleb128 0x2f
 1559 00bc 0B       		.uleb128 0xb
 1560 00bd 00       		.byte	0
 1561 00be 00       		.byte	0
 1562 00bf 0F       		.uleb128 0xf
 1563 00c0 05       		.uleb128 0x5
 1564 00c1 00       		.byte	0
 1565 00c2 03       		.uleb128 0x3
 1566 00c3 08       		.uleb128 0x8
 1567 00c4 3A       		.uleb128 0x3a
 1568 00c5 21       		.uleb128 0x21
 1569 00c6 01       		.sleb128 1
 1570 00c7 3B       		.uleb128 0x3b
 1571 00c8 0B       		.uleb128 0xb
 1572 00c9 39       		.uleb128 0x39
 1573 00ca 0B       		.uleb128 0xb
 1574 00cb 49       		.uleb128 0x49
 1575 00cc 13       		.uleb128 0x13
 1576 00cd 02       		.uleb128 0x2
 1577 00ce 17       		.uleb128 0x17
 1578 00cf B742     		.uleb128 0x2137
 1579 00d1 17       		.uleb128 0x17
 1580 00d2 00       		.byte	0
 1581 00d3 00       		.byte	0
 1582 00d4 10       		.uleb128 0x10
 1583 00d5 35       		.uleb128 0x35
 1584 00d6 00       		.byte	0
 1585 00d7 49       		.uleb128 0x49
 1586 00d8 13       		.uleb128 0x13
 1587 00d9 00       		.byte	0
 1588 00da 00       		.byte	0
 1589 00db 11       		.uleb128 0x11
 1590 00dc 05       		.uleb128 0x5
 1591 00dd 00       		.byte	0
ARM GAS  /tmp/ccIjIZVj.s 			page 29


 1592 00de 49       		.uleb128 0x49
 1593 00df 13       		.uleb128 0x13
 1594 00e0 00       		.byte	0
 1595 00e1 00       		.byte	0
 1596 00e2 12       		.uleb128 0x12
 1597 00e3 2E       		.uleb128 0x2e
 1598 00e4 01       		.byte	0x1
 1599 00e5 3F       		.uleb128 0x3f
 1600 00e6 19       		.uleb128 0x19
 1601 00e7 03       		.uleb128 0x3
 1602 00e8 0E       		.uleb128 0xe
 1603 00e9 3A       		.uleb128 0x3a
 1604 00ea 21       		.uleb128 0x21
 1605 00eb 01       		.sleb128 1
 1606 00ec 3B       		.uleb128 0x3b
 1607 00ed 0B       		.uleb128 0xb
 1608 00ee 39       		.uleb128 0x39
 1609 00ef 21       		.uleb128 0x21
 1610 00f0 06       		.sleb128 6
 1611 00f1 27       		.uleb128 0x27
 1612 00f2 19       		.uleb128 0x19
 1613 00f3 11       		.uleb128 0x11
 1614 00f4 01       		.uleb128 0x1
 1615 00f5 12       		.uleb128 0x12
 1616 00f6 06       		.uleb128 0x6
 1617 00f7 40       		.uleb128 0x40
 1618 00f8 18       		.uleb128 0x18
 1619 00f9 7A       		.uleb128 0x7a
 1620 00fa 19       		.uleb128 0x19
 1621 00fb 01       		.uleb128 0x1
 1622 00fc 13       		.uleb128 0x13
 1623 00fd 00       		.byte	0
 1624 00fe 00       		.byte	0
 1625 00ff 13       		.uleb128 0x13
 1626 0100 34       		.uleb128 0x34
 1627 0101 00       		.byte	0
 1628 0102 03       		.uleb128 0x3
 1629 0103 0E       		.uleb128 0xe
 1630 0104 49       		.uleb128 0x49
 1631 0105 13       		.uleb128 0x13
 1632 0106 34       		.uleb128 0x34
 1633 0107 19       		.uleb128 0x19
 1634 0108 02       		.uleb128 0x2
 1635 0109 18       		.uleb128 0x18
 1636 010a 00       		.byte	0
 1637 010b 00       		.byte	0
 1638 010c 14       		.uleb128 0x14
 1639 010d 48       		.uleb128 0x48
 1640 010e 00       		.byte	0
 1641 010f 7D       		.uleb128 0x7d
 1642 0110 01       		.uleb128 0x1
 1643 0111 7F       		.uleb128 0x7f
 1644 0112 13       		.uleb128 0x13
 1645 0113 00       		.byte	0
 1646 0114 00       		.byte	0
 1647 0115 15       		.uleb128 0x15
 1648 0116 48       		.uleb128 0x48
ARM GAS  /tmp/ccIjIZVj.s 			page 30


 1649 0117 01       		.byte	0x1
 1650 0118 7D       		.uleb128 0x7d
 1651 0119 01       		.uleb128 0x1
 1652 011a 7F       		.uleb128 0x7f
 1653 011b 13       		.uleb128 0x13
 1654 011c 01       		.uleb128 0x1
 1655 011d 13       		.uleb128 0x13
 1656 011e 00       		.byte	0
 1657 011f 00       		.byte	0
 1658 0120 16       		.uleb128 0x16
 1659 0121 48       		.uleb128 0x48
 1660 0122 01       		.byte	0x1
 1661 0123 7D       		.uleb128 0x7d
 1662 0124 01       		.uleb128 0x1
 1663 0125 7F       		.uleb128 0x7f
 1664 0126 13       		.uleb128 0x13
 1665 0127 00       		.byte	0
 1666 0128 00       		.byte	0
 1667 0129 17       		.uleb128 0x17
 1668 012a 05       		.uleb128 0x5
 1669 012b 00       		.byte	0
 1670 012c 03       		.uleb128 0x3
 1671 012d 0E       		.uleb128 0xe
 1672 012e 3A       		.uleb128 0x3a
 1673 012f 21       		.uleb128 0x21
 1674 0130 01       		.sleb128 1
 1675 0131 3B       		.uleb128 0x3b
 1676 0132 0B       		.uleb128 0xb
 1677 0133 39       		.uleb128 0x39
 1678 0134 0B       		.uleb128 0xb
 1679 0135 49       		.uleb128 0x49
 1680 0136 13       		.uleb128 0x13
 1681 0137 02       		.uleb128 0x2
 1682 0138 17       		.uleb128 0x17
 1683 0139 B742     		.uleb128 0x2137
 1684 013b 17       		.uleb128 0x17
 1685 013c 00       		.byte	0
 1686 013d 00       		.byte	0
 1687 013e 18       		.uleb128 0x18
 1688 013f 11       		.uleb128 0x11
 1689 0140 01       		.byte	0x1
 1690 0141 25       		.uleb128 0x25
 1691 0142 0E       		.uleb128 0xe
 1692 0143 13       		.uleb128 0x13
 1693 0144 0B       		.uleb128 0xb
 1694 0145 03       		.uleb128 0x3
 1695 0146 0E       		.uleb128 0xe
 1696 0147 1B       		.uleb128 0x1b
 1697 0148 0E       		.uleb128 0xe
 1698 0149 55       		.uleb128 0x55
 1699 014a 17       		.uleb128 0x17
 1700 014b 11       		.uleb128 0x11
 1701 014c 01       		.uleb128 0x1
 1702 014d 10       		.uleb128 0x10
 1703 014e 17       		.uleb128 0x17
 1704 014f 00       		.byte	0
 1705 0150 00       		.byte	0
ARM GAS  /tmp/ccIjIZVj.s 			page 31


 1706 0151 19       		.uleb128 0x19
 1707 0152 24       		.uleb128 0x24
 1708 0153 00       		.byte	0
 1709 0154 0B       		.uleb128 0xb
 1710 0155 0B       		.uleb128 0xb
 1711 0156 3E       		.uleb128 0x3e
 1712 0157 0B       		.uleb128 0xb
 1713 0158 03       		.uleb128 0x3
 1714 0159 08       		.uleb128 0x8
 1715 015a 00       		.byte	0
 1716 015b 00       		.byte	0
 1717 015c 1A       		.uleb128 0x1a
 1718 015d 15       		.uleb128 0x15
 1719 015e 01       		.byte	0x1
 1720 015f 27       		.uleb128 0x27
 1721 0160 19       		.uleb128 0x19
 1722 0161 01       		.uleb128 0x1
 1723 0162 13       		.uleb128 0x13
 1724 0163 00       		.byte	0
 1725 0164 00       		.byte	0
 1726 0165 1B       		.uleb128 0x1b
 1727 0166 0F       		.uleb128 0xf
 1728 0167 00       		.byte	0
 1729 0168 0B       		.uleb128 0xb
 1730 0169 0B       		.uleb128 0xb
 1731 016a 00       		.byte	0
 1732 016b 00       		.byte	0
 1733 016c 1C       		.uleb128 0x1c
 1734 016d 13       		.uleb128 0x13
 1735 016e 01       		.byte	0x1
 1736 016f 03       		.uleb128 0x3
 1737 0170 0E       		.uleb128 0xe
 1738 0171 0B       		.uleb128 0xb
 1739 0172 05       		.uleb128 0x5
 1740 0173 3A       		.uleb128 0x3a
 1741 0174 0B       		.uleb128 0xb
 1742 0175 3B       		.uleb128 0x3b
 1743 0176 05       		.uleb128 0x5
 1744 0177 39       		.uleb128 0x39
 1745 0178 0B       		.uleb128 0xb
 1746 0179 01       		.uleb128 0x1
 1747 017a 13       		.uleb128 0x13
 1748 017b 00       		.byte	0
 1749 017c 00       		.byte	0
 1750 017d 1D       		.uleb128 0x1d
 1751 017e 13       		.uleb128 0x13
 1752 017f 01       		.byte	0x1
 1753 0180 0B       		.uleb128 0xb
 1754 0181 0B       		.uleb128 0xb
 1755 0182 3A       		.uleb128 0x3a
 1756 0183 0B       		.uleb128 0xb
 1757 0184 3B       		.uleb128 0x3b
 1758 0185 0B       		.uleb128 0xb
 1759 0186 39       		.uleb128 0x39
 1760 0187 0B       		.uleb128 0xb
 1761 0188 01       		.uleb128 0x1
 1762 0189 13       		.uleb128 0x13
ARM GAS  /tmp/ccIjIZVj.s 			page 32


 1763 018a 00       		.byte	0
 1764 018b 00       		.byte	0
 1765 018c 1E       		.uleb128 0x1e
 1766 018d 17       		.uleb128 0x17
 1767 018e 01       		.byte	0x1
 1768 018f 0B       		.uleb128 0xb
 1769 0190 0B       		.uleb128 0xb
 1770 0191 3A       		.uleb128 0x3a
 1771 0192 0B       		.uleb128 0xb
 1772 0193 3B       		.uleb128 0x3b
 1773 0194 0B       		.uleb128 0xb
 1774 0195 39       		.uleb128 0x39
 1775 0196 0B       		.uleb128 0xb
 1776 0197 01       		.uleb128 0x1
 1777 0198 13       		.uleb128 0x13
 1778 0199 00       		.byte	0
 1779 019a 00       		.byte	0
 1780 019b 1F       		.uleb128 0x1f
 1781 019c 34       		.uleb128 0x34
 1782 019d 00       		.byte	0
 1783 019e 03       		.uleb128 0x3
 1784 019f 08       		.uleb128 0x8
 1785 01a0 3A       		.uleb128 0x3a
 1786 01a1 0B       		.uleb128 0xb
 1787 01a2 3B       		.uleb128 0x3b
 1788 01a3 05       		.uleb128 0x5
 1789 01a4 39       		.uleb128 0x39
 1790 01a5 0B       		.uleb128 0xb
 1791 01a6 49       		.uleb128 0x49
 1792 01a7 13       		.uleb128 0x13
 1793 01a8 3F       		.uleb128 0x3f
 1794 01a9 19       		.uleb128 0x19
 1795 01aa 3C       		.uleb128 0x3c
 1796 01ab 19       		.uleb128 0x19
 1797 01ac 00       		.byte	0
 1798 01ad 00       		.byte	0
 1799 01ae 20       		.uleb128 0x20
 1800 01af 2E       		.uleb128 0x2e
 1801 01b0 01       		.byte	0x1
 1802 01b1 3F       		.uleb128 0x3f
 1803 01b2 19       		.uleb128 0x19
 1804 01b3 03       		.uleb128 0x3
 1805 01b4 0E       		.uleb128 0xe
 1806 01b5 3A       		.uleb128 0x3a
 1807 01b6 0B       		.uleb128 0xb
 1808 01b7 3B       		.uleb128 0x3b
 1809 01b8 05       		.uleb128 0x5
 1810 01b9 39       		.uleb128 0x39
 1811 01ba 0B       		.uleb128 0xb
 1812 01bb 27       		.uleb128 0x27
 1813 01bc 19       		.uleb128 0x19
 1814 01bd 3C       		.uleb128 0x3c
 1815 01be 19       		.uleb128 0x19
 1816 01bf 01       		.uleb128 0x1
 1817 01c0 13       		.uleb128 0x13
 1818 01c1 00       		.byte	0
 1819 01c2 00       		.byte	0
ARM GAS  /tmp/ccIjIZVj.s 			page 33


 1820 01c3 21       		.uleb128 0x21
 1821 01c4 2E       		.uleb128 0x2e
 1822 01c5 00       		.byte	0
 1823 01c6 3F       		.uleb128 0x3f
 1824 01c7 19       		.uleb128 0x19
 1825 01c8 03       		.uleb128 0x3
 1826 01c9 0E       		.uleb128 0xe
 1827 01ca 3A       		.uleb128 0x3a
 1828 01cb 0B       		.uleb128 0xb
 1829 01cc 3B       		.uleb128 0x3b
 1830 01cd 0B       		.uleb128 0xb
 1831 01ce 39       		.uleb128 0x39
 1832 01cf 0B       		.uleb128 0xb
 1833 01d0 27       		.uleb128 0x27
 1834 01d1 19       		.uleb128 0x19
 1835 01d2 3C       		.uleb128 0x3c
 1836 01d3 19       		.uleb128 0x19
 1837 01d4 00       		.byte	0
 1838 01d5 00       		.byte	0
 1839 01d6 22       		.uleb128 0x22
 1840 01d7 34       		.uleb128 0x34
 1841 01d8 00       		.byte	0
 1842 01d9 03       		.uleb128 0x3
 1843 01da 08       		.uleb128 0x8
 1844 01db 3A       		.uleb128 0x3a
 1845 01dc 0B       		.uleb128 0xb
 1846 01dd 3B       		.uleb128 0x3b
 1847 01de 0B       		.uleb128 0xb
 1848 01df 39       		.uleb128 0x39
 1849 01e0 0B       		.uleb128 0xb
 1850 01e1 49       		.uleb128 0x49
 1851 01e2 13       		.uleb128 0x13
 1852 01e3 02       		.uleb128 0x2
 1853 01e4 17       		.uleb128 0x17
 1854 01e5 B742     		.uleb128 0x2137
 1855 01e7 17       		.uleb128 0x17
 1856 01e8 00       		.byte	0
 1857 01e9 00       		.byte	0
 1858 01ea 23       		.uleb128 0x23
 1859 01eb 34       		.uleb128 0x34
 1860 01ec 00       		.byte	0
 1861 01ed 03       		.uleb128 0x3
 1862 01ee 0E       		.uleb128 0xe
 1863 01ef 3A       		.uleb128 0x3a
 1864 01f0 0B       		.uleb128 0xb
 1865 01f1 3B       		.uleb128 0x3b
 1866 01f2 0B       		.uleb128 0xb
 1867 01f3 39       		.uleb128 0x39
 1868 01f4 0B       		.uleb128 0xb
 1869 01f5 49       		.uleb128 0x49
 1870 01f6 13       		.uleb128 0x13
 1871 01f7 02       		.uleb128 0x2
 1872 01f8 17       		.uleb128 0x17
 1873 01f9 B742     		.uleb128 0x2137
 1874 01fb 17       		.uleb128 0x17
 1875 01fc 00       		.byte	0
 1876 01fd 00       		.byte	0
ARM GAS  /tmp/ccIjIZVj.s 			page 34


 1877 01fe 24       		.uleb128 0x24
 1878 01ff 2E       		.uleb128 0x2e
 1879 0200 00       		.byte	0
 1880 0201 3F       		.uleb128 0x3f
 1881 0202 19       		.uleb128 0x19
 1882 0203 03       		.uleb128 0x3
 1883 0204 0E       		.uleb128 0xe
 1884 0205 3A       		.uleb128 0x3a
 1885 0206 0B       		.uleb128 0xb
 1886 0207 3B       		.uleb128 0x3b
 1887 0208 0B       		.uleb128 0xb
 1888 0209 39       		.uleb128 0x39
 1889 020a 0B       		.uleb128 0xb
 1890 020b 27       		.uleb128 0x27
 1891 020c 19       		.uleb128 0x19
 1892 020d 11       		.uleb128 0x11
 1893 020e 01       		.uleb128 0x1
 1894 020f 12       		.uleb128 0x12
 1895 0210 06       		.uleb128 0x6
 1896 0211 40       		.uleb128 0x40
 1897 0212 18       		.uleb128 0x18
 1898 0213 7A       		.uleb128 0x7a
 1899 0214 19       		.uleb128 0x19
 1900 0215 00       		.byte	0
 1901 0216 00       		.byte	0
 1902 0217 00       		.byte	0
 1903              		.section	.debug_loclists,"",%progbits
 1904 0000 B3000000 		.4byte	.Ldebug_loc3-.Ldebug_loc2
 1905              	.Ldebug_loc2:
 1906 0004 0500     		.2byte	0x5
 1907 0006 04       		.byte	0x4
 1908 0007 00       		.byte	0
 1909 0008 00000000 		.4byte	0
 1910              	.Ldebug_loc0:
 1911              	.LVUS6:
 1912 000c 00       		.uleb128 0
 1913 000d 00       		.uleb128 .LVU72
 1914 000e 00       		.uleb128 .LVU72
 1915 000f 00       		.uleb128 0
 1916              	.LLST6:
 1917 0010 06       		.byte	0x6
 1918 0011 00000000 		.4byte	.LVL13
 1919 0015 04       		.byte	0x4
 1920 0016 00       		.uleb128 .LVL13-.LVL13
 1921 0017 07       		.uleb128 .LVL14-1-.LVL13
 1922 0018 01       		.uleb128 0x1
 1923 0019 50       		.byte	0x50
 1924 001a 04       		.byte	0x4
 1925 001b 07       		.uleb128 .LVL14-1-.LVL13
 1926 001c 4C       		.uleb128 .LFE188-.LVL13
 1927 001d 01       		.uleb128 0x1
 1928 001e 54       		.byte	0x54
 1929 001f 00       		.byte	0
 1930              	.LVUS0:
 1931 0020 00       		.uleb128 0
 1932 0021 00       		.uleb128 .LVU18
 1933 0022 00       		.uleb128 .LVU18
ARM GAS  /tmp/ccIjIZVj.s 			page 35


 1934 0023 00       		.uleb128 0
 1935              	.LLST0:
 1936 0024 06       		.byte	0x6
 1937 0025 00000000 		.4byte	.LVL0
 1938 0029 04       		.byte	0x4
 1939 002a 00       		.uleb128 .LVL0-.LVL0
 1940 002b 0D       		.uleb128 .LVL1-1-.LVL0
 1941 002c 01       		.uleb128 0x1
 1942 002d 50       		.byte	0x50
 1943 002e 04       		.byte	0x4
 1944 002f 0D       		.uleb128 .LVL1-1-.LVL0
 1945 0030 68       		.uleb128 .LFE187-.LVL0
 1946 0031 01       		.uleb128 0x1
 1947 0032 55       		.byte	0x55
 1948 0033 00       		.byte	0
 1949              	.LVUS1:
 1950 0034 00       		.uleb128 0
 1951 0035 00       		.uleb128 .LVU18
 1952 0036 00       		.uleb128 .LVU18
 1953 0037 00       		.uleb128 .LVU33
 1954 0038 00       		.uleb128 .LVU33
 1955 0039 00       		.uleb128 .LVU56
 1956 003a 00       		.uleb128 .LVU56
 1957 003b 00       		.uleb128 0
 1958              	.LLST1:
 1959 003c 06       		.byte	0x6
 1960 003d 00000000 		.4byte	.LVL0
 1961 0041 04       		.byte	0x4
 1962 0042 00       		.uleb128 .LVL0-.LVL0
 1963 0043 0D       		.uleb128 .LVL1-1-.LVL0
 1964 0044 01       		.uleb128 0x1
 1965 0045 51       		.byte	0x51
 1966 0046 04       		.byte	0x4
 1967 0047 0D       		.uleb128 .LVL1-1-.LVL0
 1968 0048 22       		.uleb128 .LVL3-.LVL0
 1969 0049 01       		.uleb128 0x1
 1970 004a 54       		.byte	0x54
 1971 004b 04       		.byte	0x4
 1972 004c 22       		.uleb128 .LVL3-.LVL0
 1973 004d 46       		.uleb128 .LVL7-.LVL0
 1974 004e 0A       		.uleb128 0xa
 1975 004f A3       		.byte	0xa3
 1976 0050 03       		.uleb128 0x3
 1977 0051 A5       		.byte	0xa5
 1978 0052 01       		.uleb128 0x1
 1979 0053 26       		.uleb128 0x26
 1980 0054 A8       		.byte	0xa8
 1981 0055 2D       		.uleb128 0x2d
 1982 0056 A8       		.byte	0xa8
 1983 0057 00       		.uleb128 0
 1984 0058 9F       		.byte	0x9f
 1985 0059 04       		.byte	0x4
 1986 005a 46       		.uleb128 .LVL7-.LVL0
 1987 005b 68       		.uleb128 .LFE187-.LVL0
 1988 005c 01       		.uleb128 0x1
 1989 005d 54       		.byte	0x54
 1990 005e 00       		.byte	0
ARM GAS  /tmp/ccIjIZVj.s 			page 36


 1991              	.LVUS2:
 1992 005f 00       		.uleb128 0
 1993 0060 00       		.uleb128 .LVU18
 1994 0061 00       		.uleb128 .LVU18
 1995 0062 00       		.uleb128 0
 1996              	.LLST2:
 1997 0063 06       		.byte	0x6
 1998 0064 00000000 		.4byte	.LVL0
 1999 0068 04       		.byte	0x4
 2000 0069 00       		.uleb128 .LVL0-.LVL0
 2001 006a 0D       		.uleb128 .LVL1-1-.LVL0
 2002 006b 01       		.uleb128 0x1
 2003 006c 52       		.byte	0x52
 2004 006d 04       		.byte	0x4
 2005 006e 0D       		.uleb128 .LVL1-1-.LVL0
 2006 006f 68       		.uleb128 .LFE187-.LVL0
 2007 0070 01       		.uleb128 0x1
 2008 0071 56       		.byte	0x56
 2009 0072 00       		.byte	0
 2010              	.LVUS3:
 2011 0073 00       		.uleb128 0
 2012 0074 00       		.uleb128 .LVU18
 2013 0075 00       		.uleb128 .LVU18
 2014 0076 00       		.uleb128 0
 2015              	.LLST3:
 2016 0077 06       		.byte	0x6
 2017 0078 00000000 		.4byte	.LVL0
 2018 007c 04       		.byte	0x4
 2019 007d 00       		.uleb128 .LVL0-.LVL0
 2020 007e 0D       		.uleb128 .LVL1-1-.LVL0
 2021 007f 01       		.uleb128 0x1
 2022 0080 53       		.byte	0x53
 2023 0081 04       		.byte	0x4
 2024 0082 0D       		.uleb128 .LVL1-1-.LVL0
 2025 0083 68       		.uleb128 .LFE187-.LVL0
 2026 0084 01       		.uleb128 0x1
 2027 0085 57       		.byte	0x57
 2028 0086 00       		.byte	0
 2029              	.LVUS4:
 2030 0087 02       		.uleb128 .LVU31
 2031 0088 00       		.uleb128 .LVU35
 2032 0089 01       		.uleb128 .LVU37
 2033 008a 00       		.uleb128 .LVU56
 2034 008b 00       		.uleb128 .LVU64
 2035 008c 00       		.uleb128 .LVU66
 2036              	.LLST4:
 2037 008d 06       		.byte	0x6
 2038 008e 20000000 		.4byte	.LVL2
 2039 0092 04       		.byte	0x4
 2040 0093 00       		.uleb128 .LVL2-.LVL2
 2041 0094 04       		.uleb128 .LVL4-.LVL2
 2042 0095 01       		.uleb128 0x1
 2043 0096 53       		.byte	0x53
 2044 0097 04       		.byte	0x4
 2045 0098 06       		.uleb128 .LVL5-.LVL2
 2046 0099 26       		.uleb128 .LVL7-.LVL2
 2047 009a 01       		.uleb128 0x1
ARM GAS  /tmp/ccIjIZVj.s 			page 37


 2048 009b 53       		.byte	0x53
 2049 009c 04       		.byte	0x4
 2050 009d 34       		.uleb128 .LVL10-.LVL2
 2051 009e 36       		.uleb128 .LVL11-.LVL2
 2052 009f 01       		.uleb128 0x1
 2053 00a0 53       		.byte	0x53
 2054 00a1 00       		.byte	0
 2055              	.LVUS5:
 2056 00a2 01       		.uleb128 .LVU30
 2057 00a3 00       		.uleb128 .LVU40
 2058 00a4 01       		.uleb128 .LVU62
 2059 00a5 00       		.uleb128 .LVU66
 2060              	.LLST5:
 2061 00a6 06       		.byte	0x6
 2062 00a7 20000000 		.4byte	.LVL2
 2063 00ab 04       		.byte	0x4
 2064 00ac 00       		.uleb128 .LVL2-.LVL2
 2065 00ad 0C       		.uleb128 .LVL6-.LVL2
 2066 00ae 01       		.uleb128 0x1
 2067 00af 54       		.byte	0x54
 2068 00b0 04       		.byte	0x4
 2069 00b1 32       		.uleb128 .LVL9-.LVL2
 2070 00b2 36       		.uleb128 .LVL11-.LVL2
 2071 00b3 02       		.uleb128 0x2
 2072 00b4 30       		.byte	0x30
 2073 00b5 9F       		.byte	0x9f
 2074 00b6 00       		.byte	0
 2075              	.Ldebug_loc3:
 2076              		.section	.debug_aranges,"",%progbits
 2077 0000 2C000000 		.4byte	0x2c
 2078 0004 0200     		.2byte	0x2
 2079 0006 00000000 		.4byte	.Ldebug_info0
 2080 000a 04       		.byte	0x4
 2081 000b 00       		.byte	0
 2082 000c 0000     		.2byte	0
 2083 000e 0000     		.2byte	0
 2084 0010 00000000 		.4byte	.LFB186
 2085 0014 1C000000 		.4byte	.LFE186-.LFB186
 2086 0018 00000000 		.4byte	.LFB187
 2087 001c 68000000 		.4byte	.LFE187-.LFB187
 2088 0020 00000000 		.4byte	.LFB188
 2089 0024 4C000000 		.4byte	.LFE188-.LFB188
 2090 0028 00000000 		.4byte	0
 2091 002c 00000000 		.4byte	0
 2092              		.section	.debug_rnglists,"",%progbits
 2093              	.Ldebug_ranges0:
 2094 0000 1B000000 		.4byte	.Ldebug_ranges3-.Ldebug_ranges2
 2095              	.Ldebug_ranges2:
 2096 0004 0500     		.2byte	0x5
 2097 0006 04       		.byte	0x4
 2098 0007 00       		.byte	0
 2099 0008 00000000 		.4byte	0
 2100              	.LLRL7:
 2101 000c 07       		.byte	0x7
 2102 000d 00000000 		.4byte	.LFB186
 2103 0011 1C       		.uleb128 .LFE186-.LFB186
 2104 0012 07       		.byte	0x7
ARM GAS  /tmp/ccIjIZVj.s 			page 38


 2105 0013 00000000 		.4byte	.LFB187
 2106 0017 68       		.uleb128 .LFE187-.LFB187
 2107 0018 07       		.byte	0x7
 2108 0019 00000000 		.4byte	.LFB188
 2109 001d 4C       		.uleb128 .LFE188-.LFB188
 2110 001e 00       		.byte	0
 2111              	.Ldebug_ranges3:
 2112              		.section	.debug_line,"",%progbits
 2113              	.Ldebug_line0:
 2114 0000 C8030000 		.section	.debug_str,"MS",%progbits,1
 2114      03002702 
 2114      00000201 
 2114      FB0E0D00 
 2114      01010101 
 2115              	.LASF42:
 2116 0000 72656164 		.ascii	"ready_list_t\000"
 2116      795F6C69 
 2116      73745F74 
 2116      00
 2117              	.LASF81:
 2118 000d 77747472 		.ascii	"wttrp\000"
 2118      7000
 2119              	.LASF97:
 2120 0013 64656C74 		.ascii	"delta\000"
 2120      6100
 2121              	.LASF78:
 2122 0019 7264796D 		.ascii	"rdymsg\000"
 2122      736700
 2123              	.LASF16:
 2124 0020 75696E74 		.ascii	"uint64_t\000"
 2124      36345F74 
 2124      00
 2125              	.LASF6:
 2126 0029 5F5F7569 		.ascii	"__uint8_t\000"
 2126      6E74385F 
 2126      7400
 2127              	.LASF75:
 2128 0033 706F7274 		.ascii	"port_intctx\000"
 2128      5F696E74 
 2128      63747800 
 2129              	.LASF61:
 2130 003f 73797374 		.ascii	"system_debug_t\000"
 2130      656D5F64 
 2130      65627567 
 2130      5F7400
 2131              	.LASF102:
 2132 004e 63685379 		.ascii	"chSysHalt\000"
 2132      7348616C 
 2132      7400
 2133              	.LASF0:
 2134 0058 6C6F6E67 		.ascii	"long long unsigned int\000"
 2134      206C6F6E 
 2134      6720756E 
 2134      7369676E 
 2134      65642069 
 2135              	.LASF93:
 2136 006f 63685654 		.ascii	"chVTDoResetI\000"
ARM GAS  /tmp/ccIjIZVj.s 			page 39


 2136      446F5265 
 2136      73657449 
 2136      00
 2137              	.LASF79:
 2138 007c 65786974 		.ascii	"exitcode\000"
 2138      636F6465 
 2138      00
 2139              	.LASF70:
 2140 0085 6D61696E 		.ascii	"mainthread\000"
 2140      74687265 
 2140      616400
 2141              	.LASF58:
 2142 0090 76697274 		.ascii	"virtual_timers_list_t\000"
 2142      75616C5F 
 2142      74696D65 
 2142      72735F6C 
 2142      6973745F 
 2143              	.LASF41:
 2144 00a6 63685F74 		.ascii	"ch_threads_queue\000"
 2144      68726561 
 2144      64735F71 
 2144      75657565 
 2144      00
 2145              	.LASF28:
 2146 00b7 705F7072 		.ascii	"p_prio\000"
 2146      696F00
 2147              	.LASF104:
 2148 00be 5F76745F 		.ascii	"_vt_init\000"
 2148      696E6974 
 2148      00
 2149              	.LASF99:
 2150 00c7 474E5520 		.ascii	"GNU C99 13.2.1 20231009 -mcpu=cortex-m4 -mfpu=fpv4-"
 2150      43393920 
 2150      31332E32 
 2150      2E312032 
 2150      30323331 
 2151 00fa 73702D64 		.ascii	"sp-d16 -mfloat-abi=hard -mfloat-abi=hard -mfpu=fpv4"
 2151      3136202D 
 2151      6D666C6F 
 2151      61742D61 
 2151      62693D68 
 2152 012d 2D73702D 		.ascii	"-sp-d16 -mno-thumb-interwork -mthumb -march=armv7e-"
 2152      64313620 
 2152      2D6D6E6F 
 2152      2D746875 
 2152      6D622D69 
 2153 0160 6D2B6670 		.ascii	"m+fp -ggdb -O2 -std=gnu99 -fomit-frame-pointer -fal"
 2153      202D6767 
 2153      6462202D 
 2153      4F32202D 
 2153      7374643D 
 2154 0193 69676E2D 		.ascii	"ign-functions=16 -ffunction-sections -fdata-section"
 2154      66756E63 
 2154      74696F6E 
 2154      733D3136 
 2154      202D6666 
 2155 01c6 73202D66 		.ascii	"s -fno-common -fsingle-precision-constant\000"
ARM GAS  /tmp/ccIjIZVj.s 			page 40


 2155      6E6F2D63 
 2155      6F6D6D6F 
 2155      6E202D66 
 2155      73696E67 
 2156              	.LASF2:
 2157 01f0 7369676E 		.ascii	"signed char\000"
 2157      65642063 
 2157      68617200 
 2158              	.LASF88:
 2159 01fc 6D5F7175 		.ascii	"m_queue\000"
 2159      65756500 
 2160              	.LASF69:
 2161 0204 76746C69 		.ascii	"vtlist\000"
 2161      737400
 2162              	.LASF20:
 2163 020b 74736C69 		.ascii	"tslices_t\000"
 2163      6365735F 
 2163      7400
 2164              	.LASF101:
 2165 0215 2F686F6D 		.ascii	"/home/gunnar/code/rise_sdvp/Embedded/RTCM_Forwarder"
 2165      652F6775 
 2165      6E6E6172 
 2165      2F636F64 
 2165      652F7269 
 2166 0248 5F50726F 		.ascii	"_Project\000"
 2166      6A656374 
 2166      00
 2167              	.LASF67:
 2168 0251 63685F73 		.ascii	"ch_system\000"
 2168      79737465 
 2168      6D00
 2169              	.LASF8:
 2170 025b 6C6F6E67 		.ascii	"long int\000"
 2170      20696E74 
 2170      00
 2171              	.LASF19:
 2172 0264 74737461 		.ascii	"tstate_t\000"
 2172      74655F74 
 2172      00
 2173              	.LASF30:
 2174 026d 705F6E65 		.ascii	"p_newer\000"
 2174      77657200 
 2175              	.LASF85:
 2176 0275 735F7175 		.ascii	"s_queue\000"
 2176      65756500 
 2177              	.LASF47:
 2178 027d 725F6E65 		.ascii	"r_newer\000"
 2178      77657200 
 2179              	.LASF72:
 2180 0285 72656761 		.ascii	"regarm_t\000"
 2180      726D5F74 
 2180      00
 2181              	.LASF54:
 2182 028e 76745F70 		.ascii	"vt_prev\000"
 2182      72657600 
 2183              	.LASF11:
 2184 0296 6C6F6E67 		.ascii	"long long int\000"
ARM GAS  /tmp/ccIjIZVj.s 			page 41


 2184      206C6F6E 
 2184      6720696E 
 2184      7400
 2185              	.LASF65:
 2186 02a4 6C6F636B 		.ascii	"lock_cnt\000"
 2186      5F636E74 
 2186      00
 2187              	.LASF71:
 2188 02ad 69646C65 		.ascii	"idle_thread_wa\000"
 2188      5F746872 
 2188      6561645F 
 2188      776100
 2189              	.LASF23:
 2190 02bc 636E745F 		.ascii	"cnt_t\000"
 2190      7400
 2191              	.LASF1:
 2192 02c2 756E7369 		.ascii	"unsigned int\000"
 2192      676E6564 
 2192      20696E74 
 2192      00
 2193              	.LASF53:
 2194 02cf 76745F6E 		.ascii	"vt_next\000"
 2194      65787400 
 2195              	.LASF82:
 2196 02d7 77747365 		.ascii	"wtsemp\000"
 2196      6D7000
 2197              	.LASF86:
 2198 02de 735F636E 		.ascii	"s_cnt\000"
 2198      7400
 2199              	.LASF5:
 2200 02e4 73686F72 		.ascii	"short unsigned int\000"
 2200      7420756E 
 2200      7369676E 
 2200      65642069 
 2200      6E7400
 2201              	.LASF40:
 2202 02f7 63685F74 		.ascii	"ch_thread\000"
 2202      68726561 
 2202      6400
 2203              	.LASF22:
 2204 0301 6D73675F 		.ascii	"msg_t\000"
 2204      7400
 2205              	.LASF103:
 2206 0307 63684462 		.ascii	"chDbgCheckClassI\000"
 2206      67436865 
 2206      636B436C 
 2206      61737349 
 2206      00
 2207              	.LASF66:
 2208 0318 63685F73 		.ascii	"ch_system_t\000"
 2208      79737465 
 2208      6D5F7400 
 2209              	.LASF100:
 2210 0324 2E2E2F52 		.ascii	"../RC_Controller/ChibiOS_3.0.5/os/rt/src/chvt.c\000"
 2210      435F436F 
 2210      6E74726F 
 2210      6C6C6572 
ARM GAS  /tmp/ccIjIZVj.s 			page 42


 2210      2F436869 
 2211              	.LASF18:
 2212 0354 746D6F64 		.ascii	"tmode_t\000"
 2212      655F7400 
 2213              	.LASF43:
 2214 035c 63685F72 		.ascii	"ch_ready_list\000"
 2214      65616479 
 2214      5F6C6973 
 2214      7400
 2215              	.LASF94:
 2216 036a 63685654 		.ascii	"chVTDoSetI\000"
 2216      446F5365 
 2216      744900
 2217              	.LASF7:
 2218 0375 5F5F696E 		.ascii	"__int32_t\000"
 2218      7433325F 
 2218      7400
 2219              	.LASF73:
 2220 037f 73746B61 		.ascii	"stkalign_t\000"
 2220      6C69676E 
 2220      5F7400
 2221              	.LASF17:
 2222 038a 7274636E 		.ascii	"rtcnt_t\000"
 2222      745F7400 
 2223              	.LASF38:
 2224 0392 74687265 		.ascii	"thread_reference_t\000"
 2224      61645F72 
 2224      65666572 
 2224      656E6365 
 2224      5F7400
 2225              	.LASF59:
 2226 03a5 63685F76 		.ascii	"ch_virtual_timers_list\000"
 2226      69727475 
 2226      616C5F74 
 2226      696D6572 
 2226      735F6C69 
 2227              	.LASF31:
 2228 03bc 705F6F6C 		.ascii	"p_older\000"
 2228      64657200 
 2229              	.LASF46:
 2230 03c4 725F6374 		.ascii	"r_ctx\000"
 2230      7800
 2231              	.LASF77:
 2232 03ca 746D5F63 		.ascii	"tm_calibration_t\000"
 2232      616C6962 
 2232      72617469 
 2232      6F6E5F74 
 2232      00
 2233              	.LASF49:
 2234 03db 725F6375 		.ascii	"r_current\000"
 2234      7272656E 
 2234      7400
 2235              	.LASF48:
 2236 03e5 725F6F6C 		.ascii	"r_older\000"
 2236      64657200 
 2237              	.LASF12:
 2238 03ed 5F5F7569 		.ascii	"__uint64_t\000"
ARM GAS  /tmp/ccIjIZVj.s 			page 43


 2238      6E743634 
 2238      5F7400
 2239              	.LASF51:
 2240 03f8 76697274 		.ascii	"virtual_timer_t\000"
 2240      75616C5F 
 2240      74696D65 
 2240      725F7400 
 2241              	.LASF27:
 2242 0408 705F7072 		.ascii	"p_prev\000"
 2242      657600
 2243              	.LASF21:
 2244 040f 74707269 		.ascii	"tprio_t\000"
 2244      6F5F7400 
 2245              	.LASF62:
 2246 0417 63685F73 		.ascii	"ch_system_debug\000"
 2246      79737465 
 2246      6D5F6465 
 2246      62756700 
 2247              	.LASF14:
 2248 0427 696E7433 		.ascii	"int32_t\000"
 2248      325F7400 
 2249              	.LASF3:
 2250 042f 756E7369 		.ascii	"unsigned char\000"
 2250      676E6564 
 2250      20636861 
 2250      7200
 2251              	.LASF95:
 2252 043d 64656C61 		.ascii	"delay\000"
 2252      7900
 2253              	.LASF36:
 2254 0443 705F6D74 		.ascii	"p_mtxlist\000"
 2254      786C6973 
 2254      7400
 2255              	.LASF4:
 2256 044d 73686F72 		.ascii	"short int\000"
 2256      7420696E 
 2256      7400
 2257              	.LASF33:
 2258 0457 705F7374 		.ascii	"p_state\000"
 2258      61746500 
 2259              	.LASF35:
 2260 045f 705F7072 		.ascii	"p_preempt\000"
 2260      65656D70 
 2260      7400
 2261              	.LASF45:
 2262 0469 725F7072 		.ascii	"r_prio\000"
 2262      696F00
 2263              	.LASF26:
 2264 0470 705F6E65 		.ascii	"p_next\000"
 2264      787400
 2265              	.LASF34:
 2266 0477 705F666C 		.ascii	"p_flags\000"
 2266      61677300 
 2267              	.LASF98:
 2268 047f 5F5F6675 		.ascii	"__func__\000"
 2268      6E635F5F 
 2268      00
ARM GAS  /tmp/ccIjIZVj.s 			page 44


 2269              	.LASF52:
 2270 0488 63685F76 		.ascii	"ch_virtual_timer\000"
 2270      69727475 
 2270      616C5F74 
 2270      696D6572 
 2270      00
 2271              	.LASF84:
 2272 0499 63685F73 		.ascii	"ch_semaphore\000"
 2272      656D6170 
 2272      686F7265 
 2272      00
 2273              	.LASF15:
 2274 04a6 75696E74 		.ascii	"uint32_t\000"
 2274      33325F74 
 2274      00
 2275              	.LASF83:
 2276 04af 77746D74 		.ascii	"wtmtxp\000"
 2276      787000
 2277              	.LASF44:
 2278 04b6 725F7175 		.ascii	"r_queue\000"
 2278      65756500 
 2279              	.LASF55:
 2280 04be 76745F64 		.ascii	"vt_delta\000"
 2280      656C7461 
 2280      00
 2281              	.LASF10:
 2282 04c7 6C6F6E67 		.ascii	"long unsigned int\000"
 2282      20756E73 
 2282      69676E65 
 2282      6420696E 
 2282      7400
 2283              	.LASF91:
 2284 04d9 63686172 		.ascii	"char\000"
 2284      00
 2285              	.LASF25:
 2286 04de 74687265 		.ascii	"thread_t\000"
 2286      61645F74 
 2286      00
 2287              	.LASF90:
 2288 04e7 6D5F6E65 		.ascii	"m_next\000"
 2288      787400
 2289              	.LASF24:
 2290 04ee 73797374 		.ascii	"systime_t\000"
 2290      696D655F 
 2290      7400
 2291              	.LASF37:
 2292 04f8 705F7265 		.ascii	"p_realprio\000"
 2292      616C7072 
 2292      696F00
 2293              	.LASF50:
 2294 0503 76746675 		.ascii	"vtfunc_t\000"
 2294      6E635F74 
 2294      00
 2295              	.LASF9:
 2296 050c 5F5F7569 		.ascii	"__uint32_t\000"
 2296      6E743332 
 2296      5F7400
ARM GAS  /tmp/ccIjIZVj.s 			page 45


 2297              	.LASF63:
 2298 0517 70616E69 		.ascii	"panic_msg\000"
 2298      635F6D73 
 2298      6700
 2299              	.LASF76:
 2300 0521 6F666673 		.ascii	"offset\000"
 2300      657400
 2301              	.LASF74:
 2302 0528 636F6E74 		.ascii	"context\000"
 2302      65787400 
 2303              	.LASF57:
 2304 0530 76745F70 		.ascii	"vt_par\000"
 2304      617200
 2305              	.LASF96:
 2306 0537 76746675 		.ascii	"vtfunc\000"
 2306      6E6300
 2307              	.LASF39:
 2308 053e 74687265 		.ascii	"threads_queue_t\000"
 2308      6164735F 
 2308      71756575 
 2308      655F7400 
 2309              	.LASF87:
 2310 054e 63685F6D 		.ascii	"ch_mutex\000"
 2310      75746578 
 2310      00
 2311              	.LASF64:
 2312 0557 6973725F 		.ascii	"isr_cnt\000"
 2312      636E7400 
 2313              	.LASF68:
 2314 055f 726C6973 		.ascii	"rlist\000"
 2314      7400
 2315              	.LASF13:
 2316 0565 75696E74 		.ascii	"uint8_t\000"
 2316      385F7400 
 2317              	.LASF80:
 2318 056d 77746F62 		.ascii	"wtobjp\000"
 2318      6A7000
 2319              	.LASF32:
 2320 0574 705F6E61 		.ascii	"p_name\000"
 2320      6D6500
 2321              	.LASF60:
 2322 057b 76745F73 		.ascii	"vt_systime\000"
 2322      79737469 
 2322      6D6500
 2323              	.LASF92:
 2324 0586 6D757465 		.ascii	"mutex_t\000"
 2324      785F7400 
 2325              	.LASF89:
 2326 058e 6D5F6F77 		.ascii	"m_owner\000"
 2326      6E657200 
 2327              	.LASF29:
 2328 0596 705F6374 		.ascii	"p_ctx\000"
 2328      7800
 2329              	.LASF56:
 2330 059c 76745F66 		.ascii	"vt_func\000"
 2330      756E6300 
 2331              		.ident	"GCC: (Arm GNU Toolchain 13.2.rel1 (Build arm-13.7)) 13.2.1 20231009"
ARM GAS  /tmp/ccIjIZVj.s 			page 46


ARM GAS  /tmp/ccIjIZVj.s 			page 47


DEFINED SYMBOLS
                            *ABS*:00000000 chvt.c
     /tmp/ccIjIZVj.s:21     .text._vt_init:00000000 $t
     /tmp/ccIjIZVj.s:28     .text._vt_init:00000000 _vt_init
     /tmp/ccIjIZVj.s:56     .text._vt_init:00000018 $d
     /tmp/ccIjIZVj.s:61     .text.chVTDoSetI:00000000 $t
     /tmp/ccIjIZVj.s:68     .text.chVTDoSetI:00000000 chVTDoSetI
     /tmp/ccIjIZVj.s:197    .text.chVTDoSetI:00000060 $d
     /tmp/ccIjIZVj.s:308    .rodata.__func__.1:00000000 __func__.1
     /tmp/ccIjIZVj.s:203    .text.chVTDoResetI:00000000 $t
     /tmp/ccIjIZVj.s:210    .text.chVTDoResetI:00000000 chVTDoResetI
     /tmp/ccIjIZVj.s:293    .text.chVTDoResetI:00000044 $d
     /tmp/ccIjIZVj.s:302    .rodata.__func__.0:00000000 __func__.0
     /tmp/ccIjIZVj.s:299    .rodata.__func__.0:00000000 $d
     /tmp/ccIjIZVj.s:305    .rodata.__func__.1:00000000 $d

UNDEFINED SYMBOLS
ch
chDbgCheckClassI
chSysHalt
