ARM GAS  /tmp/ccMFKnVg.s 			page 1


   1              		.cpu cortex-m4
   2              		.arch armv7e-m
   3              		.fpu fpv4-sp-d16
   4              		.eabi_attribute 27, 1
   5              		.eabi_attribute 28, 1
   6              		.eabi_attribute 20, 1
   7              		.eabi_attribute 21, 1
   8              		.eabi_attribute 23, 3
   9              		.eabi_attribute 24, 1
  10              		.eabi_attribute 25, 1
  11              		.eabi_attribute 26, 1
  12              		.eabi_attribute 30, 2
  13              		.eabi_attribute 34, 1
  14              		.eabi_attribute 18, 4
  15              		.file	"crt1.c"
  16              		.text
  17              	.Ltext0:
  18              		.cfi_sections	.debug_frame
  19              		.file 1 "../RC_Controller/ChibiOS_3.0.5/os/common/ports/ARMCMx/compilers/GCC/crt1.c"
  20              		.section	.text.__core_init,"ax",%progbits
  21              		.align	1
  22              		.p2align 4,,15
  23              		.weak	__core_init
  24              		.syntax unified
  25              		.thumb
  26              		.thumb_func
  27              		.type	__core_init, %function
  28              	__core_init:
  29              	.LFB112:
  30              		.loc 1 42 24 view -0
  31              		.cfi_startproc
  32              		@ args = 0, pretend = 0, frame = 0
  33              		@ frame_needed = 0, uses_anonymous_args = 0
  34              		@ link register save eliminated.
  35              		.loc 1 48 1 view .LVU1
  36 0000 7047     		bx	lr
  37              		.cfi_endproc
  38              	.LFE112:
  39              		.size	__core_init, .-__core_init
  40 0002 00BF     		.section	.text.__early_init,"ax",%progbits
  41              		.align	1
  42              		.p2align 4,,15
  43              		.weak	__early_init
  44              		.syntax unified
  45              		.thumb
  46              		.thumb_func
  47              		.type	__early_init, %function
  48              	__early_init:
  49              	.LFB117:
  50              		.cfi_startproc
  51              		.loc 1 61 6 view -0
  52              		@ args = 0, pretend = 0, frame = 0
  53              		@ frame_needed = 0, uses_anonymous_args = 0
  54              		@ link register save eliminated.
  55 0000 7047     		bx	lr
  56              		.cfi_endproc
  57              	.LFE117:
ARM GAS  /tmp/ccMFKnVg.s 			page 2


  58              		.size	__early_init, .-__early_init
  59 0002 00BF     		.section	.text.__late_init,"ax",%progbits
  60              		.align	1
  61              		.p2align 4,,15
  62              		.weak	__late_init
  63              		.syntax unified
  64              		.thumb
  65              		.thumb_func
  66              		.type	__late_init, %function
  67              	__late_init:
  68              	.LFB119:
  69              		.cfi_startproc
  70              		.loc 1 75 6 view -0
  71              		@ args = 0, pretend = 0, frame = 0
  72              		@ frame_needed = 0, uses_anonymous_args = 0
  73              		@ link register save eliminated.
  74 0000 7047     		bx	lr
  75              		.cfi_endproc
  76              	.LFE119:
  77              		.size	__late_init, .-__late_init
  78 0002 00BF     		.section	.text.__default_exit,"ax",%progbits
  79              		.align	1
  80              		.p2align 4,,15
  81              		.weak	__default_exit
  82              		.syntax unified
  83              		.thumb
  84              		.thumb_func
  85              		.type	__default_exit, %function
  86              	__default_exit:
  87              	.LFB115:
  88              		.loc 1 88 27 view -0
  89              		.cfi_startproc
  90              		@ Volatile: function does not return.
  91              		@ args = 0, pretend = 0, frame = 0
  92              		@ frame_needed = 0, uses_anonymous_args = 0
  93              		@ link register save eliminated.
  94              	.L6:
  95              		.loc 1 91 3 view .LVU5
  96              		.loc 1 92 3 view .LVU6
  97              		.loc 1 91 9 view .LVU7
  98 0000 FEE7     		b	.L6
  99              		.cfi_endproc
 100              	.LFE115:
 101              		.size	__default_exit, .-__default_exit
 102 0002 00BF     		.text
 103              	.Letext0:
 104              		.section	.debug_info,"",%progbits
 105              	.Ldebug_info0:
 106 0000 9F000000 		.4byte	0x9f
 107 0004 0500     		.2byte	0x5
 108 0006 01       		.byte	0x1
 109 0007 04       		.byte	0x4
 110 0008 00000000 		.4byte	.Ldebug_abbrev0
 111 000c 03       		.uleb128 0x3
 112 000d 36000000 		.4byte	.LASF11
 113 0011 0C       		.byte	0xc
 114 0012 1D020000 		.4byte	.LASF12
ARM GAS  /tmp/ccMFKnVg.s 			page 3


 115 0016 88010000 		.4byte	.LASF13
 116 001a 0C000000 		.4byte	.LLRL0
 117 001e 00000000 		.4byte	0
 118 0022 00000000 		.4byte	.Ldebug_line0
 119 0026 01       		.uleb128 0x1
 120 0027 01       		.byte	0x1
 121 0028 06       		.byte	0x6
 122 0029 EC010000 		.4byte	.LASF0
 123 002d 01       		.uleb128 0x1
 124 002e 01       		.byte	0x1
 125 002f 08       		.byte	0x8
 126 0030 1B000000 		.4byte	.LASF1
 127 0034 01       		.uleb128 0x1
 128 0035 02       		.byte	0x2
 129 0036 05       		.byte	0x5
 130 0037 04020000 		.4byte	.LASF2
 131 003b 01       		.uleb128 0x1
 132 003c 02       		.byte	0x2
 133 003d 07       		.byte	0x7
 134 003e D9010000 		.4byte	.LASF3
 135 0042 01       		.uleb128 0x1
 136 0043 04       		.byte	0x4
 137 0044 05       		.byte	0x5
 138 0045 D0010000 		.4byte	.LASF4
 139 0049 01       		.uleb128 0x1
 140 004a 04       		.byte	0x4
 141 004b 07       		.byte	0x7
 142 004c 5F010000 		.4byte	.LASF5
 143 0050 01       		.uleb128 0x1
 144 0051 08       		.byte	0x8
 145 0052 05       		.byte	0x5
 146 0053 00000000 		.4byte	.LASF6
 147 0057 01       		.uleb128 0x1
 148 0058 08       		.byte	0x8
 149 0059 07       		.byte	0x7
 150 005a 71010000 		.4byte	.LASF7
 151 005e 04       		.uleb128 0x4
 152 005f 04       		.byte	0x4
 153 0060 05       		.byte	0x5
 154 0061 696E7400 		.ascii	"int\000"
 155 0065 01       		.uleb128 0x1
 156 0066 04       		.byte	0x4
 157 0067 07       		.byte	0x7
 158 0068 0E000000 		.4byte	.LASF8
 159 006c 05       		.uleb128 0x5
 160 006d 0E020000 		.4byte	.LASF14
 161 0071 01       		.byte	0x1
 162 0072 58       		.byte	0x58
 163 0073 06       		.byte	0x6
 164 0074 00000000 		.4byte	.LFB115
 165 0078 02000000 		.4byte	.LFE115-.LFB115
 166 007c 01       		.uleb128 0x1
 167 007d 9C       		.byte	0x9c
 168 007e 02       		.uleb128 0x2
 169 007f C4010000 		.4byte	.LASF9
 170 0083 4B       		.byte	0x4b
 171 0084 02       		.uleb128 0x2
ARM GAS  /tmp/ccMFKnVg.s 			page 4


 172 0085 29000000 		.4byte	.LASF10
 173 0089 3D       		.byte	0x3d
 174 008a 06       		.uleb128 0x6
 175 008b F8010000 		.4byte	.LASF15
 176 008f 01       		.byte	0x1
 177 0090 2A       		.byte	0x2a
 178 0091 06       		.byte	0x6
 179 0092 01       		.byte	0x1
 180 0093 07       		.uleb128 0x7
 181 0094 8A000000 		.4byte	0x8a
 182 0098 00000000 		.4byte	.LFB112
 183 009c 02000000 		.4byte	.LFE112-.LFB112
 184 00a0 01       		.uleb128 0x1
 185 00a1 9C       		.byte	0x9c
 186 00a2 00       		.byte	0
 187              		.section	.debug_abbrev,"",%progbits
 188              	.Ldebug_abbrev0:
 189 0000 01       		.uleb128 0x1
 190 0001 24       		.uleb128 0x24
 191 0002 00       		.byte	0
 192 0003 0B       		.uleb128 0xb
 193 0004 0B       		.uleb128 0xb
 194 0005 3E       		.uleb128 0x3e
 195 0006 0B       		.uleb128 0xb
 196 0007 03       		.uleb128 0x3
 197 0008 0E       		.uleb128 0xe
 198 0009 00       		.byte	0
 199 000a 00       		.byte	0
 200 000b 02       		.uleb128 0x2
 201 000c 2E       		.uleb128 0x2e
 202 000d 00       		.byte	0
 203 000e 3F       		.uleb128 0x3f
 204 000f 19       		.uleb128 0x19
 205 0010 03       		.uleb128 0x3
 206 0011 0E       		.uleb128 0xe
 207 0012 3A       		.uleb128 0x3a
 208 0013 21       		.uleb128 0x21
 209 0014 01       		.sleb128 1
 210 0015 3B       		.uleb128 0x3b
 211 0016 0B       		.uleb128 0xb
 212 0017 39       		.uleb128 0x39
 213 0018 21       		.uleb128 0x21
 214 0019 06       		.sleb128 6
 215 001a 27       		.uleb128 0x27
 216 001b 19       		.uleb128 0x19
 217 001c 00       		.byte	0
 218 001d 00       		.byte	0
 219 001e 03       		.uleb128 0x3
 220 001f 11       		.uleb128 0x11
 221 0020 01       		.byte	0x1
 222 0021 25       		.uleb128 0x25
 223 0022 0E       		.uleb128 0xe
 224 0023 13       		.uleb128 0x13
 225 0024 0B       		.uleb128 0xb
 226 0025 03       		.uleb128 0x3
 227 0026 0E       		.uleb128 0xe
 228 0027 1B       		.uleb128 0x1b
ARM GAS  /tmp/ccMFKnVg.s 			page 5


 229 0028 0E       		.uleb128 0xe
 230 0029 55       		.uleb128 0x55
 231 002a 17       		.uleb128 0x17
 232 002b 11       		.uleb128 0x11
 233 002c 01       		.uleb128 0x1
 234 002d 10       		.uleb128 0x10
 235 002e 17       		.uleb128 0x17
 236 002f 00       		.byte	0
 237 0030 00       		.byte	0
 238 0031 04       		.uleb128 0x4
 239 0032 24       		.uleb128 0x24
 240 0033 00       		.byte	0
 241 0034 0B       		.uleb128 0xb
 242 0035 0B       		.uleb128 0xb
 243 0036 3E       		.uleb128 0x3e
 244 0037 0B       		.uleb128 0xb
 245 0038 03       		.uleb128 0x3
 246 0039 08       		.uleb128 0x8
 247 003a 00       		.byte	0
 248 003b 00       		.byte	0
 249 003c 05       		.uleb128 0x5
 250 003d 2E       		.uleb128 0x2e
 251 003e 00       		.byte	0
 252 003f 3F       		.uleb128 0x3f
 253 0040 19       		.uleb128 0x19
 254 0041 03       		.uleb128 0x3
 255 0042 0E       		.uleb128 0xe
 256 0043 3A       		.uleb128 0x3a
 257 0044 0B       		.uleb128 0xb
 258 0045 3B       		.uleb128 0x3b
 259 0046 0B       		.uleb128 0xb
 260 0047 39       		.uleb128 0x39
 261 0048 0B       		.uleb128 0xb
 262 0049 27       		.uleb128 0x27
 263 004a 19       		.uleb128 0x19
 264 004b 8701     		.uleb128 0x87
 265 004d 19       		.uleb128 0x19
 266 004e 11       		.uleb128 0x11
 267 004f 01       		.uleb128 0x1
 268 0050 12       		.uleb128 0x12
 269 0051 06       		.uleb128 0x6
 270 0052 40       		.uleb128 0x40
 271 0053 18       		.uleb128 0x18
 272 0054 7A       		.uleb128 0x7a
 273 0055 19       		.uleb128 0x19
 274 0056 00       		.byte	0
 275 0057 00       		.byte	0
 276 0058 06       		.uleb128 0x6
 277 0059 2E       		.uleb128 0x2e
 278 005a 00       		.byte	0
 279 005b 3F       		.uleb128 0x3f
 280 005c 19       		.uleb128 0x19
 281 005d 03       		.uleb128 0x3
 282 005e 0E       		.uleb128 0xe
 283 005f 3A       		.uleb128 0x3a
 284 0060 0B       		.uleb128 0xb
 285 0061 3B       		.uleb128 0x3b
ARM GAS  /tmp/ccMFKnVg.s 			page 6


 286 0062 0B       		.uleb128 0xb
 287 0063 39       		.uleb128 0x39
 288 0064 0B       		.uleb128 0xb
 289 0065 27       		.uleb128 0x27
 290 0066 19       		.uleb128 0x19
 291 0067 20       		.uleb128 0x20
 292 0068 0B       		.uleb128 0xb
 293 0069 00       		.byte	0
 294 006a 00       		.byte	0
 295 006b 07       		.uleb128 0x7
 296 006c 2E       		.uleb128 0x2e
 297 006d 00       		.byte	0
 298 006e 31       		.uleb128 0x31
 299 006f 13       		.uleb128 0x13
 300 0070 11       		.uleb128 0x11
 301 0071 01       		.uleb128 0x1
 302 0072 12       		.uleb128 0x12
 303 0073 06       		.uleb128 0x6
 304 0074 40       		.uleb128 0x40
 305 0075 18       		.uleb128 0x18
 306 0076 7A       		.uleb128 0x7a
 307 0077 19       		.uleb128 0x19
 308 0078 00       		.byte	0
 309 0079 00       		.byte	0
 310 007a 00       		.byte	0
 311              		.section	.debug_aranges,"",%progbits
 312 0000 34000000 		.4byte	0x34
 313 0004 0200     		.2byte	0x2
 314 0006 00000000 		.4byte	.Ldebug_info0
 315 000a 04       		.byte	0x4
 316 000b 00       		.byte	0
 317 000c 0000     		.2byte	0
 318 000e 0000     		.2byte	0
 319 0010 00000000 		.4byte	.LFB112
 320 0014 02000000 		.4byte	.LFE112-.LFB112
 321 0018 00000000 		.4byte	.LFB117
 322 001c 02000000 		.4byte	.LFE117-.LFB117
 323 0020 00000000 		.4byte	.LFB119
 324 0024 02000000 		.4byte	.LFE119-.LFB119
 325 0028 00000000 		.4byte	.LFB115
 326 002c 02000000 		.4byte	.LFE115-.LFB115
 327 0030 00000000 		.4byte	0
 328 0034 00000000 		.4byte	0
 329              		.section	.debug_rnglists,"",%progbits
 330              	.Ldebug_ranges0:
 331 0000 21000000 		.4byte	.Ldebug_ranges3-.Ldebug_ranges2
 332              	.Ldebug_ranges2:
 333 0004 0500     		.2byte	0x5
 334 0006 04       		.byte	0x4
 335 0007 00       		.byte	0
 336 0008 00000000 		.4byte	0
 337              	.LLRL0:
 338 000c 07       		.byte	0x7
 339 000d 00000000 		.4byte	.LFB112
 340 0011 02       		.uleb128 .LFE112-.LFB112
 341 0012 07       		.byte	0x7
 342 0013 00000000 		.4byte	.LFB117
ARM GAS  /tmp/ccMFKnVg.s 			page 7


 343 0017 02       		.uleb128 .LFE117-.LFB117
 344 0018 07       		.byte	0x7
 345 0019 00000000 		.4byte	.LFB119
 346 001d 02       		.uleb128 .LFE119-.LFB119
 347 001e 07       		.byte	0x7
 348 001f 00000000 		.4byte	.LFB115
 349 0023 02       		.uleb128 .LFE115-.LFB115
 350 0024 00       		.byte	0
 351              	.Ldebug_ranges3:
 352              		.section	.debug_line,"",%progbits
 353              	.Ldebug_line0:
 354 0000 B7000000 		.section	.debug_str,"MS",%progbits,1
 354      03006100 
 354      00000201 
 354      FB0E0D00 
 354      01010101 
 355              	.LASF6:
 356 0000 6C6F6E67 		.ascii	"long long int\000"
 356      206C6F6E 
 356      6720696E 
 356      7400
 357              	.LASF8:
 358 000e 756E7369 		.ascii	"unsigned int\000"
 358      676E6564 
 358      20696E74 
 358      00
 359              	.LASF1:
 360 001b 756E7369 		.ascii	"unsigned char\000"
 360      676E6564 
 360      20636861 
 360      7200
 361              	.LASF10:
 362 0029 5F5F6561 		.ascii	"__early_init\000"
 362      726C795F 
 362      696E6974 
 362      00
 363              	.LASF11:
 364 0036 474E5520 		.ascii	"GNU C99 13.2.1 20231009 -mcpu=cortex-m4 -mfpu=fpv4-"
 364      43393920 
 364      31332E32 
 364      2E312032 
 364      30323331 
 365 0069 73702D64 		.ascii	"sp-d16 -mfloat-abi=hard -mfloat-abi=hard -mfpu=fpv4"
 365      3136202D 
 365      6D666C6F 
 365      61742D61 
 365      62693D68 
 366 009c 2D73702D 		.ascii	"-sp-d16 -mno-thumb-interwork -mthumb -march=armv7e-"
 366      64313620 
 366      2D6D6E6F 
 366      2D746875 
 366      6D622D69 
 367 00cf 6D2B6670 		.ascii	"m+fp -ggdb -O2 -std=gnu99 -fomit-frame-pointer -fal"
 367      202D6767 
 367      6462202D 
 367      4F32202D 
 367      7374643D 
ARM GAS  /tmp/ccMFKnVg.s 			page 8


 368 0102 69676E2D 		.ascii	"ign-functions=16 -ffunction-sections -fdata-section"
 368      66756E63 
 368      74696F6E 
 368      733D3136 
 368      202D6666 
 369 0135 73202D66 		.ascii	"s -fno-common -fsingle-precision-constant\000"
 369      6E6F2D63 
 369      6F6D6D6F 
 369      6E202D66 
 369      73696E67 
 370              	.LASF5:
 371 015f 6C6F6E67 		.ascii	"long unsigned int\000"
 371      20756E73 
 371      69676E65 
 371      6420696E 
 371      7400
 372              	.LASF7:
 373 0171 6C6F6E67 		.ascii	"long long unsigned int\000"
 373      206C6F6E 
 373      6720756E 
 373      7369676E 
 373      65642069 
 374              	.LASF13:
 375 0188 2F686F6D 		.ascii	"/home/gunnar/code/rise_sdvp/Embedded/RTCM_Forwarder"
 375      652F6775 
 375      6E6E6172 
 375      2F636F64 
 375      652F7269 
 376 01bb 5F50726F 		.ascii	"_Project\000"
 376      6A656374 
 376      00
 377              	.LASF9:
 378 01c4 5F5F6C61 		.ascii	"__late_init\000"
 378      74655F69 
 378      6E697400 
 379              	.LASF4:
 380 01d0 6C6F6E67 		.ascii	"long int\000"
 380      20696E74 
 380      00
 381              	.LASF3:
 382 01d9 73686F72 		.ascii	"short unsigned int\000"
 382      7420756E 
 382      7369676E 
 382      65642069 
 382      6E7400
 383              	.LASF0:
 384 01ec 7369676E 		.ascii	"signed char\000"
 384      65642063 
 384      68617200 
 385              	.LASF15:
 386 01f8 5F5F636F 		.ascii	"__core_init\000"
 386      72655F69 
 386      6E697400 
 387              	.LASF2:
 388 0204 73686F72 		.ascii	"short int\000"
 388      7420696E 
 388      7400
ARM GAS  /tmp/ccMFKnVg.s 			page 9


 389              	.LASF14:
 390 020e 5F5F6465 		.ascii	"__default_exit\000"
 390      6661756C 
 390      745F6578 
 390      697400
 391              	.LASF12:
 392 021d 2E2E2F52 		.ascii	"../RC_Controller/ChibiOS_3.0.5/os/common/ports/ARMC"
 392      435F436F 
 392      6E74726F 
 392      6C6C6572 
 392      2F436869 
 393 0250 4D782F63 		.ascii	"Mx/compilers/GCC/crt1.c\000"
 393      6F6D7069 
 393      6C657273 
 393      2F474343 
 393      2F637274 
 394              		.ident	"GCC: (Arm GNU Toolchain 13.2.rel1 (Build arm-13.7)) 13.2.1 20231009"
ARM GAS  /tmp/ccMFKnVg.s 			page 10


DEFINED SYMBOLS
                            *ABS*:00000000 crt1.c
     /tmp/ccMFKnVg.s:21     .text.__core_init:00000000 $t
     /tmp/ccMFKnVg.s:28     .text.__core_init:00000000 __core_init
     /tmp/ccMFKnVg.s:41     .text.__early_init:00000000 $t
     /tmp/ccMFKnVg.s:48     .text.__early_init:00000000 __early_init
     /tmp/ccMFKnVg.s:60     .text.__late_init:00000000 $t
     /tmp/ccMFKnVg.s:67     .text.__late_init:00000000 __late_init
     /tmp/ccMFKnVg.s:79     .text.__default_exit:00000000 $t
     /tmp/ccMFKnVg.s:86     .text.__default_exit:00000000 __default_exit

NO UNDEFINED SYMBOLS
