ARM GAS  /tmp/ccayeFYm.s 			page 1


   1              		.cpu cortex-m4
   2              		.arch armv7e-m
   3              		.fpu fpv4-sp-d16
   4              		.eabi_attribute 27, 1
   5              		.eabi_attribute 28, 1
   6              		.eabi_attribute 20, 1
   7              		.eabi_attribute 21, 1
   8              		.eabi_attribute 23, 3
   9              		.eabi_attribute 24, 1
  10              		.eabi_attribute 25, 1
  11              		.eabi_attribute 26, 1
  12              		.eabi_attribute 30, 2
  13              		.eabi_attribute 34, 1
  14              		.eabi_attribute 18, 4
  15              		.file	"hal.c"
  16              		.text
  17              	.Ltext0:
  18              		.cfi_sections	.debug_frame
  19              		.file 1 "../RC_Controller/ChibiOS_3.0.5/os/hal/src/hal.c"
  20              		.section	.text.halInit,"ax",%progbits
  21              		.align	1
  22              		.p2align 4,,15
  23              		.global	halInit
  24              		.syntax unified
  25              		.thumb
  26              		.thumb_func
  27              		.type	halInit, %function
  28              	halInit:
  29              	.LFB223:
  30              		.loc 1 56 20 view -0
  31              		.cfi_startproc
  32              		@ args = 0, pretend = 0, frame = 0
  33              		@ frame_needed = 0, uses_anonymous_args = 0
  34              		.loc 1 59 3 view .LVU1
  35              		.loc 1 62 3 view .LVU2
  36              		.loc 1 56 20 is_stmt 0 view .LVU3
  37 0000 08B5     		push	{r3, lr}
  38              		.cfi_def_cfa_offset 8
  39              		.cfi_offset 3, -8
  40              		.cfi_offset 14, -4
  41              		.loc 1 62 3 view .LVU4
  42 0002 FFF7FEFF 		bl	hal_lld_init
  43              	.LVL0:
  44              		.loc 1 65 3 is_stmt 1 view .LVU5
  45 0006 0648     		ldr	r0, .L4
  46 0008 FFF7FEFF 		bl	_pal_lld_init
  47              	.LVL1:
  48              		.loc 1 110 3 view .LVU6
  49 000c FFF7FEFF 		bl	usbInit
  50              	.LVL2:
  51              		.loc 1 116 3 view .LVU7
  52 0010 FFF7FEFF 		bl	sduInit
  53              	.LVL3:
  54              		.loc 1 130 3 view .LVU8
  55 0014 FFF7FEFF 		bl	boardInit
  56              	.LVL4:
  57              		.loc 1 137 3 view .LVU9
ARM GAS  /tmp/ccayeFYm.s 			page 2


  58              		.loc 1 139 1 is_stmt 0 view .LVU10
  59 0018 BDE80840 		pop	{r3, lr}
  60              		.cfi_restore 14
  61              		.cfi_restore 3
  62              		.cfi_def_cfa_offset 0
  63              		.loc 1 137 3 view .LVU11
  64 001c FFF7FEBF 		b	stInit
  65              	.LVL5:
  66              	.L5:
  67              		.align	2
  68              	.L4:
  69 0020 00000000 		.word	pal_default_config
  70              		.cfi_endproc
  71              	.LFE223:
  72              		.size	halInit, .-halInit
  73              		.text
  74              	.Letext0:
  75              		.file 2 "/opt/arm-gnu-toolchain-13.2.Rel1-x86_64-arm-none-eabi/arm-none-eabi/include/machine/_defa
  76              		.file 3 "/opt/arm-gnu-toolchain-13.2.Rel1-x86_64-arm-none-eabi/arm-none-eabi/include/sys/_stdint.h
  77              		.file 4 "../RC_Controller/ChibiOS_3.0.5/os/hal/ports/STM32/LLD/GPIOv2/pal_lld.h"
  78              		.file 5 "../RC_Controller/ChibiOS_3.0.5/os/hal/include/st.h"
  79              		.file 6 "../RC_Controller/ChibiOS_3.0.5/os/hal/boards/ST_STM32F4_DISCOVERY/board.h"
  80              		.file 7 "../RC_Controller/ChibiOS_3.0.5/os/hal/include/serial_usb.h"
  81              		.file 8 "../RC_Controller/ChibiOS_3.0.5/os/hal/include/usb.h"
  82              		.file 9 "../RC_Controller/ChibiOS_3.0.5/os/hal/ports/STM32/STM32F4xx/hal_lld.h"
  83              		.file 10 "../RC_Controller/ChibiOS_3.0.5/os/hal/osal/rt/osal.h"
  84              		.section	.debug_info,"",%progbits
  85              	.Ldebug_info0:
  86 0000 11020000 		.4byte	0x211
  87 0004 0500     		.2byte	0x5
  88 0006 01       		.byte	0x1
  89 0007 04       		.byte	0x4
  90 0008 00000000 		.4byte	.Ldebug_abbrev0
  91 000c 08       		.uleb128 0x8
  92 000d BE010000 		.4byte	.LASF35
  93 0011 0C       		.byte	0xc
  94 0012 8E010000 		.4byte	.LASF36
  95 0016 4B010000 		.4byte	.LASF37
  96 001a 0C000000 		.4byte	.LLRL0
  97 001e 00000000 		.4byte	0
  98 0022 00000000 		.4byte	.Ldebug_line0
  99 0026 09       		.uleb128 0x9
 100 0027 04       		.byte	0x4
 101 0028 05       		.byte	0x5
 102 0029 696E7400 		.ascii	"int\000"
 103 002d 02       		.uleb128 0x2
 104 002e 04       		.byte	0x4
 105 002f 07       		.byte	0x7
 106 0030 45000000 		.4byte	.LASF0
 107 0034 02       		.uleb128 0x2
 108 0035 01       		.byte	0x1
 109 0036 06       		.byte	0x6
 110 0037 07030000 		.4byte	.LASF1
 111 003b 02       		.uleb128 0x2
 112 003c 01       		.byte	0x1
 113 003d 08       		.byte	0x8
 114 003e 7E000000 		.4byte	.LASF2
ARM GAS  /tmp/ccayeFYm.s 			page 3


 115 0042 02       		.uleb128 0x2
 116 0043 02       		.byte	0x2
 117 0044 05       		.byte	0x5
 118 0045 E7020000 		.4byte	.LASF3
 119 0049 02       		.uleb128 0x2
 120 004a 02       		.byte	0x2
 121 004b 07       		.byte	0x7
 122 004c 2A000000 		.4byte	.LASF4
 123 0050 02       		.uleb128 0x2
 124 0051 04       		.byte	0x4
 125 0052 05       		.byte	0x5
 126 0053 F8020000 		.4byte	.LASF5
 127 0057 04       		.uleb128 0x4
 128 0058 E9000000 		.4byte	.LASF9
 129 005c 02       		.byte	0x2
 130 005d 4F       		.byte	0x4f
 131 005e 19       		.byte	0x19
 132 005f 63000000 		.4byte	0x63
 133 0063 02       		.uleb128 0x2
 134 0064 04       		.byte	0x4
 135 0065 07       		.byte	0x7
 136 0066 A7000000 		.4byte	.LASF6
 137 006a 02       		.uleb128 0x2
 138 006b 08       		.byte	0x8
 139 006c 05       		.byte	0x5
 140 006d 00000000 		.4byte	.LASF7
 141 0071 02       		.uleb128 0x2
 142 0072 08       		.byte	0x8
 143 0073 07       		.byte	0x7
 144 0074 60000000 		.4byte	.LASF8
 145 0078 04       		.uleb128 0x4
 146 0079 BE000000 		.4byte	.LASF10
 147 007d 03       		.byte	0x3
 148 007e 30       		.byte	0x30
 149 007f 14       		.byte	0x14
 150 0080 57000000 		.4byte	0x57
 151 0084 02       		.uleb128 0x2
 152 0085 01       		.byte	0x1
 153 0086 08       		.byte	0x8
 154 0087 08010000 		.4byte	.LASF11
 155 008b 02       		.uleb128 0x2
 156 008c 01       		.byte	0x1
 157 008d 02       		.byte	0x2
 158 008e 13030000 		.4byte	.LASF12
 159 0092 06       		.uleb128 0x6
 160 0093 1C       		.byte	0x1c
 161 0094 C1       		.byte	0xc1
 162 0095 E9000000 		.4byte	0xe9
 163 0099 01       		.uleb128 0x1
 164 009a 01030000 		.4byte	.LASF13
 165 009e C3       		.byte	0xc3
 166 009f 78000000 		.4byte	0x78
 167 00a3 00       		.byte	0
 168 00a4 01       		.uleb128 0x1
 169 00a5 52000000 		.4byte	.LASF14
 170 00a9 C5       		.byte	0xc5
 171 00aa 78000000 		.4byte	0x78
ARM GAS  /tmp/ccayeFYm.s 			page 4


 172 00ae 04       		.byte	0x4
 173 00af 01       		.uleb128 0x1
 174 00b0 2F010000 		.4byte	.LASF15
 175 00b4 C7       		.byte	0xc7
 176 00b5 78000000 		.4byte	0x78
 177 00b9 08       		.byte	0x8
 178 00ba 01       		.uleb128 0x1
 179 00bb F4000000 		.4byte	.LASF16
 180 00bf C9       		.byte	0xc9
 181 00c0 78000000 		.4byte	0x78
 182 00c4 0C       		.byte	0xc
 183 00c5 0A       		.uleb128 0xa
 184 00c6 6F647200 		.ascii	"odr\000"
 185 00ca 04       		.byte	0x4
 186 00cb CB       		.byte	0xcb
 187 00cc 19       		.byte	0x19
 188 00cd 78000000 		.4byte	0x78
 189 00d1 10       		.byte	0x10
 190 00d2 01       		.uleb128 0x1
 191 00d3 C7000000 		.4byte	.LASF17
 192 00d7 CD       		.byte	0xcd
 193 00d8 78000000 		.4byte	0x78
 194 00dc 14       		.byte	0x14
 195 00dd 01       		.uleb128 0x1
 196 00de B9000000 		.4byte	.LASF18
 197 00e2 CF       		.byte	0xcf
 198 00e3 78000000 		.4byte	0x78
 199 00e7 18       		.byte	0x18
 200 00e8 00       		.byte	0
 201 00e9 04       		.uleb128 0x4
 202 00ea 8C000000 		.4byte	.LASF19
 203 00ee 04       		.byte	0x4
 204 00ef D0       		.byte	0xd0
 205 00f0 03       		.byte	0x3
 206 00f1 92000000 		.4byte	0x92
 207 00f5 06       		.uleb128 0x6
 208 00f6 FC       		.byte	0xfc
 209 00f7 D9       		.byte	0xd9
 210 00f8 60010000 		.4byte	0x160
 211 00fc 01       		.uleb128 0x1
 212 00fd F1020000 		.4byte	.LASF20
 213 0101 DC       		.byte	0xdc
 214 0102 E9000000 		.4byte	0xe9
 215 0106 00       		.byte	0
 216 0107 01       		.uleb128 0x1
 217 0108 01010000 		.4byte	.LASF21
 218 010c E0       		.byte	0xe0
 219 010d E9000000 		.4byte	0xe9
 220 0111 1C       		.byte	0x1c
 221 0112 01       		.uleb128 0x1
 222 0113 87010000 		.4byte	.LASF22
 223 0117 E4       		.byte	0xe4
 224 0118 E9000000 		.4byte	0xe9
 225 011c 38       		.byte	0x38
 226 011d 01       		.uleb128 0x1
 227 011e 15000000 		.4byte	.LASF23
 228 0122 E8       		.byte	0xe8
ARM GAS  /tmp/ccayeFYm.s 			page 5


 229 0123 E9000000 		.4byte	0xe9
 230 0127 54       		.byte	0x54
 231 0128 01       		.uleb128 0x1
 232 0129 77000000 		.4byte	.LASF24
 233 012d EC       		.byte	0xec
 234 012e E9000000 		.4byte	0xe9
 235 0132 70       		.byte	0x70
 236 0133 01       		.uleb128 0x1
 237 0134 FA000000 		.4byte	.LASF25
 238 0138 F0       		.byte	0xf0
 239 0139 E9000000 		.4byte	0xe9
 240 013d 8C       		.byte	0x8c
 241 013e 01       		.uleb128 0x1
 242 013f 37010000 		.4byte	.LASF26
 243 0143 F4       		.byte	0xf4
 244 0144 E9000000 		.4byte	0xe9
 245 0148 A8       		.byte	0xa8
 246 0149 01       		.uleb128 0x1
 247 014a 0E000000 		.4byte	.LASF27
 248 014e F8       		.byte	0xf8
 249 014f E9000000 		.4byte	0xe9
 250 0153 C4       		.byte	0xc4
 251 0154 01       		.uleb128 0x1
 252 0155 59000000 		.4byte	.LASF28
 253 0159 FC       		.byte	0xfc
 254 015a E9000000 		.4byte	0xe9
 255 015e E0       		.byte	0xe0
 256 015f 00       		.byte	0
 257 0160 04       		.uleb128 0x4
 258 0161 CC000000 		.4byte	.LASF29
 259 0165 04       		.byte	0x4
 260 0166 FE       		.byte	0xfe
 261 0167 03       		.byte	0x3
 262 0168 F5000000 		.4byte	0xf5
 263 016c 0B       		.uleb128 0xb
 264 016d 60010000 		.4byte	0x160
 265 0171 0C       		.uleb128 0xc
 266 0172 D6000000 		.4byte	.LASF38
 267 0176 04       		.byte	0x4
 268 0177 DA01     		.2byte	0x1da
 269 0179 18       		.byte	0x18
 270 017a 6C010000 		.4byte	0x16c
 271 017e 07       		.uleb128 0x7
 272 017f 28010000 		.4byte	.LASF30
 273 0183 05       		.byte	0x5
 274 0184 56       		.byte	0x56
 275 0185 05       		.uleb128 0x5
 276 0186 0D010000 		.4byte	.LASF31
 277 018a 06       		.byte	0x6
 278 018b 0A05     		.2byte	0x50a
 279 018d 07       		.uleb128 0x7
 280 018e 9F000000 		.4byte	.LASF32
 281 0192 07       		.byte	0x7
 282 0193 F6       		.byte	0xf6
 283 0194 05       		.uleb128 0x5
 284 0195 20010000 		.4byte	.LASF33
 285 0199 08       		.byte	0x8
ARM GAS  /tmp/ccayeFYm.s 			page 6


 286 019a 3602     		.2byte	0x236
 287 019c 0D       		.uleb128 0xd
 288 019d 1C000000 		.4byte	.LASF39
 289 01a1 04       		.byte	0x4
 290 01a2 DF01     		.2byte	0x1df
 291 01a4 08       		.byte	0x8
 292 01a5 AF010000 		.4byte	0x1af
 293 01a9 0E       		.uleb128 0xe
 294 01aa AF010000 		.4byte	0x1af
 295 01ae 00       		.byte	0
 296 01af 0F       		.uleb128 0xf
 297 01b0 04       		.byte	0x4
 298 01b1 6C010000 		.4byte	0x16c
 299 01b5 05       		.uleb128 0x5
 300 01b6 3E010000 		.4byte	.LASF34
 301 01ba 09       		.byte	0x9
 302 01bb 1206     		.2byte	0x612
 303 01bd 10       		.uleb128 0x10
 304 01be 3D000000 		.4byte	.LASF40
 305 01c2 01       		.byte	0x1
 306 01c3 38       		.byte	0x38
 307 01c4 06       		.byte	0x6
 308 01c5 00000000 		.4byte	.LFB223
 309 01c9 24000000 		.4byte	.LFE223-.LFB223
 310 01cd 01       		.uleb128 0x1
 311 01ce 9C       		.byte	0x9c
 312 01cf 0A020000 		.4byte	0x20a
 313 01d3 03       		.uleb128 0x3
 314 01d4 06000000 		.4byte	.LVL0
 315 01d8 B5010000 		.4byte	0x1b5
 316 01dc 03       		.uleb128 0x3
 317 01dd 0C000000 		.4byte	.LVL1
 318 01e1 9C010000 		.4byte	0x19c
 319 01e5 03       		.uleb128 0x3
 320 01e6 10000000 		.4byte	.LVL2
 321 01ea 94010000 		.4byte	0x194
 322 01ee 03       		.uleb128 0x3
 323 01ef 14000000 		.4byte	.LVL3
 324 01f3 8D010000 		.4byte	0x18d
 325 01f7 03       		.uleb128 0x3
 326 01f8 18000000 		.4byte	.LVL4
 327 01fc 85010000 		.4byte	0x185
 328 0200 11       		.uleb128 0x11
 329 0201 20000000 		.4byte	.LVL5
 330 0205 7E010000 		.4byte	0x17e
 331 0209 00       		.byte	0
 332 020a 12       		.uleb128 0x12
 333 020b 17010000 		.4byte	.LASF41
 334 020f 0A       		.byte	0xa
 335 0210 C101     		.2byte	0x1c1
 336 0212 14       		.byte	0x14
 337 0213 03       		.byte	0x3
 338 0214 00       		.byte	0
 339              		.section	.debug_abbrev,"",%progbits
 340              	.Ldebug_abbrev0:
 341 0000 01       		.uleb128 0x1
 342 0001 0D       		.uleb128 0xd
ARM GAS  /tmp/ccayeFYm.s 			page 7


 343 0002 00       		.byte	0
 344 0003 03       		.uleb128 0x3
 345 0004 0E       		.uleb128 0xe
 346 0005 3A       		.uleb128 0x3a
 347 0006 21       		.uleb128 0x21
 348 0007 04       		.sleb128 4
 349 0008 3B       		.uleb128 0x3b
 350 0009 0B       		.uleb128 0xb
 351 000a 39       		.uleb128 0x39
 352 000b 21       		.uleb128 0x21
 353 000c 19       		.sleb128 25
 354 000d 49       		.uleb128 0x49
 355 000e 13       		.uleb128 0x13
 356 000f 38       		.uleb128 0x38
 357 0010 0B       		.uleb128 0xb
 358 0011 00       		.byte	0
 359 0012 00       		.byte	0
 360 0013 02       		.uleb128 0x2
 361 0014 24       		.uleb128 0x24
 362 0015 00       		.byte	0
 363 0016 0B       		.uleb128 0xb
 364 0017 0B       		.uleb128 0xb
 365 0018 3E       		.uleb128 0x3e
 366 0019 0B       		.uleb128 0xb
 367 001a 03       		.uleb128 0x3
 368 001b 0E       		.uleb128 0xe
 369 001c 00       		.byte	0
 370 001d 00       		.byte	0
 371 001e 03       		.uleb128 0x3
 372 001f 48       		.uleb128 0x48
 373 0020 00       		.byte	0
 374 0021 7D       		.uleb128 0x7d
 375 0022 01       		.uleb128 0x1
 376 0023 7F       		.uleb128 0x7f
 377 0024 13       		.uleb128 0x13
 378 0025 00       		.byte	0
 379 0026 00       		.byte	0
 380 0027 04       		.uleb128 0x4
 381 0028 16       		.uleb128 0x16
 382 0029 00       		.byte	0
 383 002a 03       		.uleb128 0x3
 384 002b 0E       		.uleb128 0xe
 385 002c 3A       		.uleb128 0x3a
 386 002d 0B       		.uleb128 0xb
 387 002e 3B       		.uleb128 0x3b
 388 002f 0B       		.uleb128 0xb
 389 0030 39       		.uleb128 0x39
 390 0031 0B       		.uleb128 0xb
 391 0032 49       		.uleb128 0x49
 392 0033 13       		.uleb128 0x13
 393 0034 00       		.byte	0
 394 0035 00       		.byte	0
 395 0036 05       		.uleb128 0x5
 396 0037 2E       		.uleb128 0x2e
 397 0038 00       		.byte	0
 398 0039 3F       		.uleb128 0x3f
 399 003a 19       		.uleb128 0x19
ARM GAS  /tmp/ccayeFYm.s 			page 8


 400 003b 03       		.uleb128 0x3
 401 003c 0E       		.uleb128 0xe
 402 003d 3A       		.uleb128 0x3a
 403 003e 0B       		.uleb128 0xb
 404 003f 3B       		.uleb128 0x3b
 405 0040 05       		.uleb128 0x5
 406 0041 39       		.uleb128 0x39
 407 0042 21       		.uleb128 0x21
 408 0043 08       		.sleb128 8
 409 0044 27       		.uleb128 0x27
 410 0045 19       		.uleb128 0x19
 411 0046 3C       		.uleb128 0x3c
 412 0047 19       		.uleb128 0x19
 413 0048 00       		.byte	0
 414 0049 00       		.byte	0
 415 004a 06       		.uleb128 0x6
 416 004b 13       		.uleb128 0x13
 417 004c 01       		.byte	0x1
 418 004d 0B       		.uleb128 0xb
 419 004e 0B       		.uleb128 0xb
 420 004f 3A       		.uleb128 0x3a
 421 0050 21       		.uleb128 0x21
 422 0051 04       		.sleb128 4
 423 0052 3B       		.uleb128 0x3b
 424 0053 0B       		.uleb128 0xb
 425 0054 39       		.uleb128 0x39
 426 0055 21       		.uleb128 0x21
 427 0056 09       		.sleb128 9
 428 0057 01       		.uleb128 0x1
 429 0058 13       		.uleb128 0x13
 430 0059 00       		.byte	0
 431 005a 00       		.byte	0
 432 005b 07       		.uleb128 0x7
 433 005c 2E       		.uleb128 0x2e
 434 005d 00       		.byte	0
 435 005e 3F       		.uleb128 0x3f
 436 005f 19       		.uleb128 0x19
 437 0060 03       		.uleb128 0x3
 438 0061 0E       		.uleb128 0xe
 439 0062 3A       		.uleb128 0x3a
 440 0063 0B       		.uleb128 0xb
 441 0064 3B       		.uleb128 0x3b
 442 0065 0B       		.uleb128 0xb
 443 0066 39       		.uleb128 0x39
 444 0067 21       		.uleb128 0x21
 445 0068 08       		.sleb128 8
 446 0069 27       		.uleb128 0x27
 447 006a 19       		.uleb128 0x19
 448 006b 3C       		.uleb128 0x3c
 449 006c 19       		.uleb128 0x19
 450 006d 00       		.byte	0
 451 006e 00       		.byte	0
 452 006f 08       		.uleb128 0x8
 453 0070 11       		.uleb128 0x11
 454 0071 01       		.byte	0x1
 455 0072 25       		.uleb128 0x25
 456 0073 0E       		.uleb128 0xe
ARM GAS  /tmp/ccayeFYm.s 			page 9


 457 0074 13       		.uleb128 0x13
 458 0075 0B       		.uleb128 0xb
 459 0076 03       		.uleb128 0x3
 460 0077 0E       		.uleb128 0xe
 461 0078 1B       		.uleb128 0x1b
 462 0079 0E       		.uleb128 0xe
 463 007a 55       		.uleb128 0x55
 464 007b 17       		.uleb128 0x17
 465 007c 11       		.uleb128 0x11
 466 007d 01       		.uleb128 0x1
 467 007e 10       		.uleb128 0x10
 468 007f 17       		.uleb128 0x17
 469 0080 00       		.byte	0
 470 0081 00       		.byte	0
 471 0082 09       		.uleb128 0x9
 472 0083 24       		.uleb128 0x24
 473 0084 00       		.byte	0
 474 0085 0B       		.uleb128 0xb
 475 0086 0B       		.uleb128 0xb
 476 0087 3E       		.uleb128 0x3e
 477 0088 0B       		.uleb128 0xb
 478 0089 03       		.uleb128 0x3
 479 008a 08       		.uleb128 0x8
 480 008b 00       		.byte	0
 481 008c 00       		.byte	0
 482 008d 0A       		.uleb128 0xa
 483 008e 0D       		.uleb128 0xd
 484 008f 00       		.byte	0
 485 0090 03       		.uleb128 0x3
 486 0091 08       		.uleb128 0x8
 487 0092 3A       		.uleb128 0x3a
 488 0093 0B       		.uleb128 0xb
 489 0094 3B       		.uleb128 0x3b
 490 0095 0B       		.uleb128 0xb
 491 0096 39       		.uleb128 0x39
 492 0097 0B       		.uleb128 0xb
 493 0098 49       		.uleb128 0x49
 494 0099 13       		.uleb128 0x13
 495 009a 38       		.uleb128 0x38
 496 009b 0B       		.uleb128 0xb
 497 009c 00       		.byte	0
 498 009d 00       		.byte	0
 499 009e 0B       		.uleb128 0xb
 500 009f 26       		.uleb128 0x26
 501 00a0 00       		.byte	0
 502 00a1 49       		.uleb128 0x49
 503 00a2 13       		.uleb128 0x13
 504 00a3 00       		.byte	0
 505 00a4 00       		.byte	0
 506 00a5 0C       		.uleb128 0xc
 507 00a6 34       		.uleb128 0x34
 508 00a7 00       		.byte	0
 509 00a8 03       		.uleb128 0x3
 510 00a9 0E       		.uleb128 0xe
 511 00aa 3A       		.uleb128 0x3a
 512 00ab 0B       		.uleb128 0xb
 513 00ac 3B       		.uleb128 0x3b
ARM GAS  /tmp/ccayeFYm.s 			page 10


 514 00ad 05       		.uleb128 0x5
 515 00ae 39       		.uleb128 0x39
 516 00af 0B       		.uleb128 0xb
 517 00b0 49       		.uleb128 0x49
 518 00b1 13       		.uleb128 0x13
 519 00b2 3F       		.uleb128 0x3f
 520 00b3 19       		.uleb128 0x19
 521 00b4 3C       		.uleb128 0x3c
 522 00b5 19       		.uleb128 0x19
 523 00b6 00       		.byte	0
 524 00b7 00       		.byte	0
 525 00b8 0D       		.uleb128 0xd
 526 00b9 2E       		.uleb128 0x2e
 527 00ba 01       		.byte	0x1
 528 00bb 3F       		.uleb128 0x3f
 529 00bc 19       		.uleb128 0x19
 530 00bd 03       		.uleb128 0x3
 531 00be 0E       		.uleb128 0xe
 532 00bf 3A       		.uleb128 0x3a
 533 00c0 0B       		.uleb128 0xb
 534 00c1 3B       		.uleb128 0x3b
 535 00c2 05       		.uleb128 0x5
 536 00c3 39       		.uleb128 0x39
 537 00c4 0B       		.uleb128 0xb
 538 00c5 27       		.uleb128 0x27
 539 00c6 19       		.uleb128 0x19
 540 00c7 3C       		.uleb128 0x3c
 541 00c8 19       		.uleb128 0x19
 542 00c9 01       		.uleb128 0x1
 543 00ca 13       		.uleb128 0x13
 544 00cb 00       		.byte	0
 545 00cc 00       		.byte	0
 546 00cd 0E       		.uleb128 0xe
 547 00ce 05       		.uleb128 0x5
 548 00cf 00       		.byte	0
 549 00d0 49       		.uleb128 0x49
 550 00d1 13       		.uleb128 0x13
 551 00d2 00       		.byte	0
 552 00d3 00       		.byte	0
 553 00d4 0F       		.uleb128 0xf
 554 00d5 0F       		.uleb128 0xf
 555 00d6 00       		.byte	0
 556 00d7 0B       		.uleb128 0xb
 557 00d8 0B       		.uleb128 0xb
 558 00d9 49       		.uleb128 0x49
 559 00da 13       		.uleb128 0x13
 560 00db 00       		.byte	0
 561 00dc 00       		.byte	0
 562 00dd 10       		.uleb128 0x10
 563 00de 2E       		.uleb128 0x2e
 564 00df 01       		.byte	0x1
 565 00e0 3F       		.uleb128 0x3f
 566 00e1 19       		.uleb128 0x19
 567 00e2 03       		.uleb128 0x3
 568 00e3 0E       		.uleb128 0xe
 569 00e4 3A       		.uleb128 0x3a
 570 00e5 0B       		.uleb128 0xb
ARM GAS  /tmp/ccayeFYm.s 			page 11


 571 00e6 3B       		.uleb128 0x3b
 572 00e7 0B       		.uleb128 0xb
 573 00e8 39       		.uleb128 0x39
 574 00e9 0B       		.uleb128 0xb
 575 00ea 27       		.uleb128 0x27
 576 00eb 19       		.uleb128 0x19
 577 00ec 11       		.uleb128 0x11
 578 00ed 01       		.uleb128 0x1
 579 00ee 12       		.uleb128 0x12
 580 00ef 06       		.uleb128 0x6
 581 00f0 40       		.uleb128 0x40
 582 00f1 18       		.uleb128 0x18
 583 00f2 7A       		.uleb128 0x7a
 584 00f3 19       		.uleb128 0x19
 585 00f4 01       		.uleb128 0x1
 586 00f5 13       		.uleb128 0x13
 587 00f6 00       		.byte	0
 588 00f7 00       		.byte	0
 589 00f8 11       		.uleb128 0x11
 590 00f9 48       		.uleb128 0x48
 591 00fa 00       		.byte	0
 592 00fb 7D       		.uleb128 0x7d
 593 00fc 01       		.uleb128 0x1
 594 00fd 8201     		.uleb128 0x82
 595 00ff 19       		.uleb128 0x19
 596 0100 7F       		.uleb128 0x7f
 597 0101 13       		.uleb128 0x13
 598 0102 00       		.byte	0
 599 0103 00       		.byte	0
 600 0104 12       		.uleb128 0x12
 601 0105 2E       		.uleb128 0x2e
 602 0106 00       		.byte	0
 603 0107 03       		.uleb128 0x3
 604 0108 0E       		.uleb128 0xe
 605 0109 3A       		.uleb128 0x3a
 606 010a 0B       		.uleb128 0xb
 607 010b 3B       		.uleb128 0x3b
 608 010c 05       		.uleb128 0x5
 609 010d 39       		.uleb128 0x39
 610 010e 0B       		.uleb128 0xb
 611 010f 27       		.uleb128 0x27
 612 0110 19       		.uleb128 0x19
 613 0111 20       		.uleb128 0x20
 614 0112 0B       		.uleb128 0xb
 615 0113 00       		.byte	0
 616 0114 00       		.byte	0
 617 0115 00       		.byte	0
 618              		.section	.debug_aranges,"",%progbits
 619 0000 1C000000 		.4byte	0x1c
 620 0004 0200     		.2byte	0x2
 621 0006 00000000 		.4byte	.Ldebug_info0
 622 000a 04       		.byte	0x4
 623 000b 00       		.byte	0
 624 000c 0000     		.2byte	0
 625 000e 0000     		.2byte	0
 626 0010 00000000 		.4byte	.LFB223
 627 0014 24000000 		.4byte	.LFE223-.LFB223
ARM GAS  /tmp/ccayeFYm.s 			page 12


 628 0018 00000000 		.4byte	0
 629 001c 00000000 		.4byte	0
 630              		.section	.debug_rnglists,"",%progbits
 631              	.Ldebug_ranges0:
 632 0000 0F000000 		.4byte	.Ldebug_ranges3-.Ldebug_ranges2
 633              	.Ldebug_ranges2:
 634 0004 0500     		.2byte	0x5
 635 0006 04       		.byte	0x4
 636 0007 00       		.byte	0
 637 0008 00000000 		.4byte	0
 638              	.LLRL0:
 639 000c 07       		.byte	0x7
 640 000d 00000000 		.4byte	.LFB223
 641 0011 24       		.uleb128 .LFE223-.LFB223
 642 0012 00       		.byte	0
 643              	.Ldebug_ranges3:
 644              		.section	.debug_line,"",%progbits
 645              	.Ldebug_line0:
 646 0000 A7020000 		.section	.debug_str,"MS",%progbits,1
 646      03007202 
 646      00000201 
 646      FB0E0D00 
 646      01010101 
 647              	.LASF7:
 648 0000 6C6F6E67 		.ascii	"long long int\000"
 648      206C6F6E 
 648      6720696E 
 648      7400
 649              	.LASF27:
 650 000e 50484461 		.ascii	"PHData\000"
 650      746100
 651              	.LASF23:
 652 0015 50444461 		.ascii	"PDData\000"
 652      746100
 653              	.LASF39:
 654 001c 5F70616C 		.ascii	"_pal_lld_init\000"
 654      5F6C6C64 
 654      5F696E69 
 654      7400
 655              	.LASF4:
 656 002a 73686F72 		.ascii	"short unsigned int\000"
 656      7420756E 
 656      7369676E 
 656      65642069 
 656      6E7400
 657              	.LASF40:
 658 003d 68616C49 		.ascii	"halInit\000"
 658      6E697400 
 659              	.LASF0:
 660 0045 756E7369 		.ascii	"unsigned int\000"
 660      676E6564 
 660      20696E74 
 660      00
 661              	.LASF14:
 662 0052 6F747970 		.ascii	"otyper\000"
 662      657200
 663              	.LASF28:
ARM GAS  /tmp/ccayeFYm.s 			page 13


 664 0059 50494461 		.ascii	"PIData\000"
 664      746100
 665              	.LASF8:
 666 0060 6C6F6E67 		.ascii	"long long unsigned int\000"
 666      206C6F6E 
 666      6720756E 
 666      7369676E 
 666      65642069 
 667              	.LASF24:
 668 0077 50454461 		.ascii	"PEData\000"
 668      746100
 669              	.LASF2:
 670 007e 756E7369 		.ascii	"unsigned char\000"
 670      676E6564 
 670      20636861 
 670      7200
 671              	.LASF19:
 672 008c 73746D33 		.ascii	"stm32_gpio_setup_t\000"
 672      325F6770 
 672      696F5F73 
 672      65747570 
 672      5F7400
 673              	.LASF32:
 674 009f 73647549 		.ascii	"sduInit\000"
 674      6E697400 
 675              	.LASF6:
 676 00a7 6C6F6E67 		.ascii	"long unsigned int\000"
 676      20756E73 
 676      69676E65 
 676      6420696E 
 676      7400
 677              	.LASF18:
 678 00b9 61667268 		.ascii	"afrh\000"
 678      00
 679              	.LASF10:
 680 00be 75696E74 		.ascii	"uint32_t\000"
 680      33325F74 
 680      00
 681              	.LASF17:
 682 00c7 6166726C 		.ascii	"afrl\000"
 682      00
 683              	.LASF29:
 684 00cc 50414C43 		.ascii	"PALConfig\000"
 684      6F6E6669 
 684      6700
 685              	.LASF38:
 686 00d6 70616C5F 		.ascii	"pal_default_config\000"
 686      64656661 
 686      756C745F 
 686      636F6E66 
 686      696700
 687              	.LASF9:
 688 00e9 5F5F7569 		.ascii	"__uint32_t\000"
 688      6E743332 
 688      5F7400
 689              	.LASF16:
 690 00f4 70757064 		.ascii	"pupdr\000"
ARM GAS  /tmp/ccayeFYm.s 			page 14


 690      7200
 691              	.LASF25:
 692 00fa 50464461 		.ascii	"PFData\000"
 692      746100
 693              	.LASF21:
 694 0101 50424461 		.ascii	"PBData\000"
 694      746100
 695              	.LASF11:
 696 0108 63686172 		.ascii	"char\000"
 696      00
 697              	.LASF31:
 698 010d 626F6172 		.ascii	"boardInit\000"
 698      64496E69 
 698      7400
 699              	.LASF41:
 700 0117 6F73616C 		.ascii	"osalInit\000"
 700      496E6974 
 700      00
 701              	.LASF33:
 702 0120 75736249 		.ascii	"usbInit\000"
 702      6E697400 
 703              	.LASF30:
 704 0128 7374496E 		.ascii	"stInit\000"
 704      697400
 705              	.LASF15:
 706 012f 6F737065 		.ascii	"ospeedr\000"
 706      65647200 
 707              	.LASF26:
 708 0137 50474461 		.ascii	"PGData\000"
 708      746100
 709              	.LASF34:
 710 013e 68616C5F 		.ascii	"hal_lld_init\000"
 710      6C6C645F 
 710      696E6974 
 710      00
 711              	.LASF37:
 712 014b 2F686F6D 		.ascii	"/home/gunnar/code/rise_sdvp/Embedded/RTCM_Forwarder"
 712      652F6775 
 712      6E6E6172 
 712      2F636F64 
 712      652F7269 
 713 017e 5F50726F 		.ascii	"_Project\000"
 713      6A656374 
 713      00
 714              	.LASF22:
 715 0187 50434461 		.ascii	"PCData\000"
 715      746100
 716              	.LASF36:
 717 018e 2E2E2F52 		.ascii	"../RC_Controller/ChibiOS_3.0.5/os/hal/src/hal.c\000"
 717      435F436F 
 717      6E74726F 
 717      6C6C6572 
 717      2F436869 
 718              	.LASF35:
 719 01be 474E5520 		.ascii	"GNU C99 13.2.1 20231009 -mcpu=cortex-m4 -mfpu=fpv4-"
 719      43393920 
 719      31332E32 
ARM GAS  /tmp/ccayeFYm.s 			page 15


 719      2E312032 
 719      30323331 
 720 01f1 73702D64 		.ascii	"sp-d16 -mfloat-abi=hard -mfloat-abi=hard -mfpu=fpv4"
 720      3136202D 
 720      6D666C6F 
 720      61742D61 
 720      62693D68 
 721 0224 2D73702D 		.ascii	"-sp-d16 -mno-thumb-interwork -mthumb -march=armv7e-"
 721      64313620 
 721      2D6D6E6F 
 721      2D746875 
 721      6D622D69 
 722 0257 6D2B6670 		.ascii	"m+fp -ggdb -O2 -std=gnu99 -fomit-frame-pointer -fal"
 722      202D6767 
 722      6462202D 
 722      4F32202D 
 722      7374643D 
 723 028a 69676E2D 		.ascii	"ign-functions=16 -ffunction-sections -fdata-section"
 723      66756E63 
 723      74696F6E 
 723      733D3136 
 723      202D6666 
 724 02bd 73202D66 		.ascii	"s -fno-common -fsingle-precision-constant\000"
 724      6E6F2D63 
 724      6F6D6D6F 
 724      6E202D66 
 724      73696E67 
 725              	.LASF3:
 726 02e7 73686F72 		.ascii	"short int\000"
 726      7420696E 
 726      7400
 727              	.LASF20:
 728 02f1 50414461 		.ascii	"PAData\000"
 728      746100
 729              	.LASF5:
 730 02f8 6C6F6E67 		.ascii	"long int\000"
 730      20696E74 
 730      00
 731              	.LASF13:
 732 0301 6D6F6465 		.ascii	"moder\000"
 732      7200
 733              	.LASF1:
 734 0307 7369676E 		.ascii	"signed char\000"
 734      65642063 
 734      68617200 
 735              	.LASF12:
 736 0313 5F426F6F 		.ascii	"_Bool\000"
 736      6C00
 737              		.ident	"GCC: (Arm GNU Toolchain 13.2.rel1 (Build arm-13.7)) 13.2.1 20231009"
ARM GAS  /tmp/ccayeFYm.s 			page 16


DEFINED SYMBOLS
                            *ABS*:00000000 hal.c
     /tmp/ccayeFYm.s:21     .text.halInit:00000000 $t
     /tmp/ccayeFYm.s:28     .text.halInit:00000000 halInit
     /tmp/ccayeFYm.s:69     .text.halInit:00000020 $d

UNDEFINED SYMBOLS
hal_lld_init
_pal_lld_init
usbInit
sduInit
boardInit
stInit
pal_default_config
