ARM GAS  /tmp/ccuIEQ3E.s 			page 1


   1              		.cpu cortex-m4
   2              		.arch armv7e-m
   3              		.fpu fpv4-sp-d16
   4              		.eabi_attribute 27, 1
   5              		.eabi_attribute 28, 1
   6              		.eabi_attribute 20, 1
   7              		.eabi_attribute 21, 1
   8              		.eabi_attribute 23, 3
   9              		.eabi_attribute 24, 1
  10              		.eabi_attribute 25, 1
  11              		.eabi_attribute 26, 1
  12              		.eabi_attribute 30, 2
  13              		.eabi_attribute 34, 1
  14              		.eabi_attribute 18, 4
  15              		.file	"hal_lld.c"
  16              		.text
  17              	.Ltext0:
  18              		.cfi_sections	.debug_frame
  19              		.file 1 "../RC_Controller/ChibiOS_3.0.5/os/hal/ports/STM32/STM32F4xx/hal_lld.c"
  20              		.section	.text.hal_lld_init,"ax",%progbits
  21              		.align	1
  22              		.p2align 4,,15
  23              		.global	hal_lld_init
  24              		.syntax unified
  25              		.thumb
  26              		.thumb_func
  27              		.type	hal_lld_init, %function
  28              	hal_lld_init:
  29              	.LFB224:
  30              		.loc 1 114 25 view -0
  31              		.cfi_startproc
  32              		@ args = 0, pretend = 0, frame = 0
  33              		@ frame_needed = 0, uses_anonymous_args = 0
  34              		@ link register save eliminated.
  35              		.loc 1 118 3 view .LVU1
  36 0000 164B     		ldr	r3, .L8
  37 0002 0022     		movs	r2, #0
  38 0004 4FF0FF31 		mov	r1, #-1
  39 0008 1869     		ldr	r0, [r3, #16]
  40              		.loc 1 114 25 is_stmt 0 view .LVU2
  41 000a 10B4     		push	{r4}
  42              		.cfi_def_cfa_offset 4
  43              		.cfi_offset 4, -4
  44              		.loc 1 118 3 view .LVU3
  45 000c 1961     		str	r1, [r3, #16]
  46              		.loc 1 118 3 is_stmt 1 view .LVU4
  47 000e 1A61     		str	r2, [r3, #16]
  48              		.loc 1 118 19 view .LVU5
  49              		.loc 1 119 3 view .LVU6
  50 0010 5869     		ldr	r0, [r3, #20]
  51 0012 5961     		str	r1, [r3, #20]
  52              		.loc 1 119 3 view .LVU7
  53 0014 5A61     		str	r2, [r3, #20]
  54              		.loc 1 119 19 view .LVU8
  55              		.loc 1 120 3 view .LVU9
  56 0016 186A     		ldr	r0, [r3, #32]
  57              	.LBB4:
ARM GAS  /tmp/ccuIEQ3E.s 			page 2


  58              	.LBB5:
  59              		.loc 1 57 6 is_stmt 0 view .LVU10
  60 0018 114C     		ldr	r4, .L8+4
  61              	.LBE5:
  62              	.LBE4:
  63              		.loc 1 120 3 view .LVU11
  64 001a 60F08050 		orn	r0, r0, #268435456
  65 001e 1862     		str	r0, [r3, #32]
  66              		.loc 1 120 3 is_stmt 1 view .LVU12
  67 0020 1A62     		str	r2, [r3, #32]
  68              		.loc 1 120 37 view .LVU13
  69              		.loc 1 121 3 view .LVU14
  70 0022 586A     		ldr	r0, [r3, #36]
  71 0024 5962     		str	r1, [r3, #36]
  72              		.loc 1 121 3 view .LVU15
  73 0026 5A62     		str	r2, [r3, #36]
  74              		.loc 1 121 19 view .LVU16
  75              		.loc 1 124 3 view .LVU17
  76 0028 196C     		ldr	r1, [r3, #64]
  77 002a 41F08051 		orr	r1, r1, #268435456
  78 002e 1964     		str	r1, [r3, #64]
  79              		.loc 1 124 3 view .LVU18
  80              		.loc 1 124 31 discriminator 3 view .LVU19
  81              		.loc 1 127 3 view .LVU20
  82              	.LBB8:
  83              	.LBI4:
  84              		.loc 1 54 13 view .LVU21
  85              	.LBB6:
  86              		.loc 1 57 3 view .LVU22
  87              		.loc 1 57 6 is_stmt 0 view .LVU23
  88 0030 2168     		ldr	r1, [r4]
  89              		.loc 1 57 11 view .LVU24
  90 0032 41F48071 		orr	r1, r1, #256
  91 0036 2160     		str	r1, [r4]
  92              		.loc 1 60 3 is_stmt 1 view .LVU25
  93              		.loc 1 60 11 is_stmt 0 view .LVU26
  94 0038 196F     		ldr	r1, [r3, #112]
  95              		.loc 1 60 18 view .LVU27
  96 003a 01F44071 		and	r1, r1, #768
  97              		.loc 1 60 6 view .LVU28
  98 003e B1F5007F 		cmp	r1, #512
  99 0042 03D0     		beq	.L2
 100              		.loc 1 62 5 is_stmt 1 view .LVU29
 101              		.loc 1 62 15 is_stmt 0 view .LVU30
 102 0044 4FF48031 		mov	r1, #65536
 103 0048 1967     		str	r1, [r3, #112]
 104              		.loc 1 63 5 is_stmt 1 view .LVU31
 105              		.loc 1 63 15 is_stmt 0 view .LVU32
 106 004a 1A67     		str	r2, [r3, #112]
 107              	.L2:
 108              		.loc 1 97 3 is_stmt 1 view .LVU33
 109              		.loc 1 97 6 is_stmt 0 view .LVU34
 110 004c 044A     		ldr	r2, .L8+4
 111              	.LBE6:
 112              	.LBE8:
 113              		.loc 1 137 1 view .LVU35
 114 004e 5DF8044B 		ldr	r4, [sp], #4
ARM GAS  /tmp/ccuIEQ3E.s 			page 3


 115              		.cfi_restore 4
 116              		.cfi_def_cfa_offset 0
 117              	.LBB9:
 118              	.LBB7:
 119              		.loc 1 97 6 view .LVU36
 120 0052 5368     		ldr	r3, [r2, #4]
 121              		.loc 1 97 12 view .LVU37
 122 0054 23F40073 		bic	r3, r3, #512
 123 0058 5360     		str	r3, [r2, #4]
 124              	.LBE7:
 125              	.LBE9:
 126              		.loc 1 137 1 view .LVU38
 127 005a 7047     		bx	lr
 128              	.L9:
 129              		.align	2
 130              	.L8:
 131 005c 00380240 		.word	1073887232
 132 0060 00700040 		.word	1073770496
 133              		.cfi_endproc
 134              	.LFE224:
 135              		.size	hal_lld_init, .-hal_lld_init
 136              		.section	.text.stm32_clock_init,"ax",%progbits
 137              		.align	1
 138              		.p2align 4,,15
 139              		.global	stm32_clock_init
 140              		.syntax unified
 141              		.thumb
 142              		.thumb_func
 143              		.type	stm32_clock_init, %function
 144              	stm32_clock_init:
 145              	.LFB225:
 146              		.loc 1 146 29 is_stmt 1 view -0
 147              		.cfi_startproc
 148              		@ args = 0, pretend = 0, frame = 0
 149              		@ frame_needed = 0, uses_anonymous_args = 0
 150              		@ link register save eliminated.
 151              		.loc 1 150 3 view .LVU40
 152              		.loc 1 150 16 is_stmt 0 view .LVU41
 153 0000 2A4A     		ldr	r2, .L30
 154              		.loc 1 154 11 view .LVU42
 155 0002 2B4B     		ldr	r3, .L30+4
 156              		.loc 1 150 16 view .LVU43
 157 0004 4FF08050 		mov	r0, #268435456
 158              		.loc 1 154 11 view .LVU44
 159 0008 4FF44041 		mov	r1, #49152
 160              		.loc 1 150 16 view .LVU45
 161 000c 1064     		str	r0, [r2, #64]
 162              		.loc 1 154 3 is_stmt 1 view .LVU46
 163              		.loc 1 154 11 is_stmt 0 view .LVU47
 164 000e 1960     		str	r1, [r3]
 165              		.loc 1 161 3 is_stmt 1 view .LVU48
 166              		.loc 1 161 6 is_stmt 0 view .LVU49
 167 0010 1368     		ldr	r3, [r2]
 168              		.loc 1 161 11 view .LVU50
 169 0012 43F00103 		orr	r3, r3, #1
 170 0016 1360     		str	r3, [r2]
 171              		.loc 1 162 3 is_stmt 1 view .LVU51
ARM GAS  /tmp/ccuIEQ3E.s 			page 4


 172              	.L11:
 173              		.loc 1 162 10 discriminator 1 view .LVU52
 174              		.loc 1 162 15 is_stmt 0 discriminator 1 view .LVU53
 175 0018 1368     		ldr	r3, [r2]
 176              		.loc 1 162 10 discriminator 1 view .LVU54
 177 001a 9907     		lsls	r1, r3, #30
 178 001c FCD5     		bpl	.L11
 179              		.loc 1 168 3 is_stmt 1 view .LVU55
 180              		.loc 1 168 6 is_stmt 0 view .LVU56
 181 001e 9368     		ldr	r3, [r2, #8]
 182              		.loc 1 170 14 discriminator 1 view .LVU57
 183 0020 2249     		ldr	r1, .L30
 184              		.loc 1 168 13 view .LVU58
 185 0022 23F00303 		bic	r3, r3, #3
 186 0026 9360     		str	r3, [r2, #8]
 187              		.loc 1 169 3 is_stmt 1 view .LVU59
 188              		.loc 1 169 6 is_stmt 0 view .LVU60
 189 0028 9368     		ldr	r3, [r2, #8]
 190              		.loc 1 169 13 view .LVU61
 191 002a 9360     		str	r3, [r2, #8]
 192              		.loc 1 170 3 is_stmt 1 view .LVU62
 193              	.L12:
 194              		.loc 1 170 37 discriminator 1 view .LVU63
 195              		.loc 1 170 14 is_stmt 0 discriminator 1 view .LVU64
 196 002c 8B68     		ldr	r3, [r1, #8]
 197              		.loc 1 170 37 discriminator 1 view .LVU65
 198 002e 13F00C03 		ands	r3, r3, #12
 199 0032 FBD1     		bne	.L12
 200              		.loc 1 174 3 is_stmt 1 view .LVU66
 201              		.loc 1 174 6 is_stmt 0 view .LVU67
 202 0034 0A68     		ldr	r2, [r1]
 203              		.loc 1 186 14 discriminator 1 view .LVU68
 204 0036 1D48     		ldr	r0, .L30
 205              		.loc 1 174 11 view .LVU69
 206 0038 02F0F902 		and	r2, r2, #249
 207 003c 0A60     		str	r2, [r1]
 208              		.loc 1 175 3 is_stmt 1 view .LVU70
 209              		.loc 1 175 13 is_stmt 0 view .LVU71
 210 003e 8B60     		str	r3, [r1, #8]
 211              		.loc 1 184 3 is_stmt 1 view .LVU72
 212              		.loc 1 184 6 is_stmt 0 view .LVU73
 213 0040 0B68     		ldr	r3, [r1]
 214              		.loc 1 184 11 view .LVU74
 215 0042 43F48033 		orr	r3, r3, #65536
 216 0046 0B60     		str	r3, [r1]
 217              		.loc 1 186 3 is_stmt 1 view .LVU75
 218              	.L13:
 219              		.loc 1 186 36 discriminator 1 view .LVU76
 220              		.loc 1 186 14 is_stmt 0 discriminator 1 view .LVU77
 221 0048 0368     		ldr	r3, [r0]
 222              		.loc 1 186 36 discriminator 1 view .LVU78
 223 004a 9B03     		lsls	r3, r3, #14
 224 004c FCD5     		bpl	.L13
 225              		.loc 1 192 3 is_stmt 1 view .LVU79
 226              		.loc 1 192 6 is_stmt 0 view .LVU80
 227 004e 436F     		ldr	r3, [r0, #116]
 228              		.loc 1 193 14 discriminator 1 view .LVU81
ARM GAS  /tmp/ccuIEQ3E.s 			page 5


 229 0050 164A     		ldr	r2, .L30
 230              		.loc 1 192 12 view .LVU82
 231 0052 43F00103 		orr	r3, r3, #1
 232 0056 4367     		str	r3, [r0, #116]
 233              		.loc 1 193 3 is_stmt 1 view .LVU83
 234              	.L14:
 235              		.loc 1 193 38 discriminator 1 view .LVU84
 236              		.loc 1 193 14 is_stmt 0 discriminator 1 view .LVU85
 237 0058 536F     		ldr	r3, [r2, #116]
 238              		.loc 1 193 38 discriminator 1 view .LVU86
 239 005a 9907     		lsls	r1, r3, #30
 240 005c FCD5     		bpl	.L14
 241              		.loc 1 199 3 is_stmt 1 view .LVU87
 242              		.loc 1 199 16 is_stmt 0 view .LVU88
 243 005e 154B     		ldr	r3, .L30+8
 244 0060 5360     		str	r3, [r2, #4]
 245              		.loc 1 201 3 is_stmt 1 view .LVU89
 246              		.loc 1 201 6 is_stmt 0 view .LVU90
 247 0062 1368     		ldr	r3, [r2]
 248              		.loc 1 205 14 discriminator 1 view .LVU91
 249 0064 1249     		ldr	r1, .L30+4
 250              		.loc 1 201 11 view .LVU92
 251 0066 43F08073 		orr	r3, r3, #16777216
 252 006a 1360     		str	r3, [r2]
 253              		.loc 1 205 3 is_stmt 1 view .LVU93
 254              	.L15:
 255              		.loc 1 205 38 discriminator 1 view .LVU94
 256              		.loc 1 205 14 is_stmt 0 discriminator 1 view .LVU95
 257 006c 4B68     		ldr	r3, [r1, #4]
 258              		.loc 1 205 38 discriminator 1 view .LVU96
 259 006e 5A04     		lsls	r2, r3, #17
 260 0070 FCD5     		bpl	.L15
 261              		.loc 1 221 15 discriminator 1 view .LVU97
 262 0072 0E49     		ldr	r1, .L30
 263              	.L16:
 264              		.loc 1 221 10 is_stmt 1 discriminator 1 view .LVU98
 265              		.loc 1 221 15 is_stmt 0 discriminator 1 view .LVU99
 266 0074 0B68     		ldr	r3, [r1]
 267              		.loc 1 221 10 discriminator 1 view .LVU100
 268 0076 9B01     		lsls	r3, r3, #6
 269 0078 FCD5     		bpl	.L16
 270              		.loc 1 247 3 is_stmt 1 view .LVU101
 271              		.loc 1 261 14 is_stmt 0 view .LVU102
 272 007a 0F4B     		ldr	r3, .L30+12
 273              		.loc 1 247 13 view .LVU103
 274 007c 0F48     		ldr	r0, .L30+16
 275 007e 8860     		str	r0, [r1, #8]
 276              		.loc 1 261 3 is_stmt 1 view .LVU104
 277              		.loc 1 261 14 is_stmt 0 view .LVU105
 278 0080 40F20572 		movw	r2, #1797
 279 0084 1A60     		str	r2, [r3]
 280              		.loc 1 267 3 is_stmt 1 view .LVU106
 281              		.loc 1 267 6 is_stmt 0 view .LVU107
 282 0086 8B68     		ldr	r3, [r1, #8]
 283              		.loc 1 268 14 discriminator 1 view .LVU108
 284 0088 084A     		ldr	r2, .L30
 285              		.loc 1 267 13 view .LVU109
ARM GAS  /tmp/ccuIEQ3E.s 			page 6


 286 008a 43F00203 		orr	r3, r3, #2
 287 008e 8B60     		str	r3, [r1, #8]
 288              		.loc 1 268 3 is_stmt 1 view .LVU110
 289              	.L17:
 290              		.loc 1 268 37 discriminator 1 view .LVU111
 291              		.loc 1 268 14 is_stmt 0 discriminator 1 view .LVU112
 292 0090 9368     		ldr	r3, [r2, #8]
 293              		.loc 1 268 21 discriminator 1 view .LVU113
 294 0092 03F00C03 		and	r3, r3, #12
 295              		.loc 1 268 37 discriminator 1 view .LVU114
 296 0096 082B     		cmp	r3, #8
 297 0098 FAD1     		bne	.L17
 298              		.loc 1 275 3 is_stmt 1 view .LVU115
 299 009a 536C     		ldr	r3, [r2, #68]
 300 009c 43F48043 		orr	r3, r3, #16384
 301 00a0 5364     		str	r3, [r2, #68]
 302              		.loc 1 275 3 view .LVU116
 303              		.loc 1 275 3 discriminator 1 view .LVU117
 304 00a2 536E     		ldr	r3, [r2, #100]
 305 00a4 43F48043 		orr	r3, r3, #16384
 306 00a8 5366     		str	r3, [r2, #100]
 307              		.loc 1 275 44 discriminator 3 view .LVU118
 308              		.loc 1 276 1 is_stmt 0 view .LVU119
 309 00aa 7047     		bx	lr
 310              	.L31:
 311              		.align	2
 312              	.L30:
 313 00ac 00380240 		.word	1073887232
 314 00b0 00700040 		.word	1073770496
 315 00b4 08544007 		.word	121656328
 316 00b8 003C0240 		.word	1073888256
 317 00bc 00948838 		.word	948474880
 318              		.cfi_endproc
 319              	.LFE225:
 320              		.size	stm32_clock_init, .-stm32_clock_init
 321              		.global	SystemCoreClock
 322              		.section	.data.SystemCoreClock,"aw"
 323              		.align	2
 324              		.type	SystemCoreClock, %object
 325              		.size	SystemCoreClock, 4
 326              	SystemCoreClock:
 327 0000 007A030A 		.word	168000000
 328              		.text
 329              	.Letext0:
 330              		.file 2 "/opt/arm-gnu-toolchain-13.2.Rel1-x86_64-arm-none-eabi/lib/gcc/arm-none-eabi/13.2.1/includ
 331              		.file 3 "/opt/arm-gnu-toolchain-13.2.Rel1-x86_64-arm-none-eabi/arm-none-eabi/include/machine/_defa
 332              		.file 4 "/opt/arm-gnu-toolchain-13.2.Rel1-x86_64-arm-none-eabi/arm-none-eabi/include/sys/_stdint.h
 333              		.file 5 "../RC_Controller/ChibiOS_3.0.5/os/ext/CMSIS/ST/stm32f405xx.h"
 334              		.file 6 "../RC_Controller/ChibiOS_3.0.5/os/ext/CMSIS/ST/system_stm32f4xx.h"
 335              		.section	.debug_info,"",%progbits
 336              	.Ldebug_info0:
 337 0000 19030000 		.4byte	0x319
 338 0004 0500     		.2byte	0x5
 339 0006 01       		.byte	0x1
 340 0007 04       		.byte	0x4
 341 0008 00000000 		.4byte	.Ldebug_abbrev0
 342 000c 07       		.uleb128 0x7
ARM GAS  /tmp/ccuIEQ3E.s 			page 7


 343 000d 09020000 		.4byte	.LASF48
 344 0011 0C       		.byte	0xc
 345 0012 7A030000 		.4byte	.LASF49
 346 0016 BC010000 		.4byte	.LASF50
 347 001a 1B000000 		.4byte	.LLRL1
 348 001e 00000000 		.4byte	0
 349 0022 00000000 		.4byte	.Ldebug_line0
 350 0026 08       		.uleb128 0x8
 351 0027 04       		.byte	0x4
 352 0028 05       		.byte	0x5
 353 0029 696E7400 		.ascii	"int\000"
 354 002d 04       		.uleb128 0x4
 355 002e 13000000 		.4byte	.LASF6
 356 0032 02       		.byte	0x2
 357 0033 D6       		.byte	0xd6
 358 0034 17       		.byte	0x17
 359 0035 39000000 		.4byte	0x39
 360 0039 02       		.uleb128 0x2
 361 003a 04       		.byte	0x4
 362 003b 07       		.byte	0x7
 363 003c 55010000 		.4byte	.LASF0
 364 0040 02       		.uleb128 0x2
 365 0041 01       		.byte	0x1
 366 0042 06       		.byte	0x6
 367 0043 68030000 		.4byte	.LASF1
 368 0047 02       		.uleb128 0x2
 369 0048 01       		.byte	0x1
 370 0049 08       		.byte	0x8
 371 004a BE000000 		.4byte	.LASF2
 372 004e 02       		.uleb128 0x2
 373 004f 02       		.byte	0x2
 374 0050 05       		.byte	0x5
 375 0051 46000000 		.4byte	.LASF3
 376 0055 02       		.uleb128 0x2
 377 0056 02       		.byte	0x2
 378 0057 07       		.byte	0x7
 379 0058 EF000000 		.4byte	.LASF4
 380 005c 02       		.uleb128 0x2
 381 005d 04       		.byte	0x4
 382 005e 05       		.byte	0x5
 383 005f 51030000 		.4byte	.LASF5
 384 0063 04       		.uleb128 0x4
 385 0064 1E010000 		.4byte	.LASF7
 386 0068 03       		.byte	0x3
 387 0069 4F       		.byte	0x4f
 388 006a 19       		.byte	0x19
 389 006b 6F000000 		.4byte	0x6f
 390 006f 02       		.uleb128 0x2
 391 0070 04       		.byte	0x4
 392 0071 07       		.byte	0x7
 393 0072 DD000000 		.4byte	.LASF8
 394 0076 02       		.uleb128 0x2
 395 0077 08       		.byte	0x8
 396 0078 05       		.byte	0x5
 397 0079 00000000 		.4byte	.LASF9
 398 007d 02       		.uleb128 0x2
 399 007e 08       		.byte	0x8
ARM GAS  /tmp/ccuIEQ3E.s 			page 8


 400 007f 07       		.byte	0x7
 401 0080 9E000000 		.4byte	.LASF10
 402 0084 04       		.uleb128 0x4
 403 0085 48030000 		.4byte	.LASF11
 404 0089 04       		.byte	0x4
 405 008a 30       		.byte	0x30
 406 008b 14       		.byte	0x14
 407 008c 63000000 		.4byte	0x63
 408 0090 09       		.uleb128 0x9
 409 0091 84000000 		.4byte	0x84
 410 0095 0A       		.uleb128 0xa
 411 0096 84000000 		.4byte	0x84
 412 009a A5000000 		.4byte	0xa5
 413 009e 0B       		.uleb128 0xb
 414 009f 39000000 		.4byte	0x39
 415 00a3 01       		.byte	0x1
 416 00a4 00       		.byte	0
 417 00a5 0C       		.uleb128 0xc
 418 00a6 9F010000 		.4byte	.LASF51
 419 00aa 06       		.byte	0x6
 420 00ab 4C       		.byte	0x4c
 421 00ac 11       		.byte	0x11
 422 00ad 84000000 		.4byte	0x84
 423 00b1 05       		.uleb128 0x5
 424 00b2 1C       		.byte	0x1c
 425 00b3 7B01     		.2byte	0x17b
 426 00b5 0C010000 		.4byte	0x10c
 427 00b9 03       		.uleb128 0x3
 428 00ba 41435200 		.ascii	"ACR\000"
 429 00be 7D01     		.2byte	0x17d
 430 00c0 90000000 		.4byte	0x90
 431 00c4 00       		.byte	0
 432 00c5 01       		.uleb128 0x1
 433 00c6 5A030000 		.4byte	.LASF12
 434 00ca 7E01     		.2byte	0x17e
 435 00cc 90000000 		.4byte	0x90
 436 00d0 04       		.byte	0x4
 437 00d1 01       		.uleb128 0x1
 438 00d2 02010000 		.4byte	.LASF13
 439 00d6 7F01     		.2byte	0x17f
 440 00d8 90000000 		.4byte	0x90
 441 00dc 08       		.byte	0x8
 442 00dd 03       		.uleb128 0x3
 443 00de 535200   		.ascii	"SR\000"
 444 00e1 8001     		.2byte	0x180
 445 00e3 90000000 		.4byte	0x90
 446 00e7 0C       		.byte	0xc
 447 00e8 03       		.uleb128 0x3
 448 00e9 435200   		.ascii	"CR\000"
 449 00ec 8101     		.2byte	0x181
 450 00ee 90000000 		.4byte	0x90
 451 00f2 10       		.byte	0x10
 452 00f3 01       		.uleb128 0x1
 453 00f4 74030000 		.4byte	.LASF14
 454 00f8 8201     		.2byte	0x182
 455 00fa 90000000 		.4byte	0x90
 456 00fe 14       		.byte	0x14
ARM GAS  /tmp/ccuIEQ3E.s 			page 9


 457 00ff 01       		.uleb128 0x1
 458 0100 CC000000 		.4byte	.LASF15
 459 0104 8301     		.2byte	0x183
 460 0106 90000000 		.4byte	0x90
 461 010a 18       		.byte	0x18
 462 010b 00       		.byte	0
 463 010c 06       		.uleb128 0x6
 464 010d 25000000 		.4byte	.LASF16
 465 0111 8401     		.2byte	0x184
 466 0113 B1000000 		.4byte	0xb1
 467 0117 05       		.uleb128 0x5
 468 0118 08       		.byte	0x8
 469 0119 FE01     		.2byte	0x1fe
 470 011b 37010000 		.4byte	0x137
 471 011f 03       		.uleb128 0x3
 472 0120 435200   		.ascii	"CR\000"
 473 0123 0002     		.2byte	0x200
 474 0125 90000000 		.4byte	0x90
 475 0129 00       		.byte	0
 476 012a 03       		.uleb128 0x3
 477 012b 43535200 		.ascii	"CSR\000"
 478 012f 0102     		.2byte	0x201
 479 0131 90000000 		.4byte	0x90
 480 0135 04       		.byte	0x4
 481 0136 00       		.byte	0
 482 0137 06       		.uleb128 0x6
 483 0138 0A010000 		.4byte	.LASF17
 484 013c 0202     		.2byte	0x202
 485 013e 17010000 		.4byte	0x117
 486 0142 05       		.uleb128 0x5
 487 0143 88       		.byte	0x88
 488 0144 0802     		.2byte	0x208
 489 0146 B2020000 		.4byte	0x2b2
 490 014a 03       		.uleb128 0x3
 491 014b 435200   		.ascii	"CR\000"
 492 014e 0A02     		.2byte	0x20a
 493 0150 90000000 		.4byte	0x90
 494 0154 00       		.byte	0
 495 0155 01       		.uleb128 0x1
 496 0156 97010000 		.4byte	.LASF18
 497 015a 0B02     		.2byte	0x20b
 498 015c 90000000 		.4byte	0x90
 499 0160 04       		.byte	0x4
 500 0161 01       		.uleb128 0x1
 501 0162 1A000000 		.4byte	.LASF19
 502 0166 0C02     		.2byte	0x20c
 503 0168 90000000 		.4byte	0x90
 504 016c 08       		.byte	0x8
 505 016d 03       		.uleb128 0x3
 506 016e 43495200 		.ascii	"CIR\000"
 507 0172 0D02     		.2byte	0x20d
 508 0174 90000000 		.4byte	0x90
 509 0178 0C       		.byte	0xc
 510 0179 01       		.uleb128 0x1
 511 017a 7C010000 		.4byte	.LASF20
 512 017e 0E02     		.2byte	0x20e
 513 0180 90000000 		.4byte	0x90
ARM GAS  /tmp/ccuIEQ3E.s 			page 10


 514 0184 10       		.byte	0x10
 515 0185 01       		.uleb128 0x1
 516 0186 5F030000 		.4byte	.LASF21
 517 018a 0F02     		.2byte	0x20f
 518 018c 90000000 		.4byte	0x90
 519 0190 14       		.byte	0x14
 520 0191 01       		.uleb128 0x1
 521 0192 3D000000 		.4byte	.LASF22
 522 0196 1002     		.2byte	0x210
 523 0198 90000000 		.4byte	0x90
 524 019c 18       		.byte	0x18
 525 019d 01       		.uleb128 0x1
 526 019e 50000000 		.4byte	.LASF23
 527 01a2 1102     		.2byte	0x211
 528 01a4 84000000 		.4byte	0x84
 529 01a8 1C       		.byte	0x1c
 530 01a9 01       		.uleb128 0x1
 531 01aa B5000000 		.4byte	.LASF24
 532 01ae 1202     		.2byte	0x212
 533 01b0 90000000 		.4byte	0x90
 534 01b4 20       		.byte	0x20
 535 01b5 01       		.uleb128 0x1
 536 01b6 4C010000 		.4byte	.LASF25
 537 01ba 1302     		.2byte	0x213
 538 01bc 90000000 		.4byte	0x90
 539 01c0 24       		.byte	0x24
 540 01c1 01       		.uleb128 0x1
 541 01c2 5A000000 		.4byte	.LASF26
 542 01c6 1402     		.2byte	0x214
 543 01c8 95000000 		.4byte	0x95
 544 01cc 28       		.byte	0x28
 545 01cd 01       		.uleb128 0x1
 546 01ce C6030000 		.4byte	.LASF27
 547 01d2 1502     		.2byte	0x215
 548 01d4 90000000 		.4byte	0x90
 549 01d8 30       		.byte	0x30
 550 01d9 01       		.uleb128 0x1
 551 01da 96000000 		.4byte	.LASF28
 552 01de 1602     		.2byte	0x216
 553 01e0 90000000 		.4byte	0x90
 554 01e4 34       		.byte	0x34
 555 01e5 01       		.uleb128 0x1
 556 01e6 16010000 		.4byte	.LASF29
 557 01ea 1702     		.2byte	0x217
 558 01ec 90000000 		.4byte	0x90
 559 01f0 38       		.byte	0x38
 560 01f1 01       		.uleb128 0x1
 561 01f2 64000000 		.4byte	.LASF30
 562 01f6 1802     		.2byte	0x218
 563 01f8 84000000 		.4byte	0x84
 564 01fc 3C       		.byte	0x3c
 565 01fd 01       		.uleb128 0x1
 566 01fe 44010000 		.4byte	.LASF31
 567 0202 1902     		.2byte	0x219
 568 0204 90000000 		.4byte	0x90
 569 0208 40       		.byte	0x40
 570 0209 01       		.uleb128 0x1
ARM GAS  /tmp/ccuIEQ3E.s 			page 11


 571 020a 8F010000 		.4byte	.LASF32
 572 020e 1A02     		.2byte	0x21a
 573 0210 90000000 		.4byte	0x90
 574 0214 44       		.byte	0x44
 575 0215 01       		.uleb128 0x1
 576 0216 6E000000 		.4byte	.LASF33
 577 021a 1B02     		.2byte	0x21b
 578 021c 95000000 		.4byte	0x95
 579 0220 48       		.byte	0x48
 580 0221 01       		.uleb128 0x1
 581 0222 33000000 		.4byte	.LASF34
 582 0226 1C02     		.2byte	0x21c
 583 0228 90000000 		.4byte	0x90
 584 022c 50       		.byte	0x50
 585 022d 01       		.uleb128 0x1
 586 022e D3000000 		.4byte	.LASF35
 587 0232 1D02     		.2byte	0x21d
 588 0234 90000000 		.4byte	0x90
 589 0238 54       		.byte	0x54
 590 0239 01       		.uleb128 0x1
 591 023a 85010000 		.4byte	.LASF36
 592 023e 1E02     		.2byte	0x21e
 593 0240 90000000 		.4byte	0x90
 594 0244 58       		.byte	0x58
 595 0245 01       		.uleb128 0x1
 596 0246 78000000 		.4byte	.LASF37
 597 024a 1F02     		.2byte	0x21f
 598 024c 84000000 		.4byte	0x84
 599 0250 5C       		.byte	0x5c
 600 0251 01       		.uleb128 0x1
 601 0252 72010000 		.4byte	.LASF38
 602 0256 2002     		.2byte	0x220
 603 0258 90000000 		.4byte	0x90
 604 025c 60       		.byte	0x60
 605 025d 01       		.uleb128 0x1
 606 025e 32030000 		.4byte	.LASF39
 607 0262 2102     		.2byte	0x221
 608 0264 90000000 		.4byte	0x90
 609 0268 64       		.byte	0x64
 610 0269 01       		.uleb128 0x1
 611 026a 82000000 		.4byte	.LASF40
 612 026e 2202     		.2byte	0x222
 613 0270 95000000 		.4byte	0x95
 614 0274 68       		.byte	0x68
 615 0275 01       		.uleb128 0x1
 616 0276 0E000000 		.4byte	.LASF41
 617 027a 2302     		.2byte	0x223
 618 027c 90000000 		.4byte	0x90
 619 0280 70       		.byte	0x70
 620 0281 03       		.uleb128 0x3
 621 0282 43535200 		.ascii	"CSR\000"
 622 0286 2402     		.2byte	0x224
 623 0288 90000000 		.4byte	0x90
 624 028c 74       		.byte	0x74
 625 028d 01       		.uleb128 0x1
 626 028e 8C000000 		.4byte	.LASF42
 627 0292 2502     		.2byte	0x225
ARM GAS  /tmp/ccuIEQ3E.s 			page 12


 628 0294 95000000 		.4byte	0x95
 629 0298 78       		.byte	0x78
 630 0299 01       		.uleb128 0x1
 631 029a 1F000000 		.4byte	.LASF43
 632 029e 2602     		.2byte	0x226
 633 02a0 90000000 		.4byte	0x90
 634 02a4 80       		.byte	0x80
 635 02a5 01       		.uleb128 0x1
 636 02a6 62010000 		.4byte	.LASF44
 637 02aa 2702     		.2byte	0x227
 638 02ac 90000000 		.4byte	0x90
 639 02b0 84       		.byte	0x84
 640 02b1 00       		.byte	0
 641 02b2 06       		.uleb128 0x6
 642 02b3 3C030000 		.4byte	.LASF45
 643 02b7 2902     		.2byte	0x229
 644 02b9 42010000 		.4byte	0x142
 645 02bd 02       		.uleb128 0x2
 646 02be 01       		.byte	0x1
 647 02bf 08       		.byte	0x8
 648 02c0 6D010000 		.4byte	.LASF46
 649 02c4 02       		.uleb128 0x2
 650 02c5 01       		.byte	0x1
 651 02c6 02       		.byte	0x2
 652 02c7 C0030000 		.4byte	.LASF47
 653 02cb 0D       		.uleb128 0xd
 654 02cc A5000000 		.4byte	0xa5
 655 02d0 01       		.byte	0x1
 656 02d1 27       		.byte	0x27
 657 02d2 0A       		.byte	0xa
 658 02d3 05       		.uleb128 0x5
 659 02d4 03       		.byte	0x3
 660 02d5 00000000 		.4byte	SystemCoreClock
 661 02d9 0E       		.uleb128 0xe
 662 02da F8010000 		.4byte	.LASF52
 663 02de 01       		.byte	0x1
 664 02df 92       		.byte	0x92
 665 02e0 06       		.byte	0x6
 666 02e1 00000000 		.4byte	.LFB225
 667 02e5 C0000000 		.4byte	.LFE225-.LFB225
 668 02e9 01       		.uleb128 0x1
 669 02ea 9C       		.byte	0x9c
 670 02eb 0F       		.uleb128 0xf
 671 02ec AF010000 		.4byte	.LASF53
 672 02f0 01       		.byte	0x1
 673 02f1 72       		.byte	0x72
 674 02f2 06       		.byte	0x6
 675 02f3 00000000 		.4byte	.LFB224
 676 02f7 64000000 		.4byte	.LFE224-.LFB224
 677 02fb 01       		.uleb128 0x1
 678 02fc 9C       		.byte	0x9c
 679 02fd 13030000 		.4byte	0x313
 680 0301 10       		.uleb128 0x10
 681 0302 13030000 		.4byte	0x313
 682 0306 30000000 		.4byte	.LBI4
 683 030a 03       		.byte	.LVU21
 684 030b 0C000000 		.4byte	.LLRL0
ARM GAS  /tmp/ccuIEQ3E.s 			page 13


 685 030f 01       		.byte	0x1
 686 0310 7F       		.byte	0x7f
 687 0311 03       		.byte	0x3
 688 0312 00       		.byte	0
 689 0313 11       		.uleb128 0x11
 690 0314 29010000 		.4byte	.LASF54
 691 0318 01       		.byte	0x1
 692 0319 36       		.byte	0x36
 693 031a 0D       		.byte	0xd
 694 031b 01       		.byte	0x1
 695 031c 00       		.byte	0
 696              		.section	.debug_abbrev,"",%progbits
 697              	.Ldebug_abbrev0:
 698 0000 01       		.uleb128 0x1
 699 0001 0D       		.uleb128 0xd
 700 0002 00       		.byte	0
 701 0003 03       		.uleb128 0x3
 702 0004 0E       		.uleb128 0xe
 703 0005 3A       		.uleb128 0x3a
 704 0006 21       		.uleb128 0x21
 705 0007 05       		.sleb128 5
 706 0008 3B       		.uleb128 0x3b
 707 0009 05       		.uleb128 0x5
 708 000a 39       		.uleb128 0x39
 709 000b 21       		.uleb128 0x21
 710 000c 11       		.sleb128 17
 711 000d 49       		.uleb128 0x49
 712 000e 13       		.uleb128 0x13
 713 000f 38       		.uleb128 0x38
 714 0010 0B       		.uleb128 0xb
 715 0011 00       		.byte	0
 716 0012 00       		.byte	0
 717 0013 02       		.uleb128 0x2
 718 0014 24       		.uleb128 0x24
 719 0015 00       		.byte	0
 720 0016 0B       		.uleb128 0xb
 721 0017 0B       		.uleb128 0xb
 722 0018 3E       		.uleb128 0x3e
 723 0019 0B       		.uleb128 0xb
 724 001a 03       		.uleb128 0x3
 725 001b 0E       		.uleb128 0xe
 726 001c 00       		.byte	0
 727 001d 00       		.byte	0
 728 001e 03       		.uleb128 0x3
 729 001f 0D       		.uleb128 0xd
 730 0020 00       		.byte	0
 731 0021 03       		.uleb128 0x3
 732 0022 08       		.uleb128 0x8
 733 0023 3A       		.uleb128 0x3a
 734 0024 21       		.uleb128 0x21
 735 0025 05       		.sleb128 5
 736 0026 3B       		.uleb128 0x3b
 737 0027 05       		.uleb128 0x5
 738 0028 39       		.uleb128 0x39
 739 0029 21       		.uleb128 0x21
 740 002a 11       		.sleb128 17
 741 002b 49       		.uleb128 0x49
ARM GAS  /tmp/ccuIEQ3E.s 			page 14


 742 002c 13       		.uleb128 0x13
 743 002d 38       		.uleb128 0x38
 744 002e 0B       		.uleb128 0xb
 745 002f 00       		.byte	0
 746 0030 00       		.byte	0
 747 0031 04       		.uleb128 0x4
 748 0032 16       		.uleb128 0x16
 749 0033 00       		.byte	0
 750 0034 03       		.uleb128 0x3
 751 0035 0E       		.uleb128 0xe
 752 0036 3A       		.uleb128 0x3a
 753 0037 0B       		.uleb128 0xb
 754 0038 3B       		.uleb128 0x3b
 755 0039 0B       		.uleb128 0xb
 756 003a 39       		.uleb128 0x39
 757 003b 0B       		.uleb128 0xb
 758 003c 49       		.uleb128 0x49
 759 003d 13       		.uleb128 0x13
 760 003e 00       		.byte	0
 761 003f 00       		.byte	0
 762 0040 05       		.uleb128 0x5
 763 0041 13       		.uleb128 0x13
 764 0042 01       		.byte	0x1
 765 0043 0B       		.uleb128 0xb
 766 0044 0B       		.uleb128 0xb
 767 0045 3A       		.uleb128 0x3a
 768 0046 21       		.uleb128 0x21
 769 0047 05       		.sleb128 5
 770 0048 3B       		.uleb128 0x3b
 771 0049 05       		.uleb128 0x5
 772 004a 39       		.uleb128 0x39
 773 004b 21       		.uleb128 0x21
 774 004c 09       		.sleb128 9
 775 004d 01       		.uleb128 0x1
 776 004e 13       		.uleb128 0x13
 777 004f 00       		.byte	0
 778 0050 00       		.byte	0
 779 0051 06       		.uleb128 0x6
 780 0052 16       		.uleb128 0x16
 781 0053 00       		.byte	0
 782 0054 03       		.uleb128 0x3
 783 0055 0E       		.uleb128 0xe
 784 0056 3A       		.uleb128 0x3a
 785 0057 21       		.uleb128 0x21
 786 0058 05       		.sleb128 5
 787 0059 3B       		.uleb128 0x3b
 788 005a 05       		.uleb128 0x5
 789 005b 39       		.uleb128 0x39
 790 005c 21       		.uleb128 0x21
 791 005d 03       		.sleb128 3
 792 005e 49       		.uleb128 0x49
 793 005f 13       		.uleb128 0x13
 794 0060 00       		.byte	0
 795 0061 00       		.byte	0
 796 0062 07       		.uleb128 0x7
 797 0063 11       		.uleb128 0x11
 798 0064 01       		.byte	0x1
ARM GAS  /tmp/ccuIEQ3E.s 			page 15


 799 0065 25       		.uleb128 0x25
 800 0066 0E       		.uleb128 0xe
 801 0067 13       		.uleb128 0x13
 802 0068 0B       		.uleb128 0xb
 803 0069 03       		.uleb128 0x3
 804 006a 0E       		.uleb128 0xe
 805 006b 1B       		.uleb128 0x1b
 806 006c 0E       		.uleb128 0xe
 807 006d 55       		.uleb128 0x55
 808 006e 17       		.uleb128 0x17
 809 006f 11       		.uleb128 0x11
 810 0070 01       		.uleb128 0x1
 811 0071 10       		.uleb128 0x10
 812 0072 17       		.uleb128 0x17
 813 0073 00       		.byte	0
 814 0074 00       		.byte	0
 815 0075 08       		.uleb128 0x8
 816 0076 24       		.uleb128 0x24
 817 0077 00       		.byte	0
 818 0078 0B       		.uleb128 0xb
 819 0079 0B       		.uleb128 0xb
 820 007a 3E       		.uleb128 0x3e
 821 007b 0B       		.uleb128 0xb
 822 007c 03       		.uleb128 0x3
 823 007d 08       		.uleb128 0x8
 824 007e 00       		.byte	0
 825 007f 00       		.byte	0
 826 0080 09       		.uleb128 0x9
 827 0081 35       		.uleb128 0x35
 828 0082 00       		.byte	0
 829 0083 49       		.uleb128 0x49
 830 0084 13       		.uleb128 0x13
 831 0085 00       		.byte	0
 832 0086 00       		.byte	0
 833 0087 0A       		.uleb128 0xa
 834 0088 01       		.uleb128 0x1
 835 0089 01       		.byte	0x1
 836 008a 49       		.uleb128 0x49
 837 008b 13       		.uleb128 0x13
 838 008c 01       		.uleb128 0x1
 839 008d 13       		.uleb128 0x13
 840 008e 00       		.byte	0
 841 008f 00       		.byte	0
 842 0090 0B       		.uleb128 0xb
 843 0091 21       		.uleb128 0x21
 844 0092 00       		.byte	0
 845 0093 49       		.uleb128 0x49
 846 0094 13       		.uleb128 0x13
 847 0095 2F       		.uleb128 0x2f
 848 0096 0B       		.uleb128 0xb
 849 0097 00       		.byte	0
 850 0098 00       		.byte	0
 851 0099 0C       		.uleb128 0xc
 852 009a 34       		.uleb128 0x34
 853 009b 00       		.byte	0
 854 009c 03       		.uleb128 0x3
 855 009d 0E       		.uleb128 0xe
ARM GAS  /tmp/ccuIEQ3E.s 			page 16


 856 009e 3A       		.uleb128 0x3a
 857 009f 0B       		.uleb128 0xb
 858 00a0 3B       		.uleb128 0x3b
 859 00a1 0B       		.uleb128 0xb
 860 00a2 39       		.uleb128 0x39
 861 00a3 0B       		.uleb128 0xb
 862 00a4 49       		.uleb128 0x49
 863 00a5 13       		.uleb128 0x13
 864 00a6 3F       		.uleb128 0x3f
 865 00a7 19       		.uleb128 0x19
 866 00a8 3C       		.uleb128 0x3c
 867 00a9 19       		.uleb128 0x19
 868 00aa 00       		.byte	0
 869 00ab 00       		.byte	0
 870 00ac 0D       		.uleb128 0xd
 871 00ad 34       		.uleb128 0x34
 872 00ae 00       		.byte	0
 873 00af 47       		.uleb128 0x47
 874 00b0 13       		.uleb128 0x13
 875 00b1 3A       		.uleb128 0x3a
 876 00b2 0B       		.uleb128 0xb
 877 00b3 3B       		.uleb128 0x3b
 878 00b4 0B       		.uleb128 0xb
 879 00b5 39       		.uleb128 0x39
 880 00b6 0B       		.uleb128 0xb
 881 00b7 02       		.uleb128 0x2
 882 00b8 18       		.uleb128 0x18
 883 00b9 00       		.byte	0
 884 00ba 00       		.byte	0
 885 00bb 0E       		.uleb128 0xe
 886 00bc 2E       		.uleb128 0x2e
 887 00bd 00       		.byte	0
 888 00be 3F       		.uleb128 0x3f
 889 00bf 19       		.uleb128 0x19
 890 00c0 03       		.uleb128 0x3
 891 00c1 0E       		.uleb128 0xe
 892 00c2 3A       		.uleb128 0x3a
 893 00c3 0B       		.uleb128 0xb
 894 00c4 3B       		.uleb128 0x3b
 895 00c5 0B       		.uleb128 0xb
 896 00c6 39       		.uleb128 0x39
 897 00c7 0B       		.uleb128 0xb
 898 00c8 27       		.uleb128 0x27
 899 00c9 19       		.uleb128 0x19
 900 00ca 11       		.uleb128 0x11
 901 00cb 01       		.uleb128 0x1
 902 00cc 12       		.uleb128 0x12
 903 00cd 06       		.uleb128 0x6
 904 00ce 40       		.uleb128 0x40
 905 00cf 18       		.uleb128 0x18
 906 00d0 7A       		.uleb128 0x7a
 907 00d1 19       		.uleb128 0x19
 908 00d2 00       		.byte	0
 909 00d3 00       		.byte	0
 910 00d4 0F       		.uleb128 0xf
 911 00d5 2E       		.uleb128 0x2e
 912 00d6 01       		.byte	0x1
ARM GAS  /tmp/ccuIEQ3E.s 			page 17


 913 00d7 3F       		.uleb128 0x3f
 914 00d8 19       		.uleb128 0x19
 915 00d9 03       		.uleb128 0x3
 916 00da 0E       		.uleb128 0xe
 917 00db 3A       		.uleb128 0x3a
 918 00dc 0B       		.uleb128 0xb
 919 00dd 3B       		.uleb128 0x3b
 920 00de 0B       		.uleb128 0xb
 921 00df 39       		.uleb128 0x39
 922 00e0 0B       		.uleb128 0xb
 923 00e1 27       		.uleb128 0x27
 924 00e2 19       		.uleb128 0x19
 925 00e3 11       		.uleb128 0x11
 926 00e4 01       		.uleb128 0x1
 927 00e5 12       		.uleb128 0x12
 928 00e6 06       		.uleb128 0x6
 929 00e7 40       		.uleb128 0x40
 930 00e8 18       		.uleb128 0x18
 931 00e9 7A       		.uleb128 0x7a
 932 00ea 19       		.uleb128 0x19
 933 00eb 01       		.uleb128 0x1
 934 00ec 13       		.uleb128 0x13
 935 00ed 00       		.byte	0
 936 00ee 00       		.byte	0
 937 00ef 10       		.uleb128 0x10
 938 00f0 1D       		.uleb128 0x1d
 939 00f1 00       		.byte	0
 940 00f2 31       		.uleb128 0x31
 941 00f3 13       		.uleb128 0x13
 942 00f4 52       		.uleb128 0x52
 943 00f5 01       		.uleb128 0x1
 944 00f6 B842     		.uleb128 0x2138
 945 00f8 0B       		.uleb128 0xb
 946 00f9 55       		.uleb128 0x55
 947 00fa 17       		.uleb128 0x17
 948 00fb 58       		.uleb128 0x58
 949 00fc 0B       		.uleb128 0xb
 950 00fd 59       		.uleb128 0x59
 951 00fe 0B       		.uleb128 0xb
 952 00ff 57       		.uleb128 0x57
 953 0100 0B       		.uleb128 0xb
 954 0101 00       		.byte	0
 955 0102 00       		.byte	0
 956 0103 11       		.uleb128 0x11
 957 0104 2E       		.uleb128 0x2e
 958 0105 00       		.byte	0
 959 0106 03       		.uleb128 0x3
 960 0107 0E       		.uleb128 0xe
 961 0108 3A       		.uleb128 0x3a
 962 0109 0B       		.uleb128 0xb
 963 010a 3B       		.uleb128 0x3b
 964 010b 0B       		.uleb128 0xb
 965 010c 39       		.uleb128 0x39
 966 010d 0B       		.uleb128 0xb
 967 010e 27       		.uleb128 0x27
 968 010f 19       		.uleb128 0x19
 969 0110 20       		.uleb128 0x20
ARM GAS  /tmp/ccuIEQ3E.s 			page 18


 970 0111 0B       		.uleb128 0xb
 971 0112 00       		.byte	0
 972 0113 00       		.byte	0
 973 0114 00       		.byte	0
 974              		.section	.debug_aranges,"",%progbits
 975 0000 24000000 		.4byte	0x24
 976 0004 0200     		.2byte	0x2
 977 0006 00000000 		.4byte	.Ldebug_info0
 978 000a 04       		.byte	0x4
 979 000b 00       		.byte	0
 980 000c 0000     		.2byte	0
 981 000e 0000     		.2byte	0
 982 0010 00000000 		.4byte	.LFB224
 983 0014 64000000 		.4byte	.LFE224-.LFB224
 984 0018 00000000 		.4byte	.LFB225
 985 001c C0000000 		.4byte	.LFE225-.LFB225
 986 0020 00000000 		.4byte	0
 987 0024 00000000 		.4byte	0
 988              		.section	.debug_rnglists,"",%progbits
 989              	.Ldebug_ranges0:
 990 0000 25000000 		.4byte	.Ldebug_ranges3-.Ldebug_ranges2
 991              	.Ldebug_ranges2:
 992 0004 0500     		.2byte	0x5
 993 0006 04       		.byte	0x4
 994 0007 00       		.byte	0
 995 0008 00000000 		.4byte	0
 996              	.LLRL0:
 997 000c 05       		.byte	0x5
 998 000d 18000000 		.4byte	.LBB4
 999 0011 04       		.byte	0x4
 1000 0012 00       		.uleb128 .LBB4-.LBB4
 1001 0013 02       		.uleb128 .LBE4-.LBB4
 1002 0014 04       		.byte	0x4
 1003 0015 18       		.uleb128 .LBB8-.LBB4
 1004 0016 36       		.uleb128 .LBE8-.LBB4
 1005 0017 04       		.byte	0x4
 1006 0018 3A       		.uleb128 .LBB9-.LBB4
 1007 0019 42       		.uleb128 .LBE9-.LBB4
 1008 001a 00       		.byte	0
 1009              	.LLRL1:
 1010 001b 07       		.byte	0x7
 1011 001c 00000000 		.4byte	.LFB224
 1012 0020 64       		.uleb128 .LFE224-.LFB224
 1013 0021 07       		.byte	0x7
 1014 0022 00000000 		.4byte	.LFB225
 1015 0026 C001     		.uleb128 .LFE225-.LFB225
 1016 0028 00       		.byte	0
 1017              	.Ldebug_ranges3:
 1018              		.section	.debug_line,"",%progbits
 1019              	.Ldebug_line0:
 1020 0000 2F040000 		.section	.debug_str,"MS",%progbits,1
 1020      0300DE01 
 1020      00000201 
 1020      FB0E0D00 
 1020      01010101 
 1021              	.LASF9:
 1022 0000 6C6F6E67 		.ascii	"long long int\000"
ARM GAS  /tmp/ccuIEQ3E.s 			page 19


 1022      206C6F6E 
 1022      6720696E 
 1022      7400
 1023              	.LASF41:
 1024 000e 42444352 		.ascii	"BDCR\000"
 1024      00
 1025              	.LASF6:
 1026 0013 73697A65 		.ascii	"size_t\000"
 1026      5F7400
 1027              	.LASF19:
 1028 001a 43464752 		.ascii	"CFGR\000"
 1028      00
 1029              	.LASF43:
 1030 001f 53534347 		.ascii	"SSCGR\000"
 1030      5200
 1031              	.LASF16:
 1032 0025 464C4153 		.ascii	"FLASH_TypeDef\000"
 1032      485F5479 
 1032      70654465 
 1032      6600
 1033              	.LASF34:
 1034 0033 41484231 		.ascii	"AHB1LPENR\000"
 1034      4C50454E 
 1034      5200
 1035              	.LASF22:
 1036 003d 41484233 		.ascii	"AHB3RSTR\000"
 1036      52535452 
 1036      00
 1037              	.LASF3:
 1038 0046 73686F72 		.ascii	"short int\000"
 1038      7420696E 
 1038      7400
 1039              	.LASF23:
 1040 0050 52455345 		.ascii	"RESERVED0\000"
 1040      52564544 
 1040      3000
 1041              	.LASF26:
 1042 005a 52455345 		.ascii	"RESERVED1\000"
 1042      52564544 
 1042      3100
 1043              	.LASF30:
 1044 0064 52455345 		.ascii	"RESERVED2\000"
 1044      52564544 
 1044      3200
 1045              	.LASF33:
 1046 006e 52455345 		.ascii	"RESERVED3\000"
 1046      52564544 
 1046      3300
 1047              	.LASF37:
 1048 0078 52455345 		.ascii	"RESERVED4\000"
 1048      52564544 
 1048      3400
 1049              	.LASF40:
 1050 0082 52455345 		.ascii	"RESERVED5\000"
 1050      52564544 
 1050      3500
 1051              	.LASF42:
ARM GAS  /tmp/ccuIEQ3E.s 			page 20


 1052 008c 52455345 		.ascii	"RESERVED6\000"
 1052      52564544 
 1052      3600
 1053              	.LASF28:
 1054 0096 41484232 		.ascii	"AHB2ENR\000"
 1054      454E5200 
 1055              	.LASF10:
 1056 009e 6C6F6E67 		.ascii	"long long unsigned int\000"
 1056      206C6F6E 
 1056      6720756E 
 1056      7369676E 
 1056      65642069 
 1057              	.LASF24:
 1058 00b5 41504231 		.ascii	"APB1RSTR\000"
 1058      52535452 
 1058      00
 1059              	.LASF2:
 1060 00be 756E7369 		.ascii	"unsigned char\000"
 1060      676E6564 
 1060      20636861 
 1060      7200
 1061              	.LASF15:
 1062 00cc 4F505443 		.ascii	"OPTCR1\000"
 1062      523100
 1063              	.LASF35:
 1064 00d3 41484232 		.ascii	"AHB2LPENR\000"
 1064      4C50454E 
 1064      5200
 1065              	.LASF8:
 1066 00dd 6C6F6E67 		.ascii	"long unsigned int\000"
 1066      20756E73 
 1066      69676E65 
 1066      6420696E 
 1066      7400
 1067              	.LASF4:
 1068 00ef 73686F72 		.ascii	"short unsigned int\000"
 1068      7420756E 
 1068      7369676E 
 1068      65642069 
 1068      6E7400
 1069              	.LASF13:
 1070 0102 4F50544B 		.ascii	"OPTKEYR\000"
 1070      45595200 
 1071              	.LASF17:
 1072 010a 5057525F 		.ascii	"PWR_TypeDef\000"
 1072      54797065 
 1072      44656600 
 1073              	.LASF29:
 1074 0116 41484233 		.ascii	"AHB3ENR\000"
 1074      454E5200 
 1075              	.LASF7:
 1076 011e 5F5F7569 		.ascii	"__uint32_t\000"
 1076      6E743332 
 1076      5F7400
 1077              	.LASF54:
 1078 0129 68616C5F 		.ascii	"hal_lld_backup_domain_init\000"
 1078      6C6C645F 
ARM GAS  /tmp/ccuIEQ3E.s 			page 21


 1078      6261636B 
 1078      75705F64 
 1078      6F6D6169 
 1079              	.LASF31:
 1080 0144 41504231 		.ascii	"APB1ENR\000"
 1080      454E5200 
 1081              	.LASF25:
 1082 014c 41504232 		.ascii	"APB2RSTR\000"
 1082      52535452 
 1082      00
 1083              	.LASF0:
 1084 0155 756E7369 		.ascii	"unsigned int\000"
 1084      676E6564 
 1084      20696E74 
 1084      00
 1085              	.LASF44:
 1086 0162 504C4C49 		.ascii	"PLLI2SCFGR\000"
 1086      32534346 
 1086      475200
 1087              	.LASF46:
 1088 016d 63686172 		.ascii	"char\000"
 1088      00
 1089              	.LASF38:
 1090 0172 41504231 		.ascii	"APB1LPENR\000"
 1090      4C50454E 
 1090      5200
 1091              	.LASF20:
 1092 017c 41484231 		.ascii	"AHB1RSTR\000"
 1092      52535452 
 1092      00
 1093              	.LASF36:
 1094 0185 41484233 		.ascii	"AHB3LPENR\000"
 1094      4C50454E 
 1094      5200
 1095              	.LASF32:
 1096 018f 41504232 		.ascii	"APB2ENR\000"
 1096      454E5200 
 1097              	.LASF18:
 1098 0197 504C4C43 		.ascii	"PLLCFGR\000"
 1098      46475200 
 1099              	.LASF51:
 1100 019f 53797374 		.ascii	"SystemCoreClock\000"
 1100      656D436F 
 1100      7265436C 
 1100      6F636B00 
 1101              	.LASF53:
 1102 01af 68616C5F 		.ascii	"hal_lld_init\000"
 1102      6C6C645F 
 1102      696E6974 
 1102      00
 1103              	.LASF50:
 1104 01bc 2F686F6D 		.ascii	"/home/gunnar/code/rise_sdvp/Embedded/RTCM_Forwarder"
 1104      652F6775 
 1104      6E6E6172 
 1104      2F636F64 
 1104      652F7269 
 1105 01ef 5F50726F 		.ascii	"_Project\000"
ARM GAS  /tmp/ccuIEQ3E.s 			page 22


 1105      6A656374 
 1105      00
 1106              	.LASF52:
 1107 01f8 73746D33 		.ascii	"stm32_clock_init\000"
 1107      325F636C 
 1107      6F636B5F 
 1107      696E6974 
 1107      00
 1108              	.LASF48:
 1109 0209 474E5520 		.ascii	"GNU C99 13.2.1 20231009 -mcpu=cortex-m4 -mfpu=fpv4-"
 1109      43393920 
 1109      31332E32 
 1109      2E312032 
 1109      30323331 
 1110 023c 73702D64 		.ascii	"sp-d16 -mfloat-abi=hard -mfloat-abi=hard -mfpu=fpv4"
 1110      3136202D 
 1110      6D666C6F 
 1110      61742D61 
 1110      62693D68 
 1111 026f 2D73702D 		.ascii	"-sp-d16 -mno-thumb-interwork -mthumb -march=armv7e-"
 1111      64313620 
 1111      2D6D6E6F 
 1111      2D746875 
 1111      6D622D69 
 1112 02a2 6D2B6670 		.ascii	"m+fp -ggdb -O2 -std=gnu99 -fomit-frame-pointer -fal"
 1112      202D6767 
 1112      6462202D 
 1112      4F32202D 
 1112      7374643D 
 1113 02d5 69676E2D 		.ascii	"ign-functions=16 -ffunction-sections -fdata-section"
 1113      66756E63 
 1113      74696F6E 
 1113      733D3136 
 1113      202D6666 
 1114 0308 73202D66 		.ascii	"s -fno-common -fsingle-precision-constant\000"
 1114      6E6F2D63 
 1114      6F6D6D6F 
 1114      6E202D66 
 1114      73696E67 
 1115              	.LASF39:
 1116 0332 41504232 		.ascii	"APB2LPENR\000"
 1116      4C50454E 
 1116      5200
 1117              	.LASF45:
 1118 033c 5243435F 		.ascii	"RCC_TypeDef\000"
 1118      54797065 
 1118      44656600 
 1119              	.LASF11:
 1120 0348 75696E74 		.ascii	"uint32_t\000"
 1120      33325F74 
 1120      00
 1121              	.LASF5:
 1122 0351 6C6F6E67 		.ascii	"long int\000"
 1122      20696E74 
 1122      00
 1123              	.LASF12:
 1124 035a 4B455952 		.ascii	"KEYR\000"
ARM GAS  /tmp/ccuIEQ3E.s 			page 23


 1124      00
 1125              	.LASF21:
 1126 035f 41484232 		.ascii	"AHB2RSTR\000"
 1126      52535452 
 1126      00
 1127              	.LASF1:
 1128 0368 7369676E 		.ascii	"signed char\000"
 1128      65642063 
 1128      68617200 
 1129              	.LASF14:
 1130 0374 4F505443 		.ascii	"OPTCR\000"
 1130      5200
 1131              	.LASF49:
 1132 037a 2E2E2F52 		.ascii	"../RC_Controller/ChibiOS_3.0.5/os/hal/ports/STM32/S"
 1132      435F436F 
 1132      6E74726F 
 1132      6C6C6572 
 1132      2F436869 
 1133 03ad 544D3332 		.ascii	"TM32F4xx/hal_lld.c\000"
 1133      46347878 
 1133      2F68616C 
 1133      5F6C6C64 
 1133      2E6300
 1134              	.LASF47:
 1135 03c0 5F426F6F 		.ascii	"_Bool\000"
 1135      6C00
 1136              	.LASF27:
 1137 03c6 41484231 		.ascii	"AHB1ENR\000"
 1137      454E5200 
 1138              		.ident	"GCC: (Arm GNU Toolchain 13.2.rel1 (Build arm-13.7)) 13.2.1 20231009"
ARM GAS  /tmp/ccuIEQ3E.s 			page 24


DEFINED SYMBOLS
                            *ABS*:00000000 hal_lld.c
     /tmp/ccuIEQ3E.s:21     .text.hal_lld_init:00000000 $t
     /tmp/ccuIEQ3E.s:28     .text.hal_lld_init:00000000 hal_lld_init
     /tmp/ccuIEQ3E.s:131    .text.hal_lld_init:0000005c $d
     /tmp/ccuIEQ3E.s:137    .text.stm32_clock_init:00000000 $t
     /tmp/ccuIEQ3E.s:144    .text.stm32_clock_init:00000000 stm32_clock_init
     /tmp/ccuIEQ3E.s:313    .text.stm32_clock_init:000000ac $d
     /tmp/ccuIEQ3E.s:326    .data.SystemCoreClock:00000000 SystemCoreClock
     /tmp/ccuIEQ3E.s:323    .data.SystemCoreClock:00000000 $d

NO UNDEFINED SYMBOLS
