ARM GAS  /tmp/ccj3qbeC.s 			page 1


   1              		.cpu cortex-m4
   2              		.arch armv7e-m
   3              		.fpu fpv4-sp-d16
   4              		.eabi_attribute 27, 1
   5              		.eabi_attribute 28, 1
   6              		.eabi_attribute 20, 1
   7              		.eabi_attribute 21, 1
   8              		.eabi_attribute 23, 3
   9              		.eabi_attribute 24, 1
  10              		.eabi_attribute 25, 1
  11              		.eabi_attribute 26, 1
  12              		.eabi_attribute 30, 2
  13              		.eabi_attribute 34, 1
  14              		.eabi_attribute 18, 4
  15              		.file	"nvic.c"
  16              		.text
  17              	.Ltext0:
  18              		.cfi_sections	.debug_frame
  19              		.file 1 "../RC_Controller/ChibiOS_3.0.5/os/hal/ports/common/ARMCMx/nvic.c"
  20              		.section	.text.nvicEnableVector,"ax",%progbits
  21              		.align	1
  22              		.p2align 4,,15
  23              		.global	nvicEnableVector
  24              		.syntax unified
  25              		.thumb
  26              		.thumb_func
  27              		.type	nvicEnableVector, %function
  28              	nvicEnableVector:
  29              	.LVL0:
  30              	.LFB223:
  31              		.loc 1 57 50 view -0
  32              		.cfi_startproc
  33              		@ args = 0, pretend = 0, frame = 0
  34              		@ frame_needed = 0, uses_anonymous_args = 0
  35              		@ link register save eliminated.
  36              		.loc 1 63 3 view .LVU1
  37              		.loc 1 65 16 is_stmt 0 view .LVU2
  38 0000 4309     		lsrs	r3, r0, #5
  39 0002 9B00     		lsls	r3, r3, #2
  40              		.loc 1 63 15 view .LVU3
  41 0004 00F1604C 		add	ip, r0, #-536870912
  42 0008 03F16043 		add	r3, r3, #-536870912
  43 000c 03F56143 		add	r3, r3, #57600
  44              		.loc 1 63 17 view .LVU4
  45 0010 0901     		lsls	r1, r1, #4
  46              	.LVL1:
  47              		.loc 1 63 15 view .LVU5
  48 0012 0CF5614C 		add	ip, ip, #57600
  49              		.loc 1 65 34 view .LVU6
  50 0016 00F01F00 		and	r0, r0, #31
  51              	.LVL2:
  52              		.loc 1 65 28 view .LVU7
  53 001a 0122     		movs	r2, #1
  54 001c 8240     		lsls	r2, r2, r0
  55              		.loc 1 63 17 view .LVU8
  56 001e C9B2     		uxtb	r1, r1
  57              		.loc 1 63 15 view .LVU9
ARM GAS  /tmp/ccj3qbeC.s 			page 2


  58 0020 8CF80013 		strb	r1, [ip, #768]
  59              		.loc 1 65 3 is_stmt 1 view .LVU10
  60              		.loc 1 65 23 is_stmt 0 view .LVU11
  61 0024 C3F88021 		str	r2, [r3, #384]
  62              		.loc 1 66 3 is_stmt 1 view .LVU12
  63              		.loc 1 66 23 is_stmt 0 view .LVU13
  64 0028 1A60     		str	r2, [r3]
  65              		.loc 1 67 1 view .LVU14
  66 002a 7047     		bx	lr
  67              		.cfi_endproc
  68              	.LFE223:
  69              		.size	nvicEnableVector, .-nvicEnableVector
  70              		.section	.text.nvicDisableVector,"ax",%progbits
  71              		.align	1
  72              		.p2align 4,,15
  73              		.global	nvicDisableVector
  74              		.syntax unified
  75              		.thumb
  76              		.thumb_func
  77              		.type	nvicDisableVector, %function
  78              	nvicDisableVector:
  79              	.LVL3:
  80              	.LFB224:
  81              		.loc 1 74 36 is_stmt 1 view -0
  82              		.cfi_startproc
  83              		@ args = 0, pretend = 0, frame = 0
  84              		@ frame_needed = 0, uses_anonymous_args = 0
  85              		@ link register save eliminated.
  86              		.loc 1 76 3 view .LVU16
  87              		.loc 1 76 23 is_stmt 0 view .LVU17
  88 0000 0749     		ldr	r1, .L4
  89              		.loc 1 76 16 view .LVU18
  90 0002 4309     		lsrs	r3, r0, #5
  91              		.loc 1 76 34 view .LVU19
  92 0004 00F01F0C 		and	ip, r0, #31
  93              		.loc 1 76 28 view .LVU20
  94 0008 0122     		movs	r2, #1
  95              		.loc 1 76 23 view .LVU21
  96 000a 2033     		adds	r3, r3, #32
  97              		.loc 1 80 15 view .LVU22
  98 000c 0844     		add	r0, r0, r1
  99              	.LVL4:
 100              		.loc 1 76 28 view .LVU23
 101 000e 02FA0CF2 		lsl	r2, r2, ip
 102              		.loc 1 80 15 view .LVU24
 103 0012 4FF0000C 		mov	ip, #0
 104              		.loc 1 76 23 view .LVU25
 105 0016 41F82320 		str	r2, [r1, r3, lsl #2]
 106              		.loc 1 80 3 is_stmt 1 view .LVU26
 107              		.loc 1 80 15 is_stmt 0 view .LVU27
 108 001a 80F800C3 		strb	ip, [r0, #768]
 109              		.loc 1 82 1 view .LVU28
 110 001e 7047     		bx	lr
 111              	.L5:
 112              		.align	2
 113              	.L4:
 114 0020 00E100E0 		.word	-536813312
ARM GAS  /tmp/ccj3qbeC.s 			page 3


 115              		.cfi_endproc
 116              	.LFE224:
 117              		.size	nvicDisableVector, .-nvicDisableVector
 118              		.section	.text.nvicSetSystemHandlerPriority,"ax",%progbits
 119              		.align	1
 120              		.p2align 4,,15
 121              		.global	nvicSetSystemHandlerPriority
 122              		.syntax unified
 123              		.thumb
 124              		.thumb_func
 125              		.type	nvicSetSystemHandlerPriority, %function
 126              	nvicSetSystemHandlerPriority:
 127              	.LVL5:
 128              	.LFB225:
 129              		.loc 1 90 68 is_stmt 1 view -0
 130              		.cfi_startproc
 131              		@ args = 0, pretend = 0, frame = 0
 132              		@ frame_needed = 0, uses_anonymous_args = 0
 133              		.loc 1 92 3 view .LVU30
 134              		.loc 1 92 3 view .LVU31
 135              		.loc 1 92 3 discriminator 1 view .LVU32
 136 0000 0B28     		cmp	r0, #11
 137              		.loc 1 90 68 is_stmt 0 view .LVU33
 138 0002 38B5     		push	{r3, r4, r5, lr}
 139              		.cfi_def_cfa_offset 16
 140              		.cfi_offset 3, -16
 141              		.cfi_offset 4, -12
 142              		.cfi_offset 5, -8
 143              		.cfi_offset 14, -4
 144              		.loc 1 90 68 view .LVU34
 145 0004 0446     		mov	r4, r0
 146 0006 0D46     		mov	r5, r1
 147              		.loc 1 92 3 discriminator 1 view .LVU35
 148 0008 07D8     		bhi	.L9
 149              	.LVL6:
 150              	.L7:
 151              		.loc 1 92 3 is_stmt 1 discriminator 5 view .LVU36
 152              		.loc 1 100 3 view .LVU37
 153              		.loc 1 100 21 is_stmt 0 view .LVU38
 154 000a 04F16040 		add	r0, r4, #-536870912
 155              		.loc 1 100 23 view .LVU39
 156 000e 2D01     		lsls	r5, r5, #4
 157              	.LVL7:
 158              		.loc 1 100 21 view .LVU40
 159 0010 00F56D40 		add	r0, r0, #60672
 160              		.loc 1 100 23 view .LVU41
 161 0014 EDB2     		uxtb	r5, r5
 162              		.loc 1 100 21 view .LVU42
 163 0016 0576     		strb	r5, [r0, #24]
 164              		.loc 1 102 1 view .LVU43
 165 0018 38BD     		pop	{r3, r4, r5, pc}
 166              	.LVL8:
 167              	.L9:
 168              		.loc 1 92 3 is_stmt 1 discriminator 3 view .LVU44
 169 001a 0248     		ldr	r0, .L10
 170              	.LVL9:
 171              		.loc 1 92 3 is_stmt 0 discriminator 3 view .LVU45
ARM GAS  /tmp/ccj3qbeC.s 			page 4


 172 001c FFF7FEFF 		bl	chSysHalt
 173              	.LVL10:
 174              		.loc 1 92 3 discriminator 3 view .LVU46
 175 0020 F3E7     		b	.L7
 176              	.L11:
 177 0022 00BF     		.align	2
 178              	.L10:
 179 0024 00000000 		.word	__func__.0
 180              		.cfi_endproc
 181              	.LFE225:
 182              		.size	nvicSetSystemHandlerPriority, .-nvicSetSystemHandlerPriority
 183              		.section	.text.nvicClearPending,"ax",%progbits
 184              		.align	1
 185              		.p2align 4,,15
 186              		.global	nvicClearPending
 187              		.syntax unified
 188              		.thumb
 189              		.thumb_func
 190              		.type	nvicClearPending, %function
 191              	nvicClearPending:
 192              	.LVL11:
 193              	.LFB226:
 194              		.loc 1 109 35 is_stmt 1 view -0
 195              		.cfi_startproc
 196              		@ args = 0, pretend = 0, frame = 0
 197              		@ frame_needed = 0, uses_anonymous_args = 0
 198              		@ link register save eliminated.
 199              		.loc 1 111 3 view .LVU48
 200              		.loc 1 111 16 is_stmt 0 view .LVU49
 201 0000 4309     		lsrs	r3, r0, #5
 202              		.loc 1 111 22 view .LVU50
 203 0002 0449     		ldr	r1, .L13
 204              		.loc 1 111 32 view .LVU51
 205 0004 00F01F00 		and	r0, r0, #31
 206              	.LVL12:
 207              		.loc 1 111 26 view .LVU52
 208 0008 0122     		movs	r2, #1
 209              		.loc 1 111 22 view .LVU53
 210 000a 6033     		adds	r3, r3, #96
 211              		.loc 1 111 26 view .LVU54
 212 000c 8240     		lsls	r2, r2, r0
 213              		.loc 1 111 22 view .LVU55
 214 000e 41F82320 		str	r2, [r1, r3, lsl #2]
 215              		.loc 1 112 1 view .LVU56
 216 0012 7047     		bx	lr
 217              	.L14:
 218              		.align	2
 219              	.L13:
 220 0014 00E100E0 		.word	-536813312
 221              		.cfi_endproc
 222              	.LFE226:
 223              		.size	nvicClearPending, .-nvicClearPending
 224              		.section	.rodata.__func__.0,"a"
 225              		.align	2
 226              		.type	__func__.0, %object
 227              		.size	__func__.0, 29
 228              	__func__.0:
ARM GAS  /tmp/ccj3qbeC.s 			page 5


 229 0000 6E766963 		.ascii	"nvicSetSystemHandlerPriority\000"
 229      53657453 
 229      79737465 
 229      6D48616E 
 229      646C6572 
 230              		.text
 231              	.Letext0:
 232              		.file 2 "/opt/arm-gnu-toolchain-13.2.Rel1-x86_64-arm-none-eabi/arm-none-eabi/include/machine/_defa
 233              		.file 3 "/opt/arm-gnu-toolchain-13.2.Rel1-x86_64-arm-none-eabi/arm-none-eabi/include/sys/_stdint.h
 234              		.file 4 "../RC_Controller/ChibiOS_3.0.5/os/ext/CMSIS/include/core_cm4.h"
 235              		.file 5 "../RC_Controller/ChibiOS_3.0.5/os/rt/include/chsys.h"
 236              		.section	.debug_info,"",%progbits
 237              	.Ldebug_info0:
 238 0000 68040000 		.4byte	0x468
 239 0004 0500     		.2byte	0x5
 240 0006 01       		.byte	0x1
 241 0007 04       		.byte	0x4
 242 0008 00000000 		.4byte	.Ldebug_abbrev0
 243 000c 0E       		.uleb128 0xe
 244 000d FB010000 		.4byte	.LASF48
 245 0011 0C       		.byte	0xc
 246 0012 B8000000 		.4byte	.LASF49
 247 0016 BF010000 		.4byte	.LASF50
 248 001a 0C000000 		.4byte	.LLRL6
 249 001e 00000000 		.4byte	0
 250 0022 00000000 		.4byte	.Ldebug_line0
 251 0026 02       		.uleb128 0x2
 252 0027 08       		.byte	0x8
 253 0028 07       		.byte	0x7
 254 0029 71000000 		.4byte	.LASF0
 255 002d 02       		.uleb128 0x2
 256 002e 04       		.byte	0x4
 257 002f 07       		.byte	0x7
 258 0030 49010000 		.4byte	.LASF1
 259 0034 0F       		.uleb128 0xf
 260 0035 04       		.byte	0x4
 261 0036 05       		.byte	0x5
 262 0037 696E7400 		.ascii	"int\000"
 263 003b 02       		.uleb128 0x2
 264 003c 01       		.byte	0x1
 265 003d 06       		.byte	0x6
 266 003e 46030000 		.4byte	.LASF2
 267 0042 09       		.uleb128 0x9
 268 0043 0A000000 		.4byte	.LASF7
 269 0047 02       		.byte	0x2
 270 0048 2B       		.byte	0x2b
 271 0049 18       		.byte	0x18
 272 004a 4E000000 		.4byte	0x4e
 273 004e 02       		.uleb128 0x2
 274 004f 01       		.byte	0x1
 275 0050 08       		.byte	0x8
 276 0051 88000000 		.4byte	.LASF3
 277 0055 02       		.uleb128 0x2
 278 0056 02       		.byte	0x2
 279 0057 05       		.byte	0x5
 280 0058 36000000 		.4byte	.LASF4
 281 005c 02       		.uleb128 0x2
ARM GAS  /tmp/ccj3qbeC.s 			page 6


 282 005d 02       		.byte	0x2
 283 005e 07       		.byte	0x7
 284 005f A5000000 		.4byte	.LASF5
 285 0063 02       		.uleb128 0x2
 286 0064 04       		.byte	0x4
 287 0065 05       		.byte	0x5
 288 0066 33030000 		.4byte	.LASF6
 289 006a 09       		.uleb128 0x9
 290 006b 2B010000 		.4byte	.LASF8
 291 006f 02       		.byte	0x2
 292 0070 4F       		.byte	0x4f
 293 0071 19       		.byte	0x19
 294 0072 76000000 		.4byte	0x76
 295 0076 02       		.uleb128 0x2
 296 0077 04       		.byte	0x4
 297 0078 07       		.byte	0x7
 298 0079 70010000 		.4byte	.LASF9
 299 007d 02       		.uleb128 0x2
 300 007e 08       		.byte	0x8
 301 007f 05       		.byte	0x5
 302 0080 9B010000 		.4byte	.LASF10
 303 0084 09       		.uleb128 0x9
 304 0085 93010000 		.4byte	.LASF11
 305 0089 03       		.byte	0x3
 306 008a 18       		.byte	0x18
 307 008b 13       		.byte	0x13
 308 008c 42000000 		.4byte	0x42
 309 0090 05       		.uleb128 0x5
 310 0091 84000000 		.4byte	0x84
 311 0095 09       		.uleb128 0x9
 312 0096 2A030000 		.4byte	.LASF12
 313 009a 03       		.byte	0x3
 314 009b 30       		.byte	0x30
 315 009c 14       		.byte	0x14
 316 009d 6A000000 		.4byte	0x6a
 317 00a1 05       		.uleb128 0x5
 318 00a2 95000000 		.4byte	0x95
 319 00a6 07       		.uleb128 0x7
 320 00a7 A1000000 		.4byte	0xa1
 321 00ab 10       		.uleb128 0x10
 322 00ac 040E     		.2byte	0xe04
 323 00ae 04       		.byte	0x4
 324 00af 5001     		.2byte	0x150
 325 00b1 09       		.byte	0x9
 326 00b2 5D010000 		.4byte	0x15d
 327 00b6 01       		.uleb128 0x1
 328 00b7 B5010000 		.4byte	.LASF13
 329 00bb 5201     		.2byte	0x152
 330 00bd 6D010000 		.4byte	0x16d
 331 00c1 00       		.byte	0
 332 00c2 01       		.uleb128 0x1
 333 00c3 40000000 		.4byte	.LASF14
 334 00c7 5301     		.2byte	0x153
 335 00c9 72010000 		.4byte	0x172
 336 00cd 20       		.byte	0x20
 337 00ce 01       		.uleb128 0x1
 338 00cf 36010000 		.4byte	.LASF15
ARM GAS  /tmp/ccj3qbeC.s 			page 7


 339 00d3 5401     		.2byte	0x154
 340 00d5 6D010000 		.4byte	0x16d
 341 00d9 80       		.byte	0x80
 342 00da 01       		.uleb128 0x1
 343 00db 82010000 		.4byte	.LASF16
 344 00df 5501     		.2byte	0x155
 345 00e1 72010000 		.4byte	0x172
 346 00e5 A0       		.byte	0xa0
 347 00e6 06       		.uleb128 0x6
 348 00e7 56010000 		.4byte	.LASF17
 349 00eb 5601     		.2byte	0x156
 350 00ed 6D010000 		.4byte	0x16d
 351 00f1 0001     		.2byte	0x100
 352 00f3 06       		.uleb128 0x6
 353 00f4 79030000 		.4byte	.LASF18
 354 00f8 5701     		.2byte	0x157
 355 00fa 72010000 		.4byte	0x172
 356 00fe 2001     		.2byte	0x120
 357 0100 06       		.uleb128 0x6
 358 0101 05000000 		.4byte	.LASF19
 359 0105 5801     		.2byte	0x158
 360 0107 6D010000 		.4byte	0x16d
 361 010b 8001     		.2byte	0x180
 362 010d 06       		.uleb128 0x6
 363 010e 4A000000 		.4byte	.LASF20
 364 0112 5901     		.2byte	0x159
 365 0114 72010000 		.4byte	0x172
 366 0118 A001     		.2byte	0x1a0
 367 011a 06       		.uleb128 0x6
 368 011b 6F030000 		.4byte	.LASF21
 369 011f 5A01     		.2byte	0x15a
 370 0121 6D010000 		.4byte	0x16d
 371 0125 0002     		.2byte	0x200
 372 0127 06       		.uleb128 0x6
 373 0128 54000000 		.4byte	.LASF22
 374 012c 5B01     		.2byte	0x15b
 375 012e 82010000 		.4byte	0x182
 376 0132 2002     		.2byte	0x220
 377 0134 11       		.uleb128 0x11
 378 0135 495000   		.ascii	"IP\000"
 379 0138 04       		.byte	0x4
 380 0139 5C01     		.2byte	0x15c
 381 013b 11       		.byte	0x11
 382 013c A2010000 		.4byte	0x1a2
 383 0140 0003     		.2byte	0x300
 384 0142 06       		.uleb128 0x6
 385 0143 5E000000 		.4byte	.LASF23
 386 0147 5D01     		.2byte	0x15d
 387 0149 A7010000 		.4byte	0x1a7
 388 014d F003     		.2byte	0x3f0
 389 014f 06       		.uleb128 0x6
 390 0150 A0000000 		.4byte	.LASF24
 391 0154 5E01     		.2byte	0x15e
 392 0156 A1000000 		.4byte	0xa1
 393 015a 000E     		.2byte	0xe00
 394 015c 00       		.byte	0
 395 015d 03       		.uleb128 0x3
ARM GAS  /tmp/ccj3qbeC.s 			page 8


 396 015e A1000000 		.4byte	0xa1
 397 0162 6D010000 		.4byte	0x16d
 398 0166 04       		.uleb128 0x4
 399 0167 2D000000 		.4byte	0x2d
 400 016b 07       		.byte	0x7
 401 016c 00       		.byte	0
 402 016d 05       		.uleb128 0x5
 403 016e 5D010000 		.4byte	0x15d
 404 0172 03       		.uleb128 0x3
 405 0173 95000000 		.4byte	0x95
 406 0177 82010000 		.4byte	0x182
 407 017b 04       		.uleb128 0x4
 408 017c 2D000000 		.4byte	0x2d
 409 0180 17       		.byte	0x17
 410 0181 00       		.byte	0
 411 0182 03       		.uleb128 0x3
 412 0183 95000000 		.4byte	0x95
 413 0187 92010000 		.4byte	0x192
 414 018b 04       		.uleb128 0x4
 415 018c 2D000000 		.4byte	0x2d
 416 0190 37       		.byte	0x37
 417 0191 00       		.byte	0
 418 0192 03       		.uleb128 0x3
 419 0193 90000000 		.4byte	0x90
 420 0197 A2010000 		.4byte	0x1a2
 421 019b 04       		.uleb128 0x4
 422 019c 2D000000 		.4byte	0x2d
 423 01a0 EF       		.byte	0xef
 424 01a1 00       		.byte	0
 425 01a2 05       		.uleb128 0x5
 426 01a3 92010000 		.4byte	0x192
 427 01a7 03       		.uleb128 0x3
 428 01a8 95000000 		.4byte	0x95
 429 01ac B8010000 		.4byte	0x1b8
 430 01b0 12       		.uleb128 0x12
 431 01b1 2D000000 		.4byte	0x2d
 432 01b5 8302     		.2byte	0x283
 433 01b7 00       		.byte	0
 434 01b8 0D       		.uleb128 0xd
 435 01b9 96000000 		.4byte	.LASF25
 436 01bd 5F01     		.2byte	0x15f
 437 01bf 04       		.byte	0x4
 438 01c0 AB000000 		.4byte	0xab
 439 01c4 13       		.uleb128 0x13
 440 01c5 8C       		.byte	0x8c
 441 01c6 04       		.byte	0x4
 442 01c7 7001     		.2byte	0x170
 443 01c9 09       		.byte	0x9
 444 01ca CB020000 		.4byte	0x2cb
 445 01ce 01       		.uleb128 0x1
 446 01cf A9010000 		.4byte	.LASF26
 447 01d3 7201     		.2byte	0x172
 448 01d5 A6000000 		.4byte	0xa6
 449 01d9 00       		.byte	0
 450 01da 01       		.uleb128 0x1
 451 01db 65010000 		.4byte	.LASF27
 452 01df 7301     		.2byte	0x173
ARM GAS  /tmp/ccj3qbeC.s 			page 9


 453 01e1 A1000000 		.4byte	0xa1
 454 01e5 04       		.byte	0x4
 455 01e6 01       		.uleb128 0x1
 456 01e7 31000000 		.4byte	.LASF28
 457 01eb 7401     		.2byte	0x174
 458 01ed A1000000 		.4byte	0xa1
 459 01f1 08       		.byte	0x8
 460 01f2 01       		.uleb128 0x1
 461 01f3 6A010000 		.4byte	.LASF29
 462 01f7 7501     		.2byte	0x175
 463 01f9 A1000000 		.4byte	0xa1
 464 01fd 0C       		.byte	0xc
 465 01fe 08       		.uleb128 0x8
 466 01ff 53435200 		.ascii	"SCR\000"
 467 0203 7601     		.2byte	0x176
 468 0205 A1000000 		.4byte	0xa1
 469 0209 10       		.byte	0x10
 470 020a 08       		.uleb128 0x8
 471 020b 43435200 		.ascii	"CCR\000"
 472 020f 7701     		.2byte	0x177
 473 0211 A1000000 		.4byte	0xa1
 474 0215 14       		.byte	0x14
 475 0216 08       		.uleb128 0x8
 476 0217 53485000 		.ascii	"SHP\000"
 477 021b 7801     		.2byte	0x178
 478 021d DB020000 		.4byte	0x2db
 479 0221 18       		.byte	0x18
 480 0222 01       		.uleb128 0x1
 481 0223 24030000 		.4byte	.LASF30
 482 0227 7901     		.2byte	0x179
 483 0229 A1000000 		.4byte	0xa1
 484 022d 24       		.byte	0x24
 485 022e 01       		.uleb128 0x1
 486 022f 10010000 		.4byte	.LASF31
 487 0233 7A01     		.2byte	0x17a
 488 0235 A1000000 		.4byte	0xa1
 489 0239 28       		.byte	0x28
 490 023a 01       		.uleb128 0x1
 491 023b 15010000 		.4byte	.LASF32
 492 023f 7B01     		.2byte	0x17b
 493 0241 A1000000 		.4byte	0xa1
 494 0245 2C       		.byte	0x2c
 495 0246 01       		.uleb128 0x1
 496 0247 5B010000 		.4byte	.LASF33
 497 024b 7C01     		.2byte	0x17c
 498 024d A1000000 		.4byte	0xa1
 499 0251 30       		.byte	0x30
 500 0252 01       		.uleb128 0x1
 501 0253 F9000000 		.4byte	.LASF34
 502 0257 7D01     		.2byte	0x17d
 503 0259 A1000000 		.4byte	0xa1
 504 025d 34       		.byte	0x34
 505 025e 01       		.uleb128 0x1
 506 025f 74030000 		.4byte	.LASF35
 507 0263 7E01     		.2byte	0x17e
 508 0265 A1000000 		.4byte	0xa1
 509 0269 38       		.byte	0x38
ARM GAS  /tmp/ccj3qbeC.s 			page 10


 510 026a 01       		.uleb128 0x1
 511 026b BA010000 		.4byte	.LASF36
 512 026f 7F01     		.2byte	0x17f
 513 0271 A1000000 		.4byte	0xa1
 514 0275 3C       		.byte	0x3c
 515 0276 08       		.uleb128 0x8
 516 0277 50465200 		.ascii	"PFR\000"
 517 027b 8001     		.2byte	0x180
 518 027d F5020000 		.4byte	0x2f5
 519 0281 40       		.byte	0x40
 520 0282 08       		.uleb128 0x8
 521 0283 44465200 		.ascii	"DFR\000"
 522 0287 8101     		.2byte	0x181
 523 0289 A6000000 		.4byte	0xa6
 524 028d 48       		.byte	0x48
 525 028e 08       		.uleb128 0x8
 526 028f 41445200 		.ascii	"ADR\000"
 527 0293 8201     		.2byte	0x182
 528 0295 A6000000 		.4byte	0xa6
 529 0299 4C       		.byte	0x4c
 530 029a 01       		.uleb128 0x1
 531 029b 14000000 		.4byte	.LASF37
 532 029f 8301     		.2byte	0x183
 533 02a1 0F030000 		.4byte	0x30f
 534 02a5 50       		.byte	0x50
 535 02a6 01       		.uleb128 0x1
 536 02a7 3B010000 		.4byte	.LASF38
 537 02ab 8401     		.2byte	0x184
 538 02ad 29030000 		.4byte	0x329
 539 02b1 60       		.byte	0x60
 540 02b2 01       		.uleb128 0x1
 541 02b3 40000000 		.4byte	.LASF14
 542 02b7 8501     		.2byte	0x185
 543 02b9 2E030000 		.4byte	0x32e
 544 02bd 74       		.byte	0x74
 545 02be 01       		.uleb128 0x1
 546 02bf AF010000 		.4byte	.LASF39
 547 02c3 8601     		.2byte	0x186
 548 02c5 A1000000 		.4byte	0xa1
 549 02c9 88       		.byte	0x88
 550 02ca 00       		.byte	0
 551 02cb 03       		.uleb128 0x3
 552 02cc 90000000 		.4byte	0x90
 553 02d0 DB020000 		.4byte	0x2db
 554 02d4 04       		.uleb128 0x4
 555 02d5 2D000000 		.4byte	0x2d
 556 02d9 0B       		.byte	0xb
 557 02da 00       		.byte	0
 558 02db 05       		.uleb128 0x5
 559 02dc CB020000 		.4byte	0x2cb
 560 02e0 03       		.uleb128 0x3
 561 02e1 A6000000 		.4byte	0xa6
 562 02e5 F0020000 		.4byte	0x2f0
 563 02e9 04       		.uleb128 0x4
 564 02ea 2D000000 		.4byte	0x2d
 565 02ee 01       		.byte	0x1
 566 02ef 00       		.byte	0
ARM GAS  /tmp/ccj3qbeC.s 			page 11


 567 02f0 07       		.uleb128 0x7
 568 02f1 E0020000 		.4byte	0x2e0
 569 02f5 05       		.uleb128 0x5
 570 02f6 F0020000 		.4byte	0x2f0
 571 02fa 03       		.uleb128 0x3
 572 02fb A6000000 		.4byte	0xa6
 573 02ff 0A030000 		.4byte	0x30a
 574 0303 04       		.uleb128 0x4
 575 0304 2D000000 		.4byte	0x2d
 576 0308 03       		.byte	0x3
 577 0309 00       		.byte	0
 578 030a 07       		.uleb128 0x7
 579 030b FA020000 		.4byte	0x2fa
 580 030f 05       		.uleb128 0x5
 581 0310 0A030000 		.4byte	0x30a
 582 0314 03       		.uleb128 0x3
 583 0315 A6000000 		.4byte	0xa6
 584 0319 24030000 		.4byte	0x324
 585 031d 04       		.uleb128 0x4
 586 031e 2D000000 		.4byte	0x2d
 587 0322 04       		.byte	0x4
 588 0323 00       		.byte	0
 589 0324 07       		.uleb128 0x7
 590 0325 14030000 		.4byte	0x314
 591 0329 05       		.uleb128 0x5
 592 032a 24030000 		.4byte	0x324
 593 032e 03       		.uleb128 0x3
 594 032f 95000000 		.4byte	0x95
 595 0333 3E030000 		.4byte	0x33e
 596 0337 04       		.uleb128 0x4
 597 0338 2D000000 		.4byte	0x2d
 598 033c 04       		.byte	0x4
 599 033d 00       		.byte	0
 600 033e 0D       		.uleb128 0xd
 601 033f 40010000 		.4byte	.LASF40
 602 0343 8701     		.2byte	0x187
 603 0345 03       		.byte	0x3
 604 0346 C4010000 		.4byte	0x1c4
 605 034a 14       		.uleb128 0x14
 606 034b 04       		.byte	0x4
 607 034c 57030000 		.4byte	0x357
 608 0350 02       		.uleb128 0x2
 609 0351 01       		.byte	0x1
 610 0352 08       		.byte	0x8
 611 0353 60010000 		.4byte	.LASF41
 612 0357 07       		.uleb128 0x7
 613 0358 50030000 		.4byte	0x350
 614 035c 02       		.uleb128 0x2
 615 035d 01       		.byte	0x1
 616 035e 02       		.byte	0x2
 617 035f 19000000 		.4byte	.LASF42
 618 0363 15       		.uleb128 0x15
 619 0364 3C030000 		.4byte	.LASF51
 620 0368 05       		.byte	0x5
 621 0369 1601     		.2byte	0x116
 622 036b 08       		.byte	0x8
 623 036c 76030000 		.4byte	0x376
ARM GAS  /tmp/ccj3qbeC.s 			page 12


 624 0370 16       		.uleb128 0x16
 625 0371 4A030000 		.4byte	0x34a
 626 0375 00       		.byte	0
 627 0376 0A       		.uleb128 0xa
 628 0377 1A010000 		.4byte	.LASF43
 629 037b 6D       		.byte	0x6d
 630 037c 00000000 		.4byte	.LFB226
 631 0380 18000000 		.4byte	.LFE226-.LFB226
 632 0384 01       		.uleb128 0x1
 633 0385 9C       		.byte	0x9c
 634 0386 9C030000 		.4byte	0x39c
 635 038a 0B       		.uleb128 0xb
 636 038b 6E00     		.ascii	"n\000"
 637 038d 6D       		.byte	0x6d
 638 038e 20       		.byte	0x20
 639 038f 95000000 		.4byte	0x95
 640 0393 10000000 		.4byte	.LLST5
 641 0397 0C000000 		.4byte	.LVUS5
 642 039b 00       		.byte	0
 643 039c 0A       		.uleb128 0xa
 644 039d 52030000 		.4byte	.LASF44
 645 03a1 5A       		.byte	0x5a
 646 03a2 00000000 		.4byte	.LFB225
 647 03a6 28000000 		.4byte	.LFE225-.LFB225
 648 03aa 01       		.uleb128 0x1
 649 03ab 9C       		.byte	0x9c
 650 03ac F9030000 		.4byte	0x3f9
 651 03b0 0C       		.uleb128 0xc
 652 03b1 8B010000 		.4byte	.LASF45
 653 03b5 5A       		.byte	0x5a
 654 03b6 2C       		.byte	0x2c
 655 03b7 95000000 		.4byte	0x95
 656 03bb 31000000 		.4byte	.LLST3
 657 03bf 29000000 		.4byte	.LVUS3
 658 03c3 0C       		.uleb128 0xc
 659 03c4 00000000 		.4byte	.LASF46
 660 03c8 5A       		.byte	0x5a
 661 03c9 3E       		.byte	0x3e
 662 03ca 95000000 		.4byte	0x95
 663 03ce 55000000 		.4byte	.LLST4
 664 03d2 4B000000 		.4byte	.LVUS4
 665 03d6 17       		.uleb128 0x17
 666 03d7 68000000 		.4byte	.LASF52
 667 03db 09040000 		.4byte	0x409
 668 03df 05       		.uleb128 0x5
 669 03e0 03       		.byte	0x3
 670 03e1 00000000 		.4byte	__func__.0
 671 03e5 18       		.uleb128 0x18
 672 03e6 20000000 		.4byte	.LVL10
 673 03ea 63030000 		.4byte	0x363
 674 03ee 19       		.uleb128 0x19
 675 03ef 01       		.uleb128 0x1
 676 03f0 50       		.byte	0x50
 677 03f1 05       		.uleb128 0x5
 678 03f2 03       		.byte	0x3
 679 03f3 00000000 		.4byte	__func__.0
 680 03f7 00       		.byte	0
ARM GAS  /tmp/ccj3qbeC.s 			page 13


 681 03f8 00       		.byte	0
 682 03f9 03       		.uleb128 0x3
 683 03fa 57030000 		.4byte	0x357
 684 03fe 09040000 		.4byte	0x409
 685 0402 04       		.uleb128 0x4
 686 0403 2D000000 		.4byte	0x2d
 687 0407 1C       		.byte	0x1c
 688 0408 00       		.byte	0
 689 0409 07       		.uleb128 0x7
 690 040a F9030000 		.4byte	0x3f9
 691 040e 0A       		.uleb128 0xa
 692 040f 1F000000 		.4byte	.LASF47
 693 0413 4A       		.byte	0x4a
 694 0414 00000000 		.4byte	.LFB224
 695 0418 24000000 		.4byte	.LFE224-.LFB224
 696 041c 01       		.uleb128 0x1
 697 041d 9C       		.byte	0x9c
 698 041e 34040000 		.4byte	0x434
 699 0422 0B       		.uleb128 0xb
 700 0423 6E00     		.ascii	"n\000"
 701 0425 4A       		.byte	0x4a
 702 0426 21       		.byte	0x21
 703 0427 95000000 		.4byte	0x95
 704 042b 81000000 		.4byte	.LLST2
 705 042f 7D000000 		.4byte	.LVUS2
 706 0433 00       		.byte	0
 707 0434 1A       		.uleb128 0x1a
 708 0435 FF000000 		.4byte	.LASF53
 709 0439 01       		.byte	0x1
 710 043a 39       		.byte	0x39
 711 043b 06       		.byte	0x6
 712 043c 00000000 		.4byte	.LFB223
 713 0440 2C000000 		.4byte	.LFE223-.LFB223
 714 0444 01       		.uleb128 0x1
 715 0445 9C       		.byte	0x9c
 716 0446 0B       		.uleb128 0xb
 717 0447 6E00     		.ascii	"n\000"
 718 0449 39       		.byte	0x39
 719 044a 20       		.byte	0x20
 720 044b 95000000 		.4byte	0x95
 721 044f 9B000000 		.4byte	.LLST0
 722 0453 97000000 		.4byte	.LVUS0
 723 0457 0C       		.uleb128 0xc
 724 0458 00000000 		.4byte	.LASF46
 725 045c 39       		.byte	0x39
 726 045d 2C       		.byte	0x2c
 727 045e 95000000 		.4byte	0x95
 728 0462 B5000000 		.4byte	.LLST1
 729 0466 B1000000 		.4byte	.LVUS1
 730 046a 00       		.byte	0
 731 046b 00       		.byte	0
 732              		.section	.debug_abbrev,"",%progbits
 733              	.Ldebug_abbrev0:
 734 0000 01       		.uleb128 0x1
 735 0001 0D       		.uleb128 0xd
 736 0002 00       		.byte	0
 737 0003 03       		.uleb128 0x3
ARM GAS  /tmp/ccj3qbeC.s 			page 14


 738 0004 0E       		.uleb128 0xe
 739 0005 3A       		.uleb128 0x3a
 740 0006 21       		.uleb128 0x21
 741 0007 04       		.sleb128 4
 742 0008 3B       		.uleb128 0x3b
 743 0009 05       		.uleb128 0x5
 744 000a 39       		.uleb128 0x39
 745 000b 21       		.uleb128 0x21
 746 000c 11       		.sleb128 17
 747 000d 49       		.uleb128 0x49
 748 000e 13       		.uleb128 0x13
 749 000f 38       		.uleb128 0x38
 750 0010 0B       		.uleb128 0xb
 751 0011 00       		.byte	0
 752 0012 00       		.byte	0
 753 0013 02       		.uleb128 0x2
 754 0014 24       		.uleb128 0x24
 755 0015 00       		.byte	0
 756 0016 0B       		.uleb128 0xb
 757 0017 0B       		.uleb128 0xb
 758 0018 3E       		.uleb128 0x3e
 759 0019 0B       		.uleb128 0xb
 760 001a 03       		.uleb128 0x3
 761 001b 0E       		.uleb128 0xe
 762 001c 00       		.byte	0
 763 001d 00       		.byte	0
 764 001e 03       		.uleb128 0x3
 765 001f 01       		.uleb128 0x1
 766 0020 01       		.byte	0x1
 767 0021 49       		.uleb128 0x49
 768 0022 13       		.uleb128 0x13
 769 0023 01       		.uleb128 0x1
 770 0024 13       		.uleb128 0x13
 771 0025 00       		.byte	0
 772 0026 00       		.byte	0
 773 0027 04       		.uleb128 0x4
 774 0028 21       		.uleb128 0x21
 775 0029 00       		.byte	0
 776 002a 49       		.uleb128 0x49
 777 002b 13       		.uleb128 0x13
 778 002c 2F       		.uleb128 0x2f
 779 002d 0B       		.uleb128 0xb
 780 002e 00       		.byte	0
 781 002f 00       		.byte	0
 782 0030 05       		.uleb128 0x5
 783 0031 35       		.uleb128 0x35
 784 0032 00       		.byte	0
 785 0033 49       		.uleb128 0x49
 786 0034 13       		.uleb128 0x13
 787 0035 00       		.byte	0
 788 0036 00       		.byte	0
 789 0037 06       		.uleb128 0x6
 790 0038 0D       		.uleb128 0xd
 791 0039 00       		.byte	0
 792 003a 03       		.uleb128 0x3
 793 003b 0E       		.uleb128 0xe
 794 003c 3A       		.uleb128 0x3a
ARM GAS  /tmp/ccj3qbeC.s 			page 15


 795 003d 21       		.uleb128 0x21
 796 003e 04       		.sleb128 4
 797 003f 3B       		.uleb128 0x3b
 798 0040 05       		.uleb128 0x5
 799 0041 39       		.uleb128 0x39
 800 0042 21       		.uleb128 0x21
 801 0043 11       		.sleb128 17
 802 0044 49       		.uleb128 0x49
 803 0045 13       		.uleb128 0x13
 804 0046 38       		.uleb128 0x38
 805 0047 05       		.uleb128 0x5
 806 0048 00       		.byte	0
 807 0049 00       		.byte	0
 808 004a 07       		.uleb128 0x7
 809 004b 26       		.uleb128 0x26
 810 004c 00       		.byte	0
 811 004d 49       		.uleb128 0x49
 812 004e 13       		.uleb128 0x13
 813 004f 00       		.byte	0
 814 0050 00       		.byte	0
 815 0051 08       		.uleb128 0x8
 816 0052 0D       		.uleb128 0xd
 817 0053 00       		.byte	0
 818 0054 03       		.uleb128 0x3
 819 0055 08       		.uleb128 0x8
 820 0056 3A       		.uleb128 0x3a
 821 0057 21       		.uleb128 0x21
 822 0058 04       		.sleb128 4
 823 0059 3B       		.uleb128 0x3b
 824 005a 05       		.uleb128 0x5
 825 005b 39       		.uleb128 0x39
 826 005c 21       		.uleb128 0x21
 827 005d 11       		.sleb128 17
 828 005e 49       		.uleb128 0x49
 829 005f 13       		.uleb128 0x13
 830 0060 38       		.uleb128 0x38
 831 0061 0B       		.uleb128 0xb
 832 0062 00       		.byte	0
 833 0063 00       		.byte	0
 834 0064 09       		.uleb128 0x9
 835 0065 16       		.uleb128 0x16
 836 0066 00       		.byte	0
 837 0067 03       		.uleb128 0x3
 838 0068 0E       		.uleb128 0xe
 839 0069 3A       		.uleb128 0x3a
 840 006a 0B       		.uleb128 0xb
 841 006b 3B       		.uleb128 0x3b
 842 006c 0B       		.uleb128 0xb
 843 006d 39       		.uleb128 0x39
 844 006e 0B       		.uleb128 0xb
 845 006f 49       		.uleb128 0x49
 846 0070 13       		.uleb128 0x13
 847 0071 00       		.byte	0
 848 0072 00       		.byte	0
 849 0073 0A       		.uleb128 0xa
 850 0074 2E       		.uleb128 0x2e
 851 0075 01       		.byte	0x1
ARM GAS  /tmp/ccj3qbeC.s 			page 16


 852 0076 3F       		.uleb128 0x3f
 853 0077 19       		.uleb128 0x19
 854 0078 03       		.uleb128 0x3
 855 0079 0E       		.uleb128 0xe
 856 007a 3A       		.uleb128 0x3a
 857 007b 21       		.uleb128 0x21
 858 007c 01       		.sleb128 1
 859 007d 3B       		.uleb128 0x3b
 860 007e 0B       		.uleb128 0xb
 861 007f 39       		.uleb128 0x39
 862 0080 21       		.uleb128 0x21
 863 0081 06       		.sleb128 6
 864 0082 27       		.uleb128 0x27
 865 0083 19       		.uleb128 0x19
 866 0084 11       		.uleb128 0x11
 867 0085 01       		.uleb128 0x1
 868 0086 12       		.uleb128 0x12
 869 0087 06       		.uleb128 0x6
 870 0088 40       		.uleb128 0x40
 871 0089 18       		.uleb128 0x18
 872 008a 7A       		.uleb128 0x7a
 873 008b 19       		.uleb128 0x19
 874 008c 01       		.uleb128 0x1
 875 008d 13       		.uleb128 0x13
 876 008e 00       		.byte	0
 877 008f 00       		.byte	0
 878 0090 0B       		.uleb128 0xb
 879 0091 05       		.uleb128 0x5
 880 0092 00       		.byte	0
 881 0093 03       		.uleb128 0x3
 882 0094 08       		.uleb128 0x8
 883 0095 3A       		.uleb128 0x3a
 884 0096 21       		.uleb128 0x21
 885 0097 01       		.sleb128 1
 886 0098 3B       		.uleb128 0x3b
 887 0099 0B       		.uleb128 0xb
 888 009a 39       		.uleb128 0x39
 889 009b 0B       		.uleb128 0xb
 890 009c 49       		.uleb128 0x49
 891 009d 13       		.uleb128 0x13
 892 009e 02       		.uleb128 0x2
 893 009f 17       		.uleb128 0x17
 894 00a0 B742     		.uleb128 0x2137
 895 00a2 17       		.uleb128 0x17
 896 00a3 00       		.byte	0
 897 00a4 00       		.byte	0
 898 00a5 0C       		.uleb128 0xc
 899 00a6 05       		.uleb128 0x5
 900 00a7 00       		.byte	0
 901 00a8 03       		.uleb128 0x3
 902 00a9 0E       		.uleb128 0xe
 903 00aa 3A       		.uleb128 0x3a
 904 00ab 21       		.uleb128 0x21
 905 00ac 01       		.sleb128 1
 906 00ad 3B       		.uleb128 0x3b
 907 00ae 0B       		.uleb128 0xb
 908 00af 39       		.uleb128 0x39
ARM GAS  /tmp/ccj3qbeC.s 			page 17


 909 00b0 0B       		.uleb128 0xb
 910 00b1 49       		.uleb128 0x49
 911 00b2 13       		.uleb128 0x13
 912 00b3 02       		.uleb128 0x2
 913 00b4 17       		.uleb128 0x17
 914 00b5 B742     		.uleb128 0x2137
 915 00b7 17       		.uleb128 0x17
 916 00b8 00       		.byte	0
 917 00b9 00       		.byte	0
 918 00ba 0D       		.uleb128 0xd
 919 00bb 16       		.uleb128 0x16
 920 00bc 00       		.byte	0
 921 00bd 03       		.uleb128 0x3
 922 00be 0E       		.uleb128 0xe
 923 00bf 3A       		.uleb128 0x3a
 924 00c0 21       		.uleb128 0x21
 925 00c1 04       		.sleb128 4
 926 00c2 3B       		.uleb128 0x3b
 927 00c3 05       		.uleb128 0x5
 928 00c4 39       		.uleb128 0x39
 929 00c5 0B       		.uleb128 0xb
 930 00c6 49       		.uleb128 0x49
 931 00c7 13       		.uleb128 0x13
 932 00c8 00       		.byte	0
 933 00c9 00       		.byte	0
 934 00ca 0E       		.uleb128 0xe
 935 00cb 11       		.uleb128 0x11
 936 00cc 01       		.byte	0x1
 937 00cd 25       		.uleb128 0x25
 938 00ce 0E       		.uleb128 0xe
 939 00cf 13       		.uleb128 0x13
 940 00d0 0B       		.uleb128 0xb
 941 00d1 03       		.uleb128 0x3
 942 00d2 0E       		.uleb128 0xe
 943 00d3 1B       		.uleb128 0x1b
 944 00d4 0E       		.uleb128 0xe
 945 00d5 55       		.uleb128 0x55
 946 00d6 17       		.uleb128 0x17
 947 00d7 11       		.uleb128 0x11
 948 00d8 01       		.uleb128 0x1
 949 00d9 10       		.uleb128 0x10
 950 00da 17       		.uleb128 0x17
 951 00db 00       		.byte	0
 952 00dc 00       		.byte	0
 953 00dd 0F       		.uleb128 0xf
 954 00de 24       		.uleb128 0x24
 955 00df 00       		.byte	0
 956 00e0 0B       		.uleb128 0xb
 957 00e1 0B       		.uleb128 0xb
 958 00e2 3E       		.uleb128 0x3e
 959 00e3 0B       		.uleb128 0xb
 960 00e4 03       		.uleb128 0x3
 961 00e5 08       		.uleb128 0x8
 962 00e6 00       		.byte	0
 963 00e7 00       		.byte	0
 964 00e8 10       		.uleb128 0x10
 965 00e9 13       		.uleb128 0x13
ARM GAS  /tmp/ccj3qbeC.s 			page 18


 966 00ea 01       		.byte	0x1
 967 00eb 0B       		.uleb128 0xb
 968 00ec 05       		.uleb128 0x5
 969 00ed 3A       		.uleb128 0x3a
 970 00ee 0B       		.uleb128 0xb
 971 00ef 3B       		.uleb128 0x3b
 972 00f0 05       		.uleb128 0x5
 973 00f1 39       		.uleb128 0x39
 974 00f2 0B       		.uleb128 0xb
 975 00f3 01       		.uleb128 0x1
 976 00f4 13       		.uleb128 0x13
 977 00f5 00       		.byte	0
 978 00f6 00       		.byte	0
 979 00f7 11       		.uleb128 0x11
 980 00f8 0D       		.uleb128 0xd
 981 00f9 00       		.byte	0
 982 00fa 03       		.uleb128 0x3
 983 00fb 08       		.uleb128 0x8
 984 00fc 3A       		.uleb128 0x3a
 985 00fd 0B       		.uleb128 0xb
 986 00fe 3B       		.uleb128 0x3b
 987 00ff 05       		.uleb128 0x5
 988 0100 39       		.uleb128 0x39
 989 0101 0B       		.uleb128 0xb
 990 0102 49       		.uleb128 0x49
 991 0103 13       		.uleb128 0x13
 992 0104 38       		.uleb128 0x38
 993 0105 05       		.uleb128 0x5
 994 0106 00       		.byte	0
 995 0107 00       		.byte	0
 996 0108 12       		.uleb128 0x12
 997 0109 21       		.uleb128 0x21
 998 010a 00       		.byte	0
 999 010b 49       		.uleb128 0x49
 1000 010c 13       		.uleb128 0x13
 1001 010d 2F       		.uleb128 0x2f
 1002 010e 05       		.uleb128 0x5
 1003 010f 00       		.byte	0
 1004 0110 00       		.byte	0
 1005 0111 13       		.uleb128 0x13
 1006 0112 13       		.uleb128 0x13
 1007 0113 01       		.byte	0x1
 1008 0114 0B       		.uleb128 0xb
 1009 0115 0B       		.uleb128 0xb
 1010 0116 3A       		.uleb128 0x3a
 1011 0117 0B       		.uleb128 0xb
 1012 0118 3B       		.uleb128 0x3b
 1013 0119 05       		.uleb128 0x5
 1014 011a 39       		.uleb128 0x39
 1015 011b 0B       		.uleb128 0xb
 1016 011c 01       		.uleb128 0x1
 1017 011d 13       		.uleb128 0x13
 1018 011e 00       		.byte	0
 1019 011f 00       		.byte	0
 1020 0120 14       		.uleb128 0x14
 1021 0121 0F       		.uleb128 0xf
 1022 0122 00       		.byte	0
ARM GAS  /tmp/ccj3qbeC.s 			page 19


 1023 0123 0B       		.uleb128 0xb
 1024 0124 0B       		.uleb128 0xb
 1025 0125 49       		.uleb128 0x49
 1026 0126 13       		.uleb128 0x13
 1027 0127 00       		.byte	0
 1028 0128 00       		.byte	0
 1029 0129 15       		.uleb128 0x15
 1030 012a 2E       		.uleb128 0x2e
 1031 012b 01       		.byte	0x1
 1032 012c 3F       		.uleb128 0x3f
 1033 012d 19       		.uleb128 0x19
 1034 012e 03       		.uleb128 0x3
 1035 012f 0E       		.uleb128 0xe
 1036 0130 3A       		.uleb128 0x3a
 1037 0131 0B       		.uleb128 0xb
 1038 0132 3B       		.uleb128 0x3b
 1039 0133 05       		.uleb128 0x5
 1040 0134 39       		.uleb128 0x39
 1041 0135 0B       		.uleb128 0xb
 1042 0136 27       		.uleb128 0x27
 1043 0137 19       		.uleb128 0x19
 1044 0138 3C       		.uleb128 0x3c
 1045 0139 19       		.uleb128 0x19
 1046 013a 01       		.uleb128 0x1
 1047 013b 13       		.uleb128 0x13
 1048 013c 00       		.byte	0
 1049 013d 00       		.byte	0
 1050 013e 16       		.uleb128 0x16
 1051 013f 05       		.uleb128 0x5
 1052 0140 00       		.byte	0
 1053 0141 49       		.uleb128 0x49
 1054 0142 13       		.uleb128 0x13
 1055 0143 00       		.byte	0
 1056 0144 00       		.byte	0
 1057 0145 17       		.uleb128 0x17
 1058 0146 34       		.uleb128 0x34
 1059 0147 00       		.byte	0
 1060 0148 03       		.uleb128 0x3
 1061 0149 0E       		.uleb128 0xe
 1062 014a 49       		.uleb128 0x49
 1063 014b 13       		.uleb128 0x13
 1064 014c 34       		.uleb128 0x34
 1065 014d 19       		.uleb128 0x19
 1066 014e 02       		.uleb128 0x2
 1067 014f 18       		.uleb128 0x18
 1068 0150 00       		.byte	0
 1069 0151 00       		.byte	0
 1070 0152 18       		.uleb128 0x18
 1071 0153 48       		.uleb128 0x48
 1072 0154 01       		.byte	0x1
 1073 0155 7D       		.uleb128 0x7d
 1074 0156 01       		.uleb128 0x1
 1075 0157 7F       		.uleb128 0x7f
 1076 0158 13       		.uleb128 0x13
 1077 0159 00       		.byte	0
 1078 015a 00       		.byte	0
 1079 015b 19       		.uleb128 0x19
ARM GAS  /tmp/ccj3qbeC.s 			page 20


 1080 015c 49       		.uleb128 0x49
 1081 015d 00       		.byte	0
 1082 015e 02       		.uleb128 0x2
 1083 015f 18       		.uleb128 0x18
 1084 0160 7E       		.uleb128 0x7e
 1085 0161 18       		.uleb128 0x18
 1086 0162 00       		.byte	0
 1087 0163 00       		.byte	0
 1088 0164 1A       		.uleb128 0x1a
 1089 0165 2E       		.uleb128 0x2e
 1090 0166 01       		.byte	0x1
 1091 0167 3F       		.uleb128 0x3f
 1092 0168 19       		.uleb128 0x19
 1093 0169 03       		.uleb128 0x3
 1094 016a 0E       		.uleb128 0xe
 1095 016b 3A       		.uleb128 0x3a
 1096 016c 0B       		.uleb128 0xb
 1097 016d 3B       		.uleb128 0x3b
 1098 016e 0B       		.uleb128 0xb
 1099 016f 39       		.uleb128 0x39
 1100 0170 0B       		.uleb128 0xb
 1101 0171 27       		.uleb128 0x27
 1102 0172 19       		.uleb128 0x19
 1103 0173 11       		.uleb128 0x11
 1104 0174 01       		.uleb128 0x1
 1105 0175 12       		.uleb128 0x12
 1106 0176 06       		.uleb128 0x6
 1107 0177 40       		.uleb128 0x40
 1108 0178 18       		.uleb128 0x18
 1109 0179 7A       		.uleb128 0x7a
 1110 017a 19       		.uleb128 0x19
 1111 017b 00       		.byte	0
 1112 017c 00       		.byte	0
 1113 017d 00       		.byte	0
 1114              		.section	.debug_loclists,"",%progbits
 1115 0000 CA000000 		.4byte	.Ldebug_loc3-.Ldebug_loc2
 1116              	.Ldebug_loc2:
 1117 0004 0500     		.2byte	0x5
 1118 0006 04       		.byte	0x4
 1119 0007 00       		.byte	0
 1120 0008 00000000 		.4byte	0
 1121              	.Ldebug_loc0:
 1122              	.LVUS5:
 1123 000c 00       		.uleb128 0
 1124 000d 00       		.uleb128 .LVU52
 1125 000e 00       		.uleb128 .LVU52
 1126 000f 00       		.uleb128 0
 1127              	.LLST5:
 1128 0010 06       		.byte	0x6
 1129 0011 00000000 		.4byte	.LVL11
 1130 0015 04       		.byte	0x4
 1131 0016 00       		.uleb128 .LVL11-.LVL11
 1132 0017 08       		.uleb128 .LVL12-.LVL11
 1133 0018 01       		.uleb128 0x1
 1134 0019 50       		.byte	0x50
 1135 001a 04       		.byte	0x4
 1136 001b 08       		.uleb128 .LVL12-.LVL11
ARM GAS  /tmp/ccj3qbeC.s 			page 21


 1137 001c 18       		.uleb128 .LFE226-.LVL11
 1138 001d 0A       		.uleb128 0xa
 1139 001e A3       		.byte	0xa3
 1140 001f 03       		.uleb128 0x3
 1141 0020 A5       		.byte	0xa5
 1142 0021 00       		.uleb128 0
 1143 0022 26       		.uleb128 0x26
 1144 0023 A8       		.byte	0xa8
 1145 0024 2D       		.uleb128 0x2d
 1146 0025 A8       		.byte	0xa8
 1147 0026 00       		.uleb128 0
 1148 0027 9F       		.byte	0x9f
 1149 0028 00       		.byte	0
 1150              	.LVUS3:
 1151 0029 00       		.uleb128 0
 1152 002a 00       		.uleb128 .LVU36
 1153 002b 00       		.uleb128 .LVU36
 1154 002c 00       		.uleb128 .LVU44
 1155 002d 00       		.uleb128 .LVU44
 1156 002e 00       		.uleb128 .LVU45
 1157 002f 00       		.uleb128 .LVU45
 1158 0030 00       		.uleb128 0
 1159              	.LLST3:
 1160 0031 06       		.byte	0x6
 1161 0032 00000000 		.4byte	.LVL5
 1162 0036 04       		.byte	0x4
 1163 0037 00       		.uleb128 .LVL5-.LVL5
 1164 0038 0A       		.uleb128 .LVL6-.LVL5
 1165 0039 01       		.uleb128 0x1
 1166 003a 50       		.byte	0x50
 1167 003b 04       		.byte	0x4
 1168 003c 0A       		.uleb128 .LVL6-.LVL5
 1169 003d 1A       		.uleb128 .LVL8-.LVL5
 1170 003e 01       		.uleb128 0x1
 1171 003f 54       		.byte	0x54
 1172 0040 04       		.byte	0x4
 1173 0041 1A       		.uleb128 .LVL8-.LVL5
 1174 0042 1C       		.uleb128 .LVL9-.LVL5
 1175 0043 01       		.uleb128 0x1
 1176 0044 50       		.byte	0x50
 1177 0045 04       		.byte	0x4
 1178 0046 1C       		.uleb128 .LVL9-.LVL5
 1179 0047 28       		.uleb128 .LFE225-.LVL5
 1180 0048 01       		.uleb128 0x1
 1181 0049 54       		.byte	0x54
 1182 004a 00       		.byte	0
 1183              	.LVUS4:
 1184 004b 00       		.uleb128 0
 1185 004c 00       		.uleb128 .LVU36
 1186 004d 00       		.uleb128 .LVU36
 1187 004e 00       		.uleb128 .LVU40
 1188 004f 00       		.uleb128 .LVU40
 1189 0050 00       		.uleb128 .LVU44
 1190 0051 00       		.uleb128 .LVU44
 1191 0052 00       		.uleb128 .LVU46
 1192 0053 00       		.uleb128 .LVU46
 1193 0054 00       		.uleb128 0
ARM GAS  /tmp/ccj3qbeC.s 			page 22


 1194              	.LLST4:
 1195 0055 06       		.byte	0x6
 1196 0056 00000000 		.4byte	.LVL5
 1197 005a 04       		.byte	0x4
 1198 005b 00       		.uleb128 .LVL5-.LVL5
 1199 005c 0A       		.uleb128 .LVL6-.LVL5
 1200 005d 01       		.uleb128 0x1
 1201 005e 51       		.byte	0x51
 1202 005f 04       		.byte	0x4
 1203 0060 0A       		.uleb128 .LVL6-.LVL5
 1204 0061 10       		.uleb128 .LVL7-.LVL5
 1205 0062 01       		.uleb128 0x1
 1206 0063 55       		.byte	0x55
 1207 0064 04       		.byte	0x4
 1208 0065 10       		.uleb128 .LVL7-.LVL5
 1209 0066 1A       		.uleb128 .LVL8-.LVL5
 1210 0067 0A       		.uleb128 0xa
 1211 0068 A3       		.byte	0xa3
 1212 0069 03       		.uleb128 0x3
 1213 006a A5       		.byte	0xa5
 1214 006b 01       		.uleb128 0x1
 1215 006c 26       		.uleb128 0x26
 1216 006d A8       		.byte	0xa8
 1217 006e 2D       		.uleb128 0x2d
 1218 006f A8       		.byte	0xa8
 1219 0070 00       		.uleb128 0
 1220 0071 9F       		.byte	0x9f
 1221 0072 04       		.byte	0x4
 1222 0073 1A       		.uleb128 .LVL8-.LVL5
 1223 0074 1F       		.uleb128 .LVL10-1-.LVL5
 1224 0075 01       		.uleb128 0x1
 1225 0076 51       		.byte	0x51
 1226 0077 04       		.byte	0x4
 1227 0078 1F       		.uleb128 .LVL10-1-.LVL5
 1228 0079 28       		.uleb128 .LFE225-.LVL5
 1229 007a 01       		.uleb128 0x1
 1230 007b 55       		.byte	0x55
 1231 007c 00       		.byte	0
 1232              	.LVUS2:
 1233 007d 00       		.uleb128 0
 1234 007e 00       		.uleb128 .LVU23
 1235 007f 00       		.uleb128 .LVU23
 1236 0080 00       		.uleb128 0
 1237              	.LLST2:
 1238 0081 06       		.byte	0x6
 1239 0082 00000000 		.4byte	.LVL3
 1240 0086 04       		.byte	0x4
 1241 0087 00       		.uleb128 .LVL3-.LVL3
 1242 0088 0E       		.uleb128 .LVL4-.LVL3
 1243 0089 01       		.uleb128 0x1
 1244 008a 50       		.byte	0x50
 1245 008b 04       		.byte	0x4
 1246 008c 0E       		.uleb128 .LVL4-.LVL3
 1247 008d 24       		.uleb128 .LFE224-.LVL3
 1248 008e 07       		.uleb128 0x7
 1249 008f 70       		.byte	0x70
 1250 0090 80BEFCFF 		.sleb128 536813312
ARM GAS  /tmp/ccj3qbeC.s 			page 23


 1250      01
 1251 0095 9F       		.byte	0x9f
 1252 0096 00       		.byte	0
 1253              	.LVUS0:
 1254 0097 00       		.uleb128 0
 1255 0098 00       		.uleb128 .LVU7
 1256 0099 00       		.uleb128 .LVU7
 1257 009a 00       		.uleb128 0
 1258              	.LLST0:
 1259 009b 06       		.byte	0x6
 1260 009c 00000000 		.4byte	.LVL0
 1261 00a0 04       		.byte	0x4
 1262 00a1 00       		.uleb128 .LVL0-.LVL0
 1263 00a2 1A       		.uleb128 .LVL2-.LVL0
 1264 00a3 01       		.uleb128 0x1
 1265 00a4 50       		.byte	0x50
 1266 00a5 04       		.byte	0x4
 1267 00a6 1A       		.uleb128 .LVL2-.LVL0
 1268 00a7 2C       		.uleb128 .LFE223-.LVL0
 1269 00a8 07       		.uleb128 0x7
 1270 00a9 7C       		.byte	0x7c
 1271 00aa 80BEFCFF 		.sleb128 536813312
 1271      01
 1272 00af 9F       		.byte	0x9f
 1273 00b0 00       		.byte	0
 1274              	.LVUS1:
 1275 00b1 00       		.uleb128 0
 1276 00b2 00       		.uleb128 .LVU5
 1277 00b3 00       		.uleb128 .LVU5
 1278 00b4 00       		.uleb128 0
 1279              	.LLST1:
 1280 00b5 06       		.byte	0x6
 1281 00b6 00000000 		.4byte	.LVL0
 1282 00ba 04       		.byte	0x4
 1283 00bb 00       		.uleb128 .LVL0-.LVL0
 1284 00bc 12       		.uleb128 .LVL1-.LVL0
 1285 00bd 01       		.uleb128 0x1
 1286 00be 51       		.byte	0x51
 1287 00bf 04       		.byte	0x4
 1288 00c0 12       		.uleb128 .LVL1-.LVL0
 1289 00c1 2C       		.uleb128 .LFE223-.LVL0
 1290 00c2 0A       		.uleb128 0xa
 1291 00c3 A3       		.byte	0xa3
 1292 00c4 03       		.uleb128 0x3
 1293 00c5 A5       		.byte	0xa5
 1294 00c6 01       		.uleb128 0x1
 1295 00c7 26       		.uleb128 0x26
 1296 00c8 A8       		.byte	0xa8
 1297 00c9 2D       		.uleb128 0x2d
 1298 00ca A8       		.byte	0xa8
 1299 00cb 00       		.uleb128 0
 1300 00cc 9F       		.byte	0x9f
 1301 00cd 00       		.byte	0
 1302              	.Ldebug_loc3:
 1303              		.section	.debug_aranges,"",%progbits
 1304 0000 34000000 		.4byte	0x34
 1305 0004 0200     		.2byte	0x2
ARM GAS  /tmp/ccj3qbeC.s 			page 24


 1306 0006 00000000 		.4byte	.Ldebug_info0
 1307 000a 04       		.byte	0x4
 1308 000b 00       		.byte	0
 1309 000c 0000     		.2byte	0
 1310 000e 0000     		.2byte	0
 1311 0010 00000000 		.4byte	.LFB223
 1312 0014 2C000000 		.4byte	.LFE223-.LFB223
 1313 0018 00000000 		.4byte	.LFB224
 1314 001c 24000000 		.4byte	.LFE224-.LFB224
 1315 0020 00000000 		.4byte	.LFB225
 1316 0024 28000000 		.4byte	.LFE225-.LFB225
 1317 0028 00000000 		.4byte	.LFB226
 1318 002c 18000000 		.4byte	.LFE226-.LFB226
 1319 0030 00000000 		.4byte	0
 1320 0034 00000000 		.4byte	0
 1321              		.section	.debug_rnglists,"",%progbits
 1322              	.Ldebug_ranges0:
 1323 0000 21000000 		.4byte	.Ldebug_ranges3-.Ldebug_ranges2
 1324              	.Ldebug_ranges2:
 1325 0004 0500     		.2byte	0x5
 1326 0006 04       		.byte	0x4
 1327 0007 00       		.byte	0
 1328 0008 00000000 		.4byte	0
 1329              	.LLRL6:
 1330 000c 07       		.byte	0x7
 1331 000d 00000000 		.4byte	.LFB223
 1332 0011 2C       		.uleb128 .LFE223-.LFB223
 1333 0012 07       		.byte	0x7
 1334 0013 00000000 		.4byte	.LFB224
 1335 0017 24       		.uleb128 .LFE224-.LFB224
 1336 0018 07       		.byte	0x7
 1337 0019 00000000 		.4byte	.LFB225
 1338 001d 28       		.uleb128 .LFE225-.LFB225
 1339 001e 07       		.byte	0x7
 1340 001f 00000000 		.4byte	.LFB226
 1341 0023 18       		.uleb128 .LFE226-.LFB226
 1342 0024 00       		.byte	0
 1343              	.Ldebug_ranges3:
 1344              		.section	.debug_line,"",%progbits
 1345              	.Ldebug_line0:
 1346 0000 9C020000 		.section	.debug_str,"MS",%progbits,1
 1346      03009601 
 1346      00000201 
 1346      FB0E0D00 
 1346      01010101 
 1347              	.LASF46:
 1348 0000 7072696F 		.ascii	"prio\000"
 1348      00
 1349              	.LASF19:
 1350 0005 49435052 		.ascii	"ICPR\000"
 1350      00
 1351              	.LASF7:
 1352 000a 5F5F7569 		.ascii	"__uint8_t\000"
 1352      6E74385F 
 1352      7400
 1353              	.LASF37:
 1354 0014 4D4D4652 		.ascii	"MMFR\000"
ARM GAS  /tmp/ccj3qbeC.s 			page 25


 1354      00
 1355              	.LASF42:
 1356 0019 5F426F6F 		.ascii	"_Bool\000"
 1356      6C00
 1357              	.LASF47:
 1358 001f 6E766963 		.ascii	"nvicDisableVector\000"
 1358      44697361 
 1358      626C6556 
 1358      6563746F 
 1358      7200
 1359              	.LASF28:
 1360 0031 56544F52 		.ascii	"VTOR\000"
 1360      00
 1361              	.LASF4:
 1362 0036 73686F72 		.ascii	"short int\000"
 1362      7420696E 
 1362      7400
 1363              	.LASF14:
 1364 0040 52455345 		.ascii	"RESERVED0\000"
 1364      52564544 
 1364      3000
 1365              	.LASF20:
 1366 004a 52455345 		.ascii	"RESERVED3\000"
 1366      52564544 
 1366      3300
 1367              	.LASF22:
 1368 0054 52455345 		.ascii	"RESERVED4\000"
 1368      52564544 
 1368      3400
 1369              	.LASF23:
 1370 005e 52455345 		.ascii	"RESERVED5\000"
 1370      52564544 
 1370      3500
 1371              	.LASF52:
 1372 0068 5F5F6675 		.ascii	"__func__\000"
 1372      6E635F5F 
 1372      00
 1373              	.LASF0:
 1374 0071 6C6F6E67 		.ascii	"long long unsigned int\000"
 1374      206C6F6E 
 1374      6720756E 
 1374      7369676E 
 1374      65642069 
 1375              	.LASF3:
 1376 0088 756E7369 		.ascii	"unsigned char\000"
 1376      676E6564 
 1376      20636861 
 1376      7200
 1377              	.LASF25:
 1378 0096 4E564943 		.ascii	"NVIC_Type\000"
 1378      5F547970 
 1378      6500
 1379              	.LASF24:
 1380 00a0 53544952 		.ascii	"STIR\000"
 1380      00
 1381              	.LASF5:
 1382 00a5 73686F72 		.ascii	"short unsigned int\000"
ARM GAS  /tmp/ccj3qbeC.s 			page 26


 1382      7420756E 
 1382      7369676E 
 1382      65642069 
 1382      6E7400
 1383              	.LASF49:
 1384 00b8 2E2E2F52 		.ascii	"../RC_Controller/ChibiOS_3.0.5/os/hal/ports/common/"
 1384      435F436F 
 1384      6E74726F 
 1384      6C6C6572 
 1384      2F436869 
 1385 00eb 41524D43 		.ascii	"ARMCMx/nvic.c\000"
 1385      4D782F6E 
 1385      7669632E 
 1385      6300
 1386              	.LASF34:
 1387 00f9 4D4D4641 		.ascii	"MMFAR\000"
 1387      5200
 1388              	.LASF53:
 1389 00ff 6E766963 		.ascii	"nvicEnableVector\000"
 1389      456E6162 
 1389      6C655665 
 1389      63746F72 
 1389      00
 1390              	.LASF31:
 1391 0110 43465352 		.ascii	"CFSR\000"
 1391      00
 1392              	.LASF32:
 1393 0115 48465352 		.ascii	"HFSR\000"
 1393      00
 1394              	.LASF43:
 1395 011a 6E766963 		.ascii	"nvicClearPending\000"
 1395      436C6561 
 1395      7250656E 
 1395      64696E67 
 1395      00
 1396              	.LASF8:
 1397 012b 5F5F7569 		.ascii	"__uint32_t\000"
 1397      6E743332 
 1397      5F7400
 1398              	.LASF15:
 1399 0136 49434552 		.ascii	"ICER\000"
 1399      00
 1400              	.LASF38:
 1401 013b 49534152 		.ascii	"ISAR\000"
 1401      00
 1402              	.LASF40:
 1403 0140 5343425F 		.ascii	"SCB_Type\000"
 1403      54797065 
 1403      00
 1404              	.LASF1:
 1405 0149 756E7369 		.ascii	"unsigned int\000"
 1405      676E6564 
 1405      20696E74 
 1405      00
 1406              	.LASF17:
 1407 0156 49535052 		.ascii	"ISPR\000"
 1407      00
ARM GAS  /tmp/ccj3qbeC.s 			page 27


 1408              	.LASF33:
 1409 015b 44465352 		.ascii	"DFSR\000"
 1409      00
 1410              	.LASF41:
 1411 0160 63686172 		.ascii	"char\000"
 1411      00
 1412              	.LASF27:
 1413 0165 49435352 		.ascii	"ICSR\000"
 1413      00
 1414              	.LASF29:
 1415 016a 41495243 		.ascii	"AIRCR\000"
 1415      5200
 1416              	.LASF9:
 1417 0170 6C6F6E67 		.ascii	"long unsigned int\000"
 1417      20756E73 
 1417      69676E65 
 1417      6420696E 
 1417      7400
 1418              	.LASF16:
 1419 0182 52534552 		.ascii	"RSERVED1\000"
 1419      56454431 
 1419      00
 1420              	.LASF45:
 1421 018b 68616E64 		.ascii	"handler\000"
 1421      6C657200 
 1422              	.LASF11:
 1423 0193 75696E74 		.ascii	"uint8_t\000"
 1423      385F7400 
 1424              	.LASF10:
 1425 019b 6C6F6E67 		.ascii	"long long int\000"
 1425      206C6F6E 
 1425      6720696E 
 1425      7400
 1426              	.LASF26:
 1427 01a9 43505549 		.ascii	"CPUID\000"
 1427      4400
 1428              	.LASF39:
 1429 01af 43504143 		.ascii	"CPACR\000"
 1429      5200
 1430              	.LASF13:
 1431 01b5 49534552 		.ascii	"ISER\000"
 1431      00
 1432              	.LASF36:
 1433 01ba 41465352 		.ascii	"AFSR\000"
 1433      00
 1434              	.LASF50:
 1435 01bf 2F686F6D 		.ascii	"/home/gunnar/code/rise_sdvp/Embedded/RTCM_Forwarder"
 1435      652F6775 
 1435      6E6E6172 
 1435      2F636F64 
 1435      652F7269 
 1436 01f2 5F50726F 		.ascii	"_Project\000"
 1436      6A656374 
 1436      00
 1437              	.LASF48:
 1438 01fb 474E5520 		.ascii	"GNU C99 13.2.1 20231009 -mcpu=cortex-m4 -mfpu=fpv4-"
 1438      43393920 
ARM GAS  /tmp/ccj3qbeC.s 			page 28


 1438      31332E32 
 1438      2E312032 
 1438      30323331 
 1439 022e 73702D64 		.ascii	"sp-d16 -mfloat-abi=hard -mfloat-abi=hard -mfpu=fpv4"
 1439      3136202D 
 1439      6D666C6F 
 1439      61742D61 
 1439      62693D68 
 1440 0261 2D73702D 		.ascii	"-sp-d16 -mno-thumb-interwork -mthumb -march=armv7e-"
 1440      64313620 
 1440      2D6D6E6F 
 1440      2D746875 
 1440      6D622D69 
 1441 0294 6D2B6670 		.ascii	"m+fp -ggdb -O2 -std=gnu99 -fomit-frame-pointer -fal"
 1441      202D6767 
 1441      6462202D 
 1441      4F32202D 
 1441      7374643D 
 1442 02c7 69676E2D 		.ascii	"ign-functions=16 -ffunction-sections -fdata-section"
 1442      66756E63 
 1442      74696F6E 
 1442      733D3136 
 1442      202D6666 
 1443 02fa 73202D66 		.ascii	"s -fno-common -fsingle-precision-constant\000"
 1443      6E6F2D63 
 1443      6F6D6D6F 
 1443      6E202D66 
 1443      73696E67 
 1444              	.LASF30:
 1445 0324 53484353 		.ascii	"SHCSR\000"
 1445      5200
 1446              	.LASF12:
 1447 032a 75696E74 		.ascii	"uint32_t\000"
 1447      33325F74 
 1447      00
 1448              	.LASF6:
 1449 0333 6C6F6E67 		.ascii	"long int\000"
 1449      20696E74 
 1449      00
 1450              	.LASF51:
 1451 033c 63685379 		.ascii	"chSysHalt\000"
 1451      7348616C 
 1451      7400
 1452              	.LASF2:
 1453 0346 7369676E 		.ascii	"signed char\000"
 1453      65642063 
 1453      68617200 
 1454              	.LASF44:
 1455 0352 6E766963 		.ascii	"nvicSetSystemHandlerPriority\000"
 1455      53657453 
 1455      79737465 
 1455      6D48616E 
 1455      646C6572 
 1456              	.LASF21:
 1457 036f 49414252 		.ascii	"IABR\000"
 1457      00
 1458              	.LASF35:
ARM GAS  /tmp/ccj3qbeC.s 			page 29


 1459 0374 42464152 		.ascii	"BFAR\000"
 1459      00
 1460              	.LASF18:
 1461 0379 52455345 		.ascii	"RESERVED2\000"
 1461      52564544 
 1461      3200
 1462              		.ident	"GCC: (Arm GNU Toolchain 13.2.rel1 (Build arm-13.7)) 13.2.1 20231009"
ARM GAS  /tmp/ccj3qbeC.s 			page 30


DEFINED SYMBOLS
                            *ABS*:00000000 nvic.c
     /tmp/ccj3qbeC.s:21     .text.nvicEnableVector:00000000 $t
     /tmp/ccj3qbeC.s:28     .text.nvicEnableVector:00000000 nvicEnableVector
     /tmp/ccj3qbeC.s:71     .text.nvicDisableVector:00000000 $t
     /tmp/ccj3qbeC.s:78     .text.nvicDisableVector:00000000 nvicDisableVector
     /tmp/ccj3qbeC.s:114    .text.nvicDisableVector:00000020 $d
     /tmp/ccj3qbeC.s:119    .text.nvicSetSystemHandlerPriority:00000000 $t
     /tmp/ccj3qbeC.s:126    .text.nvicSetSystemHandlerPriority:00000000 nvicSetSystemHandlerPriority
     /tmp/ccj3qbeC.s:179    .text.nvicSetSystemHandlerPriority:00000024 $d
     /tmp/ccj3qbeC.s:228    .rodata.__func__.0:00000000 __func__.0
     /tmp/ccj3qbeC.s:184    .text.nvicClearPending:00000000 $t
     /tmp/ccj3qbeC.s:191    .text.nvicClearPending:00000000 nvicClearPending
     /tmp/ccj3qbeC.s:220    .text.nvicClearPending:00000014 $d
     /tmp/ccj3qbeC.s:225    .rodata.__func__.0:00000000 $d

UNDEFINED SYMBOLS
chSysHalt
