ARM GAS  /tmp/ccxdQ9Mr.s 			page 1


   1              		.cpu cortex-m4
   2              		.arch armv7e-m
   3              		.fpu fpv4-sp-d16
   4              		.eabi_attribute 27, 1
   5              		.eabi_attribute 28, 1
   6              		.eabi_attribute 20, 1
   7              		.eabi_attribute 21, 1
   8              		.eabi_attribute 23, 3
   9              		.eabi_attribute 24, 1
  10              		.eabi_attribute 25, 1
  11              		.eabi_attribute 26, 1
  12              		.eabi_attribute 30, 2
  13              		.eabi_attribute 34, 1
  14              		.eabi_attribute 18, 4
  15              		.file	"pal.c"
  16              		.text
  17              	.Ltext0:
  18              		.cfi_sections	.debug_frame
  19              		.file 1 "../RC_Controller/ChibiOS_3.0.5/os/hal/src/pal.c"
  20              		.section	.text.palReadBus,"ax",%progbits
  21              		.align	1
  22              		.p2align 4,,15
  23              		.global	palReadBus
  24              		.syntax unified
  25              		.thumb
  26              		.thumb_func
  27              		.type	palReadBus, %function
  28              	palReadBus:
  29              	.LVL0:
  30              	.LFB223:
  31              		.loc 1 65 37 view -0
  32              		.cfi_startproc
  33              		@ args = 0, pretend = 0, frame = 0
  34              		@ frame_needed = 0, uses_anonymous_args = 0
  35              		.loc 1 67 3 view .LVU1
  36              		.loc 1 67 3 view .LVU2
  37              		.loc 1 67 3 discriminator 1 view .LVU3
  38              		.loc 1 65 37 is_stmt 0 view .LVU4
  39 0000 10B5     		push	{r4, lr}
  40              		.cfi_def_cfa_offset 8
  41              		.cfi_offset 4, -8
  42              		.cfi_offset 14, -4
  43              		.loc 1 67 3 discriminator 1 view .LVU5
  44 0002 0446     		mov	r4, r0
  45 0004 10B1     		cbz	r0, .L2
  46              		.loc 1 67 3 discriminator 4 view .LVU6
  47 0006 8268     		ldr	r2, [r0, #8]
  48 0008 0F2A     		cmp	r2, #15
  49 000a 03D9     		bls	.L3
  50              	.L2:
  51              		.loc 1 67 3 is_stmt 1 discriminator 5 view .LVU7
  52 000c 0448     		ldr	r0, .L9
  53              	.LVL1:
  54              		.loc 1 67 3 is_stmt 0 discriminator 5 view .LVU8
  55 000e FFF7FEFF 		bl	chSysHalt
  56              	.LVL2:
  57              		.loc 1 69 10 view .LVU9
ARM GAS  /tmp/ccxdQ9Mr.s 			page 2


  58 0012 A268     		ldr	r2, [r4, #8]
  59              	.L3:
  60              		.loc 1 67 3 is_stmt 1 discriminator 7 view .LVU10
  61              		.loc 1 69 3 view .LVU11
  62              		.loc 1 69 10 is_stmt 0 view .LVU12
  63 0014 D4E90030 		ldrd	r3, r0, [r4]
  64 0018 1B69     		ldr	r3, [r3, #16]
  65 001a D340     		lsrs	r3, r3, r2
  66              		.loc 1 70 1 view .LVU13
  67 001c 1840     		ands	r0, r0, r3
  68 001e 10BD     		pop	{r4, pc}
  69              	.LVL3:
  70              	.L10:
  71              		.loc 1 70 1 view .LVU14
  72              		.align	2
  73              	.L9:
  74 0020 00000000 		.word	__func__.2
  75              		.cfi_endproc
  76              	.LFE223:
  77              		.size	palReadBus, .-palReadBus
  78              		.section	.text.palWriteBus,"ax",%progbits
  79              		.align	1
  80              		.p2align 4,,15
  81              		.global	palWriteBus
  82              		.syntax unified
  83              		.thumb
  84              		.thumb_func
  85              		.type	palWriteBus, %function
  86              	palWriteBus:
  87              	.LVL4:
  88              	.LFB224:
  89              		.loc 1 90 49 is_stmt 1 view -0
  90              		.cfi_startproc
  91              		@ args = 0, pretend = 0, frame = 0
  92              		@ frame_needed = 0, uses_anonymous_args = 0
  93              		.loc 1 92 3 view .LVU16
  94              		.loc 1 92 3 view .LVU17
  95              		.loc 1 92 3 discriminator 1 view .LVU18
  96              		.loc 1 90 49 is_stmt 0 view .LVU19
  97 0000 38B5     		push	{r3, r4, r5, lr}
  98              		.cfi_def_cfa_offset 16
  99              		.cfi_offset 3, -16
 100              		.cfi_offset 4, -12
 101              		.cfi_offset 5, -8
 102              		.cfi_offset 14, -4
 103              		.loc 1 90 49 view .LVU20
 104 0002 0D46     		mov	r5, r1
 105              		.loc 1 92 3 discriminator 1 view .LVU21
 106 0004 0446     		mov	r4, r0
 107 0006 10B1     		cbz	r0, .L12
 108              		.loc 1 92 3 discriminator 4 view .LVU22
 109 0008 8268     		ldr	r2, [r0, #8]
 110 000a 0F2A     		cmp	r2, #15
 111 000c 03D9     		bls	.L13
 112              	.L12:
 113              		.loc 1 92 3 is_stmt 1 discriminator 5 view .LVU23
 114 000e 0848     		ldr	r0, .L18
ARM GAS  /tmp/ccxdQ9Mr.s 			page 3


 115              	.LVL5:
 116              		.loc 1 92 3 is_stmt 0 discriminator 5 view .LVU24
 117 0010 FFF7FEFF 		bl	chSysHalt
 118              	.LVL6:
 119              		.loc 1 94 3 view .LVU25
 120 0014 A268     		ldr	r2, [r4, #8]
 121              	.L13:
 122              		.loc 1 92 3 is_stmt 1 discriminator 7 view .LVU26
 123              		.loc 1 94 3 view .LVU27
 124 0016 D4E90013 		ldrd	r1, r3, [r4]
 125 001a 23EA0500 		bic	r0, r3, r5
 126 001e 2B40     		ands	r3, r3, r5
 127 0020 9340     		lsls	r3, r3, r2
 128 0022 1032     		adds	r2, r2, #16
 129 0024 00FA02F2 		lsl	r2, r0, r2
 130 0028 1343     		orrs	r3, r3, r2
 131 002a 8B61     		str	r3, [r1, #24]
 132              		.loc 1 95 1 is_stmt 0 view .LVU28
 133 002c 38BD     		pop	{r3, r4, r5, pc}
 134              	.LVL7:
 135              	.L19:
 136              		.loc 1 95 1 view .LVU29
 137 002e 00BF     		.align	2
 138              	.L18:
 139 0030 00000000 		.word	__func__.1
 140              		.cfi_endproc
 141              	.LFE224:
 142              		.size	palWriteBus, .-palWriteBus
 143              		.section	.text.palSetBusMode,"ax",%progbits
 144              		.align	1
 145              		.p2align 4,,15
 146              		.global	palSetBusMode
 147              		.syntax unified
 148              		.thumb
 149              		.thumb_func
 150              		.type	palSetBusMode, %function
 151              	palSetBusMode:
 152              	.LVL8:
 153              	.LFB225:
 154              		.loc 1 113 47 is_stmt 1 view -0
 155              		.cfi_startproc
 156              		@ args = 0, pretend = 0, frame = 0
 157              		@ frame_needed = 0, uses_anonymous_args = 0
 158              		.loc 1 115 3 view .LVU31
 159              		.loc 1 115 3 view .LVU32
 160              		.loc 1 115 3 discriminator 1 view .LVU33
 161              		.loc 1 113 47 is_stmt 0 view .LVU34
 162 0000 38B5     		push	{r3, r4, r5, lr}
 163              		.cfi_def_cfa_offset 16
 164              		.cfi_offset 3, -16
 165              		.cfi_offset 4, -12
 166              		.cfi_offset 5, -8
 167              		.cfi_offset 14, -4
 168              		.loc 1 113 47 view .LVU35
 169 0002 0D46     		mov	r5, r1
 170              		.loc 1 115 3 discriminator 1 view .LVU36
 171 0004 0446     		mov	r4, r0
ARM GAS  /tmp/ccxdQ9Mr.s 			page 4


 172 0006 10B1     		cbz	r0, .L21
 173              		.loc 1 115 3 discriminator 4 view .LVU37
 174 0008 8368     		ldr	r3, [r0, #8]
 175 000a 0F2B     		cmp	r3, #15
 176 000c 03D9     		bls	.L22
 177              	.L21:
 178              		.loc 1 115 3 is_stmt 1 discriminator 5 view .LVU38
 179 000e 0648     		ldr	r0, .L27
 180              	.LVL9:
 181              		.loc 1 115 3 is_stmt 0 discriminator 5 view .LVU39
 182 0010 FFF7FEFF 		bl	chSysHalt
 183              	.LVL10:
 184              		.loc 1 117 3 view .LVU40
 185 0014 A368     		ldr	r3, [r4, #8]
 186              	.L22:
 187              		.loc 1 115 3 is_stmt 1 discriminator 7 view .LVU41
 188              		.loc 1 117 3 view .LVU42
 189 0016 D4E90001 		ldrd	r0, r1, [r4]
 190 001a 2A46     		mov	r2, r5
 191 001c 9940     		lsls	r1, r1, r3
 192              		.loc 1 118 1 is_stmt 0 view .LVU43
 193 001e BDE83840 		pop	{r3, r4, r5, lr}
 194              		.cfi_restore 14
 195              		.cfi_restore 5
 196              		.cfi_restore 4
 197              		.cfi_restore 3
 198              		.cfi_def_cfa_offset 0
 199              	.LVL11:
 200              		.loc 1 117 3 view .LVU44
 201 0022 FFF7FEBF 		b	_pal_lld_setgroupmode
 202              	.LVL12:
 203              	.L28:
 204              		.loc 1 117 3 view .LVU45
 205 0026 00BF     		.align	2
 206              	.L27:
 207 0028 00000000 		.word	__func__.0
 208              		.cfi_endproc
 209              	.LFE225:
 210              		.size	palSetBusMode, .-palSetBusMode
 211              		.section	.rodata.__func__.0,"a"
 212              		.align	2
 213              		.type	__func__.0, %object
 214              		.size	__func__.0, 14
 215              	__func__.0:
 216 0000 70616C53 		.ascii	"palSetBusMode\000"
 216      65744275 
 216      734D6F64 
 216      6500
 217              		.section	.rodata.__func__.1,"a"
 218              		.align	2
 219              		.type	__func__.1, %object
 220              		.size	__func__.1, 12
 221              	__func__.1:
 222 0000 70616C57 		.ascii	"palWriteBus\000"
 222      72697465 
 222      42757300 
 223              		.section	.rodata.__func__.2,"a"
ARM GAS  /tmp/ccxdQ9Mr.s 			page 5


 224              		.align	2
 225              		.type	__func__.2, %object
 226              		.size	__func__.2, 11
 227              	__func__.2:
 228 0000 70616C52 		.ascii	"palReadBus\000"
 228      65616442 
 228      757300
 229              		.text
 230              	.Letext0:
 231              		.file 2 "/opt/arm-gnu-toolchain-13.2.Rel1-x86_64-arm-none-eabi/arm-none-eabi/include/machine/_defa
 232              		.file 3 "/opt/arm-gnu-toolchain-13.2.Rel1-x86_64-arm-none-eabi/arm-none-eabi/include/sys/_stdint.h
 233              		.file 4 "/opt/arm-gnu-toolchain-13.2.Rel1-x86_64-arm-none-eabi/arm-none-eabi/include/stdint.h"
 234              		.file 5 "../RC_Controller/ChibiOS_3.0.5/os/hal/ports/STM32/LLD/GPIOv2/pal_lld.h"
 235              		.file 6 "../RC_Controller/ChibiOS_3.0.5/os/hal/include/pal.h"
 236              		.file 7 "../RC_Controller/ChibiOS_3.0.5/os/rt/include/chsys.h"
 237              		.section	.debug_info,"",%progbits
 238              	.Ldebug_info0:
 239 0000 A1030000 		.4byte	0x3a1
 240 0004 0500     		.2byte	0x5
 241 0006 01       		.byte	0x1
 242 0007 04       		.byte	0x4
 243 0008 00000000 		.4byte	.Ldebug_abbrev0
 244 000c 15       		.uleb128 0x15
 245 000d B9010000 		.4byte	.LASF40
 246 0011 0C       		.byte	0xc
 247 0012 75010000 		.4byte	.LASF41
 248 0016 84000000 		.4byte	.LASF42
 249 001a 0C000000 		.4byte	.LLRL5
 250 001e 00000000 		.4byte	0
 251 0022 00000000 		.4byte	.Ldebug_line0
 252 0026 02       		.uleb128 0x2
 253 0027 08       		.byte	0x8
 254 0028 07       		.byte	0x7
 255 0029 10030000 		.4byte	.LASF0
 256 002d 02       		.uleb128 0x2
 257 002e 04       		.byte	0x4
 258 002f 07       		.byte	0x7
 259 0030 33010000 		.4byte	.LASF1
 260 0034 16       		.uleb128 0x16
 261 0035 04       		.byte	0x4
 262 0036 05       		.byte	0x5
 263 0037 696E7400 		.ascii	"int\000"
 264 003b 02       		.uleb128 0x2
 265 003c 01       		.byte	0x1
 266 003d 06       		.byte	0x6
 267 003e FE020000 		.4byte	.LASF2
 268 0042 02       		.uleb128 0x2
 269 0043 01       		.byte	0x1
 270 0044 08       		.byte	0x8
 271 0045 C0000000 		.4byte	.LASF3
 272 0049 02       		.uleb128 0x2
 273 004a 02       		.byte	0x2
 274 004b 05       		.byte	0x5
 275 004c 3F000000 		.4byte	.LASF4
 276 0050 03       		.uleb128 0x3
 277 0051 FF000000 		.4byte	.LASF7
 278 0055 02       		.byte	0x2
ARM GAS  /tmp/ccxdQ9Mr.s 			page 6


 279 0056 39       		.byte	0x39
 280 0057 19       		.byte	0x19
 281 0058 5C000000 		.4byte	0x5c
 282 005c 02       		.uleb128 0x2
 283 005d 02       		.byte	0x2
 284 005e 07       		.byte	0x7
 285 005f E7000000 		.4byte	.LASF5
 286 0063 02       		.uleb128 0x2
 287 0064 04       		.byte	0x4
 288 0065 05       		.byte	0x5
 289 0066 F5020000 		.4byte	.LASF6
 290 006a 03       		.uleb128 0x3
 291 006b 0A010000 		.4byte	.LASF8
 292 006f 02       		.byte	0x2
 293 0070 4F       		.byte	0x4f
 294 0071 19       		.byte	0x19
 295 0072 76000000 		.4byte	0x76
 296 0076 02       		.uleb128 0x2
 297 0077 04       		.byte	0x4
 298 0078 07       		.byte	0x7
 299 0079 D5000000 		.4byte	.LASF9
 300 007d 02       		.uleb128 0x2
 301 007e 08       		.byte	0x8
 302 007f 05       		.byte	0x5
 303 0080 5D010000 		.4byte	.LASF10
 304 0084 03       		.uleb128 0x3
 305 0085 A5010000 		.4byte	.LASF11
 306 0089 03       		.byte	0x3
 307 008a 24       		.byte	0x24
 308 008b 14       		.byte	0x14
 309 008c 50000000 		.4byte	0x50
 310 0090 03       		.uleb128 0x3
 311 0091 EC020000 		.4byte	.LASF12
 312 0095 03       		.byte	0x3
 313 0096 30       		.byte	0x30
 314 0097 14       		.byte	0x14
 315 0098 6A000000 		.4byte	0x6a
 316 009c 0F       		.uleb128 0xf
 317 009d 90000000 		.4byte	0x90
 318 00a1 03       		.uleb128 0x3
 319 00a2 21000000 		.4byte	.LASF13
 320 00a6 04       		.byte	0x4
 321 00a7 34       		.byte	0x34
 322 00a8 1F       		.byte	0x1f
 323 00a9 2D000000 		.4byte	0x2d
 324 00ad 08       		.uleb128 0x8
 325 00ae B9000000 		.4byte	0xb9
 326 00b2 02       		.uleb128 0x2
 327 00b3 01       		.byte	0x1
 328 00b4 08       		.byte	0x8
 329 00b5 40010000 		.4byte	.LASF14
 330 00b9 04       		.uleb128 0x4
 331 00ba B2000000 		.4byte	0xb2
 332 00be 02       		.uleb128 0x2
 333 00bf 01       		.byte	0x1
 334 00c0 02       		.byte	0x2
 335 00c1 0A030000 		.4byte	.LASF15
ARM GAS  /tmp/ccxdQ9Mr.s 			page 7


 336 00c5 09       		.uleb128 0x9
 337 00c6 04       		.byte	0x4
 338 00c7 05       		.byte	0x5
 339 00c8 B3       		.byte	0xb3
 340 00c9 05       		.byte	0x5
 341 00ca E7000000 		.4byte	0xe7
 342 00ce 05       		.uleb128 0x5
 343 00cf 73657400 		.ascii	"set\000"
 344 00d3 B4       		.byte	0xb4
 345 00d4 84000000 		.4byte	0x84
 346 00d8 00       		.byte	0
 347 00d9 01       		.uleb128 0x1
 348 00da 0A000000 		.4byte	.LASF16
 349 00de 05       		.byte	0x5
 350 00df B5       		.byte	0xb5
 351 00e0 19       		.byte	0x19
 352 00e1 84000000 		.4byte	0x84
 353 00e5 02       		.byte	0x2
 354 00e6 00       		.byte	0
 355 00e7 17       		.uleb128 0x17
 356 00e8 04       		.byte	0x4
 357 00e9 05       		.byte	0x5
 358 00ea B1       		.byte	0xb1
 359 00eb 0C       		.byte	0xc
 360 00ec 03010000 		.4byte	0x103
 361 00f0 10       		.uleb128 0x10
 362 00f1 5700     		.ascii	"W\000"
 363 00f3 B2       		.byte	0xb2
 364 00f4 19       		.byte	0x19
 365 00f5 90000000 		.4byte	0x90
 366 00f9 10       		.uleb128 0x10
 367 00fa 4800     		.ascii	"H\000"
 368 00fc B6       		.byte	0xb6
 369 00fd 07       		.byte	0x7
 370 00fe C5000000 		.4byte	0xc5
 371 0102 00       		.byte	0
 372 0103 0F       		.uleb128 0xf
 373 0104 E7000000 		.4byte	0xe7
 374 0108 09       		.uleb128 0x9
 375 0109 2C       		.byte	0x2c
 376 010a 05       		.byte	0x5
 377 010b A9       		.byte	0xa9
 378 010c 09       		.byte	0x9
 379 010d 9B010000 		.4byte	0x19b
 380 0111 01       		.uleb128 0x1
 381 0112 10000000 		.4byte	.LASF17
 382 0116 05       		.byte	0x5
 383 0117 AB       		.byte	0xab
 384 0118 19       		.byte	0x19
 385 0119 9C000000 		.4byte	0x9c
 386 011d 00       		.byte	0
 387 011e 01       		.uleb128 0x1
 388 011f 74000000 		.4byte	.LASF18
 389 0123 05       		.byte	0x5
 390 0124 AC       		.byte	0xac
 391 0125 19       		.byte	0x19
 392 0126 9C000000 		.4byte	0x9c
ARM GAS  /tmp/ccxdQ9Mr.s 			page 8


 393 012a 04       		.byte	0x4
 394 012b 01       		.uleb128 0x1
 395 012c 15010000 		.4byte	.LASF19
 396 0130 05       		.byte	0x5
 397 0131 AD       		.byte	0xad
 398 0132 19       		.byte	0x19
 399 0133 9C000000 		.4byte	0x9c
 400 0137 08       		.byte	0x8
 401 0138 01       		.uleb128 0x1
 402 0139 57010000 		.4byte	.LASF20
 403 013d 05       		.byte	0x5
 404 013e AE       		.byte	0xae
 405 013f 19       		.byte	0x19
 406 0140 9C000000 		.4byte	0x9c
 407 0144 0C       		.byte	0xc
 408 0145 05       		.uleb128 0x5
 409 0146 49445200 		.ascii	"IDR\000"
 410 014a AF       		.byte	0xaf
 411 014b 9C000000 		.4byte	0x9c
 412 014f 10       		.byte	0x10
 413 0150 05       		.uleb128 0x5
 414 0151 4F445200 		.ascii	"ODR\000"
 415 0155 B0       		.byte	0xb0
 416 0156 9C000000 		.4byte	0x9c
 417 015a 14       		.byte	0x14
 418 015b 01       		.uleb128 0x1
 419 015c 2E000000 		.4byte	.LASF21
 420 0160 05       		.byte	0x5
 421 0161 B7       		.byte	0xb7
 422 0162 05       		.byte	0x5
 423 0163 03010000 		.4byte	0x103
 424 0167 18       		.byte	0x18
 425 0168 01       		.uleb128 0x1
 426 0169 05000000 		.4byte	.LASF22
 427 016d 05       		.byte	0x5
 428 016e B8       		.byte	0xb8
 429 016f 19       		.byte	0x19
 430 0170 9C000000 		.4byte	0x9c
 431 0174 1C       		.byte	0x1c
 432 0175 01       		.uleb128 0x1
 433 0176 FA000000 		.4byte	.LASF23
 434 017a 05       		.byte	0x5
 435 017b B9       		.byte	0xb9
 436 017c 19       		.byte	0x19
 437 017d 9C000000 		.4byte	0x9c
 438 0181 20       		.byte	0x20
 439 0182 01       		.uleb128 0x1
 440 0183 00000000 		.4byte	.LASF24
 441 0187 05       		.byte	0x5
 442 0188 BA       		.byte	0xba
 443 0189 19       		.byte	0x19
 444 018a 9C000000 		.4byte	0x9c
 445 018e 24       		.byte	0x24
 446 018f 05       		.uleb128 0x5
 447 0190 42525200 		.ascii	"BRR\000"
 448 0194 BB       		.byte	0xbb
 449 0195 9C000000 		.4byte	0x9c
ARM GAS  /tmp/ccxdQ9Mr.s 			page 9


 450 0199 28       		.byte	0x28
 451 019a 00       		.byte	0
 452 019b 03       		.uleb128 0x3
 453 019c 4A010000 		.4byte	.LASF25
 454 01a0 05       		.byte	0x5
 455 01a1 BC       		.byte	0xbc
 456 01a2 03       		.byte	0x3
 457 01a3 08010000 		.4byte	0x108
 458 01a7 0A       		.uleb128 0xa
 459 01a8 5E000000 		.4byte	.LASF26
 460 01ac 0E01     		.2byte	0x10e
 461 01ae 12       		.byte	0x12
 462 01af 90000000 		.4byte	0x90
 463 01b3 0A       		.uleb128 0xa
 464 01b4 7B000000 		.4byte	.LASF27
 465 01b8 1301     		.2byte	0x113
 466 01ba 12       		.byte	0x12
 467 01bb 90000000 		.4byte	0x90
 468 01bf 0A       		.uleb128 0xa
 469 01c0 AE010000 		.4byte	.LASF28
 470 01c4 1B01     		.2byte	0x11b
 471 01c6 18       		.byte	0x18
 472 01c7 CB010000 		.4byte	0x1cb
 473 01cb 08       		.uleb128 0x8
 474 01cc 9B010000 		.4byte	0x19b
 475 01d0 09       		.uleb128 0x9
 476 01d1 0C       		.byte	0xc
 477 01d2 06       		.byte	0x6
 478 01d3 7A       		.byte	0x7a
 479 01d4 09       		.byte	0x9
 480 01d5 01020000 		.4byte	0x201
 481 01d9 01       		.uleb128 0x1
 482 01da 57000000 		.4byte	.LASF29
 483 01de 06       		.byte	0x6
 484 01df 7E       		.byte	0x7e
 485 01e0 19       		.byte	0x19
 486 01e1 BF010000 		.4byte	0x1bf
 487 01e5 00       		.byte	0
 488 01e6 01       		.uleb128 0x1
 489 01e7 6B010000 		.4byte	.LASF30
 490 01eb 06       		.byte	0x6
 491 01ec 84       		.byte	0x84
 492 01ed 19       		.byte	0x19
 493 01ee A7010000 		.4byte	0x1a7
 494 01f2 04       		.byte	0x4
 495 01f3 01       		.uleb128 0x1
 496 01f4 CE000000 		.4byte	.LASF31
 497 01f8 06       		.byte	0x6
 498 01f9 88       		.byte	0x88
 499 01fa 19       		.byte	0x19
 500 01fb A1000000 		.4byte	0xa1
 501 01ff 08       		.byte	0x8
 502 0200 00       		.byte	0
 503 0201 03       		.uleb128 0x3
 504 0202 27030000 		.4byte	.LASF32
 505 0206 06       		.byte	0x6
 506 0207 89       		.byte	0x89
ARM GAS  /tmp/ccxdQ9Mr.s 			page 10


 507 0208 03       		.byte	0x3
 508 0209 D0010000 		.4byte	0x1d0
 509 020d 11       		.uleb128 0x11
 510 020e 1D010000 		.4byte	.LASF33
 511 0212 05       		.byte	0x5
 512 0213 E001     		.2byte	0x1e0
 513 0215 29020000 		.4byte	0x229
 514 0219 06       		.uleb128 0x6
 515 021a BF010000 		.4byte	0x1bf
 516 021e 06       		.uleb128 0x6
 517 021f A7010000 		.4byte	0x1a7
 518 0223 06       		.uleb128 0x6
 519 0224 B3010000 		.4byte	0x1b3
 520 0228 00       		.byte	0
 521 0229 11       		.uleb128 0x11
 522 022a E2020000 		.4byte	.LASF34
 523 022e 07       		.byte	0x7
 524 022f 1601     		.2byte	0x116
 525 0231 3B020000 		.4byte	0x23b
 526 0235 06       		.uleb128 0x6
 527 0236 AD000000 		.4byte	0xad
 528 023a 00       		.byte	0
 529 023b 12       		.uleb128 0x12
 530 023c 49000000 		.4byte	.LASF36
 531 0240 71       		.byte	0x71
 532 0241 00000000 		.4byte	.LFB225
 533 0245 2C000000 		.4byte	.LFE225-.LFB225
 534 0249 01       		.uleb128 0x1
 535 024a 9C       		.byte	0x9c
 536 024b B3020000 		.4byte	0x2b3
 537 024f 0B       		.uleb128 0xb
 538 0250 62757300 		.ascii	"bus\000"
 539 0254 71       		.byte	0x71
 540 0255 1B       		.byte	0x1b
 541 0256 B3020000 		.4byte	0x2b3
 542 025a 12000000 		.4byte	.LLST3
 543 025e 0C000000 		.4byte	.LVUS3
 544 0262 13       		.uleb128 0x13
 545 0263 45010000 		.4byte	.LASF35
 546 0267 71       		.byte	0x71
 547 0268 29       		.byte	0x29
 548 0269 B3010000 		.4byte	0x1b3
 549 026d 38000000 		.4byte	.LLST4
 550 0271 30000000 		.4byte	.LVUS4
 551 0275 0C       		.uleb128 0xc
 552 0276 6B000000 		.4byte	.LASF39
 553 027a C8020000 		.4byte	0x2c8
 554 027e 05       		.uleb128 0x5
 555 027f 03       		.byte	0x3
 556 0280 00000000 		.4byte	__func__.0
 557 0284 18       		.uleb128 0x18
 558 0285 14000000 		.4byte	.LVL10
 559 0289 29020000 		.4byte	0x229
 560 028d 9B020000 		.4byte	0x29b
 561 0291 07       		.uleb128 0x7
 562 0292 01       		.uleb128 0x1
 563 0293 50       		.byte	0x50
ARM GAS  /tmp/ccxdQ9Mr.s 			page 11


 564 0294 05       		.uleb128 0x5
 565 0295 03       		.byte	0x3
 566 0296 00000000 		.4byte	__func__.0
 567 029a 00       		.byte	0
 568 029b 19       		.uleb128 0x19
 569 029c 26000000 		.4byte	.LVL12
 570 02a0 0D020000 		.4byte	0x20d
 571 02a4 07       		.uleb128 0x7
 572 02a5 01       		.uleb128 0x1
 573 02a6 52       		.byte	0x52
 574 02a7 09       		.uleb128 0x9
 575 02a8 A3       		.byte	0xa3
 576 02a9 03       		.uleb128 0x3
 577 02aa A5       		.byte	0xa5
 578 02ab 01       		.uleb128 0x1
 579 02ac 26       		.uleb128 0x26
 580 02ad A8       		.byte	0xa8
 581 02ae 2D       		.uleb128 0x2d
 582 02af A8       		.byte	0xa8
 583 02b0 00       		.uleb128 0
 584 02b1 00       		.byte	0
 585 02b2 00       		.byte	0
 586 02b3 08       		.uleb128 0x8
 587 02b4 01020000 		.4byte	0x201
 588 02b8 0D       		.uleb128 0xd
 589 02b9 B9000000 		.4byte	0xb9
 590 02bd C8020000 		.4byte	0x2c8
 591 02c1 0E       		.uleb128 0xe
 592 02c2 2D000000 		.4byte	0x2d
 593 02c6 0D       		.byte	0xd
 594 02c7 00       		.byte	0
 595 02c8 04       		.uleb128 0x4
 596 02c9 B8020000 		.4byte	0x2b8
 597 02cd 12       		.uleb128 0x12
 598 02ce 33000000 		.4byte	.LASF37
 599 02d2 5A       		.byte	0x5a
 600 02d3 00000000 		.4byte	.LFB224
 601 02d7 34000000 		.4byte	.LFE224-.LFB224
 602 02db 01       		.uleb128 0x1
 603 02dc 9C       		.byte	0x9c
 604 02dd 2A030000 		.4byte	0x32a
 605 02e1 0B       		.uleb128 0xb
 606 02e2 62757300 		.ascii	"bus\000"
 607 02e6 5A       		.byte	0x5a
 608 02e7 19       		.byte	0x19
 609 02e8 B3020000 		.4byte	0x2b3
 610 02ec 61000000 		.4byte	.LLST1
 611 02f0 5B000000 		.4byte	.LVUS1
 612 02f4 13       		.uleb128 0x13
 613 02f5 70010000 		.4byte	.LASF38
 614 02f9 5A       		.byte	0x5a
 615 02fa 2B       		.byte	0x2b
 616 02fb A7010000 		.4byte	0x1a7
 617 02ff 85000000 		.4byte	.LLST2
 618 0303 7F000000 		.4byte	.LVUS2
 619 0307 0C       		.uleb128 0xc
 620 0308 6B000000 		.4byte	.LASF39
ARM GAS  /tmp/ccxdQ9Mr.s 			page 12


 621 030c 3A030000 		.4byte	0x33a
 622 0310 05       		.uleb128 0x5
 623 0311 03       		.byte	0x3
 624 0312 00000000 		.4byte	__func__.1
 625 0316 14       		.uleb128 0x14
 626 0317 14000000 		.4byte	.LVL6
 627 031b 29020000 		.4byte	0x229
 628 031f 07       		.uleb128 0x7
 629 0320 01       		.uleb128 0x1
 630 0321 50       		.byte	0x50
 631 0322 05       		.uleb128 0x5
 632 0323 03       		.byte	0x3
 633 0324 00000000 		.4byte	__func__.1
 634 0328 00       		.byte	0
 635 0329 00       		.byte	0
 636 032a 0D       		.uleb128 0xd
 637 032b B9000000 		.4byte	0xb9
 638 032f 3A030000 		.4byte	0x33a
 639 0333 0E       		.uleb128 0xe
 640 0334 2D000000 		.4byte	0x2d
 641 0338 0B       		.byte	0xb
 642 0339 00       		.byte	0
 643 033a 04       		.uleb128 0x4
 644 033b 2A030000 		.4byte	0x32a
 645 033f 1A       		.uleb128 0x1a
 646 0340 16000000 		.4byte	.LASF43
 647 0344 01       		.byte	0x1
 648 0345 41       		.byte	0x41
 649 0346 0E       		.byte	0xe
 650 0347 A7010000 		.4byte	0x1a7
 651 034b 00000000 		.4byte	.LFB223
 652 034f 24000000 		.4byte	.LFE223-.LFB223
 653 0353 01       		.uleb128 0x1
 654 0354 9C       		.byte	0x9c
 655 0355 8F030000 		.4byte	0x38f
 656 0359 0B       		.uleb128 0xb
 657 035a 62757300 		.ascii	"bus\000"
 658 035e 41       		.byte	0x41
 659 035f 20       		.byte	0x20
 660 0360 B3020000 		.4byte	0x2b3
 661 0364 A9000000 		.4byte	.LLST0
 662 0368 A3000000 		.4byte	.LVUS0
 663 036c 0C       		.uleb128 0xc
 664 036d 6B000000 		.4byte	.LASF39
 665 0371 9F030000 		.4byte	0x39f
 666 0375 05       		.uleb128 0x5
 667 0376 03       		.byte	0x3
 668 0377 00000000 		.4byte	__func__.2
 669 037b 14       		.uleb128 0x14
 670 037c 12000000 		.4byte	.LVL2
 671 0380 29020000 		.4byte	0x229
 672 0384 07       		.uleb128 0x7
 673 0385 01       		.uleb128 0x1
 674 0386 50       		.byte	0x50
 675 0387 05       		.uleb128 0x5
 676 0388 03       		.byte	0x3
 677 0389 00000000 		.4byte	__func__.2
ARM GAS  /tmp/ccxdQ9Mr.s 			page 13


 678 038d 00       		.byte	0
 679 038e 00       		.byte	0
 680 038f 0D       		.uleb128 0xd
 681 0390 B9000000 		.4byte	0xb9
 682 0394 9F030000 		.4byte	0x39f
 683 0398 0E       		.uleb128 0xe
 684 0399 2D000000 		.4byte	0x2d
 685 039d 0A       		.byte	0xa
 686 039e 00       		.byte	0
 687 039f 04       		.uleb128 0x4
 688 03a0 8F030000 		.4byte	0x38f
 689 03a4 00       		.byte	0
 690              		.section	.debug_abbrev,"",%progbits
 691              	.Ldebug_abbrev0:
 692 0000 01       		.uleb128 0x1
 693 0001 0D       		.uleb128 0xd
 694 0002 00       		.byte	0
 695 0003 03       		.uleb128 0x3
 696 0004 0E       		.uleb128 0xe
 697 0005 3A       		.uleb128 0x3a
 698 0006 0B       		.uleb128 0xb
 699 0007 3B       		.uleb128 0x3b
 700 0008 0B       		.uleb128 0xb
 701 0009 39       		.uleb128 0x39
 702 000a 0B       		.uleb128 0xb
 703 000b 49       		.uleb128 0x49
 704 000c 13       		.uleb128 0x13
 705 000d 38       		.uleb128 0x38
 706 000e 0B       		.uleb128 0xb
 707 000f 00       		.byte	0
 708 0010 00       		.byte	0
 709 0011 02       		.uleb128 0x2
 710 0012 24       		.uleb128 0x24
 711 0013 00       		.byte	0
 712 0014 0B       		.uleb128 0xb
 713 0015 0B       		.uleb128 0xb
 714 0016 3E       		.uleb128 0x3e
 715 0017 0B       		.uleb128 0xb
 716 0018 03       		.uleb128 0x3
 717 0019 0E       		.uleb128 0xe
 718 001a 00       		.byte	0
 719 001b 00       		.byte	0
 720 001c 03       		.uleb128 0x3
 721 001d 16       		.uleb128 0x16
 722 001e 00       		.byte	0
 723 001f 03       		.uleb128 0x3
 724 0020 0E       		.uleb128 0xe
 725 0021 3A       		.uleb128 0x3a
 726 0022 0B       		.uleb128 0xb
 727 0023 3B       		.uleb128 0x3b
 728 0024 0B       		.uleb128 0xb
 729 0025 39       		.uleb128 0x39
 730 0026 0B       		.uleb128 0xb
 731 0027 49       		.uleb128 0x49
 732 0028 13       		.uleb128 0x13
 733 0029 00       		.byte	0
 734 002a 00       		.byte	0
ARM GAS  /tmp/ccxdQ9Mr.s 			page 14


 735 002b 04       		.uleb128 0x4
 736 002c 26       		.uleb128 0x26
 737 002d 00       		.byte	0
 738 002e 49       		.uleb128 0x49
 739 002f 13       		.uleb128 0x13
 740 0030 00       		.byte	0
 741 0031 00       		.byte	0
 742 0032 05       		.uleb128 0x5
 743 0033 0D       		.uleb128 0xd
 744 0034 00       		.byte	0
 745 0035 03       		.uleb128 0x3
 746 0036 08       		.uleb128 0x8
 747 0037 3A       		.uleb128 0x3a
 748 0038 21       		.uleb128 0x21
 749 0039 05       		.sleb128 5
 750 003a 3B       		.uleb128 0x3b
 751 003b 0B       		.uleb128 0xb
 752 003c 39       		.uleb128 0x39
 753 003d 21       		.uleb128 0x21
 754 003e 19       		.sleb128 25
 755 003f 49       		.uleb128 0x49
 756 0040 13       		.uleb128 0x13
 757 0041 38       		.uleb128 0x38
 758 0042 0B       		.uleb128 0xb
 759 0043 00       		.byte	0
 760 0044 00       		.byte	0
 761 0045 06       		.uleb128 0x6
 762 0046 05       		.uleb128 0x5
 763 0047 00       		.byte	0
 764 0048 49       		.uleb128 0x49
 765 0049 13       		.uleb128 0x13
 766 004a 00       		.byte	0
 767 004b 00       		.byte	0
 768 004c 07       		.uleb128 0x7
 769 004d 49       		.uleb128 0x49
 770 004e 00       		.byte	0
 771 004f 02       		.uleb128 0x2
 772 0050 18       		.uleb128 0x18
 773 0051 7E       		.uleb128 0x7e
 774 0052 18       		.uleb128 0x18
 775 0053 00       		.byte	0
 776 0054 00       		.byte	0
 777 0055 08       		.uleb128 0x8
 778 0056 0F       		.uleb128 0xf
 779 0057 00       		.byte	0
 780 0058 0B       		.uleb128 0xb
 781 0059 21       		.uleb128 0x21
 782 005a 04       		.sleb128 4
 783 005b 49       		.uleb128 0x49
 784 005c 13       		.uleb128 0x13
 785 005d 00       		.byte	0
 786 005e 00       		.byte	0
 787 005f 09       		.uleb128 0x9
 788 0060 13       		.uleb128 0x13
 789 0061 01       		.byte	0x1
 790 0062 0B       		.uleb128 0xb
 791 0063 0B       		.uleb128 0xb
ARM GAS  /tmp/ccxdQ9Mr.s 			page 15


 792 0064 3A       		.uleb128 0x3a
 793 0065 0B       		.uleb128 0xb
 794 0066 3B       		.uleb128 0x3b
 795 0067 0B       		.uleb128 0xb
 796 0068 39       		.uleb128 0x39
 797 0069 0B       		.uleb128 0xb
 798 006a 01       		.uleb128 0x1
 799 006b 13       		.uleb128 0x13
 800 006c 00       		.byte	0
 801 006d 00       		.byte	0
 802 006e 0A       		.uleb128 0xa
 803 006f 16       		.uleb128 0x16
 804 0070 00       		.byte	0
 805 0071 03       		.uleb128 0x3
 806 0072 0E       		.uleb128 0xe
 807 0073 3A       		.uleb128 0x3a
 808 0074 21       		.uleb128 0x21
 809 0075 05       		.sleb128 5
 810 0076 3B       		.uleb128 0x3b
 811 0077 05       		.uleb128 0x5
 812 0078 39       		.uleb128 0x39
 813 0079 0B       		.uleb128 0xb
 814 007a 49       		.uleb128 0x49
 815 007b 13       		.uleb128 0x13
 816 007c 00       		.byte	0
 817 007d 00       		.byte	0
 818 007e 0B       		.uleb128 0xb
 819 007f 05       		.uleb128 0x5
 820 0080 00       		.byte	0
 821 0081 03       		.uleb128 0x3
 822 0082 08       		.uleb128 0x8
 823 0083 3A       		.uleb128 0x3a
 824 0084 21       		.uleb128 0x21
 825 0085 01       		.sleb128 1
 826 0086 3B       		.uleb128 0x3b
 827 0087 0B       		.uleb128 0xb
 828 0088 39       		.uleb128 0x39
 829 0089 0B       		.uleb128 0xb
 830 008a 49       		.uleb128 0x49
 831 008b 13       		.uleb128 0x13
 832 008c 02       		.uleb128 0x2
 833 008d 17       		.uleb128 0x17
 834 008e B742     		.uleb128 0x2137
 835 0090 17       		.uleb128 0x17
 836 0091 00       		.byte	0
 837 0092 00       		.byte	0
 838 0093 0C       		.uleb128 0xc
 839 0094 34       		.uleb128 0x34
 840 0095 00       		.byte	0
 841 0096 03       		.uleb128 0x3
 842 0097 0E       		.uleb128 0xe
 843 0098 49       		.uleb128 0x49
 844 0099 13       		.uleb128 0x13
 845 009a 34       		.uleb128 0x34
 846 009b 19       		.uleb128 0x19
 847 009c 02       		.uleb128 0x2
 848 009d 18       		.uleb128 0x18
ARM GAS  /tmp/ccxdQ9Mr.s 			page 16


 849 009e 00       		.byte	0
 850 009f 00       		.byte	0
 851 00a0 0D       		.uleb128 0xd
 852 00a1 01       		.uleb128 0x1
 853 00a2 01       		.byte	0x1
 854 00a3 49       		.uleb128 0x49
 855 00a4 13       		.uleb128 0x13
 856 00a5 01       		.uleb128 0x1
 857 00a6 13       		.uleb128 0x13
 858 00a7 00       		.byte	0
 859 00a8 00       		.byte	0
 860 00a9 0E       		.uleb128 0xe
 861 00aa 21       		.uleb128 0x21
 862 00ab 00       		.byte	0
 863 00ac 49       		.uleb128 0x49
 864 00ad 13       		.uleb128 0x13
 865 00ae 2F       		.uleb128 0x2f
 866 00af 0B       		.uleb128 0xb
 867 00b0 00       		.byte	0
 868 00b1 00       		.byte	0
 869 00b2 0F       		.uleb128 0xf
 870 00b3 35       		.uleb128 0x35
 871 00b4 00       		.byte	0
 872 00b5 49       		.uleb128 0x49
 873 00b6 13       		.uleb128 0x13
 874 00b7 00       		.byte	0
 875 00b8 00       		.byte	0
 876 00b9 10       		.uleb128 0x10
 877 00ba 0D       		.uleb128 0xd
 878 00bb 00       		.byte	0
 879 00bc 03       		.uleb128 0x3
 880 00bd 08       		.uleb128 0x8
 881 00be 3A       		.uleb128 0x3a
 882 00bf 21       		.uleb128 0x21
 883 00c0 05       		.sleb128 5
 884 00c1 3B       		.uleb128 0x3b
 885 00c2 0B       		.uleb128 0xb
 886 00c3 39       		.uleb128 0x39
 887 00c4 0B       		.uleb128 0xb
 888 00c5 49       		.uleb128 0x49
 889 00c6 13       		.uleb128 0x13
 890 00c7 00       		.byte	0
 891 00c8 00       		.byte	0
 892 00c9 11       		.uleb128 0x11
 893 00ca 2E       		.uleb128 0x2e
 894 00cb 01       		.byte	0x1
 895 00cc 3F       		.uleb128 0x3f
 896 00cd 19       		.uleb128 0x19
 897 00ce 03       		.uleb128 0x3
 898 00cf 0E       		.uleb128 0xe
 899 00d0 3A       		.uleb128 0x3a
 900 00d1 0B       		.uleb128 0xb
 901 00d2 3B       		.uleb128 0x3b
 902 00d3 05       		.uleb128 0x5
 903 00d4 39       		.uleb128 0x39
 904 00d5 21       		.uleb128 0x21
 905 00d6 08       		.sleb128 8
ARM GAS  /tmp/ccxdQ9Mr.s 			page 17


 906 00d7 27       		.uleb128 0x27
 907 00d8 19       		.uleb128 0x19
 908 00d9 3C       		.uleb128 0x3c
 909 00da 19       		.uleb128 0x19
 910 00db 01       		.uleb128 0x1
 911 00dc 13       		.uleb128 0x13
 912 00dd 00       		.byte	0
 913 00de 00       		.byte	0
 914 00df 12       		.uleb128 0x12
 915 00e0 2E       		.uleb128 0x2e
 916 00e1 01       		.byte	0x1
 917 00e2 3F       		.uleb128 0x3f
 918 00e3 19       		.uleb128 0x19
 919 00e4 03       		.uleb128 0x3
 920 00e5 0E       		.uleb128 0xe
 921 00e6 3A       		.uleb128 0x3a
 922 00e7 21       		.uleb128 0x21
 923 00e8 01       		.sleb128 1
 924 00e9 3B       		.uleb128 0x3b
 925 00ea 0B       		.uleb128 0xb
 926 00eb 39       		.uleb128 0x39
 927 00ec 21       		.uleb128 0x21
 928 00ed 06       		.sleb128 6
 929 00ee 27       		.uleb128 0x27
 930 00ef 19       		.uleb128 0x19
 931 00f0 11       		.uleb128 0x11
 932 00f1 01       		.uleb128 0x1
 933 00f2 12       		.uleb128 0x12
 934 00f3 06       		.uleb128 0x6
 935 00f4 40       		.uleb128 0x40
 936 00f5 18       		.uleb128 0x18
 937 00f6 7A       		.uleb128 0x7a
 938 00f7 19       		.uleb128 0x19
 939 00f8 01       		.uleb128 0x1
 940 00f9 13       		.uleb128 0x13
 941 00fa 00       		.byte	0
 942 00fb 00       		.byte	0
 943 00fc 13       		.uleb128 0x13
 944 00fd 05       		.uleb128 0x5
 945 00fe 00       		.byte	0
 946 00ff 03       		.uleb128 0x3
 947 0100 0E       		.uleb128 0xe
 948 0101 3A       		.uleb128 0x3a
 949 0102 21       		.uleb128 0x21
 950 0103 01       		.sleb128 1
 951 0104 3B       		.uleb128 0x3b
 952 0105 0B       		.uleb128 0xb
 953 0106 39       		.uleb128 0x39
 954 0107 0B       		.uleb128 0xb
 955 0108 49       		.uleb128 0x49
 956 0109 13       		.uleb128 0x13
 957 010a 02       		.uleb128 0x2
 958 010b 17       		.uleb128 0x17
 959 010c B742     		.uleb128 0x2137
 960 010e 17       		.uleb128 0x17
 961 010f 00       		.byte	0
 962 0110 00       		.byte	0
ARM GAS  /tmp/ccxdQ9Mr.s 			page 18


 963 0111 14       		.uleb128 0x14
 964 0112 48       		.uleb128 0x48
 965 0113 01       		.byte	0x1
 966 0114 7D       		.uleb128 0x7d
 967 0115 01       		.uleb128 0x1
 968 0116 7F       		.uleb128 0x7f
 969 0117 13       		.uleb128 0x13
 970 0118 00       		.byte	0
 971 0119 00       		.byte	0
 972 011a 15       		.uleb128 0x15
 973 011b 11       		.uleb128 0x11
 974 011c 01       		.byte	0x1
 975 011d 25       		.uleb128 0x25
 976 011e 0E       		.uleb128 0xe
 977 011f 13       		.uleb128 0x13
 978 0120 0B       		.uleb128 0xb
 979 0121 03       		.uleb128 0x3
 980 0122 0E       		.uleb128 0xe
 981 0123 1B       		.uleb128 0x1b
 982 0124 0E       		.uleb128 0xe
 983 0125 55       		.uleb128 0x55
 984 0126 17       		.uleb128 0x17
 985 0127 11       		.uleb128 0x11
 986 0128 01       		.uleb128 0x1
 987 0129 10       		.uleb128 0x10
 988 012a 17       		.uleb128 0x17
 989 012b 00       		.byte	0
 990 012c 00       		.byte	0
 991 012d 16       		.uleb128 0x16
 992 012e 24       		.uleb128 0x24
 993 012f 00       		.byte	0
 994 0130 0B       		.uleb128 0xb
 995 0131 0B       		.uleb128 0xb
 996 0132 3E       		.uleb128 0x3e
 997 0133 0B       		.uleb128 0xb
 998 0134 03       		.uleb128 0x3
 999 0135 08       		.uleb128 0x8
 1000 0136 00       		.byte	0
 1001 0137 00       		.byte	0
 1002 0138 17       		.uleb128 0x17
 1003 0139 17       		.uleb128 0x17
 1004 013a 01       		.byte	0x1
 1005 013b 0B       		.uleb128 0xb
 1006 013c 0B       		.uleb128 0xb
 1007 013d 3A       		.uleb128 0x3a
 1008 013e 0B       		.uleb128 0xb
 1009 013f 3B       		.uleb128 0x3b
 1010 0140 0B       		.uleb128 0xb
 1011 0141 39       		.uleb128 0x39
 1012 0142 0B       		.uleb128 0xb
 1013 0143 01       		.uleb128 0x1
 1014 0144 13       		.uleb128 0x13
 1015 0145 00       		.byte	0
 1016 0146 00       		.byte	0
 1017 0147 18       		.uleb128 0x18
 1018 0148 48       		.uleb128 0x48
 1019 0149 01       		.byte	0x1
ARM GAS  /tmp/ccxdQ9Mr.s 			page 19


 1020 014a 7D       		.uleb128 0x7d
 1021 014b 01       		.uleb128 0x1
 1022 014c 7F       		.uleb128 0x7f
 1023 014d 13       		.uleb128 0x13
 1024 014e 01       		.uleb128 0x1
 1025 014f 13       		.uleb128 0x13
 1026 0150 00       		.byte	0
 1027 0151 00       		.byte	0
 1028 0152 19       		.uleb128 0x19
 1029 0153 48       		.uleb128 0x48
 1030 0154 01       		.byte	0x1
 1031 0155 7D       		.uleb128 0x7d
 1032 0156 01       		.uleb128 0x1
 1033 0157 8201     		.uleb128 0x82
 1034 0159 19       		.uleb128 0x19
 1035 015a 7F       		.uleb128 0x7f
 1036 015b 13       		.uleb128 0x13
 1037 015c 00       		.byte	0
 1038 015d 00       		.byte	0
 1039 015e 1A       		.uleb128 0x1a
 1040 015f 2E       		.uleb128 0x2e
 1041 0160 01       		.byte	0x1
 1042 0161 3F       		.uleb128 0x3f
 1043 0162 19       		.uleb128 0x19
 1044 0163 03       		.uleb128 0x3
 1045 0164 0E       		.uleb128 0xe
 1046 0165 3A       		.uleb128 0x3a
 1047 0166 0B       		.uleb128 0xb
 1048 0167 3B       		.uleb128 0x3b
 1049 0168 0B       		.uleb128 0xb
 1050 0169 39       		.uleb128 0x39
 1051 016a 0B       		.uleb128 0xb
 1052 016b 27       		.uleb128 0x27
 1053 016c 19       		.uleb128 0x19
 1054 016d 49       		.uleb128 0x49
 1055 016e 13       		.uleb128 0x13
 1056 016f 11       		.uleb128 0x11
 1057 0170 01       		.uleb128 0x1
 1058 0171 12       		.uleb128 0x12
 1059 0172 06       		.uleb128 0x6
 1060 0173 40       		.uleb128 0x40
 1061 0174 18       		.uleb128 0x18
 1062 0175 7A       		.uleb128 0x7a
 1063 0176 19       		.uleb128 0x19
 1064 0177 01       		.uleb128 0x1
 1065 0178 13       		.uleb128 0x13
 1066 0179 00       		.byte	0
 1067 017a 00       		.byte	0
 1068 017b 00       		.byte	0
 1069              		.section	.debug_loclists,"",%progbits
 1070 0000 C3000000 		.4byte	.Ldebug_loc3-.Ldebug_loc2
 1071              	.Ldebug_loc2:
 1072 0004 0500     		.2byte	0x5
 1073 0006 04       		.byte	0x4
 1074 0007 00       		.byte	0
 1075 0008 00000000 		.4byte	0
 1076              	.Ldebug_loc0:
ARM GAS  /tmp/ccxdQ9Mr.s 			page 20


 1077              	.LVUS3:
 1078 000c 00       		.uleb128 0
 1079 000d 00       		.uleb128 .LVU39
 1080 000e 00       		.uleb128 .LVU39
 1081 000f 00       		.uleb128 .LVU44
 1082 0010 00       		.uleb128 .LVU44
 1083 0011 00       		.uleb128 0
 1084              	.LLST3:
 1085 0012 06       		.byte	0x6
 1086 0013 00000000 		.4byte	.LVL8
 1087 0017 04       		.byte	0x4
 1088 0018 00       		.uleb128 .LVL8-.LVL8
 1089 0019 10       		.uleb128 .LVL9-.LVL8
 1090 001a 01       		.uleb128 0x1
 1091 001b 50       		.byte	0x50
 1092 001c 04       		.byte	0x4
 1093 001d 10       		.uleb128 .LVL9-.LVL8
 1094 001e 22       		.uleb128 .LVL11-.LVL8
 1095 001f 01       		.uleb128 0x1
 1096 0020 54       		.byte	0x54
 1097 0021 04       		.byte	0x4
 1098 0022 22       		.uleb128 .LVL11-.LVL8
 1099 0023 2C       		.uleb128 .LFE225-.LVL8
 1100 0024 0A       		.uleb128 0xa
 1101 0025 A3       		.byte	0xa3
 1102 0026 03       		.uleb128 0x3
 1103 0027 A5       		.byte	0xa5
 1104 0028 00       		.uleb128 0
 1105 0029 26       		.uleb128 0x26
 1106 002a A8       		.byte	0xa8
 1107 002b 2D       		.uleb128 0x2d
 1108 002c A8       		.byte	0xa8
 1109 002d 00       		.uleb128 0
 1110 002e 9F       		.byte	0x9f
 1111 002f 00       		.byte	0
 1112              	.LVUS4:
 1113 0030 00       		.uleb128 0
 1114 0031 00       		.uleb128 .LVU40
 1115 0032 00       		.uleb128 .LVU40
 1116 0033 00       		.uleb128 .LVU44
 1117 0034 00       		.uleb128 .LVU44
 1118 0035 00       		.uleb128 .LVU45
 1119 0036 00       		.uleb128 .LVU45
 1120 0037 00       		.uleb128 0
 1121              	.LLST4:
 1122 0038 06       		.byte	0x6
 1123 0039 00000000 		.4byte	.LVL8
 1124 003d 04       		.byte	0x4
 1125 003e 00       		.uleb128 .LVL8-.LVL8
 1126 003f 13       		.uleb128 .LVL10-1-.LVL8
 1127 0040 01       		.uleb128 0x1
 1128 0041 51       		.byte	0x51
 1129 0042 04       		.byte	0x4
 1130 0043 13       		.uleb128 .LVL10-1-.LVL8
 1131 0044 22       		.uleb128 .LVL11-.LVL8
 1132 0045 01       		.uleb128 0x1
 1133 0046 55       		.byte	0x55
ARM GAS  /tmp/ccxdQ9Mr.s 			page 21


 1134 0047 04       		.byte	0x4
 1135 0048 22       		.uleb128 .LVL11-.LVL8
 1136 0049 25       		.uleb128 .LVL12-1-.LVL8
 1137 004a 01       		.uleb128 0x1
 1138 004b 52       		.byte	0x52
 1139 004c 04       		.byte	0x4
 1140 004d 25       		.uleb128 .LVL12-1-.LVL8
 1141 004e 2C       		.uleb128 .LFE225-.LVL8
 1142 004f 0A       		.uleb128 0xa
 1143 0050 A3       		.byte	0xa3
 1144 0051 03       		.uleb128 0x3
 1145 0052 A5       		.byte	0xa5
 1146 0053 01       		.uleb128 0x1
 1147 0054 26       		.uleb128 0x26
 1148 0055 A8       		.byte	0xa8
 1149 0056 2D       		.uleb128 0x2d
 1150 0057 A8       		.byte	0xa8
 1151 0058 00       		.uleb128 0
 1152 0059 9F       		.byte	0x9f
 1153 005a 00       		.byte	0
 1154              	.LVUS1:
 1155 005b 00       		.uleb128 0
 1156 005c 00       		.uleb128 .LVU24
 1157 005d 00       		.uleb128 .LVU24
 1158 005e 00       		.uleb128 .LVU29
 1159 005f 00       		.uleb128 .LVU29
 1160 0060 00       		.uleb128 0
 1161              	.LLST1:
 1162 0061 06       		.byte	0x6
 1163 0062 00000000 		.4byte	.LVL4
 1164 0066 04       		.byte	0x4
 1165 0067 00       		.uleb128 .LVL4-.LVL4
 1166 0068 10       		.uleb128 .LVL5-.LVL4
 1167 0069 01       		.uleb128 0x1
 1168 006a 50       		.byte	0x50
 1169 006b 04       		.byte	0x4
 1170 006c 10       		.uleb128 .LVL5-.LVL4
 1171 006d 2E       		.uleb128 .LVL7-.LVL4
 1172 006e 01       		.uleb128 0x1
 1173 006f 54       		.byte	0x54
 1174 0070 04       		.byte	0x4
 1175 0071 2E       		.uleb128 .LVL7-.LVL4
 1176 0072 34       		.uleb128 .LFE224-.LVL4
 1177 0073 0A       		.uleb128 0xa
 1178 0074 A3       		.byte	0xa3
 1179 0075 03       		.uleb128 0x3
 1180 0076 A5       		.byte	0xa5
 1181 0077 00       		.uleb128 0
 1182 0078 26       		.uleb128 0x26
 1183 0079 A8       		.byte	0xa8
 1184 007a 2D       		.uleb128 0x2d
 1185 007b A8       		.byte	0xa8
 1186 007c 00       		.uleb128 0
 1187 007d 9F       		.byte	0x9f
 1188 007e 00       		.byte	0
 1189              	.LVUS2:
 1190 007f 00       		.uleb128 0
ARM GAS  /tmp/ccxdQ9Mr.s 			page 22


 1191 0080 00       		.uleb128 .LVU25
 1192 0081 00       		.uleb128 .LVU25
 1193 0082 00       		.uleb128 .LVU29
 1194 0083 00       		.uleb128 .LVU29
 1195 0084 00       		.uleb128 0
 1196              	.LLST2:
 1197 0085 06       		.byte	0x6
 1198 0086 00000000 		.4byte	.LVL4
 1199 008a 04       		.byte	0x4
 1200 008b 00       		.uleb128 .LVL4-.LVL4
 1201 008c 13       		.uleb128 .LVL6-1-.LVL4
 1202 008d 01       		.uleb128 0x1
 1203 008e 51       		.byte	0x51
 1204 008f 04       		.byte	0x4
 1205 0090 13       		.uleb128 .LVL6-1-.LVL4
 1206 0091 2E       		.uleb128 .LVL7-.LVL4
 1207 0092 01       		.uleb128 0x1
 1208 0093 55       		.byte	0x55
 1209 0094 04       		.byte	0x4
 1210 0095 2E       		.uleb128 .LVL7-.LVL4
 1211 0096 34       		.uleb128 .LFE224-.LVL4
 1212 0097 0A       		.uleb128 0xa
 1213 0098 A3       		.byte	0xa3
 1214 0099 03       		.uleb128 0x3
 1215 009a A5       		.byte	0xa5
 1216 009b 01       		.uleb128 0x1
 1217 009c 26       		.uleb128 0x26
 1218 009d A8       		.byte	0xa8
 1219 009e 2D       		.uleb128 0x2d
 1220 009f A8       		.byte	0xa8
 1221 00a0 00       		.uleb128 0
 1222 00a1 9F       		.byte	0x9f
 1223 00a2 00       		.byte	0
 1224              	.LVUS0:
 1225 00a3 00       		.uleb128 0
 1226 00a4 00       		.uleb128 .LVU8
 1227 00a5 00       		.uleb128 .LVU8
 1228 00a6 00       		.uleb128 .LVU14
 1229 00a7 00       		.uleb128 .LVU14
 1230 00a8 00       		.uleb128 0
 1231              	.LLST0:
 1232 00a9 06       		.byte	0x6
 1233 00aa 00000000 		.4byte	.LVL0
 1234 00ae 04       		.byte	0x4
 1235 00af 00       		.uleb128 .LVL0-.LVL0
 1236 00b0 0E       		.uleb128 .LVL1-.LVL0
 1237 00b1 01       		.uleb128 0x1
 1238 00b2 50       		.byte	0x50
 1239 00b3 04       		.byte	0x4
 1240 00b4 0E       		.uleb128 .LVL1-.LVL0
 1241 00b5 20       		.uleb128 .LVL3-.LVL0
 1242 00b6 01       		.uleb128 0x1
 1243 00b7 54       		.byte	0x54
 1244 00b8 04       		.byte	0x4
 1245 00b9 20       		.uleb128 .LVL3-.LVL0
 1246 00ba 24       		.uleb128 .LFE223-.LVL0
 1247 00bb 0A       		.uleb128 0xa
ARM GAS  /tmp/ccxdQ9Mr.s 			page 23


 1248 00bc A3       		.byte	0xa3
 1249 00bd 03       		.uleb128 0x3
 1250 00be A5       		.byte	0xa5
 1251 00bf 00       		.uleb128 0
 1252 00c0 26       		.uleb128 0x26
 1253 00c1 A8       		.byte	0xa8
 1254 00c2 2D       		.uleb128 0x2d
 1255 00c3 A8       		.byte	0xa8
 1256 00c4 00       		.uleb128 0
 1257 00c5 9F       		.byte	0x9f
 1258 00c6 00       		.byte	0
 1259              	.Ldebug_loc3:
 1260              		.section	.debug_aranges,"",%progbits
 1261 0000 2C000000 		.4byte	0x2c
 1262 0004 0200     		.2byte	0x2
 1263 0006 00000000 		.4byte	.Ldebug_info0
 1264 000a 04       		.byte	0x4
 1265 000b 00       		.byte	0
 1266 000c 0000     		.2byte	0
 1267 000e 0000     		.2byte	0
 1268 0010 00000000 		.4byte	.LFB223
 1269 0014 24000000 		.4byte	.LFE223-.LFB223
 1270 0018 00000000 		.4byte	.LFB224
 1271 001c 34000000 		.4byte	.LFE224-.LFB224
 1272 0020 00000000 		.4byte	.LFB225
 1273 0024 2C000000 		.4byte	.LFE225-.LFB225
 1274 0028 00000000 		.4byte	0
 1275 002c 00000000 		.4byte	0
 1276              		.section	.debug_rnglists,"",%progbits
 1277              	.Ldebug_ranges0:
 1278 0000 1B000000 		.4byte	.Ldebug_ranges3-.Ldebug_ranges2
 1279              	.Ldebug_ranges2:
 1280 0004 0500     		.2byte	0x5
 1281 0006 04       		.byte	0x4
 1282 0007 00       		.byte	0
 1283 0008 00000000 		.4byte	0
 1284              	.LLRL5:
 1285 000c 07       		.byte	0x7
 1286 000d 00000000 		.4byte	.LFB223
 1287 0011 24       		.uleb128 .LFE223-.LFB223
 1288 0012 07       		.byte	0x7
 1289 0013 00000000 		.4byte	.LFB224
 1290 0017 34       		.uleb128 .LFE224-.LFB224
 1291 0018 07       		.byte	0x7
 1292 0019 00000000 		.4byte	.LFB225
 1293 001d 2C       		.uleb128 .LFE225-.LFB225
 1294 001e 00       		.byte	0
 1295              	.Ldebug_ranges3:
 1296              		.section	.debug_line,"",%progbits
 1297              	.Ldebug_line0:
 1298 0000 FA020000 		.section	.debug_str,"MS",%progbits,1
 1298      03001C02 
 1298      00000201 
 1298      FB0E0D00 
 1298      01010101 
 1299              	.LASF24:
 1300 0000 41465248 		.ascii	"AFRH\000"
ARM GAS  /tmp/ccxdQ9Mr.s 			page 24


 1300      00
 1301              	.LASF22:
 1302 0005 4C434B52 		.ascii	"LCKR\000"
 1302      00
 1303              	.LASF16:
 1304 000a 636C6561 		.ascii	"clear\000"
 1304      7200
 1305              	.LASF17:
 1306 0010 4D4F4445 		.ascii	"MODER\000"
 1306      5200
 1307              	.LASF43:
 1308 0016 70616C52 		.ascii	"palReadBus\000"
 1308      65616442 
 1308      757300
 1309              	.LASF13:
 1310 0021 75696E74 		.ascii	"uint_fast8_t\000"
 1310      5F666173 
 1310      74385F74 
 1310      00
 1311              	.LASF21:
 1312 002e 42535252 		.ascii	"BSRR\000"
 1312      00
 1313              	.LASF37:
 1314 0033 70616C57 		.ascii	"palWriteBus\000"
 1314      72697465 
 1314      42757300 
 1315              	.LASF4:
 1316 003f 73686F72 		.ascii	"short int\000"
 1316      7420696E 
 1316      7400
 1317              	.LASF36:
 1318 0049 70616C53 		.ascii	"palSetBusMode\000"
 1318      65744275 
 1318      734D6F64 
 1318      6500
 1319              	.LASF29:
 1320 0057 706F7274 		.ascii	"portid\000"
 1320      696400
 1321              	.LASF26:
 1322 005e 696F706F 		.ascii	"ioportmask_t\000"
 1322      72746D61 
 1322      736B5F74 
 1322      00
 1323              	.LASF39:
 1324 006b 5F5F6675 		.ascii	"__func__\000"
 1324      6E635F5F 
 1324      00
 1325              	.LASF18:
 1326 0074 4F545950 		.ascii	"OTYPER\000"
 1326      455200
 1327              	.LASF27:
 1328 007b 696F6D6F 		.ascii	"iomode_t\000"
 1328      64655F74 
 1328      00
 1329              	.LASF42:
 1330 0084 2F686F6D 		.ascii	"/home/gunnar/code/rise_sdvp/Embedded/RTCM_Forwarder"
 1330      652F6775 
ARM GAS  /tmp/ccxdQ9Mr.s 			page 25


 1330      6E6E6172 
 1330      2F636F64 
 1330      652F7269 
 1331 00b7 5F50726F 		.ascii	"_Project\000"
 1331      6A656374 
 1331      00
 1332              	.LASF3:
 1333 00c0 756E7369 		.ascii	"unsigned char\000"
 1333      676E6564 
 1333      20636861 
 1333      7200
 1334              	.LASF31:
 1335 00ce 6F666673 		.ascii	"offset\000"
 1335      657400
 1336              	.LASF9:
 1337 00d5 6C6F6E67 		.ascii	"long unsigned int\000"
 1337      20756E73 
 1337      69676E65 
 1337      6420696E 
 1337      7400
 1338              	.LASF5:
 1339 00e7 73686F72 		.ascii	"short unsigned int\000"
 1339      7420756E 
 1339      7369676E 
 1339      65642069 
 1339      6E7400
 1340              	.LASF23:
 1341 00fa 4146524C 		.ascii	"AFRL\000"
 1341      00
 1342              	.LASF7:
 1343 00ff 5F5F7569 		.ascii	"__uint16_t\000"
 1343      6E743136 
 1343      5F7400
 1344              	.LASF8:
 1345 010a 5F5F7569 		.ascii	"__uint32_t\000"
 1345      6E743332 
 1345      5F7400
 1346              	.LASF19:
 1347 0115 4F535045 		.ascii	"OSPEEDR\000"
 1347      45445200 
 1348              	.LASF33:
 1349 011d 5F70616C 		.ascii	"_pal_lld_setgroupmode\000"
 1349      5F6C6C64 
 1349      5F736574 
 1349      67726F75 
 1349      706D6F64 
 1350              	.LASF1:
 1351 0133 756E7369 		.ascii	"unsigned int\000"
 1351      676E6564 
 1351      20696E74 
 1351      00
 1352              	.LASF14:
 1353 0140 63686172 		.ascii	"char\000"
 1353      00
 1354              	.LASF35:
 1355 0145 6D6F6465 		.ascii	"mode\000"
 1355      00
ARM GAS  /tmp/ccxdQ9Mr.s 			page 26


 1356              	.LASF25:
 1357 014a 73746D33 		.ascii	"stm32_gpio_t\000"
 1357      325F6770 
 1357      696F5F74 
 1357      00
 1358              	.LASF20:
 1359 0157 50555044 		.ascii	"PUPDR\000"
 1359      5200
 1360              	.LASF10:
 1361 015d 6C6F6E67 		.ascii	"long long int\000"
 1361      206C6F6E 
 1361      6720696E 
 1361      7400
 1362              	.LASF30:
 1363 016b 6D61736B 		.ascii	"mask\000"
 1363      00
 1364              	.LASF38:
 1365 0170 62697473 		.ascii	"bits\000"
 1365      00
 1366              	.LASF41:
 1367 0175 2E2E2F52 		.ascii	"../RC_Controller/ChibiOS_3.0.5/os/hal/src/pal.c\000"
 1367      435F436F 
 1367      6E74726F 
 1367      6C6C6572 
 1367      2F436869 
 1368              	.LASF11:
 1369 01a5 75696E74 		.ascii	"uint16_t\000"
 1369      31365F74 
 1369      00
 1370              	.LASF28:
 1371 01ae 696F706F 		.ascii	"ioportid_t\000"
 1371      72746964 
 1371      5F7400
 1372              	.LASF40:
 1373 01b9 474E5520 		.ascii	"GNU C99 13.2.1 20231009 -mcpu=cortex-m4 -mfpu=fpv4-"
 1373      43393920 
 1373      31332E32 
 1373      2E312032 
 1373      30323331 
 1374 01ec 73702D64 		.ascii	"sp-d16 -mfloat-abi=hard -mfloat-abi=hard -mfpu=fpv4"
 1374      3136202D 
 1374      6D666C6F 
 1374      61742D61 
 1374      62693D68 
 1375 021f 2D73702D 		.ascii	"-sp-d16 -mno-thumb-interwork -mthumb -march=armv7e-"
 1375      64313620 
 1375      2D6D6E6F 
 1375      2D746875 
 1375      6D622D69 
 1376 0252 6D2B6670 		.ascii	"m+fp -ggdb -O2 -std=gnu99 -fomit-frame-pointer -fal"
 1376      202D6767 
 1376      6462202D 
 1376      4F32202D 
 1376      7374643D 
 1377 0285 69676E2D 		.ascii	"ign-functions=16 -ffunction-sections -fdata-section"
 1377      66756E63 
 1377      74696F6E 
ARM GAS  /tmp/ccxdQ9Mr.s 			page 27


 1377      733D3136 
 1377      202D6666 
 1378 02b8 73202D66 		.ascii	"s -fno-common -fsingle-precision-constant\000"
 1378      6E6F2D63 
 1378      6F6D6D6F 
 1378      6E202D66 
 1378      73696E67 
 1379              	.LASF34:
 1380 02e2 63685379 		.ascii	"chSysHalt\000"
 1380      7348616C 
 1380      7400
 1381              	.LASF12:
 1382 02ec 75696E74 		.ascii	"uint32_t\000"
 1382      33325F74 
 1382      00
 1383              	.LASF6:
 1384 02f5 6C6F6E67 		.ascii	"long int\000"
 1384      20696E74 
 1384      00
 1385              	.LASF2:
 1386 02fe 7369676E 		.ascii	"signed char\000"
 1386      65642063 
 1386      68617200 
 1387              	.LASF15:
 1388 030a 5F426F6F 		.ascii	"_Bool\000"
 1388      6C00
 1389              	.LASF0:
 1390 0310 6C6F6E67 		.ascii	"long long unsigned int\000"
 1390      206C6F6E 
 1390      6720756E 
 1390      7369676E 
 1390      65642069 
 1391              	.LASF32:
 1392 0327 494F4275 		.ascii	"IOBus\000"
 1392      7300
 1393              		.ident	"GCC: (Arm GNU Toolchain 13.2.rel1 (Build arm-13.7)) 13.2.1 20231009"
ARM GAS  /tmp/ccxdQ9Mr.s 			page 28


DEFINED SYMBOLS
                            *ABS*:00000000 pal.c
     /tmp/ccxdQ9Mr.s:21     .text.palReadBus:00000000 $t
     /tmp/ccxdQ9Mr.s:28     .text.palReadBus:00000000 palReadBus
     /tmp/ccxdQ9Mr.s:74     .text.palReadBus:00000020 $d
     /tmp/ccxdQ9Mr.s:227    .rodata.__func__.2:00000000 __func__.2
     /tmp/ccxdQ9Mr.s:79     .text.palWriteBus:00000000 $t
     /tmp/ccxdQ9Mr.s:86     .text.palWriteBus:00000000 palWriteBus
     /tmp/ccxdQ9Mr.s:139    .text.palWriteBus:00000030 $d
     /tmp/ccxdQ9Mr.s:221    .rodata.__func__.1:00000000 __func__.1
     /tmp/ccxdQ9Mr.s:144    .text.palSetBusMode:00000000 $t
     /tmp/ccxdQ9Mr.s:151    .text.palSetBusMode:00000000 palSetBusMode
     /tmp/ccxdQ9Mr.s:207    .text.palSetBusMode:00000028 $d
     /tmp/ccxdQ9Mr.s:215    .rodata.__func__.0:00000000 __func__.0
     /tmp/ccxdQ9Mr.s:212    .rodata.__func__.0:00000000 $d
     /tmp/ccxdQ9Mr.s:218    .rodata.__func__.1:00000000 $d
     /tmp/ccxdQ9Mr.s:224    .rodata.__func__.2:00000000 $d

UNDEFINED SYMBOLS
chSysHalt
_pal_lld_setgroupmode
