ARM GAS  /tmp/cc8NkLZQ.s 			page 1


   1              		.cpu cortex-m4
   2              		.arch armv7e-m
   3              		.fpu fpv4-sp-d16
   4              		.eabi_attribute 27, 1
   5              		.eabi_attribute 28, 1
   6              		.eabi_attribute 20, 1
   7              		.eabi_attribute 21, 1
   8              		.eabi_attribute 23, 3
   9              		.eabi_attribute 24, 1
  10              		.eabi_attribute 25, 1
  11              		.eabi_attribute 26, 1
  12              		.eabi_attribute 30, 2
  13              		.eabi_attribute 34, 1
  14              		.eabi_attribute 18, 4
  15              		.file	"st.c"
  16              		.text
  17              	.Ltext0:
  18              		.cfi_sections	.debug_frame
  19              		.file 1 "../RC_Controller/ChibiOS_3.0.5/os/hal/src/st.c"
  20              		.section	.text.stInit,"ax",%progbits
  21              		.align	1
  22              		.p2align 4,,15
  23              		.global	stInit
  24              		.syntax unified
  25              		.thumb
  26              		.thumb_func
  27              		.type	stInit, %function
  28              	stInit:
  29              	.LFB223:
  30              		.loc 1 60 19 view -0
  31              		.cfi_startproc
  32              		@ args = 0, pretend = 0, frame = 0
  33              		@ frame_needed = 0, uses_anonymous_args = 0
  34              		@ link register save eliminated.
  35              		.loc 1 62 3 view .LVU1
  36 0000 FFF7FEBF 		b	st_lld_init
  37              	.LVL0:
  38              		.cfi_endproc
  39              	.LFE223:
  40              		.size	stInit, .-stInit
  41              		.section	.text.stStartAlarm,"ax",%progbits
  42              		.align	1
  43              		.p2align 4,,15
  44              		.global	stStartAlarm
  45              		.syntax unified
  46              		.thumb
  47              		.thumb_func
  48              		.type	stStartAlarm, %function
  49              	stStartAlarm:
  50              	.LVL1:
  51              	.LFB224:
  52              		.loc 1 77 38 view -0
  53              		.cfi_startproc
  54              		@ args = 0, pretend = 0, frame = 0
  55              		@ frame_needed = 0, uses_anonymous_args = 0
  56              		.loc 1 79 3 view .LVU3
  57              		.loc 1 79 3 view .LVU4
ARM GAS  /tmp/cc8NkLZQ.s 			page 2


  58              		.loc 1 79 3 discriminator 1 view .LVU5
  59              	.LBB16:
  60              	.LBI16:
  61              		.file 2 "../RC_Controller/ChibiOS_3.0.5/os/hal/ports/STM32/LLD/TIMv1/st_lld.h"
  62              		.loc 2 191 20 view .LVU6
  63              	.LBB17:
  64              		.loc 2 193 3 view .LVU7
  65              		.loc 2 193 30 is_stmt 0 view .LVU8
  66 0000 4FF08043 		mov	r3, #1073741824
  67              	.LBE17:
  68              	.LBE16:
  69              		.loc 1 77 38 view .LVU9
  70 0004 10B5     		push	{r4, lr}
  71              		.cfi_def_cfa_offset 8
  72              		.cfi_offset 4, -8
  73              		.cfi_offset 14, -4
  74              	.LBB19:
  75              	.LBB18:
  76              		.loc 2 193 30 view .LVU10
  77 0006 DB68     		ldr	r3, [r3, #12]
  78              	.LBE18:
  79              	.LBE19:
  80              		.loc 1 79 3 discriminator 1 view .LVU11
  81 0008 9B07     		lsls	r3, r3, #30
  82              		.loc 1 77 38 view .LVU12
  83 000a 0446     		mov	r4, r0
  84              		.loc 1 79 3 discriminator 1 view .LVU13
  85 000c 07D4     		bmi	.L9
  86              	.LVL2:
  87              	.L4:
  88              		.loc 1 79 3 is_stmt 1 discriminator 5 view .LVU14
  89              		.loc 1 81 3 view .LVU15
  90              	.LBB20:
  91              	.LBI20:
  92              		.loc 2 141 20 view .LVU16
  93              	.LBB21:
  94              		.loc 2 143 3 view .LVU17
  95              		.loc 2 143 24 is_stmt 0 view .LVU18
  96 000e 4FF08043 		mov	r3, #1073741824
  97              		.loc 2 144 24 view .LVU19
  98 0012 0021     		movs	r1, #0
  99              		.loc 2 145 24 view .LVU20
 100 0014 0222     		movs	r2, #2
 101              		.loc 2 143 24 view .LVU21
 102 0016 5C63     		str	r4, [r3, #52]
 103              		.loc 2 144 3 is_stmt 1 view .LVU22
 104              		.loc 2 144 24 is_stmt 0 view .LVU23
 105 0018 1961     		str	r1, [r3, #16]
 106              		.loc 2 145 3 is_stmt 1 view .LVU24
 107              		.loc 2 145 24 is_stmt 0 view .LVU25
 108 001a DA60     		str	r2, [r3, #12]
 109              	.LVL3:
 110              		.loc 2 145 24 view .LVU26
 111              	.LBE21:
 112              	.LBE20:
 113              		.loc 1 82 1 view .LVU27
 114 001c 10BD     		pop	{r4, pc}
ARM GAS  /tmp/cc8NkLZQ.s 			page 3


 115              	.LVL4:
 116              	.L9:
 117              		.loc 1 79 3 is_stmt 1 discriminator 3 view .LVU28
 118 001e 0248     		ldr	r0, .L10
 119              	.LVL5:
 120              		.loc 1 79 3 is_stmt 0 discriminator 3 view .LVU29
 121 0020 FFF7FEFF 		bl	chSysHalt
 122              	.LVL6:
 123 0024 F3E7     		b	.L4
 124              	.L11:
 125 0026 00BF     		.align	2
 126              	.L10:
 127 0028 00000000 		.word	__func__.2
 128              		.cfi_endproc
 129              	.LFE224:
 130              		.size	stStartAlarm, .-stStartAlarm
 131              		.section	.text.stStopAlarm,"ax",%progbits
 132              		.align	1
 133              		.p2align 4,,15
 134              		.global	stStopAlarm
 135              		.syntax unified
 136              		.thumb
 137              		.thumb_func
 138              		.type	stStopAlarm, %function
 139              	stStopAlarm:
 140              	.LFB225:
 141              		.loc 1 91 24 is_stmt 1 view -0
 142              		.cfi_startproc
 143              		@ args = 0, pretend = 0, frame = 0
 144              		@ frame_needed = 0, uses_anonymous_args = 0
 145              		@ link register save eliminated.
 146              		.loc 1 93 3 view .LVU31
 147              	.LBB22:
 148              	.LBI22:
 149              		.loc 2 153 20 view .LVU32
 150              	.LBB23:
 151              		.loc 2 155 3 view .LVU33
 152              		.loc 2 155 22 is_stmt 0 view .LVU34
 153 0000 4FF08043 		mov	r3, #1073741824
 154 0004 0022     		movs	r2, #0
 155 0006 DA60     		str	r2, [r3, #12]
 156              	.LBE23:
 157              	.LBE22:
 158              		.loc 1 94 1 view .LVU35
 159 0008 7047     		bx	lr
 160              		.cfi_endproc
 161              	.LFE225:
 162              		.size	stStopAlarm, .-stStopAlarm
 163 000a 00BF     		.section	.text.stSetAlarm,"ax",%progbits
 164              		.align	1
 165              		.p2align 4,,15
 166              		.global	stSetAlarm
 167              		.syntax unified
 168              		.thumb
 169              		.thumb_func
 170              		.type	stSetAlarm, %function
 171              	stSetAlarm:
ARM GAS  /tmp/cc8NkLZQ.s 			page 4


 172              	.LVL7:
 173              	.LFB226:
 174              		.loc 1 105 36 is_stmt 1 view -0
 175              		.cfi_startproc
 176              		@ args = 0, pretend = 0, frame = 0
 177              		@ frame_needed = 0, uses_anonymous_args = 0
 178              		.loc 1 107 3 view .LVU37
 179              		.loc 1 107 3 view .LVU38
 180              		.loc 1 107 3 discriminator 1 view .LVU39
 181              	.LBB24:
 182              	.LBI24:
 183              		.loc 2 191 20 view .LVU40
 184              	.LBB25:
 185              		.loc 2 193 3 view .LVU41
 186              		.loc 2 193 30 is_stmt 0 view .LVU42
 187 0000 4FF08043 		mov	r3, #1073741824
 188              	.LBE25:
 189              	.LBE24:
 190              		.loc 1 105 36 view .LVU43
 191 0004 10B5     		push	{r4, lr}
 192              		.cfi_def_cfa_offset 8
 193              		.cfi_offset 4, -8
 194              		.cfi_offset 14, -4
 195              	.LBB27:
 196              	.LBB26:
 197              		.loc 2 193 30 view .LVU44
 198 0006 DB68     		ldr	r3, [r3, #12]
 199              	.LBE26:
 200              	.LBE27:
 201              		.loc 1 107 3 discriminator 1 view .LVU45
 202 0008 9B07     		lsls	r3, r3, #30
 203              		.loc 1 105 36 view .LVU46
 204 000a 0446     		mov	r4, r0
 205              		.loc 1 107 3 discriminator 1 view .LVU47
 206 000c 03D5     		bpl	.L16
 207              		.loc 1 107 3 is_stmt 1 discriminator 5 view .LVU48
 208              		.loc 1 109 3 view .LVU49
 209              	.LVL8:
 210              	.LBB28:
 211              	.LBI28:
 212              		.loc 2 165 20 view .LVU50
 213              	.LBB29:
 214              		.loc 2 167 3 view .LVU51
 215              		.loc 2 167 24 is_stmt 0 view .LVU52
 216 000e 4FF08043 		mov	r3, #1073741824
 217 0012 5C63     		str	r4, [r3, #52]
 218              	.LVL9:
 219              		.loc 2 167 24 view .LVU53
 220              	.LBE29:
 221              	.LBE28:
 222              		.loc 1 110 1 view .LVU54
 223 0014 10BD     		pop	{r4, pc}
 224              	.L16:
 225              		.loc 1 107 3 is_stmt 1 discriminator 3 view .LVU55
 226 0016 0348     		ldr	r0, .L17
 227              	.LVL10:
 228              		.loc 1 107 3 is_stmt 0 discriminator 3 view .LVU56
ARM GAS  /tmp/cc8NkLZQ.s 			page 5


 229 0018 FFF7FEFF 		bl	chSysHalt
 230              	.LVL11:
 231              		.loc 1 107 3 is_stmt 1 discriminator 5 view .LVU57
 232              		.loc 1 109 3 view .LVU58
 233              	.LBB31:
 234              		.loc 2 165 20 view .LVU59
 235              	.LBB30:
 236              		.loc 2 167 3 view .LVU60
 237              		.loc 2 167 24 is_stmt 0 view .LVU61
 238 001c 4FF08043 		mov	r3, #1073741824
 239 0020 5C63     		str	r4, [r3, #52]
 240              	.LVL12:
 241              		.loc 2 167 24 view .LVU62
 242              	.LBE30:
 243              	.LBE31:
 244              		.loc 1 110 1 view .LVU63
 245 0022 10BD     		pop	{r4, pc}
 246              	.LVL13:
 247              	.L18:
 248              		.loc 1 110 1 view .LVU64
 249              		.align	2
 250              	.L17:
 251 0024 00000000 		.word	__func__.1
 252              		.cfi_endproc
 253              	.LFE226:
 254              		.size	stSetAlarm, .-stSetAlarm
 255              		.section	.text.stGetAlarm,"ax",%progbits
 256              		.align	1
 257              		.p2align 4,,15
 258              		.global	stGetAlarm
 259              		.syntax unified
 260              		.thumb
 261              		.thumb_func
 262              		.type	stGetAlarm, %function
 263              	stGetAlarm:
 264              	.LFB227:
 265              		.loc 1 121 28 is_stmt 1 view -0
 266              		.cfi_startproc
 267              		@ args = 0, pretend = 0, frame = 0
 268              		@ frame_needed = 0, uses_anonymous_args = 0
 269              		.loc 1 123 3 view .LVU66
 270              		.loc 1 123 3 view .LVU67
 271              		.loc 1 123 3 discriminator 1 view .LVU68
 272              	.LBB32:
 273              	.LBI32:
 274              		.loc 2 191 20 view .LVU69
 275              	.LBB33:
 276              		.loc 2 193 3 view .LVU70
 277              	.LBE33:
 278              	.LBE32:
 279              		.loc 1 121 28 is_stmt 0 view .LVU71
 280 0000 08B5     		push	{r3, lr}
 281              		.cfi_def_cfa_offset 8
 282              		.cfi_offset 3, -8
 283              		.cfi_offset 14, -4
 284              	.LBB35:
 285              	.LBB34:
ARM GAS  /tmp/cc8NkLZQ.s 			page 6


 286              		.loc 2 193 30 view .LVU72
 287 0002 4FF08043 		mov	r3, #1073741824
 288 0006 DB68     		ldr	r3, [r3, #12]
 289              	.LBE34:
 290              	.LBE35:
 291              		.loc 1 123 3 discriminator 1 view .LVU73
 292 0008 9B07     		lsls	r3, r3, #30
 293 000a 03D5     		bpl	.L22
 294              		.loc 1 123 3 is_stmt 1 discriminator 5 view .LVU74
 295              		.loc 1 125 3 view .LVU75
 296              	.LBB36:
 297              	.LBI36:
 298              		.loc 2 177 25 view .LVU76
 299              	.LBB37:
 300              		.loc 2 179 3 view .LVU77
 301              		.loc 2 179 10 is_stmt 0 view .LVU78
 302 000c 4FF08043 		mov	r3, #1073741824
 303 0010 586B     		ldr	r0, [r3, #52]
 304              	.LBE37:
 305              	.LBE36:
 306              		.loc 1 126 1 view .LVU79
 307 0012 08BD     		pop	{r3, pc}
 308              	.L22:
 309              		.loc 1 123 3 is_stmt 1 discriminator 3 view .LVU80
 310 0014 0348     		ldr	r0, .L23
 311 0016 FFF7FEFF 		bl	chSysHalt
 312              	.LVL14:
 313              		.loc 1 123 3 discriminator 5 view .LVU81
 314              		.loc 1 125 3 view .LVU82
 315              	.LBB39:
 316              		.loc 2 177 25 view .LVU83
 317              	.LBB38:
 318              		.loc 2 179 3 view .LVU84
 319              		.loc 2 179 10 is_stmt 0 view .LVU85
 320 001a 4FF08043 		mov	r3, #1073741824
 321 001e 586B     		ldr	r0, [r3, #52]
 322              	.LBE38:
 323              	.LBE39:
 324              		.loc 1 126 1 view .LVU86
 325 0020 08BD     		pop	{r3, pc}
 326              	.L24:
 327 0022 00BF     		.align	2
 328              	.L23:
 329 0024 00000000 		.word	__func__.0
 330              		.cfi_endproc
 331              	.LFE227:
 332              		.size	stGetAlarm, .-stGetAlarm
 333              		.section	.rodata.__func__.0,"a"
 334              		.align	2
 335              		.type	__func__.0, %object
 336              		.size	__func__.0, 11
 337              	__func__.0:
 338 0000 73744765 		.ascii	"stGetAlarm\000"
 338      74416C61 
 338      726D00
 339              		.section	.rodata.__func__.1,"a"
 340              		.align	2
ARM GAS  /tmp/cc8NkLZQ.s 			page 7


 341              		.type	__func__.1, %object
 342              		.size	__func__.1, 11
 343              	__func__.1:
 344 0000 73745365 		.ascii	"stSetAlarm\000"
 344      74416C61 
 344      726D00
 345              		.section	.rodata.__func__.2,"a"
 346              		.align	2
 347              		.type	__func__.2, %object
 348              		.size	__func__.2, 13
 349              	__func__.2:
 350 0000 73745374 		.ascii	"stStartAlarm\000"
 350      61727441 
 350      6C61726D 
 350      00
 351              		.text
 352              	.Letext0:
 353              		.file 3 "/opt/arm-gnu-toolchain-13.2.Rel1-x86_64-arm-none-eabi/arm-none-eabi/include/machine/_defa
 354              		.file 4 "/opt/arm-gnu-toolchain-13.2.Rel1-x86_64-arm-none-eabi/arm-none-eabi/include/sys/_stdint.h
 355              		.file 5 "../RC_Controller/ChibiOS_3.0.5/os/rt/include/chsystypes.h"
 356              		.file 6 "../RC_Controller/ChibiOS_3.0.5/os/hal/ports/STM32/LLD/TIMv1/stm32_tim.h"
 357              		.file 7 "../RC_Controller/ChibiOS_3.0.5/os/rt/include/chsys.h"
 358              		.section	.debug_info,"",%progbits
 359              	.Ldebug_info0:
 360 0000 10040000 		.4byte	0x410
 361 0004 0500     		.2byte	0x5
 362 0006 01       		.byte	0x1
 363 0007 04       		.byte	0x4
 364 0008 00000000 		.4byte	.Ldebug_abbrev0
 365 000c 12       		.uleb128 0x12
 366 000d B4010000 		.4byte	.LASF33
 367 0011 0C       		.byte	0xc
 368 0012 05000000 		.4byte	.LASF34
 369 0016 C5000000 		.4byte	.LASF35
 370 001a 48000000 		.4byte	.LLRL9
 371 001e 00000000 		.4byte	0
 372 0022 00000000 		.4byte	.Ldebug_line0
 373 0026 13       		.uleb128 0x13
 374 0027 04       		.byte	0x4
 375 0028 05       		.byte	0x5
 376 0029 696E7400 		.ascii	"int\000"
 377 002d 01       		.uleb128 0x1
 378 002e 04       		.byte	0x4
 379 002f 07       		.byte	0x7
 380 0030 4E010000 		.4byte	.LASF0
 381 0034 01       		.uleb128 0x1
 382 0035 01       		.byte	0x1
 383 0036 06       		.byte	0x6
 384 0037 04030000 		.4byte	.LASF1
 385 003b 01       		.uleb128 0x1
 386 003c 01       		.byte	0x1
 387 003d 08       		.byte	0x8
 388 003e 01010000 		.4byte	.LASF2
 389 0042 01       		.uleb128 0x1
 390 0043 02       		.byte	0x2
 391 0044 05       		.byte	0x5
 392 0045 5D000000 		.4byte	.LASF3
ARM GAS  /tmp/cc8NkLZQ.s 			page 8


 393 0049 01       		.uleb128 0x1
 394 004a 02       		.byte	0x2
 395 004b 07       		.byte	0x7
 396 004c 3E000000 		.4byte	.LASF4
 397 0050 01       		.uleb128 0x1
 398 0051 04       		.byte	0x4
 399 0052 05       		.byte	0x5
 400 0053 E6020000 		.4byte	.LASF5
 401 0057 08       		.uleb128 0x8
 402 0058 32010000 		.4byte	.LASF9
 403 005c 03       		.byte	0x3
 404 005d 4F       		.byte	0x4f
 405 005e 19       		.byte	0x19
 406 005f 63000000 		.4byte	0x63
 407 0063 01       		.uleb128 0x1
 408 0064 04       		.byte	0x4
 409 0065 07       		.byte	0x7
 410 0066 0F010000 		.4byte	.LASF6
 411 006a 01       		.uleb128 0x1
 412 006b 08       		.byte	0x8
 413 006c 05       		.byte	0x5
 414 006d 79010000 		.4byte	.LASF7
 415 0071 01       		.uleb128 0x1
 416 0072 08       		.byte	0x8
 417 0073 07       		.byte	0x7
 418 0074 16030000 		.4byte	.LASF8
 419 0078 08       		.uleb128 0x8
 420 0079 DD020000 		.4byte	.LASF10
 421 007d 04       		.byte	0x4
 422 007e 30       		.byte	0x30
 423 007f 14       		.byte	0x14
 424 0080 57000000 		.4byte	0x57
 425 0084 09       		.uleb128 0x9
 426 0085 78000000 		.4byte	0x78
 427 0089 08       		.uleb128 0x8
 428 008a 34000000 		.4byte	.LASF11
 429 008e 05       		.byte	0x5
 430 008f 33       		.byte	0x33
 431 0090 12       		.byte	0x12
 432 0091 78000000 		.4byte	0x78
 433 0095 04       		.uleb128 0x4
 434 0096 84000000 		.4byte	0x84
 435 009a A5000000 		.4byte	0xa5
 436 009e 05       		.uleb128 0x5
 437 009f 2D000000 		.4byte	0x2d
 438 00a3 01       		.byte	0x1
 439 00a4 00       		.byte	0
 440 00a5 09       		.uleb128 0x9
 441 00a6 95000000 		.4byte	0x95
 442 00aa 04       		.uleb128 0x4
 443 00ab 84000000 		.4byte	0x84
 444 00af BA000000 		.4byte	0xba
 445 00b3 05       		.uleb128 0x5
 446 00b4 2D000000 		.4byte	0x2d
 447 00b8 03       		.byte	0x3
 448 00b9 00       		.byte	0
 449 00ba 09       		.uleb128 0x9
ARM GAS  /tmp/cc8NkLZQ.s 			page 9


 450 00bb AA000000 		.4byte	0xaa
 451 00bf 14       		.uleb128 0x14
 452 00c0 04       		.byte	0x4
 453 00c1 CC000000 		.4byte	0xcc
 454 00c5 01       		.uleb128 0x1
 455 00c6 01       		.byte	0x1
 456 00c7 08       		.byte	0x8
 457 00c8 5B010000 		.4byte	.LASF12
 458 00cc 0A       		.uleb128 0xa
 459 00cd C5000000 		.4byte	0xc5
 460 00d1 01       		.uleb128 0x1
 461 00d2 01       		.byte	0x1
 462 00d3 02       		.byte	0x2
 463 00d4 10030000 		.4byte	.LASF13
 464 00d8 15       		.uleb128 0x15
 465 00d9 60       		.byte	0x60
 466 00da 06       		.byte	0x6
 467 00db 9E01     		.2byte	0x19e
 468 00dd 09       		.byte	0x9
 469 00de D1010000 		.4byte	0x1d1
 470 00e2 02       		.uleb128 0x2
 471 00e3 43523100 		.ascii	"CR1\000"
 472 00e7 9F01     		.2byte	0x19f
 473 00e9 84000000 		.4byte	0x84
 474 00ed 00       		.byte	0
 475 00ee 02       		.uleb128 0x2
 476 00ef 43523200 		.ascii	"CR2\000"
 477 00f3 A001     		.2byte	0x1a0
 478 00f5 84000000 		.4byte	0x84
 479 00f9 04       		.byte	0x4
 480 00fa 03       		.uleb128 0x3
 481 00fb 9D010000 		.4byte	.LASF14
 482 00ff A101     		.2byte	0x1a1
 483 0101 84000000 		.4byte	0x84
 484 0105 08       		.byte	0x8
 485 0106 03       		.uleb128 0x3
 486 0107 9C000000 		.4byte	.LASF15
 487 010b A201     		.2byte	0x1a2
 488 010d 84000000 		.4byte	0x84
 489 0111 0C       		.byte	0xc
 490 0112 02       		.uleb128 0x2
 491 0113 535200   		.ascii	"SR\000"
 492 0116 A301     		.2byte	0x1a3
 493 0118 84000000 		.4byte	0x84
 494 011c 10       		.byte	0x10
 495 011d 02       		.uleb128 0x2
 496 011e 45475200 		.ascii	"EGR\000"
 497 0122 A401     		.2byte	0x1a4
 498 0124 84000000 		.4byte	0x84
 499 0128 14       		.byte	0x14
 500 0129 03       		.uleb128 0x3
 501 012a A2010000 		.4byte	.LASF16
 502 012e A501     		.2byte	0x1a5
 503 0130 84000000 		.4byte	0x84
 504 0134 18       		.byte	0x18
 505 0135 03       		.uleb128 0x3
 506 0136 A8010000 		.4byte	.LASF17
ARM GAS  /tmp/cc8NkLZQ.s 			page 10


 507 013a A601     		.2byte	0x1a6
 508 013c 84000000 		.4byte	0x84
 509 0140 1C       		.byte	0x1c
 510 0141 03       		.uleb128 0x3
 511 0142 98010000 		.4byte	.LASF18
 512 0146 A701     		.2byte	0x1a7
 513 0148 84000000 		.4byte	0x84
 514 014c 20       		.byte	0x20
 515 014d 02       		.uleb128 0x2
 516 014e 434E5400 		.ascii	"CNT\000"
 517 0152 A801     		.2byte	0x1a8
 518 0154 84000000 		.4byte	0x84
 519 0158 24       		.byte	0x24
 520 0159 02       		.uleb128 0x2
 521 015a 50534300 		.ascii	"PSC\000"
 522 015e A901     		.2byte	0x1a9
 523 0160 84000000 		.4byte	0x84
 524 0164 28       		.byte	0x28
 525 0165 02       		.uleb128 0x2
 526 0166 41525200 		.ascii	"ARR\000"
 527 016a AA01     		.2byte	0x1aa
 528 016c 84000000 		.4byte	0x84
 529 0170 2C       		.byte	0x2c
 530 0171 02       		.uleb128 0x2
 531 0172 52435200 		.ascii	"RCR\000"
 532 0176 AB01     		.2byte	0x1ab
 533 0178 84000000 		.4byte	0x84
 534 017c 30       		.byte	0x30
 535 017d 02       		.uleb128 0x2
 536 017e 43435200 		.ascii	"CCR\000"
 537 0182 AC01     		.2byte	0x1ac
 538 0184 BA000000 		.4byte	0xba
 539 0188 34       		.byte	0x34
 540 0189 03       		.uleb128 0x3
 541 018a 00000000 		.4byte	.LASF19
 542 018e AD01     		.2byte	0x1ad
 543 0190 84000000 		.4byte	0x84
 544 0194 44       		.byte	0x44
 545 0195 02       		.uleb128 0x2
 546 0196 44435200 		.ascii	"DCR\000"
 547 019a AE01     		.2byte	0x1ae
 548 019c 84000000 		.4byte	0x84
 549 01a0 48       		.byte	0x48
 550 01a1 03       		.uleb128 0x3
 551 01a2 3D010000 		.4byte	.LASF20
 552 01a6 AF01     		.2byte	0x1af
 553 01a8 84000000 		.4byte	0x84
 554 01ac 4C       		.byte	0x4c
 555 01ad 02       		.uleb128 0x2
 556 01ae 4F5200   		.ascii	"OR\000"
 557 01b1 B001     		.2byte	0x1b0
 558 01b3 84000000 		.4byte	0x84
 559 01b7 50       		.byte	0x50
 560 01b8 03       		.uleb128 0x3
 561 01b9 AE010000 		.4byte	.LASF21
 562 01bd B101     		.2byte	0x1b1
 563 01bf 84000000 		.4byte	0x84
ARM GAS  /tmp/cc8NkLZQ.s 			page 11


 564 01c3 54       		.byte	0x54
 565 01c4 03       		.uleb128 0x3
 566 01c5 2D030000 		.4byte	.LASF22
 567 01c9 B201     		.2byte	0x1b2
 568 01cb A5000000 		.4byte	0xa5
 569 01cf 58       		.byte	0x58
 570 01d0 00       		.byte	0
 571 01d1 16       		.uleb128 0x16
 572 01d2 90000000 		.4byte	.LASF23
 573 01d6 06       		.byte	0x6
 574 01d7 B301     		.2byte	0x1b3
 575 01d9 03       		.byte	0x3
 576 01da D8000000 		.4byte	0xd8
 577 01de 17       		.uleb128 0x17
 578 01df FA020000 		.4byte	.LASF36
 579 01e3 07       		.byte	0x7
 580 01e4 1601     		.2byte	0x116
 581 01e6 08       		.byte	0x8
 582 01e7 F1010000 		.4byte	0x1f1
 583 01eb 18       		.uleb128 0x18
 584 01ec BF000000 		.4byte	0xbf
 585 01f0 00       		.byte	0
 586 01f1 19       		.uleb128 0x19
 587 01f2 51000000 		.4byte	.LASF37
 588 01f6 02       		.byte	0x2
 589 01f7 6F       		.byte	0x6f
 590 01f8 08       		.byte	0x8
 591 01f9 1A       		.uleb128 0x1a
 592 01fa 32030000 		.4byte	.LASF38
 593 01fe 01       		.byte	0x1
 594 01ff 79       		.byte	0x79
 595 0200 0B       		.byte	0xb
 596 0201 89000000 		.4byte	0x89
 597 0205 00000000 		.4byte	.LFB227
 598 0209 28000000 		.4byte	.LFE227-.LFB227
 599 020d 01       		.uleb128 0x1
 600 020e 9C       		.byte	0x9c
 601 020f 56020000 		.4byte	0x256
 602 0213 0B       		.uleb128 0xb
 603 0214 A1000000 		.4byte	.LASF24
 604 0218 66020000 		.4byte	0x266
 605 021c 05       		.uleb128 0x5
 606 021d 03       		.byte	0x3
 607 021e 00000000 		.4byte	__func__.0
 608 0222 06       		.uleb128 0x6
 609 0223 C6030000 		.4byte	0x3c6
 610 0227 00000000 		.4byte	.LBI32
 611 022b 04       		.byte	.LVU69
 612 022c 30000000 		.4byte	.LLRL7
 613 0230 7B       		.byte	0x7b
 614 0231 03       		.byte	0x3
 615 0232 06       		.uleb128 0x6
 616 0233 D1030000 		.4byte	0x3d1
 617 0237 0C000000 		.4byte	.LBI36
 618 023b 02       		.byte	.LVU76
 619 023c 3C000000 		.4byte	.LLRL8
 620 0240 7D       		.byte	0x7d
ARM GAS  /tmp/cc8NkLZQ.s 			page 12


 621 0241 0A       		.byte	0xa
 622 0242 0C       		.uleb128 0xc
 623 0243 1A000000 		.4byte	.LVL14
 624 0247 DE010000 		.4byte	0x1de
 625 024b 0D       		.uleb128 0xd
 626 024c 01       		.uleb128 0x1
 627 024d 50       		.byte	0x50
 628 024e 05       		.uleb128 0x5
 629 024f 03       		.byte	0x3
 630 0250 00000000 		.4byte	__func__.0
 631 0254 00       		.byte	0
 632 0255 00       		.byte	0
 633 0256 04       		.uleb128 0x4
 634 0257 CC000000 		.4byte	0xcc
 635 025b 66020000 		.4byte	0x266
 636 025f 05       		.uleb128 0x5
 637 0260 2D000000 		.4byte	0x2d
 638 0264 0A       		.byte	0xa
 639 0265 00       		.byte	0
 640 0266 0A       		.uleb128 0xa
 641 0267 56020000 		.4byte	0x256
 642 026b 07       		.uleb128 0x7
 643 026c EF020000 		.4byte	.LASF25
 644 0270 69       		.byte	0x69
 645 0271 00000000 		.4byte	.LFB226
 646 0275 28000000 		.4byte	.LFE226-.LFB226
 647 0279 01       		.uleb128 0x1
 648 027a 9C       		.byte	0x9c
 649 027b E8020000 		.4byte	0x2e8
 650 027f 0E       		.uleb128 0xe
 651 0280 BD000000 		.4byte	.LASF28
 652 0284 69       		.byte	0x69
 653 0285 1B       		.byte	0x1b
 654 0286 89000000 		.4byte	0x89
 655 028a 12000000 		.4byte	.LLST3
 656 028e 0C000000 		.4byte	.LVUS3
 657 0292 0B       		.uleb128 0xb
 658 0293 A1000000 		.4byte	.LASF24
 659 0297 66020000 		.4byte	0x266
 660 029b 05       		.uleb128 0x5
 661 029c 03       		.byte	0x3
 662 029d 00000000 		.4byte	__func__.1
 663 02a1 06       		.uleb128 0x6
 664 02a2 C6030000 		.4byte	0x3c6
 665 02a6 00000000 		.4byte	.LBI24
 666 02aa 04       		.byte	.LVU40
 667 02ab 18000000 		.4byte	.LLRL4
 668 02af 6B       		.byte	0x6b
 669 02b0 03       		.byte	0x3
 670 02b1 1B       		.uleb128 0x1b
 671 02b2 DC030000 		.4byte	0x3dc
 672 02b6 0E000000 		.4byte	.LBI28
 673 02ba 02       		.byte	.LVU50
 674 02bb 24000000 		.4byte	.LLRL5
 675 02bf 01       		.byte	0x1
 676 02c0 6D       		.byte	0x6d
 677 02c1 03       		.byte	0x3
ARM GAS  /tmp/cc8NkLZQ.s 			page 13


 678 02c2 D4020000 		.4byte	0x2d4
 679 02c6 0F       		.uleb128 0xf
 680 02c7 E9030000 		.4byte	0x3e9
 681 02cb 2C000000 		.4byte	.LLST6
 682 02cf 28000000 		.4byte	.LVUS6
 683 02d3 00       		.byte	0
 684 02d4 0C       		.uleb128 0xc
 685 02d5 1C000000 		.4byte	.LVL11
 686 02d9 DE010000 		.4byte	0x1de
 687 02dd 0D       		.uleb128 0xd
 688 02de 01       		.uleb128 0x1
 689 02df 50       		.byte	0x50
 690 02e0 05       		.uleb128 0x5
 691 02e1 03       		.byte	0x3
 692 02e2 00000000 		.4byte	__func__.1
 693 02e6 00       		.byte	0
 694 02e7 00       		.byte	0
 695 02e8 07       		.uleb128 0x7
 696 02e9 42010000 		.4byte	.LASF26
 697 02ed 5B       		.byte	0x5b
 698 02ee 00000000 		.4byte	.LFB225
 699 02f2 0A000000 		.4byte	.LFE225-.LFB225
 700 02f6 01       		.uleb128 0x1
 701 02f7 9C       		.byte	0x9c
 702 02f8 12030000 		.4byte	0x312
 703 02fc 1C       		.uleb128 0x1c
 704 02fd F5030000 		.4byte	0x3f5
 705 0301 00000000 		.4byte	.LBI22
 706 0305 02       		.byte	.LVU32
 707 0306 00000000 		.4byte	.LBB22
 708 030a 08000000 		.4byte	.LBE22-.LBB22
 709 030e 01       		.byte	0x1
 710 030f 5D       		.byte	0x5d
 711 0310 03       		.byte	0x3
 712 0311 00       		.byte	0
 713 0312 07       		.uleb128 0x7
 714 0313 60010000 		.4byte	.LASF27
 715 0317 4D       		.byte	0x4d
 716 0318 00000000 		.4byte	.LFB224
 717 031c 2C000000 		.4byte	.LFE224-.LFB224
 718 0320 01       		.uleb128 0x1
 719 0321 9C       		.byte	0x9c
 720 0322 93030000 		.4byte	0x393
 721 0326 0E       		.uleb128 0xe
 722 0327 BD000000 		.4byte	.LASF28
 723 032b 4D       		.byte	0x4d
 724 032c 1D       		.byte	0x1d
 725 032d 89000000 		.4byte	0x89
 726 0331 44000000 		.4byte	.LLST0
 727 0335 3C000000 		.4byte	.LVUS0
 728 0339 0B       		.uleb128 0xb
 729 033a A1000000 		.4byte	.LASF24
 730 033e A3030000 		.4byte	0x3a3
 731 0342 05       		.uleb128 0x5
 732 0343 03       		.byte	0x3
 733 0344 00000000 		.4byte	__func__.2
 734 0348 06       		.uleb128 0x6
ARM GAS  /tmp/cc8NkLZQ.s 			page 14


 735 0349 C6030000 		.4byte	0x3c6
 736 034d 00000000 		.4byte	.LBI16
 737 0351 04       		.byte	.LVU6
 738 0352 0C000000 		.4byte	.LLRL1
 739 0356 4F       		.byte	0x4f
 740 0357 03       		.byte	0x3
 741 0358 1D       		.uleb128 0x1d
 742 0359 FE030000 		.4byte	0x3fe
 743 035d 0E000000 		.4byte	.LBI20
 744 0361 02       		.byte	.LVU16
 745 0362 0E000000 		.4byte	.LBB20
 746 0366 0E000000 		.4byte	.LBE20-.LBB20
 747 036a 01       		.byte	0x1
 748 036b 51       		.byte	0x51
 749 036c 03       		.byte	0x3
 750 036d 7F030000 		.4byte	0x37f
 751 0371 0F       		.uleb128 0xf
 752 0372 07040000 		.4byte	0x407
 753 0376 60000000 		.4byte	.LLST2
 754 037a 5E000000 		.4byte	.LVUS2
 755 037e 00       		.byte	0
 756 037f 0C       		.uleb128 0xc
 757 0380 24000000 		.4byte	.LVL6
 758 0384 DE010000 		.4byte	0x1de
 759 0388 0D       		.uleb128 0xd
 760 0389 01       		.uleb128 0x1
 761 038a 50       		.byte	0x50
 762 038b 05       		.uleb128 0x5
 763 038c 03       		.byte	0x3
 764 038d 00000000 		.4byte	__func__.2
 765 0391 00       		.byte	0
 766 0392 00       		.byte	0
 767 0393 04       		.uleb128 0x4
 768 0394 CC000000 		.4byte	0xcc
 769 0398 A3030000 		.4byte	0x3a3
 770 039c 05       		.uleb128 0x5
 771 039d 2D000000 		.4byte	0x2d
 772 03a1 0C       		.byte	0xc
 773 03a2 00       		.byte	0
 774 03a3 0A       		.uleb128 0xa
 775 03a4 93030000 		.4byte	0x393
 776 03a8 07       		.uleb128 0x7
 777 03a9 72010000 		.4byte	.LASF29
 778 03ad 3C       		.byte	0x3c
 779 03ae 00000000 		.4byte	.LFB223
 780 03b2 04000000 		.4byte	.LFE223-.LFB223
 781 03b6 01       		.uleb128 0x1
 782 03b7 9C       		.byte	0x9c
 783 03b8 C6030000 		.4byte	0x3c6
 784 03bc 1E       		.uleb128 0x1e
 785 03bd 04000000 		.4byte	.LVL0
 786 03c1 F1010000 		.4byte	0x1f1
 787 03c5 00       		.byte	0
 788 03c6 10       		.uleb128 0x10
 789 03c7 79000000 		.4byte	.LASF30
 790 03cb BF       		.byte	0xbf
 791 03cc 14       		.byte	0x14
ARM GAS  /tmp/cc8NkLZQ.s 			page 15


 792 03cd D1000000 		.4byte	0xd1
 793 03d1 10       		.uleb128 0x10
 794 03d2 87010000 		.4byte	.LASF31
 795 03d6 B1       		.byte	0xb1
 796 03d7 19       		.byte	0x19
 797 03d8 89000000 		.4byte	0x89
 798 03dc 1F       		.uleb128 0x1f
 799 03dd 21010000 		.4byte	.LASF39
 800 03e1 02       		.byte	0x2
 801 03e2 A5       		.byte	0xa5
 802 03e3 14       		.byte	0x14
 803 03e4 03       		.byte	0x3
 804 03e5 F5030000 		.4byte	0x3f5
 805 03e9 11       		.uleb128 0x11
 806 03ea 6D010000 		.4byte	.LASF32
 807 03ee A5       		.byte	0xa5
 808 03ef 2F       		.byte	0x2f
 809 03f0 89000000 		.4byte	0x89
 810 03f4 00       		.byte	0
 811 03f5 20       		.uleb128 0x20
 812 03f6 67000000 		.4byte	.LASF40
 813 03fa 02       		.byte	0x2
 814 03fb 99       		.byte	0x99
 815 03fc 14       		.byte	0x14
 816 03fd 03       		.byte	0x3
 817 03fe 21       		.uleb128 0x21
 818 03ff AA000000 		.4byte	.LASF41
 819 0403 02       		.byte	0x2
 820 0404 8D       		.byte	0x8d
 821 0405 14       		.byte	0x14
 822 0406 03       		.byte	0x3
 823 0407 11       		.uleb128 0x11
 824 0408 6D010000 		.4byte	.LASF32
 825 040c 8D       		.byte	0x8d
 826 040d 31       		.byte	0x31
 827 040e 89000000 		.4byte	0x89
 828 0412 00       		.byte	0
 829 0413 00       		.byte	0
 830              		.section	.debug_abbrev,"",%progbits
 831              	.Ldebug_abbrev0:
 832 0000 01       		.uleb128 0x1
 833 0001 24       		.uleb128 0x24
 834 0002 00       		.byte	0
 835 0003 0B       		.uleb128 0xb
 836 0004 0B       		.uleb128 0xb
 837 0005 3E       		.uleb128 0x3e
 838 0006 0B       		.uleb128 0xb
 839 0007 03       		.uleb128 0x3
 840 0008 0E       		.uleb128 0xe
 841 0009 00       		.byte	0
 842 000a 00       		.byte	0
 843 000b 02       		.uleb128 0x2
 844 000c 0D       		.uleb128 0xd
 845 000d 00       		.byte	0
 846 000e 03       		.uleb128 0x3
 847 000f 08       		.uleb128 0x8
 848 0010 3A       		.uleb128 0x3a
ARM GAS  /tmp/cc8NkLZQ.s 			page 16


 849 0011 21       		.uleb128 0x21
 850 0012 06       		.sleb128 6
 851 0013 3B       		.uleb128 0x3b
 852 0014 05       		.uleb128 0x5
 853 0015 39       		.uleb128 0x39
 854 0016 21       		.uleb128 0x21
 855 0017 19       		.sleb128 25
 856 0018 49       		.uleb128 0x49
 857 0019 13       		.uleb128 0x13
 858 001a 38       		.uleb128 0x38
 859 001b 0B       		.uleb128 0xb
 860 001c 00       		.byte	0
 861 001d 00       		.byte	0
 862 001e 03       		.uleb128 0x3
 863 001f 0D       		.uleb128 0xd
 864 0020 00       		.byte	0
 865 0021 03       		.uleb128 0x3
 866 0022 0E       		.uleb128 0xe
 867 0023 3A       		.uleb128 0x3a
 868 0024 21       		.uleb128 0x21
 869 0025 06       		.sleb128 6
 870 0026 3B       		.uleb128 0x3b
 871 0027 05       		.uleb128 0x5
 872 0028 39       		.uleb128 0x39
 873 0029 21       		.uleb128 0x21
 874 002a 19       		.sleb128 25
 875 002b 49       		.uleb128 0x49
 876 002c 13       		.uleb128 0x13
 877 002d 38       		.uleb128 0x38
 878 002e 0B       		.uleb128 0xb
 879 002f 00       		.byte	0
 880 0030 00       		.byte	0
 881 0031 04       		.uleb128 0x4
 882 0032 01       		.uleb128 0x1
 883 0033 01       		.byte	0x1
 884 0034 49       		.uleb128 0x49
 885 0035 13       		.uleb128 0x13
 886 0036 01       		.uleb128 0x1
 887 0037 13       		.uleb128 0x13
 888 0038 00       		.byte	0
 889 0039 00       		.byte	0
 890 003a 05       		.uleb128 0x5
 891 003b 21       		.uleb128 0x21
 892 003c 00       		.byte	0
 893 003d 49       		.uleb128 0x49
 894 003e 13       		.uleb128 0x13
 895 003f 2F       		.uleb128 0x2f
 896 0040 0B       		.uleb128 0xb
 897 0041 00       		.byte	0
 898 0042 00       		.byte	0
 899 0043 06       		.uleb128 0x6
 900 0044 1D       		.uleb128 0x1d
 901 0045 00       		.byte	0
 902 0046 31       		.uleb128 0x31
 903 0047 13       		.uleb128 0x13
 904 0048 52       		.uleb128 0x52
 905 0049 01       		.uleb128 0x1
ARM GAS  /tmp/cc8NkLZQ.s 			page 17


 906 004a B842     		.uleb128 0x2138
 907 004c 0B       		.uleb128 0xb
 908 004d 55       		.uleb128 0x55
 909 004e 17       		.uleb128 0x17
 910 004f 58       		.uleb128 0x58
 911 0050 21       		.uleb128 0x21
 912 0051 01       		.sleb128 1
 913 0052 59       		.uleb128 0x59
 914 0053 0B       		.uleb128 0xb
 915 0054 57       		.uleb128 0x57
 916 0055 0B       		.uleb128 0xb
 917 0056 00       		.byte	0
 918 0057 00       		.byte	0
 919 0058 07       		.uleb128 0x7
 920 0059 2E       		.uleb128 0x2e
 921 005a 01       		.byte	0x1
 922 005b 3F       		.uleb128 0x3f
 923 005c 19       		.uleb128 0x19
 924 005d 03       		.uleb128 0x3
 925 005e 0E       		.uleb128 0xe
 926 005f 3A       		.uleb128 0x3a
 927 0060 21       		.uleb128 0x21
 928 0061 01       		.sleb128 1
 929 0062 3B       		.uleb128 0x3b
 930 0063 0B       		.uleb128 0xb
 931 0064 39       		.uleb128 0x39
 932 0065 21       		.uleb128 0x21
 933 0066 06       		.sleb128 6
 934 0067 27       		.uleb128 0x27
 935 0068 19       		.uleb128 0x19
 936 0069 11       		.uleb128 0x11
 937 006a 01       		.uleb128 0x1
 938 006b 12       		.uleb128 0x12
 939 006c 06       		.uleb128 0x6
 940 006d 40       		.uleb128 0x40
 941 006e 18       		.uleb128 0x18
 942 006f 7A       		.uleb128 0x7a
 943 0070 19       		.uleb128 0x19
 944 0071 01       		.uleb128 0x1
 945 0072 13       		.uleb128 0x13
 946 0073 00       		.byte	0
 947 0074 00       		.byte	0
 948 0075 08       		.uleb128 0x8
 949 0076 16       		.uleb128 0x16
 950 0077 00       		.byte	0
 951 0078 03       		.uleb128 0x3
 952 0079 0E       		.uleb128 0xe
 953 007a 3A       		.uleb128 0x3a
 954 007b 0B       		.uleb128 0xb
 955 007c 3B       		.uleb128 0x3b
 956 007d 0B       		.uleb128 0xb
 957 007e 39       		.uleb128 0x39
 958 007f 0B       		.uleb128 0xb
 959 0080 49       		.uleb128 0x49
 960 0081 13       		.uleb128 0x13
 961 0082 00       		.byte	0
 962 0083 00       		.byte	0
ARM GAS  /tmp/cc8NkLZQ.s 			page 18


 963 0084 09       		.uleb128 0x9
 964 0085 35       		.uleb128 0x35
 965 0086 00       		.byte	0
 966 0087 49       		.uleb128 0x49
 967 0088 13       		.uleb128 0x13
 968 0089 00       		.byte	0
 969 008a 00       		.byte	0
 970 008b 0A       		.uleb128 0xa
 971 008c 26       		.uleb128 0x26
 972 008d 00       		.byte	0
 973 008e 49       		.uleb128 0x49
 974 008f 13       		.uleb128 0x13
 975 0090 00       		.byte	0
 976 0091 00       		.byte	0
 977 0092 0B       		.uleb128 0xb
 978 0093 34       		.uleb128 0x34
 979 0094 00       		.byte	0
 980 0095 03       		.uleb128 0x3
 981 0096 0E       		.uleb128 0xe
 982 0097 49       		.uleb128 0x49
 983 0098 13       		.uleb128 0x13
 984 0099 34       		.uleb128 0x34
 985 009a 19       		.uleb128 0x19
 986 009b 02       		.uleb128 0x2
 987 009c 18       		.uleb128 0x18
 988 009d 00       		.byte	0
 989 009e 00       		.byte	0
 990 009f 0C       		.uleb128 0xc
 991 00a0 48       		.uleb128 0x48
 992 00a1 01       		.byte	0x1
 993 00a2 7D       		.uleb128 0x7d
 994 00a3 01       		.uleb128 0x1
 995 00a4 7F       		.uleb128 0x7f
 996 00a5 13       		.uleb128 0x13
 997 00a6 00       		.byte	0
 998 00a7 00       		.byte	0
 999 00a8 0D       		.uleb128 0xd
 1000 00a9 49       		.uleb128 0x49
 1001 00aa 00       		.byte	0
 1002 00ab 02       		.uleb128 0x2
 1003 00ac 18       		.uleb128 0x18
 1004 00ad 7E       		.uleb128 0x7e
 1005 00ae 18       		.uleb128 0x18
 1006 00af 00       		.byte	0
 1007 00b0 00       		.byte	0
 1008 00b1 0E       		.uleb128 0xe
 1009 00b2 05       		.uleb128 0x5
 1010 00b3 00       		.byte	0
 1011 00b4 03       		.uleb128 0x3
 1012 00b5 0E       		.uleb128 0xe
 1013 00b6 3A       		.uleb128 0x3a
 1014 00b7 21       		.uleb128 0x21
 1015 00b8 01       		.sleb128 1
 1016 00b9 3B       		.uleb128 0x3b
 1017 00ba 0B       		.uleb128 0xb
 1018 00bb 39       		.uleb128 0x39
 1019 00bc 0B       		.uleb128 0xb
ARM GAS  /tmp/cc8NkLZQ.s 			page 19


 1020 00bd 49       		.uleb128 0x49
 1021 00be 13       		.uleb128 0x13
 1022 00bf 02       		.uleb128 0x2
 1023 00c0 17       		.uleb128 0x17
 1024 00c1 B742     		.uleb128 0x2137
 1025 00c3 17       		.uleb128 0x17
 1026 00c4 00       		.byte	0
 1027 00c5 00       		.byte	0
 1028 00c6 0F       		.uleb128 0xf
 1029 00c7 05       		.uleb128 0x5
 1030 00c8 00       		.byte	0
 1031 00c9 31       		.uleb128 0x31
 1032 00ca 13       		.uleb128 0x13
 1033 00cb 02       		.uleb128 0x2
 1034 00cc 17       		.uleb128 0x17
 1035 00cd B742     		.uleb128 0x2137
 1036 00cf 17       		.uleb128 0x17
 1037 00d0 00       		.byte	0
 1038 00d1 00       		.byte	0
 1039 00d2 10       		.uleb128 0x10
 1040 00d3 2E       		.uleb128 0x2e
 1041 00d4 00       		.byte	0
 1042 00d5 03       		.uleb128 0x3
 1043 00d6 0E       		.uleb128 0xe
 1044 00d7 3A       		.uleb128 0x3a
 1045 00d8 21       		.uleb128 0x21
 1046 00d9 02       		.sleb128 2
 1047 00da 3B       		.uleb128 0x3b
 1048 00db 0B       		.uleb128 0xb
 1049 00dc 39       		.uleb128 0x39
 1050 00dd 0B       		.uleb128 0xb
 1051 00de 27       		.uleb128 0x27
 1052 00df 19       		.uleb128 0x19
 1053 00e0 49       		.uleb128 0x49
 1054 00e1 13       		.uleb128 0x13
 1055 00e2 20       		.uleb128 0x20
 1056 00e3 21       		.uleb128 0x21
 1057 00e4 03       		.sleb128 3
 1058 00e5 00       		.byte	0
 1059 00e6 00       		.byte	0
 1060 00e7 11       		.uleb128 0x11
 1061 00e8 05       		.uleb128 0x5
 1062 00e9 00       		.byte	0
 1063 00ea 03       		.uleb128 0x3
 1064 00eb 0E       		.uleb128 0xe
 1065 00ec 3A       		.uleb128 0x3a
 1066 00ed 21       		.uleb128 0x21
 1067 00ee 02       		.sleb128 2
 1068 00ef 3B       		.uleb128 0x3b
 1069 00f0 0B       		.uleb128 0xb
 1070 00f1 39       		.uleb128 0x39
 1071 00f2 0B       		.uleb128 0xb
 1072 00f3 49       		.uleb128 0x49
 1073 00f4 13       		.uleb128 0x13
 1074 00f5 00       		.byte	0
 1075 00f6 00       		.byte	0
 1076 00f7 12       		.uleb128 0x12
ARM GAS  /tmp/cc8NkLZQ.s 			page 20


 1077 00f8 11       		.uleb128 0x11
 1078 00f9 01       		.byte	0x1
 1079 00fa 25       		.uleb128 0x25
 1080 00fb 0E       		.uleb128 0xe
 1081 00fc 13       		.uleb128 0x13
 1082 00fd 0B       		.uleb128 0xb
 1083 00fe 03       		.uleb128 0x3
 1084 00ff 0E       		.uleb128 0xe
 1085 0100 1B       		.uleb128 0x1b
 1086 0101 0E       		.uleb128 0xe
 1087 0102 55       		.uleb128 0x55
 1088 0103 17       		.uleb128 0x17
 1089 0104 11       		.uleb128 0x11
 1090 0105 01       		.uleb128 0x1
 1091 0106 10       		.uleb128 0x10
 1092 0107 17       		.uleb128 0x17
 1093 0108 00       		.byte	0
 1094 0109 00       		.byte	0
 1095 010a 13       		.uleb128 0x13
 1096 010b 24       		.uleb128 0x24
 1097 010c 00       		.byte	0
 1098 010d 0B       		.uleb128 0xb
 1099 010e 0B       		.uleb128 0xb
 1100 010f 3E       		.uleb128 0x3e
 1101 0110 0B       		.uleb128 0xb
 1102 0111 03       		.uleb128 0x3
 1103 0112 08       		.uleb128 0x8
 1104 0113 00       		.byte	0
 1105 0114 00       		.byte	0
 1106 0115 14       		.uleb128 0x14
 1107 0116 0F       		.uleb128 0xf
 1108 0117 00       		.byte	0
 1109 0118 0B       		.uleb128 0xb
 1110 0119 0B       		.uleb128 0xb
 1111 011a 49       		.uleb128 0x49
 1112 011b 13       		.uleb128 0x13
 1113 011c 00       		.byte	0
 1114 011d 00       		.byte	0
 1115 011e 15       		.uleb128 0x15
 1116 011f 13       		.uleb128 0x13
 1117 0120 01       		.byte	0x1
 1118 0121 0B       		.uleb128 0xb
 1119 0122 0B       		.uleb128 0xb
 1120 0123 3A       		.uleb128 0x3a
 1121 0124 0B       		.uleb128 0xb
 1122 0125 3B       		.uleb128 0x3b
 1123 0126 05       		.uleb128 0x5
 1124 0127 39       		.uleb128 0x39
 1125 0128 0B       		.uleb128 0xb
 1126 0129 01       		.uleb128 0x1
 1127 012a 13       		.uleb128 0x13
 1128 012b 00       		.byte	0
 1129 012c 00       		.byte	0
 1130 012d 16       		.uleb128 0x16
 1131 012e 16       		.uleb128 0x16
 1132 012f 00       		.byte	0
 1133 0130 03       		.uleb128 0x3
ARM GAS  /tmp/cc8NkLZQ.s 			page 21


 1134 0131 0E       		.uleb128 0xe
 1135 0132 3A       		.uleb128 0x3a
 1136 0133 0B       		.uleb128 0xb
 1137 0134 3B       		.uleb128 0x3b
 1138 0135 05       		.uleb128 0x5
 1139 0136 39       		.uleb128 0x39
 1140 0137 0B       		.uleb128 0xb
 1141 0138 49       		.uleb128 0x49
 1142 0139 13       		.uleb128 0x13
 1143 013a 00       		.byte	0
 1144 013b 00       		.byte	0
 1145 013c 17       		.uleb128 0x17
 1146 013d 2E       		.uleb128 0x2e
 1147 013e 01       		.byte	0x1
 1148 013f 3F       		.uleb128 0x3f
 1149 0140 19       		.uleb128 0x19
 1150 0141 03       		.uleb128 0x3
 1151 0142 0E       		.uleb128 0xe
 1152 0143 3A       		.uleb128 0x3a
 1153 0144 0B       		.uleb128 0xb
 1154 0145 3B       		.uleb128 0x3b
 1155 0146 05       		.uleb128 0x5
 1156 0147 39       		.uleb128 0x39
 1157 0148 0B       		.uleb128 0xb
 1158 0149 27       		.uleb128 0x27
 1159 014a 19       		.uleb128 0x19
 1160 014b 3C       		.uleb128 0x3c
 1161 014c 19       		.uleb128 0x19
 1162 014d 01       		.uleb128 0x1
 1163 014e 13       		.uleb128 0x13
 1164 014f 00       		.byte	0
 1165 0150 00       		.byte	0
 1166 0151 18       		.uleb128 0x18
 1167 0152 05       		.uleb128 0x5
 1168 0153 00       		.byte	0
 1169 0154 49       		.uleb128 0x49
 1170 0155 13       		.uleb128 0x13
 1171 0156 00       		.byte	0
 1172 0157 00       		.byte	0
 1173 0158 19       		.uleb128 0x19
 1174 0159 2E       		.uleb128 0x2e
 1175 015a 00       		.byte	0
 1176 015b 3F       		.uleb128 0x3f
 1177 015c 19       		.uleb128 0x19
 1178 015d 03       		.uleb128 0x3
 1179 015e 0E       		.uleb128 0xe
 1180 015f 3A       		.uleb128 0x3a
 1181 0160 0B       		.uleb128 0xb
 1182 0161 3B       		.uleb128 0x3b
 1183 0162 0B       		.uleb128 0xb
 1184 0163 39       		.uleb128 0x39
 1185 0164 0B       		.uleb128 0xb
 1186 0165 27       		.uleb128 0x27
 1187 0166 19       		.uleb128 0x19
 1188 0167 3C       		.uleb128 0x3c
 1189 0168 19       		.uleb128 0x19
 1190 0169 00       		.byte	0
ARM GAS  /tmp/cc8NkLZQ.s 			page 22


 1191 016a 00       		.byte	0
 1192 016b 1A       		.uleb128 0x1a
 1193 016c 2E       		.uleb128 0x2e
 1194 016d 01       		.byte	0x1
 1195 016e 3F       		.uleb128 0x3f
 1196 016f 19       		.uleb128 0x19
 1197 0170 03       		.uleb128 0x3
 1198 0171 0E       		.uleb128 0xe
 1199 0172 3A       		.uleb128 0x3a
 1200 0173 0B       		.uleb128 0xb
 1201 0174 3B       		.uleb128 0x3b
 1202 0175 0B       		.uleb128 0xb
 1203 0176 39       		.uleb128 0x39
 1204 0177 0B       		.uleb128 0xb
 1205 0178 27       		.uleb128 0x27
 1206 0179 19       		.uleb128 0x19
 1207 017a 49       		.uleb128 0x49
 1208 017b 13       		.uleb128 0x13
 1209 017c 11       		.uleb128 0x11
 1210 017d 01       		.uleb128 0x1
 1211 017e 12       		.uleb128 0x12
 1212 017f 06       		.uleb128 0x6
 1213 0180 40       		.uleb128 0x40
 1214 0181 18       		.uleb128 0x18
 1215 0182 7A       		.uleb128 0x7a
 1216 0183 19       		.uleb128 0x19
 1217 0184 01       		.uleb128 0x1
 1218 0185 13       		.uleb128 0x13
 1219 0186 00       		.byte	0
 1220 0187 00       		.byte	0
 1221 0188 1B       		.uleb128 0x1b
 1222 0189 1D       		.uleb128 0x1d
 1223 018a 01       		.byte	0x1
 1224 018b 31       		.uleb128 0x31
 1225 018c 13       		.uleb128 0x13
 1226 018d 52       		.uleb128 0x52
 1227 018e 01       		.uleb128 0x1
 1228 018f B842     		.uleb128 0x2138
 1229 0191 0B       		.uleb128 0xb
 1230 0192 55       		.uleb128 0x55
 1231 0193 17       		.uleb128 0x17
 1232 0194 58       		.uleb128 0x58
 1233 0195 0B       		.uleb128 0xb
 1234 0196 59       		.uleb128 0x59
 1235 0197 0B       		.uleb128 0xb
 1236 0198 57       		.uleb128 0x57
 1237 0199 0B       		.uleb128 0xb
 1238 019a 01       		.uleb128 0x1
 1239 019b 13       		.uleb128 0x13
 1240 019c 00       		.byte	0
 1241 019d 00       		.byte	0
 1242 019e 1C       		.uleb128 0x1c
 1243 019f 1D       		.uleb128 0x1d
 1244 01a0 00       		.byte	0
 1245 01a1 31       		.uleb128 0x31
 1246 01a2 13       		.uleb128 0x13
 1247 01a3 52       		.uleb128 0x52
ARM GAS  /tmp/cc8NkLZQ.s 			page 23


 1248 01a4 01       		.uleb128 0x1
 1249 01a5 B842     		.uleb128 0x2138
 1250 01a7 0B       		.uleb128 0xb
 1251 01a8 11       		.uleb128 0x11
 1252 01a9 01       		.uleb128 0x1
 1253 01aa 12       		.uleb128 0x12
 1254 01ab 06       		.uleb128 0x6
 1255 01ac 58       		.uleb128 0x58
 1256 01ad 0B       		.uleb128 0xb
 1257 01ae 59       		.uleb128 0x59
 1258 01af 0B       		.uleb128 0xb
 1259 01b0 57       		.uleb128 0x57
 1260 01b1 0B       		.uleb128 0xb
 1261 01b2 00       		.byte	0
 1262 01b3 00       		.byte	0
 1263 01b4 1D       		.uleb128 0x1d
 1264 01b5 1D       		.uleb128 0x1d
 1265 01b6 01       		.byte	0x1
 1266 01b7 31       		.uleb128 0x31
 1267 01b8 13       		.uleb128 0x13
 1268 01b9 52       		.uleb128 0x52
 1269 01ba 01       		.uleb128 0x1
 1270 01bb B842     		.uleb128 0x2138
 1271 01bd 0B       		.uleb128 0xb
 1272 01be 11       		.uleb128 0x11
 1273 01bf 01       		.uleb128 0x1
 1274 01c0 12       		.uleb128 0x12
 1275 01c1 06       		.uleb128 0x6
 1276 01c2 58       		.uleb128 0x58
 1277 01c3 0B       		.uleb128 0xb
 1278 01c4 59       		.uleb128 0x59
 1279 01c5 0B       		.uleb128 0xb
 1280 01c6 57       		.uleb128 0x57
 1281 01c7 0B       		.uleb128 0xb
 1282 01c8 01       		.uleb128 0x1
 1283 01c9 13       		.uleb128 0x13
 1284 01ca 00       		.byte	0
 1285 01cb 00       		.byte	0
 1286 01cc 1E       		.uleb128 0x1e
 1287 01cd 48       		.uleb128 0x48
 1288 01ce 00       		.byte	0
 1289 01cf 7D       		.uleb128 0x7d
 1290 01d0 01       		.uleb128 0x1
 1291 01d1 8201     		.uleb128 0x82
 1292 01d3 19       		.uleb128 0x19
 1293 01d4 7F       		.uleb128 0x7f
 1294 01d5 13       		.uleb128 0x13
 1295 01d6 00       		.byte	0
 1296 01d7 00       		.byte	0
 1297 01d8 1F       		.uleb128 0x1f
 1298 01d9 2E       		.uleb128 0x2e
 1299 01da 01       		.byte	0x1
 1300 01db 03       		.uleb128 0x3
 1301 01dc 0E       		.uleb128 0xe
 1302 01dd 3A       		.uleb128 0x3a
 1303 01de 0B       		.uleb128 0xb
 1304 01df 3B       		.uleb128 0x3b
ARM GAS  /tmp/cc8NkLZQ.s 			page 24


 1305 01e0 0B       		.uleb128 0xb
 1306 01e1 39       		.uleb128 0x39
 1307 01e2 0B       		.uleb128 0xb
 1308 01e3 27       		.uleb128 0x27
 1309 01e4 19       		.uleb128 0x19
 1310 01e5 20       		.uleb128 0x20
 1311 01e6 0B       		.uleb128 0xb
 1312 01e7 01       		.uleb128 0x1
 1313 01e8 13       		.uleb128 0x13
 1314 01e9 00       		.byte	0
 1315 01ea 00       		.byte	0
 1316 01eb 20       		.uleb128 0x20
 1317 01ec 2E       		.uleb128 0x2e
 1318 01ed 00       		.byte	0
 1319 01ee 03       		.uleb128 0x3
 1320 01ef 0E       		.uleb128 0xe
 1321 01f0 3A       		.uleb128 0x3a
 1322 01f1 0B       		.uleb128 0xb
 1323 01f2 3B       		.uleb128 0x3b
 1324 01f3 0B       		.uleb128 0xb
 1325 01f4 39       		.uleb128 0x39
 1326 01f5 0B       		.uleb128 0xb
 1327 01f6 27       		.uleb128 0x27
 1328 01f7 19       		.uleb128 0x19
 1329 01f8 20       		.uleb128 0x20
 1330 01f9 0B       		.uleb128 0xb
 1331 01fa 00       		.byte	0
 1332 01fb 00       		.byte	0
 1333 01fc 21       		.uleb128 0x21
 1334 01fd 2E       		.uleb128 0x2e
 1335 01fe 01       		.byte	0x1
 1336 01ff 03       		.uleb128 0x3
 1337 0200 0E       		.uleb128 0xe
 1338 0201 3A       		.uleb128 0x3a
 1339 0202 0B       		.uleb128 0xb
 1340 0203 3B       		.uleb128 0x3b
 1341 0204 0B       		.uleb128 0xb
 1342 0205 39       		.uleb128 0x39
 1343 0206 0B       		.uleb128 0xb
 1344 0207 27       		.uleb128 0x27
 1345 0208 19       		.uleb128 0x19
 1346 0209 20       		.uleb128 0x20
 1347 020a 0B       		.uleb128 0xb
 1348 020b 00       		.byte	0
 1349 020c 00       		.byte	0
 1350 020d 00       		.byte	0
 1351              		.section	.debug_loclists,"",%progbits
 1352 0000 65000000 		.4byte	.Ldebug_loc3-.Ldebug_loc2
 1353              	.Ldebug_loc2:
 1354 0004 0500     		.2byte	0x5
 1355 0006 04       		.byte	0x4
 1356 0007 00       		.byte	0
 1357 0008 00000000 		.4byte	0
 1358              	.Ldebug_loc0:
 1359              	.LVUS3:
 1360 000c 00       		.uleb128 0
 1361 000d 00       		.uleb128 .LVU56
ARM GAS  /tmp/cc8NkLZQ.s 			page 25


 1362 000e 00       		.uleb128 .LVU56
 1363 000f 00       		.uleb128 .LVU64
 1364 0010 00       		.uleb128 .LVU64
 1365 0011 00       		.uleb128 0
 1366              	.LLST3:
 1367 0012 06       		.byte	0x6
 1368 0013 00000000 		.4byte	.LVL7
 1369 0017 04       		.byte	0x4
 1370 0018 00       		.uleb128 .LVL7-.LVL7
 1371 0019 18       		.uleb128 .LVL10-.LVL7
 1372 001a 01       		.uleb128 0x1
 1373 001b 50       		.byte	0x50
 1374 001c 04       		.byte	0x4
 1375 001d 18       		.uleb128 .LVL10-.LVL7
 1376 001e 24       		.uleb128 .LVL13-.LVL7
 1377 001f 01       		.uleb128 0x1
 1378 0020 54       		.byte	0x54
 1379 0021 04       		.byte	0x4
 1380 0022 24       		.uleb128 .LVL13-.LVL7
 1381 0023 28       		.uleb128 .LFE226-.LVL7
 1382 0024 02       		.uleb128 0x2
 1383 0025 73       		.byte	0x73
 1384 0026 34       		.sleb128 52
 1385 0027 00       		.byte	0
 1386              	.LVUS6:
 1387 0028 02       		.uleb128 .LVU50
 1388 0029 00       		.uleb128 .LVU53
 1389 002a 02       		.uleb128 .LVU59
 1390 002b 00       		.uleb128 .LVU62
 1391              	.LLST6:
 1392 002c 06       		.byte	0x6
 1393 002d 0E000000 		.4byte	.LVL8
 1394 0031 04       		.byte	0x4
 1395 0032 00       		.uleb128 .LVL8-.LVL8
 1396 0033 06       		.uleb128 .LVL9-.LVL8
 1397 0034 01       		.uleb128 0x1
 1398 0035 50       		.byte	0x50
 1399 0036 04       		.byte	0x4
 1400 0037 0E       		.uleb128 .LVL11-.LVL8
 1401 0038 14       		.uleb128 .LVL12-.LVL8
 1402 0039 01       		.uleb128 0x1
 1403 003a 54       		.byte	0x54
 1404 003b 00       		.byte	0
 1405              	.LVUS0:
 1406 003c 00       		.uleb128 0
 1407 003d 00       		.uleb128 .LVU14
 1408 003e 00       		.uleb128 .LVU14
 1409 003f 00       		.uleb128 .LVU28
 1410 0040 00       		.uleb128 .LVU28
 1411 0041 00       		.uleb128 .LVU29
 1412 0042 00       		.uleb128 .LVU29
 1413 0043 00       		.uleb128 0
 1414              	.LLST0:
 1415 0044 06       		.byte	0x6
 1416 0045 00000000 		.4byte	.LVL1
 1417 0049 04       		.byte	0x4
 1418 004a 00       		.uleb128 .LVL1-.LVL1
ARM GAS  /tmp/cc8NkLZQ.s 			page 26


 1419 004b 0E       		.uleb128 .LVL2-.LVL1
 1420 004c 01       		.uleb128 0x1
 1421 004d 50       		.byte	0x50
 1422 004e 04       		.byte	0x4
 1423 004f 0E       		.uleb128 .LVL2-.LVL1
 1424 0050 1E       		.uleb128 .LVL4-.LVL1
 1425 0051 01       		.uleb128 0x1
 1426 0052 54       		.byte	0x54
 1427 0053 04       		.byte	0x4
 1428 0054 1E       		.uleb128 .LVL4-.LVL1
 1429 0055 20       		.uleb128 .LVL5-.LVL1
 1430 0056 01       		.uleb128 0x1
 1431 0057 50       		.byte	0x50
 1432 0058 04       		.byte	0x4
 1433 0059 20       		.uleb128 .LVL5-.LVL1
 1434 005a 2C       		.uleb128 .LFE224-.LVL1
 1435 005b 01       		.uleb128 0x1
 1436 005c 54       		.byte	0x54
 1437 005d 00       		.byte	0
 1438              	.LVUS2:
 1439 005e 02       		.uleb128 .LVU16
 1440 005f 00       		.uleb128 .LVU26
 1441              	.LLST2:
 1442 0060 08       		.byte	0x8
 1443 0061 0E000000 		.4byte	.LVL2
 1444 0065 0E       		.uleb128 .LVL3-.LVL2
 1445 0066 01       		.uleb128 0x1
 1446 0067 54       		.byte	0x54
 1447 0068 00       		.byte	0
 1448              	.Ldebug_loc3:
 1449              		.section	.debug_aranges,"",%progbits
 1450 0000 3C000000 		.4byte	0x3c
 1451 0004 0200     		.2byte	0x2
 1452 0006 00000000 		.4byte	.Ldebug_info0
 1453 000a 04       		.byte	0x4
 1454 000b 00       		.byte	0
 1455 000c 0000     		.2byte	0
 1456 000e 0000     		.2byte	0
 1457 0010 00000000 		.4byte	.LFB223
 1458 0014 04000000 		.4byte	.LFE223-.LFB223
 1459 0018 00000000 		.4byte	.LFB224
 1460 001c 2C000000 		.4byte	.LFE224-.LFB224
 1461 0020 00000000 		.4byte	.LFB225
 1462 0024 0A000000 		.4byte	.LFE225-.LFB225
 1463 0028 00000000 		.4byte	.LFB226
 1464 002c 28000000 		.4byte	.LFE226-.LFB226
 1465 0030 00000000 		.4byte	.LFB227
 1466 0034 28000000 		.4byte	.LFE227-.LFB227
 1467 0038 00000000 		.4byte	0
 1468 003c 00000000 		.4byte	0
 1469              		.section	.debug_rnglists,"",%progbits
 1470              	.Ldebug_ranges0:
 1471 0000 63000000 		.4byte	.Ldebug_ranges3-.Ldebug_ranges2
 1472              	.Ldebug_ranges2:
 1473 0004 0500     		.2byte	0x5
 1474 0006 04       		.byte	0x4
 1475 0007 00       		.byte	0
ARM GAS  /tmp/cc8NkLZQ.s 			page 27


 1476 0008 00000000 		.4byte	0
 1477              	.LLRL1:
 1478 000c 05       		.byte	0x5
 1479 000d 00000000 		.4byte	.LBB16
 1480 0011 04       		.byte	0x4
 1481 0012 00       		.uleb128 .LBB16-.LBB16
 1482 0013 04       		.uleb128 .LBE16-.LBB16
 1483 0014 04       		.byte	0x4
 1484 0015 06       		.uleb128 .LBB19-.LBB16
 1485 0016 08       		.uleb128 .LBE19-.LBB16
 1486 0017 00       		.byte	0
 1487              	.LLRL4:
 1488 0018 05       		.byte	0x5
 1489 0019 00000000 		.4byte	.LBB24
 1490 001d 04       		.byte	0x4
 1491 001e 00       		.uleb128 .LBB24-.LBB24
 1492 001f 04       		.uleb128 .LBE24-.LBB24
 1493 0020 04       		.byte	0x4
 1494 0021 06       		.uleb128 .LBB27-.LBB24
 1495 0022 08       		.uleb128 .LBE27-.LBB24
 1496 0023 00       		.byte	0
 1497              	.LLRL5:
 1498 0024 05       		.byte	0x5
 1499 0025 0E000000 		.4byte	.LBB28
 1500 0029 04       		.byte	0x4
 1501 002a 00       		.uleb128 .LBB28-.LBB28
 1502 002b 06       		.uleb128 .LBE28-.LBB28
 1503 002c 04       		.byte	0x4
 1504 002d 0E       		.uleb128 .LBB31-.LBB28
 1505 002e 14       		.uleb128 .LBE31-.LBB28
 1506 002f 00       		.byte	0
 1507              	.LLRL7:
 1508 0030 05       		.byte	0x5
 1509 0031 00000000 		.4byte	.LBB32
 1510 0035 04       		.byte	0x4
 1511 0036 00       		.uleb128 .LBB32-.LBB32
 1512 0037 00       		.uleb128 .LBE32-.LBB32
 1513 0038 04       		.byte	0x4
 1514 0039 02       		.uleb128 .LBB35-.LBB32
 1515 003a 08       		.uleb128 .LBE35-.LBB32
 1516 003b 00       		.byte	0
 1517              	.LLRL8:
 1518 003c 05       		.byte	0x5
 1519 003d 0C000000 		.4byte	.LBB36
 1520 0041 04       		.byte	0x4
 1521 0042 00       		.uleb128 .LBB36-.LBB36
 1522 0043 06       		.uleb128 .LBE36-.LBB36
 1523 0044 04       		.byte	0x4
 1524 0045 0E       		.uleb128 .LBB39-.LBB36
 1525 0046 14       		.uleb128 .LBE39-.LBB36
 1526 0047 00       		.byte	0
 1527              	.LLRL9:
 1528 0048 07       		.byte	0x7
 1529 0049 00000000 		.4byte	.LFB223
 1530 004d 04       		.uleb128 .LFE223-.LFB223
 1531 004e 07       		.byte	0x7
 1532 004f 00000000 		.4byte	.LFB224
ARM GAS  /tmp/cc8NkLZQ.s 			page 28


 1533 0053 2C       		.uleb128 .LFE224-.LFB224
 1534 0054 07       		.byte	0x7
 1535 0055 00000000 		.4byte	.LFB225
 1536 0059 0A       		.uleb128 .LFE225-.LFB225
 1537 005a 07       		.byte	0x7
 1538 005b 00000000 		.4byte	.LFB226
 1539 005f 28       		.uleb128 .LFE226-.LFB226
 1540 0060 07       		.byte	0x7
 1541 0061 00000000 		.4byte	.LFB227
 1542 0065 28       		.uleb128 .LFE227-.LFB227
 1543 0066 00       		.byte	0
 1544              	.Ldebug_ranges3:
 1545              		.section	.debug_line,"",%progbits
 1546              	.Ldebug_line0:
 1547 0000 96030000 		.section	.debug_str,"MS",%progbits,1
 1547      0300A901 
 1547      00000201 
 1547      FB0E0D00 
 1547      01010101 
 1548              	.LASF19:
 1549 0000 42445452 		.ascii	"BDTR\000"
 1549      00
 1550              	.LASF34:
 1551 0005 2E2E2F52 		.ascii	"../RC_Controller/ChibiOS_3.0.5/os/hal/src/st.c\000"
 1551      435F436F 
 1551      6E74726F 
 1551      6C6C6572 
 1551      2F436869 
 1552              	.LASF11:
 1553 0034 73797374 		.ascii	"systime_t\000"
 1553      696D655F 
 1553      7400
 1554              	.LASF4:
 1555 003e 73686F72 		.ascii	"short unsigned int\000"
 1555      7420756E 
 1555      7369676E 
 1555      65642069 
 1555      6E7400
 1556              	.LASF37:
 1557 0051 73745F6C 		.ascii	"st_lld_init\000"
 1557      6C645F69 
 1557      6E697400 
 1558              	.LASF3:
 1559 005d 73686F72 		.ascii	"short int\000"
 1559      7420696E 
 1559      7400
 1560              	.LASF40:
 1561 0067 73745F6C 		.ascii	"st_lld_stop_alarm\000"
 1561      6C645F73 
 1561      746F705F 
 1561      616C6172 
 1561      6D00
 1562              	.LASF30:
 1563 0079 73745F6C 		.ascii	"st_lld_is_alarm_active\000"
 1563      6C645F69 
 1563      735F616C 
 1563      61726D5F 
ARM GAS  /tmp/cc8NkLZQ.s 			page 29


 1563      61637469 
 1564              	.LASF23:
 1565 0090 73746D33 		.ascii	"stm32_tim_t\000"
 1565      325F7469 
 1565      6D5F7400 
 1566              	.LASF15:
 1567 009c 44494552 		.ascii	"DIER\000"
 1567      00
 1568              	.LASF24:
 1569 00a1 5F5F6675 		.ascii	"__func__\000"
 1569      6E635F5F 
 1569      00
 1570              	.LASF41:
 1571 00aa 73745F6C 		.ascii	"st_lld_start_alarm\000"
 1571      6C645F73 
 1571      74617274 
 1571      5F616C61 
 1571      726D00
 1572              	.LASF28:
 1573 00bd 61627374 		.ascii	"abstime\000"
 1573      696D6500 
 1574              	.LASF35:
 1575 00c5 2F686F6D 		.ascii	"/home/gunnar/code/rise_sdvp/Embedded/RTCM_Forwarder"
 1575      652F6775 
 1575      6E6E6172 
 1575      2F636F64 
 1575      652F7269 
 1576 00f8 5F50726F 		.ascii	"_Project\000"
 1576      6A656374 
 1576      00
 1577              	.LASF2:
 1578 0101 756E7369 		.ascii	"unsigned char\000"
 1578      676E6564 
 1578      20636861 
 1578      7200
 1579              	.LASF6:
 1580 010f 6C6F6E67 		.ascii	"long unsigned int\000"
 1580      20756E73 
 1580      69676E65 
 1580      6420696E 
 1580      7400
 1581              	.LASF39:
 1582 0121 73745F6C 		.ascii	"st_lld_set_alarm\000"
 1582      6C645F73 
 1582      65745F61 
 1582      6C61726D 
 1582      00
 1583              	.LASF9:
 1584 0132 5F5F7569 		.ascii	"__uint32_t\000"
 1584      6E743332 
 1584      5F7400
 1585              	.LASF20:
 1586 013d 444D4152 		.ascii	"DMAR\000"
 1586      00
 1587              	.LASF26:
 1588 0142 73745374 		.ascii	"stStopAlarm\000"
 1588      6F70416C 
ARM GAS  /tmp/cc8NkLZQ.s 			page 30


 1588      61726D00 
 1589              	.LASF0:
 1590 014e 756E7369 		.ascii	"unsigned int\000"
 1590      676E6564 
 1590      20696E74 
 1590      00
 1591              	.LASF12:
 1592 015b 63686172 		.ascii	"char\000"
 1592      00
 1593              	.LASF27:
 1594 0160 73745374 		.ascii	"stStartAlarm\000"
 1594      61727441 
 1594      6C61726D 
 1594      00
 1595              	.LASF32:
 1596 016d 74696D65 		.ascii	"time\000"
 1596      00
 1597              	.LASF29:
 1598 0172 7374496E 		.ascii	"stInit\000"
 1598      697400
 1599              	.LASF7:
 1600 0179 6C6F6E67 		.ascii	"long long int\000"
 1600      206C6F6E 
 1600      6720696E 
 1600      7400
 1601              	.LASF31:
 1602 0187 73745F6C 		.ascii	"st_lld_get_alarm\000"
 1602      6C645F67 
 1602      65745F61 
 1602      6C61726D 
 1602      00
 1603              	.LASF18:
 1604 0198 43434552 		.ascii	"CCER\000"
 1604      00
 1605              	.LASF14:
 1606 019d 534D4352 		.ascii	"SMCR\000"
 1606      00
 1607              	.LASF16:
 1608 01a2 43434D52 		.ascii	"CCMR1\000"
 1608      3100
 1609              	.LASF17:
 1610 01a8 43434D52 		.ascii	"CCMR2\000"
 1610      3200
 1611              	.LASF21:
 1612 01ae 43434D52 		.ascii	"CCMR3\000"
 1612      3300
 1613              	.LASF33:
 1614 01b4 474E5520 		.ascii	"GNU C99 13.2.1 20231009 -mcpu=cortex-m4 -mfpu=fpv4-"
 1614      43393920 
 1614      31332E32 
 1614      2E312032 
 1614      30323331 
 1615 01e7 73702D64 		.ascii	"sp-d16 -mfloat-abi=hard -mfloat-abi=hard -mfpu=fpv4"
 1615      3136202D 
 1615      6D666C6F 
 1615      61742D61 
 1615      62693D68 
ARM GAS  /tmp/cc8NkLZQ.s 			page 31


 1616 021a 2D73702D 		.ascii	"-sp-d16 -mno-thumb-interwork -mthumb -march=armv7e-"
 1616      64313620 
 1616      2D6D6E6F 
 1616      2D746875 
 1616      6D622D69 
 1617 024d 6D2B6670 		.ascii	"m+fp -ggdb -O2 -std=gnu99 -fomit-frame-pointer -fal"
 1617      202D6767 
 1617      6462202D 
 1617      4F32202D 
 1617      7374643D 
 1618 0280 69676E2D 		.ascii	"ign-functions=16 -ffunction-sections -fdata-section"
 1618      66756E63 
 1618      74696F6E 
 1618      733D3136 
 1618      202D6666 
 1619 02b3 73202D66 		.ascii	"s -fno-common -fsingle-precision-constant\000"
 1619      6E6F2D63 
 1619      6F6D6D6F 
 1619      6E202D66 
 1619      73696E67 
 1620              	.LASF10:
 1621 02dd 75696E74 		.ascii	"uint32_t\000"
 1621      33325F74 
 1621      00
 1622              	.LASF5:
 1623 02e6 6C6F6E67 		.ascii	"long int\000"
 1623      20696E74 
 1623      00
 1624              	.LASF25:
 1625 02ef 73745365 		.ascii	"stSetAlarm\000"
 1625      74416C61 
 1625      726D00
 1626              	.LASF36:
 1627 02fa 63685379 		.ascii	"chSysHalt\000"
 1627      7348616C 
 1627      7400
 1628              	.LASF1:
 1629 0304 7369676E 		.ascii	"signed char\000"
 1629      65642063 
 1629      68617200 
 1630              	.LASF13:
 1631 0310 5F426F6F 		.ascii	"_Bool\000"
 1631      6C00
 1632              	.LASF8:
 1633 0316 6C6F6E67 		.ascii	"long long unsigned int\000"
 1633      206C6F6E 
 1633      6720756E 
 1633      7369676E 
 1633      65642069 
 1634              	.LASF22:
 1635 032d 43435852 		.ascii	"CCXR\000"
 1635      00
 1636              	.LASF38:
 1637 0332 73744765 		.ascii	"stGetAlarm\000"
 1637      74416C61 
 1637      726D00
 1638              		.ident	"GCC: (Arm GNU Toolchain 13.2.rel1 (Build arm-13.7)) 13.2.1 20231009"
ARM GAS  /tmp/cc8NkLZQ.s 			page 32


ARM GAS  /tmp/cc8NkLZQ.s 			page 33


DEFINED SYMBOLS
                            *ABS*:00000000 st.c
     /tmp/cc8NkLZQ.s:21     .text.stInit:00000000 $t
     /tmp/cc8NkLZQ.s:28     .text.stInit:00000000 stInit
     /tmp/cc8NkLZQ.s:42     .text.stStartAlarm:00000000 $t
     /tmp/cc8NkLZQ.s:49     .text.stStartAlarm:00000000 stStartAlarm
     /tmp/cc8NkLZQ.s:127    .text.stStartAlarm:00000028 $d
     /tmp/cc8NkLZQ.s:349    .rodata.__func__.2:00000000 __func__.2
     /tmp/cc8NkLZQ.s:132    .text.stStopAlarm:00000000 $t
     /tmp/cc8NkLZQ.s:139    .text.stStopAlarm:00000000 stStopAlarm
     /tmp/cc8NkLZQ.s:164    .text.stSetAlarm:00000000 $t
     /tmp/cc8NkLZQ.s:171    .text.stSetAlarm:00000000 stSetAlarm
     /tmp/cc8NkLZQ.s:251    .text.stSetAlarm:00000024 $d
     /tmp/cc8NkLZQ.s:343    .rodata.__func__.1:00000000 __func__.1
     /tmp/cc8NkLZQ.s:256    .text.stGetAlarm:00000000 $t
     /tmp/cc8NkLZQ.s:263    .text.stGetAlarm:00000000 stGetAlarm
     /tmp/cc8NkLZQ.s:329    .text.stGetAlarm:00000024 $d
     /tmp/cc8NkLZQ.s:337    .rodata.__func__.0:00000000 __func__.0
     /tmp/cc8NkLZQ.s:334    .rodata.__func__.0:00000000 $d
     /tmp/cc8NkLZQ.s:340    .rodata.__func__.1:00000000 $d
     /tmp/cc8NkLZQ.s:346    .rodata.__func__.2:00000000 $d

UNDEFINED SYMBOLS
st_lld_init
chSysHalt
