ARM GAS  /tmp/ccGrJU3x.s 			page 1


   1              		.cpu cortex-m4
   2              		.arch armv7e-m
   3              		.fpu fpv4-sp-d16
   4              		.eabi_attribute 27, 1
   5              		.eabi_attribute 28, 1
   6              		.eabi_attribute 20, 1
   7              		.eabi_attribute 21, 1
   8              		.eabi_attribute 23, 3
   9              		.eabi_attribute 24, 1
  10              		.eabi_attribute 25, 1
  11              		.eabi_attribute 26, 1
  12              		.eabi_attribute 30, 2
  13              		.eabi_attribute 34, 1
  14              		.eabi_attribute 18, 4
  15              		.file	"st_lld.c"
  16              		.text
  17              	.Ltext0:
  18              		.cfi_sections	.debug_frame
  19              		.file 1 "../RC_Controller/ChibiOS_3.0.5/os/hal/ports/STM32/LLD/TIMv1/st_lld.c"
  20              		.section	.text.SysTick_Handler,"ax",%progbits
  21              		.align	1
  22              		.p2align 4,,15
  23              		.global	SysTick_Handler
  24              		.syntax unified
  25              		.thumb
  26              		.thumb_func
  27              		.type	SysTick_Handler, %function
  28              	SysTick_Handler:
  29              	.LFB223:
  30              		.loc 1 154 35 view -0
  31              		.cfi_startproc
  32              		@ args = 0, pretend = 0, frame = 0
  33              		@ frame_needed = 0, uses_anonymous_args = 0
  34              		.loc 1 156 3 view .LVU1
  35              		.loc 1 156 3 view .LVU2
  36              		.loc 1 156 3 view .LVU3
  37              		.loc 1 154 35 is_stmt 0 view .LVU4
  38 0000 08B5     		push	{r3, lr}
  39              		.cfi_def_cfa_offset 8
  40              		.cfi_offset 3, -8
  41              		.cfi_offset 14, -4
  42              		.loc 1 156 3 view .LVU5
  43 0002 FFF7FEFF 		bl	_dbg_check_enter_isr
  44              	.LVL0:
  45              		.loc 1 158 3 is_stmt 1 view .LVU6
  46              	.LBB54:
  47              	.LBI54:
  48              		.file 2 "../RC_Controller/ChibiOS_3.0.5/os/hal/osal/rt/osal.h"
  49              		.loc 2 513 20 view .LVU7
  50              		.loc 2 515 3 view .LVU8
  51              	.LBB55:
  52              	.LBI55:
  53              		.file 3 "../RC_Controller/ChibiOS_3.0.5/os/rt/include/chsys.h"
  54              		.loc 3 386 20 view .LVU9
  55              	.LBB56:
  56              		.loc 3 388 3 view .LVU10
  57              	.LBB57:
ARM GAS  /tmp/ccGrJU3x.s 			page 2


  58              	.LBI57:
  59              		.file 4 "../RC_Controller/ChibiOS_3.0.5/os/rt/ports/ARMCMx/chcore_v7m.h"
  60              		.loc 4 473 20 view .LVU11
  61              		.loc 4 475 3 view .LVU12
  62              	.LBB58:
  63              	.LBI58:
  64              		.loc 4 444 20 view .LVU13
  65              		.loc 4 447 3 view .LVU14
  66              	.LBB59:
  67              	.LBI59:
  68              		.file 5 "../RC_Controller/ChibiOS_3.0.5/os/ext/CMSIS/include/core_cmFunc.h"
  69              		.loc 5 544 57 view .LVU15
  70              	.LBB60:
  71              		.loc 5 546 3 view .LVU16
  72 0006 2023     		movs	r3, #32
  73              		.syntax unified
  74              	@ 546 "../RC_Controller/ChibiOS_3.0.5/os/ext/CMSIS/include/core_cmFunc.h" 1
  75 0008 83F31188 		MSR basepri, r3
  76              	@ 0 "" 2
  77              	.LVL1:
  78              		.loc 5 546 3 is_stmt 0 view .LVU17
  79              		.thumb
  80              		.syntax unified
  81              	.LBE60:
  82              	.LBE59:
  83              	.LBE58:
  84              	.LBE57:
  85              		.loc 3 389 34 is_stmt 1 view .LVU18
  86              		.loc 3 390 3 view .LVU19
  87 000c FFF7FEFF 		bl	_dbg_check_lock_from_isr
  88              	.LVL2:
  89              	.LBE56:
  90              	.LBE55:
  91              	.LBE54:
  92              		.loc 1 159 3 view .LVU20
  93              	.LBB61:
  94              	.LBI61:
  95              		.loc 2 583 20 view .LVU21
  96              	.LBB62:
  97              		.loc 2 585 3 view .LVU22
  98 0010 FFF7FEFF 		bl	chSysTimerHandlerI
  99              	.LVL3:
 100              	.LBE62:
 101              	.LBE61:
 102              		.loc 1 160 3 view .LVU23
 103              	.LBB63:
 104              	.LBI63:
 105              		.loc 2 524 20 view .LVU24
 106              		.loc 2 526 3 view .LVU25
 107              	.LBB64:
 108              	.LBI64:
 109              		.loc 3 406 20 view .LVU26
 110              	.LBB65:
 111              		.loc 3 408 3 view .LVU27
 112 0014 FFF7FEFF 		bl	_dbg_check_unlock_from_isr
 113              	.LVL4:
 114              		.loc 3 409 33 view .LVU28
ARM GAS  /tmp/ccGrJU3x.s 			page 3


 115              		.loc 3 410 3 view .LVU29
 116              	.LBB66:
 117              	.LBI66:
 118              		.loc 4 484 20 view .LVU30
 119              		.loc 4 486 3 view .LVU31
 120              	.LBB67:
 121              	.LBI67:
 122              		.loc 4 458 20 view .LVU32
 123              		.loc 4 461 3 view .LVU33
 124              	.LBB68:
 125              	.LBI68:
 126              		.loc 5 544 57 view .LVU34
 127              	.LBB69:
 128              		.loc 5 546 3 view .LVU35
 129 0018 0023     		movs	r3, #0
 130              		.syntax unified
 131              	@ 546 "../RC_Controller/ChibiOS_3.0.5/os/ext/CMSIS/include/core_cmFunc.h" 1
 132 001a 83F31188 		MSR basepri, r3
 133              	@ 0 "" 2
 134              	.LVL5:
 135              		.loc 5 546 3 is_stmt 0 view .LVU36
 136              		.thumb
 137              		.syntax unified
 138              	.LBE69:
 139              	.LBE68:
 140              	.LBE67:
 141              	.LBE66:
 142              	.LBE65:
 143              	.LBE64:
 144              	.LBE63:
 145              		.loc 1 162 3 is_stmt 1 view .LVU37
 146 001e FFF7FEFF 		bl	_dbg_check_leave_isr
 147              	.LVL6:
 148              		.loc 1 162 3 discriminator 1 view .LVU38
 149              		.loc 1 163 1 is_stmt 0 view .LVU39
 150 0022 BDE80840 		pop	{r3, lr}
 151              		.cfi_restore 14
 152              		.cfi_restore 3
 153              		.cfi_def_cfa_offset 0
 154              		.loc 1 162 3 discriminator 1 view .LVU40
 155 0026 FFF7FEBF 		b	_port_irq_epilogue
 156              	.LVL7:
 157              		.cfi_endproc
 158              	.LFE223:
 159              		.size	SysTick_Handler, .-SysTick_Handler
 160 002a 00BF     		.section	.text.st_lld_init,"ax",%progbits
 161              		.align	1
 162              		.p2align 4,,15
 163              		.global	st_lld_init
 164              		.syntax unified
 165              		.thumb
 166              		.thumb_func
 167              		.type	st_lld_init, %function
 168              	st_lld_init:
 169              	.LFB224:
 170              		.loc 1 201 24 is_stmt 1 view -0
 171              		.cfi_startproc
ARM GAS  /tmp/ccGrJU3x.s 			page 4


 172              		@ args = 0, pretend = 0, frame = 0
 173              		@ frame_needed = 0, uses_anonymous_args = 0
 174              		@ link register save eliminated.
 175              		.loc 1 229 3 view .LVU42
 176              		.loc 1 229 17 is_stmt 0 view .LVU43
 177 0000 4FF0E023 		mov	r3, #-536813568
 178 0004 0449     		ldr	r1, .L5
 179 0006 5961     		str	r1, [r3, #20]
 180              		.loc 1 230 3 is_stmt 1 view .LVU44
 181              		.loc 1 230 16 is_stmt 0 view .LVU45
 182 0008 0020     		movs	r0, #0
 183              		.loc 1 231 17 view .LVU46
 184 000a 0722     		movs	r2, #7
 185              		.loc 1 230 16 view .LVU47
 186 000c 9861     		str	r0, [r3, #24]
 187              		.loc 1 231 3 is_stmt 1 view .LVU48
 188              		.loc 1 236 3 is_stmt 0 view .LVU49
 189 000e 0821     		movs	r1, #8
 190 0010 0B20     		movs	r0, #11
 191              		.loc 1 231 17 view .LVU50
 192 0012 1A61     		str	r2, [r3, #16]
 193              		.loc 1 236 3 is_stmt 1 view .LVU51
 194 0014 FFF7FEBF 		b	nvicSetSystemHandlerPriority
 195              	.LVL8:
 196              	.L6:
 197              		.align	2
 198              	.L5:
 199 0018 3F900200 		.word	167999
 200              		.cfi_endproc
 201              	.LFE224:
 202              		.size	st_lld_init, .-st_lld_init
 203              		.text
 204              	.Letext0:
 205              		.file 6 "/opt/arm-gnu-toolchain-13.2.Rel1-x86_64-arm-none-eabi/arm-none-eabi/include/machine/_defa
 206              		.file 7 "/opt/arm-gnu-toolchain-13.2.Rel1-x86_64-arm-none-eabi/arm-none-eabi/include/sys/_stdint.h
 207              		.file 8 "../RC_Controller/ChibiOS_3.0.5/os/ext/CMSIS/include/core_cm4.h"
 208              		.file 9 "../RC_Controller/ChibiOS_3.0.5/os/rt/include/chdebug.h"
 209              		.file 10 "../RC_Controller/ChibiOS_3.0.5/os/hal/ports/common/ARMCMx/nvic.h"
 210              		.section	.debug_info,"",%progbits
 211              	.Ldebug_info0:
 212 0000 10030000 		.4byte	0x310
 213 0004 0500     		.2byte	0x5
 214 0006 01       		.byte	0x1
 215 0007 04       		.byte	0x4
 216 0008 00000000 		.4byte	.Ldebug_abbrev0
 217 000c 0F       		.uleb128 0xf
 218 000d 01020000 		.4byte	.LASF34
 219 0011 0C       		.byte	0xc
 220 0012 50030000 		.4byte	.LASF35
 221 0016 74000000 		.4byte	.LASF36
 222 001a 0C000000 		.4byte	.LLRL2
 223 001e 00000000 		.4byte	0
 224 0022 00000000 		.4byte	.Ldebug_line0
 225 0026 10       		.uleb128 0x10
 226 0027 04       		.byte	0x4
 227 0028 05       		.byte	0x5
 228 0029 696E7400 		.ascii	"int\000"
ARM GAS  /tmp/ccGrJU3x.s 			page 5


 229 002d 01       		.uleb128 0x1
 230 002e 04       		.byte	0x4
 231 002f 07       		.byte	0x7
 232 0030 63010000 		.4byte	.LASF0
 233 0034 01       		.uleb128 0x1
 234 0035 01       		.byte	0x1
 235 0036 06       		.byte	0x6
 236 0037 95030000 		.4byte	.LASF1
 237 003b 01       		.uleb128 0x1
 238 003c 01       		.byte	0x1
 239 003d 08       		.byte	0x8
 240 003e B0000000 		.4byte	.LASF2
 241 0042 01       		.uleb128 0x1
 242 0043 02       		.byte	0x2
 243 0044 05       		.byte	0x5
 244 0045 2A030000 		.4byte	.LASF3
 245 0049 01       		.uleb128 0x1
 246 004a 02       		.byte	0x2
 247 004b 07       		.byte	0x7
 248 004c E9000000 		.4byte	.LASF4
 249 0050 01       		.uleb128 0x1
 250 0051 04       		.byte	0x4
 251 0052 05       		.byte	0x5
 252 0053 47030000 		.4byte	.LASF5
 253 0057 08       		.uleb128 0x8
 254 0058 40010000 		.4byte	.LASF9
 255 005c 06       		.byte	0x6
 256 005d 4F       		.byte	0x4f
 257 005e 19       		.byte	0x19
 258 005f 63000000 		.4byte	0x63
 259 0063 01       		.uleb128 0x1
 260 0064 04       		.byte	0x4
 261 0065 07       		.byte	0x7
 262 0066 D7000000 		.4byte	.LASF6
 263 006a 01       		.uleb128 0x1
 264 006b 08       		.byte	0x8
 265 006c 05       		.byte	0x5
 266 006d DB010000 		.4byte	.LASF7
 267 0071 01       		.uleb128 0x1
 268 0072 08       		.byte	0x8
 269 0073 07       		.byte	0x7
 270 0074 5D000000 		.4byte	.LASF8
 271 0078 08       		.uleb128 0x8
 272 0079 0F010000 		.4byte	.LASF10
 273 007d 07       		.byte	0x7
 274 007e 30       		.byte	0x30
 275 007f 14       		.byte	0x14
 276 0080 57000000 		.4byte	0x57
 277 0084 11       		.uleb128 0x11
 278 0085 78000000 		.4byte	0x78
 279 0089 12       		.uleb128 0x12
 280 008a 84000000 		.4byte	0x84
 281 008e 13       		.uleb128 0x13
 282 008f 10       		.byte	0x10
 283 0090 08       		.byte	0x8
 284 0091 6F02     		.2byte	0x26f
 285 0093 09       		.byte	0x9
ARM GAS  /tmp/ccGrJU3x.s 			page 6


 286 0094 CB000000 		.4byte	0xcb
 287 0098 06       		.uleb128 0x6
 288 0099 A8010000 		.4byte	.LASF11
 289 009d 7102     		.2byte	0x271
 290 009f 84000000 		.4byte	0x84
 291 00a3 00       		.byte	0
 292 00a4 06       		.uleb128 0x6
 293 00a5 FC010000 		.4byte	.LASF12
 294 00a9 7202     		.2byte	0x272
 295 00ab 84000000 		.4byte	0x84
 296 00af 04       		.byte	0x4
 297 00b0 14       		.uleb128 0x14
 298 00b1 56414C00 		.ascii	"VAL\000"
 299 00b5 08       		.byte	0x8
 300 00b6 7302     		.2byte	0x273
 301 00b8 11       		.byte	0x11
 302 00b9 84000000 		.4byte	0x84
 303 00bd 08       		.byte	0x8
 304 00be 06       		.uleb128 0x6
 305 00bf C0010000 		.4byte	.LASF13
 306 00c3 7402     		.2byte	0x274
 307 00c5 89000000 		.4byte	0x89
 308 00c9 0C       		.byte	0xc
 309 00ca 00       		.byte	0
 310 00cb 15       		.uleb128 0x15
 311 00cc 86010000 		.4byte	.LASF14
 312 00d0 08       		.byte	0x8
 313 00d1 7502     		.2byte	0x275
 314 00d3 03       		.byte	0x3
 315 00d4 8E000000 		.4byte	0x8e
 316 00d8 01       		.uleb128 0x1
 317 00d9 01       		.byte	0x1
 318 00da 08       		.byte	0x8
 319 00db 81010000 		.4byte	.LASF15
 320 00df 01       		.uleb128 0x1
 321 00e0 01       		.byte	0x1
 322 00e1 02       		.byte	0x2
 323 00e2 BE030000 		.4byte	.LASF16
 324 00e6 16       		.uleb128 0x16
 325 00e7 A1030000 		.4byte	.LASF37
 326 00eb 0A       		.byte	0xa
 327 00ec 50       		.byte	0x50
 328 00ed 08       		.byte	0x8
 329 00ee FD000000 		.4byte	0xfd
 330 00f2 09       		.uleb128 0x9
 331 00f3 78000000 		.4byte	0x78
 332 00f7 09       		.uleb128 0x9
 333 00f8 78000000 		.4byte	0x78
 334 00fc 00       		.byte	0
 335 00fd 05       		.uleb128 0x5
 336 00fe 36000000 		.4byte	.LASF17
 337 0102 DB       		.byte	0xdb
 338 0103 0A       		.uleb128 0xa
 339 0104 18010000 		.4byte	.LASF18
 340 0108 03       		.byte	0x3
 341 0109 1801     		.2byte	0x118
 342 010b 05       		.uleb128 0x5
ARM GAS  /tmp/ccGrJU3x.s 			page 7


 343 010c BE000000 		.4byte	.LASF19
 344 0110 DA       		.byte	0xda
 345 0111 0A       		.uleb128 0xa
 346 0112 FC000000 		.4byte	.LASF20
 347 0116 04       		.byte	0x4
 348 0117 6601     		.2byte	0x166
 349 0119 05       		.uleb128 0x5
 350 011a 93010000 		.4byte	.LASF21
 351 011e DD       		.byte	0xdd
 352 011f 05       		.uleb128 0x5
 353 0120 C6010000 		.4byte	.LASF22
 354 0124 DC       		.byte	0xdc
 355 0125 0B       		.uleb128 0xb
 356 0126 2A000000 		.4byte	.LASF23
 357 012a C9       		.byte	0xc9
 358 012b 06       		.byte	0x6
 359 012c 00000000 		.4byte	.LFB224
 360 0130 1C000000 		.4byte	.LFE224-.LFB224
 361 0134 01       		.uleb128 0x1
 362 0135 9C       		.byte	0x9c
 363 0136 4F010000 		.4byte	0x14f
 364 013a 17       		.uleb128 0x17
 365 013b 18000000 		.4byte	.LVL8
 366 013f E6000000 		.4byte	0xe6
 367 0143 0C       		.uleb128 0xc
 368 0144 01       		.uleb128 0x1
 369 0145 50       		.byte	0x50
 370 0146 01       		.uleb128 0x1
 371 0147 3B       		.byte	0x3b
 372 0148 0C       		.uleb128 0xc
 373 0149 01       		.uleb128 0x1
 374 014a 51       		.byte	0x51
 375 014b 01       		.uleb128 0x1
 376 014c 38       		.byte	0x38
 377 014d 00       		.byte	0
 378 014e 00       		.byte	0
 379 014f 0B       		.uleb128 0xb
 380 0150 1A000000 		.4byte	.LASF24
 381 0154 9A       		.byte	0x9a
 382 0155 01       		.byte	0x1
 383 0156 00000000 		.4byte	.LFB223
 384 015a 2A000000 		.4byte	.LFE223-.LFB223
 385 015e 01       		.uleb128 0x1
 386 015f 9C       		.byte	0x9c
 387 0160 B3020000 		.4byte	0x2b3
 388 0164 07       		.uleb128 0x7
 389 0165 C3020000 		.4byte	0x2c3
 390 0169 06000000 		.4byte	.LBI54
 391 016d 01       		.byte	.LVU7
 392 016e 06000000 		.4byte	.LBB54
 393 0172 0A000000 		.4byte	.LBE54-.LBB54
 394 0176 9E       		.byte	0x9e
 395 0177 ED010000 		.4byte	0x1ed
 396 017b 03       		.uleb128 0x3
 397 017c D3020000 		.4byte	0x2d3
 398 0180 06000000 		.4byte	.LBI55
 399 0184 03       		.byte	.LVU9
ARM GAS  /tmp/ccGrJU3x.s 			page 8


 400 0185 06000000 		.4byte	.LBB55
 401 0189 0A000000 		.4byte	.LBE55-.LBB55
 402 018d 02       		.byte	0x2
 403 018e 0302     		.2byte	0x203
 404 0190 0D       		.uleb128 0xd
 405 0191 E3020000 		.4byte	0x2e3
 406 0195 06000000 		.4byte	.LBI57
 407 0199 05       		.byte	.LVU11
 408 019a 06000000 		.4byte	.LBB57
 409 019e 06000000 		.4byte	.LBE57-.LBB57
 410 01a2 8401     		.2byte	0x184
 411 01a4 E2010000 		.4byte	0x1e2
 412 01a8 03       		.uleb128 0x3
 413 01a9 F3020000 		.4byte	0x2f3
 414 01ad 06000000 		.4byte	.LBI58
 415 01b1 07       		.byte	.LVU13
 416 01b2 06000000 		.4byte	.LBB58
 417 01b6 06000000 		.4byte	.LBE58-.LBB58
 418 01ba 04       		.byte	0x4
 419 01bb DB01     		.2byte	0x1db
 420 01bd 03       		.uleb128 0x3
 421 01be FB020000 		.4byte	0x2fb
 422 01c2 06000000 		.4byte	.LBI59
 423 01c6 09       		.byte	.LVU15
 424 01c7 06000000 		.4byte	.LBB59
 425 01cb 06000000 		.4byte	.LBE59-.LBB59
 426 01cf 04       		.byte	0x4
 427 01d0 BF01     		.2byte	0x1bf
 428 01d2 0E       		.uleb128 0xe
 429 01d3 05030000 		.4byte	0x305
 430 01d7 0E000000 		.4byte	.LLST0
 431 01db 0C000000 		.4byte	.LVUS0
 432 01df 00       		.byte	0
 433 01e0 00       		.byte	0
 434 01e1 00       		.byte	0
 435 01e2 04       		.uleb128 0x4
 436 01e3 10000000 		.4byte	.LVL2
 437 01e7 0B010000 		.4byte	0x10b
 438 01eb 00       		.byte	0
 439 01ec 00       		.byte	0
 440 01ed 07       		.uleb128 0x7
 441 01ee B3020000 		.4byte	0x2b3
 442 01f2 10000000 		.4byte	.LBI61
 443 01f6 01       		.byte	.LVU21
 444 01f7 10000000 		.4byte	.LBB61
 445 01fb 04000000 		.4byte	.LBE61-.LBB61
 446 01ff 9F       		.byte	0x9f
 447 0200 0E020000 		.4byte	0x20e
 448 0204 04       		.uleb128 0x4
 449 0205 14000000 		.4byte	.LVL3
 450 0209 03010000 		.4byte	0x103
 451 020d 00       		.byte	0
 452 020e 07       		.uleb128 0x7
 453 020f BB020000 		.4byte	0x2bb
 454 0213 14000000 		.4byte	.LBI63
 455 0217 01       		.byte	.LVU24
 456 0218 14000000 		.4byte	.LBB63
ARM GAS  /tmp/ccGrJU3x.s 			page 9


 457 021c 0A000000 		.4byte	.LBE63-.LBB63
 458 0220 A0       		.byte	0xa0
 459 0221 97020000 		.4byte	0x297
 460 0225 03       		.uleb128 0x3
 461 0226 CB020000 		.4byte	0x2cb
 462 022a 14000000 		.4byte	.LBI64
 463 022e 03       		.byte	.LVU26
 464 022f 14000000 		.4byte	.LBB64
 465 0233 0A000000 		.4byte	.LBE64-.LBB64
 466 0237 02       		.byte	0x2
 467 0238 0E02     		.2byte	0x20e
 468 023a 0D       		.uleb128 0xd
 469 023b DB020000 		.4byte	0x2db
 470 023f 18000000 		.4byte	.LBI66
 471 0243 02       		.byte	.LVU30
 472 0244 18000000 		.4byte	.LBB66
 473 0248 06000000 		.4byte	.LBE66-.LBB66
 474 024c 9A01     		.2byte	0x19a
 475 024e 8C020000 		.4byte	0x28c
 476 0252 03       		.uleb128 0x3
 477 0253 EB020000 		.4byte	0x2eb
 478 0257 18000000 		.4byte	.LBI67
 479 025b 04       		.byte	.LVU32
 480 025c 18000000 		.4byte	.LBB67
 481 0260 06000000 		.4byte	.LBE67-.LBB67
 482 0264 04       		.byte	0x4
 483 0265 E601     		.2byte	0x1e6
 484 0267 03       		.uleb128 0x3
 485 0268 FB020000 		.4byte	0x2fb
 486 026c 18000000 		.4byte	.LBI68
 487 0270 06       		.byte	.LVU34
 488 0271 18000000 		.4byte	.LBB68
 489 0275 06000000 		.4byte	.LBE68-.LBB68
 490 0279 04       		.byte	0x4
 491 027a CD01     		.2byte	0x1cd
 492 027c 0E       		.uleb128 0xe
 493 027d 05030000 		.4byte	0x305
 494 0281 1B000000 		.4byte	.LLST1
 495 0285 19000000 		.4byte	.LVUS1
 496 0289 00       		.byte	0
 497 028a 00       		.byte	0
 498 028b 00       		.byte	0
 499 028c 04       		.uleb128 0x4
 500 028d 18000000 		.4byte	.LVL4
 501 0291 FD000000 		.4byte	0xfd
 502 0295 00       		.byte	0
 503 0296 00       		.byte	0
 504 0297 04       		.uleb128 0x4
 505 0298 06000000 		.4byte	.LVL0
 506 029c 1F010000 		.4byte	0x11f
 507 02a0 04       		.uleb128 0x4
 508 02a1 22000000 		.4byte	.LVL6
 509 02a5 19010000 		.4byte	0x119
 510 02a9 18       		.uleb128 0x18
 511 02aa 2A000000 		.4byte	.LVL7
 512 02ae 11010000 		.4byte	0x111
 513 02b2 00       		.byte	0
ARM GAS  /tmp/ccGrJU3x.s 			page 10


 514 02b3 02       		.uleb128 0x2
 515 02b4 00000000 		.4byte	.LASF25
 516 02b8 02       		.byte	0x2
 517 02b9 4702     		.2byte	0x247
 518 02bb 02       		.uleb128 0x2
 519 02bc C4030000 		.4byte	.LASF26
 520 02c0 02       		.byte	0x2
 521 02c1 0C02     		.2byte	0x20c
 522 02c3 02       		.uleb128 0x2
 523 02c4 E9010000 		.4byte	.LASF27
 524 02c8 02       		.byte	0x2
 525 02c9 0102     		.2byte	0x201
 526 02cb 02       		.uleb128 0x2
 527 02cc AD010000 		.4byte	.LASF28
 528 02d0 03       		.byte	0x3
 529 02d1 9601     		.2byte	0x196
 530 02d3 02       		.uleb128 0x2
 531 02d4 70010000 		.4byte	.LASF29
 532 02d8 03       		.byte	0x3
 533 02d9 8201     		.2byte	0x182
 534 02db 02       		.uleb128 0x2
 535 02dc 2B010000 		.4byte	.LASF30
 536 02e0 04       		.byte	0x4
 537 02e1 E401     		.2byte	0x1e4
 538 02e3 02       		.uleb128 0x2
 539 02e4 34030000 		.4byte	.LASF31
 540 02e8 04       		.byte	0x4
 541 02e9 D901     		.2byte	0x1d9
 542 02eb 02       		.uleb128 0x2
 543 02ec 51000000 		.4byte	.LASF32
 544 02f0 04       		.byte	0x4
 545 02f1 CA01     		.2byte	0x1ca
 546 02f3 02       		.uleb128 0x2
 547 02f4 59010000 		.4byte	.LASF33
 548 02f8 04       		.byte	0x4
 549 02f9 BC01     		.2byte	0x1bc
 550 02fb 19       		.uleb128 0x19
 551 02fc 4B010000 		.4byte	.LASF38
 552 0300 05       		.byte	0x5
 553 0301 2002     		.2byte	0x220
 554 0303 39       		.byte	0x39
 555 0304 03       		.byte	0x3
 556 0305 1A       		.uleb128 0x1a
 557 0306 14000000 		.4byte	.LASF39
 558 030a 05       		.byte	0x5
 559 030b 2002     		.2byte	0x220
 560 030d 50       		.byte	0x50
 561 030e 78000000 		.4byte	0x78
 562 0312 00       		.byte	0
 563 0313 00       		.byte	0
 564              		.section	.debug_abbrev,"",%progbits
 565              	.Ldebug_abbrev0:
 566 0000 01       		.uleb128 0x1
 567 0001 24       		.uleb128 0x24
 568 0002 00       		.byte	0
 569 0003 0B       		.uleb128 0xb
 570 0004 0B       		.uleb128 0xb
ARM GAS  /tmp/ccGrJU3x.s 			page 11


 571 0005 3E       		.uleb128 0x3e
 572 0006 0B       		.uleb128 0xb
 573 0007 03       		.uleb128 0x3
 574 0008 0E       		.uleb128 0xe
 575 0009 00       		.byte	0
 576 000a 00       		.byte	0
 577 000b 02       		.uleb128 0x2
 578 000c 2E       		.uleb128 0x2e
 579 000d 00       		.byte	0
 580 000e 03       		.uleb128 0x3
 581 000f 0E       		.uleb128 0xe
 582 0010 3A       		.uleb128 0x3a
 583 0011 0B       		.uleb128 0xb
 584 0012 3B       		.uleb128 0x3b
 585 0013 05       		.uleb128 0x5
 586 0014 39       		.uleb128 0x39
 587 0015 21       		.uleb128 0x21
 588 0016 14       		.sleb128 20
 589 0017 27       		.uleb128 0x27
 590 0018 19       		.uleb128 0x19
 591 0019 20       		.uleb128 0x20
 592 001a 21       		.uleb128 0x21
 593 001b 03       		.sleb128 3
 594 001c 00       		.byte	0
 595 001d 00       		.byte	0
 596 001e 03       		.uleb128 0x3
 597 001f 1D       		.uleb128 0x1d
 598 0020 01       		.byte	0x1
 599 0021 31       		.uleb128 0x31
 600 0022 13       		.uleb128 0x13
 601 0023 52       		.uleb128 0x52
 602 0024 01       		.uleb128 0x1
 603 0025 B842     		.uleb128 0x2138
 604 0027 0B       		.uleb128 0xb
 605 0028 11       		.uleb128 0x11
 606 0029 01       		.uleb128 0x1
 607 002a 12       		.uleb128 0x12
 608 002b 06       		.uleb128 0x6
 609 002c 58       		.uleb128 0x58
 610 002d 0B       		.uleb128 0xb
 611 002e 59       		.uleb128 0x59
 612 002f 05       		.uleb128 0x5
 613 0030 57       		.uleb128 0x57
 614 0031 21       		.uleb128 0x21
 615 0032 03       		.sleb128 3
 616 0033 00       		.byte	0
 617 0034 00       		.byte	0
 618 0035 04       		.uleb128 0x4
 619 0036 48       		.uleb128 0x48
 620 0037 00       		.byte	0
 621 0038 7D       		.uleb128 0x7d
 622 0039 01       		.uleb128 0x1
 623 003a 7F       		.uleb128 0x7f
 624 003b 13       		.uleb128 0x13
 625 003c 00       		.byte	0
 626 003d 00       		.byte	0
 627 003e 05       		.uleb128 0x5
ARM GAS  /tmp/ccGrJU3x.s 			page 12


 628 003f 2E       		.uleb128 0x2e
 629 0040 00       		.byte	0
 630 0041 3F       		.uleb128 0x3f
 631 0042 19       		.uleb128 0x19
 632 0043 03       		.uleb128 0x3
 633 0044 0E       		.uleb128 0xe
 634 0045 3A       		.uleb128 0x3a
 635 0046 21       		.uleb128 0x21
 636 0047 09       		.sleb128 9
 637 0048 3B       		.uleb128 0x3b
 638 0049 0B       		.uleb128 0xb
 639 004a 39       		.uleb128 0x39
 640 004b 21       		.uleb128 0x21
 641 004c 08       		.sleb128 8
 642 004d 27       		.uleb128 0x27
 643 004e 19       		.uleb128 0x19
 644 004f 3C       		.uleb128 0x3c
 645 0050 19       		.uleb128 0x19
 646 0051 00       		.byte	0
 647 0052 00       		.byte	0
 648 0053 06       		.uleb128 0x6
 649 0054 0D       		.uleb128 0xd
 650 0055 00       		.byte	0
 651 0056 03       		.uleb128 0x3
 652 0057 0E       		.uleb128 0xe
 653 0058 3A       		.uleb128 0x3a
 654 0059 21       		.uleb128 0x21
 655 005a 08       		.sleb128 8
 656 005b 3B       		.uleb128 0x3b
 657 005c 05       		.uleb128 0x5
 658 005d 39       		.uleb128 0x39
 659 005e 21       		.uleb128 0x21
 660 005f 11       		.sleb128 17
 661 0060 49       		.uleb128 0x49
 662 0061 13       		.uleb128 0x13
 663 0062 38       		.uleb128 0x38
 664 0063 0B       		.uleb128 0xb
 665 0064 00       		.byte	0
 666 0065 00       		.byte	0
 667 0066 07       		.uleb128 0x7
 668 0067 1D       		.uleb128 0x1d
 669 0068 01       		.byte	0x1
 670 0069 31       		.uleb128 0x31
 671 006a 13       		.uleb128 0x13
 672 006b 52       		.uleb128 0x52
 673 006c 01       		.uleb128 0x1
 674 006d B842     		.uleb128 0x2138
 675 006f 0B       		.uleb128 0xb
 676 0070 11       		.uleb128 0x11
 677 0071 01       		.uleb128 0x1
 678 0072 12       		.uleb128 0x12
 679 0073 06       		.uleb128 0x6
 680 0074 58       		.uleb128 0x58
 681 0075 21       		.uleb128 0x21
 682 0076 01       		.sleb128 1
 683 0077 59       		.uleb128 0x59
 684 0078 0B       		.uleb128 0xb
ARM GAS  /tmp/ccGrJU3x.s 			page 13


 685 0079 57       		.uleb128 0x57
 686 007a 21       		.uleb128 0x21
 687 007b 03       		.sleb128 3
 688 007c 01       		.uleb128 0x1
 689 007d 13       		.uleb128 0x13
 690 007e 00       		.byte	0
 691 007f 00       		.byte	0
 692 0080 08       		.uleb128 0x8
 693 0081 16       		.uleb128 0x16
 694 0082 00       		.byte	0
 695 0083 03       		.uleb128 0x3
 696 0084 0E       		.uleb128 0xe
 697 0085 3A       		.uleb128 0x3a
 698 0086 0B       		.uleb128 0xb
 699 0087 3B       		.uleb128 0x3b
 700 0088 0B       		.uleb128 0xb
 701 0089 39       		.uleb128 0x39
 702 008a 0B       		.uleb128 0xb
 703 008b 49       		.uleb128 0x49
 704 008c 13       		.uleb128 0x13
 705 008d 00       		.byte	0
 706 008e 00       		.byte	0
 707 008f 09       		.uleb128 0x9
 708 0090 05       		.uleb128 0x5
 709 0091 00       		.byte	0
 710 0092 49       		.uleb128 0x49
 711 0093 13       		.uleb128 0x13
 712 0094 00       		.byte	0
 713 0095 00       		.byte	0
 714 0096 0A       		.uleb128 0xa
 715 0097 2E       		.uleb128 0x2e
 716 0098 00       		.byte	0
 717 0099 3F       		.uleb128 0x3f
 718 009a 19       		.uleb128 0x19
 719 009b 03       		.uleb128 0x3
 720 009c 0E       		.uleb128 0xe
 721 009d 3A       		.uleb128 0x3a
 722 009e 0B       		.uleb128 0xb
 723 009f 3B       		.uleb128 0x3b
 724 00a0 05       		.uleb128 0x5
 725 00a1 39       		.uleb128 0x39
 726 00a2 21       		.uleb128 0x21
 727 00a3 08       		.sleb128 8
 728 00a4 27       		.uleb128 0x27
 729 00a5 19       		.uleb128 0x19
 730 00a6 3C       		.uleb128 0x3c
 731 00a7 19       		.uleb128 0x19
 732 00a8 00       		.byte	0
 733 00a9 00       		.byte	0
 734 00aa 0B       		.uleb128 0xb
 735 00ab 2E       		.uleb128 0x2e
 736 00ac 01       		.byte	0x1
 737 00ad 3F       		.uleb128 0x3f
 738 00ae 19       		.uleb128 0x19
 739 00af 03       		.uleb128 0x3
 740 00b0 0E       		.uleb128 0xe
 741 00b1 3A       		.uleb128 0x3a
ARM GAS  /tmp/ccGrJU3x.s 			page 14


 742 00b2 21       		.uleb128 0x21
 743 00b3 01       		.sleb128 1
 744 00b4 3B       		.uleb128 0x3b
 745 00b5 0B       		.uleb128 0xb
 746 00b6 39       		.uleb128 0x39
 747 00b7 0B       		.uleb128 0xb
 748 00b8 27       		.uleb128 0x27
 749 00b9 19       		.uleb128 0x19
 750 00ba 11       		.uleb128 0x11
 751 00bb 01       		.uleb128 0x1
 752 00bc 12       		.uleb128 0x12
 753 00bd 06       		.uleb128 0x6
 754 00be 40       		.uleb128 0x40
 755 00bf 18       		.uleb128 0x18
 756 00c0 7A       		.uleb128 0x7a
 757 00c1 19       		.uleb128 0x19
 758 00c2 01       		.uleb128 0x1
 759 00c3 13       		.uleb128 0x13
 760 00c4 00       		.byte	0
 761 00c5 00       		.byte	0
 762 00c6 0C       		.uleb128 0xc
 763 00c7 49       		.uleb128 0x49
 764 00c8 00       		.byte	0
 765 00c9 02       		.uleb128 0x2
 766 00ca 18       		.uleb128 0x18
 767 00cb 7E       		.uleb128 0x7e
 768 00cc 18       		.uleb128 0x18
 769 00cd 00       		.byte	0
 770 00ce 00       		.byte	0
 771 00cf 0D       		.uleb128 0xd
 772 00d0 1D       		.uleb128 0x1d
 773 00d1 01       		.byte	0x1
 774 00d2 31       		.uleb128 0x31
 775 00d3 13       		.uleb128 0x13
 776 00d4 52       		.uleb128 0x52
 777 00d5 01       		.uleb128 0x1
 778 00d6 B842     		.uleb128 0x2138
 779 00d8 0B       		.uleb128 0xb
 780 00d9 11       		.uleb128 0x11
 781 00da 01       		.uleb128 0x1
 782 00db 12       		.uleb128 0x12
 783 00dc 06       		.uleb128 0x6
 784 00dd 58       		.uleb128 0x58
 785 00de 21       		.uleb128 0x21
 786 00df 03       		.sleb128 3
 787 00e0 59       		.uleb128 0x59
 788 00e1 05       		.uleb128 0x5
 789 00e2 57       		.uleb128 0x57
 790 00e3 21       		.uleb128 0x21
 791 00e4 03       		.sleb128 3
 792 00e5 01       		.uleb128 0x1
 793 00e6 13       		.uleb128 0x13
 794 00e7 00       		.byte	0
 795 00e8 00       		.byte	0
 796 00e9 0E       		.uleb128 0xe
 797 00ea 05       		.uleb128 0x5
 798 00eb 00       		.byte	0
ARM GAS  /tmp/ccGrJU3x.s 			page 15


 799 00ec 31       		.uleb128 0x31
 800 00ed 13       		.uleb128 0x13
 801 00ee 02       		.uleb128 0x2
 802 00ef 17       		.uleb128 0x17
 803 00f0 B742     		.uleb128 0x2137
 804 00f2 17       		.uleb128 0x17
 805 00f3 00       		.byte	0
 806 00f4 00       		.byte	0
 807 00f5 0F       		.uleb128 0xf
 808 00f6 11       		.uleb128 0x11
 809 00f7 01       		.byte	0x1
 810 00f8 25       		.uleb128 0x25
 811 00f9 0E       		.uleb128 0xe
 812 00fa 13       		.uleb128 0x13
 813 00fb 0B       		.uleb128 0xb
 814 00fc 03       		.uleb128 0x3
 815 00fd 0E       		.uleb128 0xe
 816 00fe 1B       		.uleb128 0x1b
 817 00ff 0E       		.uleb128 0xe
 818 0100 55       		.uleb128 0x55
 819 0101 17       		.uleb128 0x17
 820 0102 11       		.uleb128 0x11
 821 0103 01       		.uleb128 0x1
 822 0104 10       		.uleb128 0x10
 823 0105 17       		.uleb128 0x17
 824 0106 00       		.byte	0
 825 0107 00       		.byte	0
 826 0108 10       		.uleb128 0x10
 827 0109 24       		.uleb128 0x24
 828 010a 00       		.byte	0
 829 010b 0B       		.uleb128 0xb
 830 010c 0B       		.uleb128 0xb
 831 010d 3E       		.uleb128 0x3e
 832 010e 0B       		.uleb128 0xb
 833 010f 03       		.uleb128 0x3
 834 0110 08       		.uleb128 0x8
 835 0111 00       		.byte	0
 836 0112 00       		.byte	0
 837 0113 11       		.uleb128 0x11
 838 0114 35       		.uleb128 0x35
 839 0115 00       		.byte	0
 840 0116 49       		.uleb128 0x49
 841 0117 13       		.uleb128 0x13
 842 0118 00       		.byte	0
 843 0119 00       		.byte	0
 844 011a 12       		.uleb128 0x12
 845 011b 26       		.uleb128 0x26
 846 011c 00       		.byte	0
 847 011d 49       		.uleb128 0x49
 848 011e 13       		.uleb128 0x13
 849 011f 00       		.byte	0
 850 0120 00       		.byte	0
 851 0121 13       		.uleb128 0x13
 852 0122 13       		.uleb128 0x13
 853 0123 01       		.byte	0x1
 854 0124 0B       		.uleb128 0xb
 855 0125 0B       		.uleb128 0xb
ARM GAS  /tmp/ccGrJU3x.s 			page 16


 856 0126 3A       		.uleb128 0x3a
 857 0127 0B       		.uleb128 0xb
 858 0128 3B       		.uleb128 0x3b
 859 0129 05       		.uleb128 0x5
 860 012a 39       		.uleb128 0x39
 861 012b 0B       		.uleb128 0xb
 862 012c 01       		.uleb128 0x1
 863 012d 13       		.uleb128 0x13
 864 012e 00       		.byte	0
 865 012f 00       		.byte	0
 866 0130 14       		.uleb128 0x14
 867 0131 0D       		.uleb128 0xd
 868 0132 00       		.byte	0
 869 0133 03       		.uleb128 0x3
 870 0134 08       		.uleb128 0x8
 871 0135 3A       		.uleb128 0x3a
 872 0136 0B       		.uleb128 0xb
 873 0137 3B       		.uleb128 0x3b
 874 0138 05       		.uleb128 0x5
 875 0139 39       		.uleb128 0x39
 876 013a 0B       		.uleb128 0xb
 877 013b 49       		.uleb128 0x49
 878 013c 13       		.uleb128 0x13
 879 013d 38       		.uleb128 0x38
 880 013e 0B       		.uleb128 0xb
 881 013f 00       		.byte	0
 882 0140 00       		.byte	0
 883 0141 15       		.uleb128 0x15
 884 0142 16       		.uleb128 0x16
 885 0143 00       		.byte	0
 886 0144 03       		.uleb128 0x3
 887 0145 0E       		.uleb128 0xe
 888 0146 3A       		.uleb128 0x3a
 889 0147 0B       		.uleb128 0xb
 890 0148 3B       		.uleb128 0x3b
 891 0149 05       		.uleb128 0x5
 892 014a 39       		.uleb128 0x39
 893 014b 0B       		.uleb128 0xb
 894 014c 49       		.uleb128 0x49
 895 014d 13       		.uleb128 0x13
 896 014e 00       		.byte	0
 897 014f 00       		.byte	0
 898 0150 16       		.uleb128 0x16
 899 0151 2E       		.uleb128 0x2e
 900 0152 01       		.byte	0x1
 901 0153 3F       		.uleb128 0x3f
 902 0154 19       		.uleb128 0x19
 903 0155 03       		.uleb128 0x3
 904 0156 0E       		.uleb128 0xe
 905 0157 3A       		.uleb128 0x3a
 906 0158 0B       		.uleb128 0xb
 907 0159 3B       		.uleb128 0x3b
 908 015a 0B       		.uleb128 0xb
 909 015b 39       		.uleb128 0x39
 910 015c 0B       		.uleb128 0xb
 911 015d 27       		.uleb128 0x27
 912 015e 19       		.uleb128 0x19
ARM GAS  /tmp/ccGrJU3x.s 			page 17


 913 015f 3C       		.uleb128 0x3c
 914 0160 19       		.uleb128 0x19
 915 0161 01       		.uleb128 0x1
 916 0162 13       		.uleb128 0x13
 917 0163 00       		.byte	0
 918 0164 00       		.byte	0
 919 0165 17       		.uleb128 0x17
 920 0166 48       		.uleb128 0x48
 921 0167 01       		.byte	0x1
 922 0168 7D       		.uleb128 0x7d
 923 0169 01       		.uleb128 0x1
 924 016a 8201     		.uleb128 0x82
 925 016c 19       		.uleb128 0x19
 926 016d 7F       		.uleb128 0x7f
 927 016e 13       		.uleb128 0x13
 928 016f 00       		.byte	0
 929 0170 00       		.byte	0
 930 0171 18       		.uleb128 0x18
 931 0172 48       		.uleb128 0x48
 932 0173 00       		.byte	0
 933 0174 7D       		.uleb128 0x7d
 934 0175 01       		.uleb128 0x1
 935 0176 8201     		.uleb128 0x82
 936 0178 19       		.uleb128 0x19
 937 0179 7F       		.uleb128 0x7f
 938 017a 13       		.uleb128 0x13
 939 017b 00       		.byte	0
 940 017c 00       		.byte	0
 941 017d 19       		.uleb128 0x19
 942 017e 2E       		.uleb128 0x2e
 943 017f 01       		.byte	0x1
 944 0180 03       		.uleb128 0x3
 945 0181 0E       		.uleb128 0xe
 946 0182 3A       		.uleb128 0x3a
 947 0183 0B       		.uleb128 0xb
 948 0184 3B       		.uleb128 0x3b
 949 0185 05       		.uleb128 0x5
 950 0186 39       		.uleb128 0x39
 951 0187 0B       		.uleb128 0xb
 952 0188 27       		.uleb128 0x27
 953 0189 19       		.uleb128 0x19
 954 018a 20       		.uleb128 0x20
 955 018b 0B       		.uleb128 0xb
 956 018c 00       		.byte	0
 957 018d 00       		.byte	0
 958 018e 1A       		.uleb128 0x1a
 959 018f 05       		.uleb128 0x5
 960 0190 00       		.byte	0
 961 0191 03       		.uleb128 0x3
 962 0192 0E       		.uleb128 0xe
 963 0193 3A       		.uleb128 0x3a
 964 0194 0B       		.uleb128 0xb
 965 0195 3B       		.uleb128 0x3b
 966 0196 05       		.uleb128 0x5
 967 0197 39       		.uleb128 0x39
 968 0198 0B       		.uleb128 0xb
 969 0199 49       		.uleb128 0x49
ARM GAS  /tmp/ccGrJU3x.s 			page 18


 970 019a 13       		.uleb128 0x13
 971 019b 00       		.byte	0
 972 019c 00       		.byte	0
 973 019d 00       		.byte	0
 974              		.section	.debug_loclists,"",%progbits
 975 0000 21000000 		.4byte	.Ldebug_loc3-.Ldebug_loc2
 976              	.Ldebug_loc2:
 977 0004 0500     		.2byte	0x5
 978 0006 04       		.byte	0x4
 979 0007 00       		.byte	0
 980 0008 00000000 		.4byte	0
 981              	.Ldebug_loc0:
 982              	.LVUS0:
 983 000c 09       		.uleb128 .LVU15
 984 000d 00       		.uleb128 .LVU17
 985              	.LLST0:
 986 000e 08       		.byte	0x8
 987 000f 06000000 		.4byte	.LVL0
 988 0013 06       		.uleb128 .LVL1-.LVL0
 989 0014 03       		.uleb128 0x3
 990 0015 08       		.byte	0x8
 991 0016 20       		.byte	0x20
 992 0017 9F       		.byte	0x9f
 993 0018 00       		.byte	0
 994              	.LVUS1:
 995 0019 06       		.uleb128 .LVU34
 996 001a 00       		.uleb128 .LVU36
 997              	.LLST1:
 998 001b 08       		.byte	0x8
 999 001c 18000000 		.4byte	.LVL4
 1000 0020 06       		.uleb128 .LVL5-.LVL4
 1001 0021 02       		.uleb128 0x2
 1002 0022 30       		.byte	0x30
 1003 0023 9F       		.byte	0x9f
 1004 0024 00       		.byte	0
 1005              	.Ldebug_loc3:
 1006              		.section	.debug_aranges,"",%progbits
 1007 0000 24000000 		.4byte	0x24
 1008 0004 0200     		.2byte	0x2
 1009 0006 00000000 		.4byte	.Ldebug_info0
 1010 000a 04       		.byte	0x4
 1011 000b 00       		.byte	0
 1012 000c 0000     		.2byte	0
 1013 000e 0000     		.2byte	0
 1014 0010 00000000 		.4byte	.LFB223
 1015 0014 2A000000 		.4byte	.LFE223-.LFB223
 1016 0018 00000000 		.4byte	.LFB224
 1017 001c 1C000000 		.4byte	.LFE224-.LFB224
 1018 0020 00000000 		.4byte	0
 1019 0024 00000000 		.4byte	0
 1020              		.section	.debug_rnglists,"",%progbits
 1021              	.Ldebug_ranges0:
 1022 0000 15000000 		.4byte	.Ldebug_ranges3-.Ldebug_ranges2
 1023              	.Ldebug_ranges2:
 1024 0004 0500     		.2byte	0x5
 1025 0006 04       		.byte	0x4
 1026 0007 00       		.byte	0
ARM GAS  /tmp/ccGrJU3x.s 			page 19


 1027 0008 00000000 		.4byte	0
 1028              	.LLRL2:
 1029 000c 07       		.byte	0x7
 1030 000d 00000000 		.4byte	.LFB223
 1031 0011 2A       		.uleb128 .LFE223-.LFB223
 1032 0012 07       		.byte	0x7
 1033 0013 00000000 		.4byte	.LFB224
 1034 0017 1C       		.uleb128 .LFE224-.LFB224
 1035 0018 00       		.byte	0
 1036              	.Ldebug_ranges3:
 1037              		.section	.debug_line,"",%progbits
 1038              	.Ldebug_line0:
 1039 0000 7E030000 		.section	.debug_str,"MS",%progbits,1
 1039      03007602 
 1039      00000201 
 1039      FB0E0D00 
 1039      01010101 
 1040              	.LASF25:
 1041 0000 6F73616C 		.ascii	"osalOsTimerHandlerI\000"
 1041      4F735469 
 1041      6D657248 
 1041      616E646C 
 1041      65724900 
 1042              	.LASF39:
 1043 0014 76616C75 		.ascii	"value\000"
 1043      6500
 1044              	.LASF24:
 1045 001a 53797354 		.ascii	"SysTick_Handler\000"
 1045      69636B5F 
 1045      48616E64 
 1045      6C657200 
 1046              	.LASF23:
 1047 002a 73745F6C 		.ascii	"st_lld_init\000"
 1047      6C645F69 
 1047      6E697400 
 1048              	.LASF17:
 1049 0036 5F646267 		.ascii	"_dbg_check_unlock_from_isr\000"
 1049      5F636865 
 1049      636B5F75 
 1049      6E6C6F63 
 1049      6B5F6672 
 1050              	.LASF32:
 1051 0051 706F7274 		.ascii	"port_unlock\000"
 1051      5F756E6C 
 1051      6F636B00 
 1052              	.LASF8:
 1053 005d 6C6F6E67 		.ascii	"long long unsigned int\000"
 1053      206C6F6E 
 1053      6720756E 
 1053      7369676E 
 1053      65642069 
 1054              	.LASF36:
 1055 0074 2F686F6D 		.ascii	"/home/gunnar/code/rise_sdvp/Embedded/RTCM_Forwarder"
 1055      652F6775 
 1055      6E6E6172 
 1055      2F636F64 
 1055      652F7269 
ARM GAS  /tmp/ccGrJU3x.s 			page 20


 1056 00a7 5F50726F 		.ascii	"_Project\000"
 1056      6A656374 
 1056      00
 1057              	.LASF2:
 1058 00b0 756E7369 		.ascii	"unsigned char\000"
 1058      676E6564 
 1058      20636861 
 1058      7200
 1059              	.LASF19:
 1060 00be 5F646267 		.ascii	"_dbg_check_lock_from_isr\000"
 1060      5F636865 
 1060      636B5F6C 
 1060      6F636B5F 
 1060      66726F6D 
 1061              	.LASF6:
 1062 00d7 6C6F6E67 		.ascii	"long unsigned int\000"
 1062      20756E73 
 1062      69676E65 
 1062      6420696E 
 1062      7400
 1063              	.LASF4:
 1064 00e9 73686F72 		.ascii	"short unsigned int\000"
 1064      7420756E 
 1064      7369676E 
 1064      65642069 
 1064      6E7400
 1065              	.LASF20:
 1066 00fc 5F706F72 		.ascii	"_port_irq_epilogue\000"
 1066      745F6972 
 1066      715F6570 
 1066      696C6F67 
 1066      756500
 1067              	.LASF10:
 1068 010f 75696E74 		.ascii	"uint32_t\000"
 1068      33325F74 
 1068      00
 1069              	.LASF18:
 1070 0118 63685379 		.ascii	"chSysTimerHandlerI\000"
 1070      7354696D 
 1070      65724861 
 1070      6E646C65 
 1070      724900
 1071              	.LASF30:
 1072 012b 706F7274 		.ascii	"port_unlock_from_isr\000"
 1072      5F756E6C 
 1072      6F636B5F 
 1072      66726F6D 
 1072      5F697372 
 1073              	.LASF9:
 1074 0140 5F5F7569 		.ascii	"__uint32_t\000"
 1074      6E743332 
 1074      5F7400
 1075              	.LASF38:
 1076 014b 5F5F7365 		.ascii	"__set_BASEPRI\000"
 1076      745F4241 
 1076      53455052 
 1076      4900
ARM GAS  /tmp/ccGrJU3x.s 			page 21


 1077              	.LASF33:
 1078 0159 706F7274 		.ascii	"port_lock\000"
 1078      5F6C6F63 
 1078      6B00
 1079              	.LASF0:
 1080 0163 756E7369 		.ascii	"unsigned int\000"
 1080      676E6564 
 1080      20696E74 
 1080      00
 1081              	.LASF29:
 1082 0170 63685379 		.ascii	"chSysLockFromISR\000"
 1082      734C6F63 
 1082      6B46726F 
 1082      6D495352 
 1082      00
 1083              	.LASF15:
 1084 0181 63686172 		.ascii	"char\000"
 1084      00
 1085              	.LASF14:
 1086 0186 53797354 		.ascii	"SysTick_Type\000"
 1086      69636B5F 
 1086      54797065 
 1086      00
 1087              	.LASF21:
 1088 0193 5F646267 		.ascii	"_dbg_check_leave_isr\000"
 1088      5F636865 
 1088      636B5F6C 
 1088      65617665 
 1088      5F697372 
 1089              	.LASF11:
 1090 01a8 4354524C 		.ascii	"CTRL\000"
 1090      00
 1091              	.LASF28:
 1092 01ad 63685379 		.ascii	"chSysUnlockFromISR\000"
 1092      73556E6C 
 1092      6F636B46 
 1092      726F6D49 
 1092      535200
 1093              	.LASF13:
 1094 01c0 43414C49 		.ascii	"CALIB\000"
 1094      4200
 1095              	.LASF22:
 1096 01c6 5F646267 		.ascii	"_dbg_check_enter_isr\000"
 1096      5F636865 
 1096      636B5F65 
 1096      6E746572 
 1096      5F697372 
 1097              	.LASF7:
 1098 01db 6C6F6E67 		.ascii	"long long int\000"
 1098      206C6F6E 
 1098      6720696E 
 1098      7400
 1099              	.LASF27:
 1100 01e9 6F73616C 		.ascii	"osalSysLockFromISR\000"
 1100      5379734C 
 1100      6F636B46 
 1100      726F6D49 
ARM GAS  /tmp/ccGrJU3x.s 			page 22


 1100      535200
 1101              	.LASF12:
 1102 01fc 4C4F4144 		.ascii	"LOAD\000"
 1102      00
 1103              	.LASF34:
 1104 0201 474E5520 		.ascii	"GNU C99 13.2.1 20231009 -mcpu=cortex-m4 -mfpu=fpv4-"
 1104      43393920 
 1104      31332E32 
 1104      2E312032 
 1104      30323331 
 1105 0234 73702D64 		.ascii	"sp-d16 -mfloat-abi=hard -mfloat-abi=hard -mfpu=fpv4"
 1105      3136202D 
 1105      6D666C6F 
 1105      61742D61 
 1105      62693D68 
 1106 0267 2D73702D 		.ascii	"-sp-d16 -mno-thumb-interwork -mthumb -march=armv7e-"
 1106      64313620 
 1106      2D6D6E6F 
 1106      2D746875 
 1106      6D622D69 
 1107 029a 6D2B6670 		.ascii	"m+fp -ggdb -O2 -std=gnu99 -fomit-frame-pointer -fal"
 1107      202D6767 
 1107      6462202D 
 1107      4F32202D 
 1107      7374643D 
 1108 02cd 69676E2D 		.ascii	"ign-functions=16 -ffunction-sections -fdata-section"
 1108      66756E63 
 1108      74696F6E 
 1108      733D3136 
 1108      202D6666 
 1109 0300 73202D66 		.ascii	"s -fno-common -fsingle-precision-constant\000"
 1109      6E6F2D63 
 1109      6F6D6D6F 
 1109      6E202D66 
 1109      73696E67 
 1110              	.LASF3:
 1111 032a 73686F72 		.ascii	"short int\000"
 1111      7420696E 
 1111      7400
 1112              	.LASF31:
 1113 0334 706F7274 		.ascii	"port_lock_from_isr\000"
 1113      5F6C6F63 
 1113      6B5F6672 
 1113      6F6D5F69 
 1113      737200
 1114              	.LASF5:
 1115 0347 6C6F6E67 		.ascii	"long int\000"
 1115      20696E74 
 1115      00
 1116              	.LASF35:
 1117 0350 2E2E2F52 		.ascii	"../RC_Controller/ChibiOS_3.0.5/os/hal/ports/STM32/L"
 1117      435F436F 
 1117      6E74726F 
 1117      6C6C6572 
 1117      2F436869 
 1118 0383 4C442F54 		.ascii	"LD/TIMv1/st_lld.c\000"
 1118      494D7631 
ARM GAS  /tmp/ccGrJU3x.s 			page 23


 1118      2F73745F 
 1118      6C6C642E 
 1118      6300
 1119              	.LASF1:
 1120 0395 7369676E 		.ascii	"signed char\000"
 1120      65642063 
 1120      68617200 
 1121              	.LASF37:
 1122 03a1 6E766963 		.ascii	"nvicSetSystemHandlerPriority\000"
 1122      53657453 
 1122      79737465 
 1122      6D48616E 
 1122      646C6572 
 1123              	.LASF16:
 1124 03be 5F426F6F 		.ascii	"_Bool\000"
 1124      6C00
 1125              	.LASF26:
 1126 03c4 6F73616C 		.ascii	"osalSysUnlockFromISR\000"
 1126      53797355 
 1126      6E6C6F63 
 1126      6B46726F 
 1126      6D495352 
 1127              		.ident	"GCC: (Arm GNU Toolchain 13.2.rel1 (Build arm-13.7)) 13.2.1 20231009"
ARM GAS  /tmp/ccGrJU3x.s 			page 24


DEFINED SYMBOLS
                            *ABS*:00000000 st_lld.c
     /tmp/ccGrJU3x.s:21     .text.SysTick_Handler:00000000 $t
     /tmp/ccGrJU3x.s:28     .text.SysTick_Handler:00000000 SysTick_Handler
     /tmp/ccGrJU3x.s:161    .text.st_lld_init:00000000 $t
     /tmp/ccGrJU3x.s:168    .text.st_lld_init:00000000 st_lld_init
     /tmp/ccGrJU3x.s:199    .text.st_lld_init:00000018 $d

UNDEFINED SYMBOLS
_dbg_check_enter_isr
_dbg_check_lock_from_isr
chSysTimerHandlerI
_dbg_check_unlock_from_isr
_dbg_check_leave_isr
_port_irq_epilogue
nvicSetSystemHandlerPriority
