ARM GAS  /tmp/ccFULQJR.s 			page 1


   1              		.cpu cortex-m4
   2              		.arch armv7e-m
   3              		.fpu fpv4-sp-d16
   4              		.eabi_attribute 27, 1
   5              		.eabi_attribute 28, 1
   6              		.eabi_attribute 20, 1
   7              		.eabi_attribute 21, 1
   8              		.eabi_attribute 23, 3
   9              		.eabi_attribute 24, 1
  10              		.eabi_attribute 25, 1
  11              		.eabi_attribute 26, 1
  12              		.eabi_attribute 30, 2
  13              		.eabi_attribute 34, 1
  14              		.eabi_attribute 18, 4
  15              		.file	"stm32_dma.c"
  16              		.text
  17              	.Ltext0:
  18              		.cfi_sections	.debug_frame
  19              		.file 1 "../RC_Controller/ChibiOS_3.0.5/os/hal/ports/STM32/STM32F4xx/stm32_dma.c"
  20              	.Letext0:
  21              		.section	.debug_info,"",%progbits
  22              	.Ldebug_info0:
  23 0000 6F000000 		.4byte	0x6f
  24 0004 0500     		.2byte	0x5
  25 0006 01       		.byte	0x1
  26 0007 04       		.byte	0x4
  27 0008 00000000 		.4byte	.Ldebug_abbrev0
  28 000c 02       		.uleb128 0x2
  29 000d 0D010000 		.4byte	.LASF11
  30 0011 0C       		.byte	0xc
  31 0012 3E000000 		.4byte	.LASF12
  32 0016 86000000 		.4byte	.LASF13
  33 001a 00000000 		.4byte	.Ldebug_line0
  34 001e 03       		.uleb128 0x3
  35 001f 04       		.byte	0x4
  36 0020 05       		.byte	0x5
  37 0021 696E7400 		.ascii	"int\000"
  38 0025 01       		.uleb128 0x1
  39 0026 04       		.byte	0x4
  40 0027 07       		.byte	0x7
  41 0028 00000000 		.4byte	.LASF0
  42 002c 01       		.uleb128 0x1
  43 002d 01       		.byte	0x1
  44 002e 06       		.byte	0x6
  45 002f 1F000000 		.4byte	.LASF1
  46 0033 01       		.uleb128 0x1
  47 0034 01       		.byte	0x1
  48 0035 08       		.byte	0x8
  49 0036 DE000000 		.4byte	.LASF2
  50 003a 01       		.uleb128 0x1
  51 003b 02       		.byte	0x2
  52 003c 05       		.byte	0x5
  53 003d F5000000 		.4byte	.LASF3
  54 0041 01       		.uleb128 0x1
  55 0042 02       		.byte	0x2
  56 0043 07       		.byte	0x7
  57 0044 2B000000 		.4byte	.LASF4
ARM GAS  /tmp/ccFULQJR.s 			page 2


  58 0048 01       		.uleb128 0x1
  59 0049 04       		.byte	0x4
  60 004a 05       		.byte	0x5
  61 004b EC000000 		.4byte	.LASF5
  62 004f 01       		.uleb128 0x1
  63 0050 04       		.byte	0x4
  64 0051 07       		.byte	0x7
  65 0052 0D000000 		.4byte	.LASF6
  66 0056 01       		.uleb128 0x1
  67 0057 08       		.byte	0x8
  68 0058 05       		.byte	0x5
  69 0059 FF000000 		.4byte	.LASF7
  70 005d 01       		.uleb128 0x1
  71 005e 08       		.byte	0x8
  72 005f 07       		.byte	0x7
  73 0060 C7000000 		.4byte	.LASF8
  74 0064 01       		.uleb128 0x1
  75 0065 01       		.byte	0x1
  76 0066 08       		.byte	0x8
  77 0067 C2000000 		.4byte	.LASF9
  78 006b 01       		.uleb128 0x1
  79 006c 01       		.byte	0x1
  80 006d 02       		.byte	0x2
  81 006e 36020000 		.4byte	.LASF10
  82 0072 00       		.byte	0
  83              		.section	.debug_abbrev,"",%progbits
  84              	.Ldebug_abbrev0:
  85 0000 01       		.uleb128 0x1
  86 0001 24       		.uleb128 0x24
  87 0002 00       		.byte	0
  88 0003 0B       		.uleb128 0xb
  89 0004 0B       		.uleb128 0xb
  90 0005 3E       		.uleb128 0x3e
  91 0006 0B       		.uleb128 0xb
  92 0007 03       		.uleb128 0x3
  93 0008 0E       		.uleb128 0xe
  94 0009 00       		.byte	0
  95 000a 00       		.byte	0
  96 000b 02       		.uleb128 0x2
  97 000c 11       		.uleb128 0x11
  98 000d 01       		.byte	0x1
  99 000e 25       		.uleb128 0x25
 100 000f 0E       		.uleb128 0xe
 101 0010 13       		.uleb128 0x13
 102 0011 0B       		.uleb128 0xb
 103 0012 03       		.uleb128 0x3
 104 0013 0E       		.uleb128 0xe
 105 0014 1B       		.uleb128 0x1b
 106 0015 0E       		.uleb128 0xe
 107 0016 10       		.uleb128 0x10
 108 0017 17       		.uleb128 0x17
 109 0018 00       		.byte	0
 110 0019 00       		.byte	0
 111 001a 03       		.uleb128 0x3
 112 001b 24       		.uleb128 0x24
 113 001c 00       		.byte	0
 114 001d 0B       		.uleb128 0xb
ARM GAS  /tmp/ccFULQJR.s 			page 3


 115 001e 0B       		.uleb128 0xb
 116 001f 3E       		.uleb128 0x3e
 117 0020 0B       		.uleb128 0xb
 118 0021 03       		.uleb128 0x3
 119 0022 08       		.uleb128 0x8
 120 0023 00       		.byte	0
 121 0024 00       		.byte	0
 122 0025 00       		.byte	0
 123              		.section	.debug_aranges,"",%progbits
 124 0000 14000000 		.4byte	0x14
 125 0004 0200     		.2byte	0x2
 126 0006 00000000 		.4byte	.Ldebug_info0
 127 000a 04       		.byte	0x4
 128 000b 00       		.byte	0
 129 000c 0000     		.2byte	0
 130 000e 0000     		.2byte	0
 131 0010 00000000 		.4byte	0
 132 0014 00000000 		.4byte	0
 133              		.section	.debug_line,"",%progbits
 134              	.Ldebug_line0:
 135 0000 64000000 		.section	.debug_str,"MS",%progbits,1
 135      03005E00 
 135      00000201 
 135      FB0E0D00 
 135      01010101 
 136              	.LASF0:
 137 0000 756E7369 		.ascii	"unsigned int\000"
 137      676E6564 
 137      20696E74 
 137      00
 138              	.LASF6:
 139 000d 6C6F6E67 		.ascii	"long unsigned int\000"
 139      20756E73 
 139      69676E65 
 139      6420696E 
 139      7400
 140              	.LASF1:
 141 001f 7369676E 		.ascii	"signed char\000"
 141      65642063 
 141      68617200 
 142              	.LASF4:
 143 002b 73686F72 		.ascii	"short unsigned int\000"
 143      7420756E 
 143      7369676E 
 143      65642069 
 143      6E7400
 144              	.LASF12:
 145 003e 2E2E2F52 		.ascii	"../RC_Controller/ChibiOS_3.0.5/os/hal/ports/STM32/S"
 145      435F436F 
 145      6E74726F 
 145      6C6C6572 
 145      2F436869 
 146 0071 544D3332 		.ascii	"TM32F4xx/stm32_dma.c\000"
 146      46347878 
 146      2F73746D 
 146      33325F64 
 146      6D612E63 
ARM GAS  /tmp/ccFULQJR.s 			page 4


 147              	.LASF13:
 148 0086 2F686F6D 		.ascii	"/home/gunnar/code/rise_sdvp/Embedded/RTCM_Forwarder"
 148      652F6775 
 148      6E6E6172 
 148      2F636F64 
 148      652F7269 
 149 00b9 5F50726F 		.ascii	"_Project\000"
 149      6A656374 
 149      00
 150              	.LASF9:
 151 00c2 63686172 		.ascii	"char\000"
 151      00
 152              	.LASF8:
 153 00c7 6C6F6E67 		.ascii	"long long unsigned int\000"
 153      206C6F6E 
 153      6720756E 
 153      7369676E 
 153      65642069 
 154              	.LASF2:
 155 00de 756E7369 		.ascii	"unsigned char\000"
 155      676E6564 
 155      20636861 
 155      7200
 156              	.LASF5:
 157 00ec 6C6F6E67 		.ascii	"long int\000"
 157      20696E74 
 157      00
 158              	.LASF3:
 159 00f5 73686F72 		.ascii	"short int\000"
 159      7420696E 
 159      7400
 160              	.LASF7:
 161 00ff 6C6F6E67 		.ascii	"long long int\000"
 161      206C6F6E 
 161      6720696E 
 161      7400
 162              	.LASF11:
 163 010d 474E5520 		.ascii	"GNU C99 13.2.1 20231009 -mcpu=cortex-m4 -mfpu=fpv4-"
 163      43393920 
 163      31332E32 
 163      2E312032 
 163      30323331 
 164 0140 73702D64 		.ascii	"sp-d16 -mfloat-abi=hard -mfloat-abi=hard -mfpu=fpv4"
 164      3136202D 
 164      6D666C6F 
 164      61742D61 
 164      62693D68 
 165 0173 2D73702D 		.ascii	"-sp-d16 -mno-thumb-interwork -mthumb -march=armv7e-"
 165      64313620 
 165      2D6D6E6F 
 165      2D746875 
 165      6D622D69 
 166 01a6 6D2B6670 		.ascii	"m+fp -ggdb -O2 -std=gnu99 -fomit-frame-pointer -fal"
 166      202D6767 
 166      6462202D 
 166      4F32202D 
 166      7374643D 
ARM GAS  /tmp/ccFULQJR.s 			page 5


 167 01d9 69676E2D 		.ascii	"ign-functions=16 -ffunction-sections -fdata-section"
 167      66756E63 
 167      74696F6E 
 167      733D3136 
 167      202D6666 
 168 020c 73202D66 		.ascii	"s -fno-common -fsingle-precision-constant\000"
 168      6E6F2D63 
 168      6F6D6D6F 
 168      6E202D66 
 168      73696E67 
 169              	.LASF10:
 170 0236 5F426F6F 		.ascii	"_Bool\000"
 170      6C00
 171              		.ident	"GCC: (Arm GNU Toolchain 13.2.rel1 (Build arm-13.7)) 13.2.1 20231009"
ARM GAS  /tmp/ccFULQJR.s 			page 6


DEFINED SYMBOLS
                            *ABS*:00000000 stm32_dma.c

NO UNDEFINED SYMBOLS
