ARM GAS  /tmp/ccg97mN0.s 			page 1


   1              		.cpu cortex-m4
   2              		.arch armv7e-m
   3              		.fpu fpv4-sp-d16
   4              		.eabi_attribute 27, 1
   5              		.eabi_attribute 28, 1
   6              		.eabi_attribute 20, 1
   7              		.eabi_attribute 21, 1
   8              		.eabi_attribute 23, 3
   9              		.eabi_attribute 24, 1
  10              		.eabi_attribute 25, 1
  11              		.eabi_attribute 26, 1
  12              		.eabi_attribute 30, 2
  13              		.eabi_attribute 34, 1
  14              		.eabi_attribute 18, 4
  15              		.file	"vectors.c"
  16              		.text
  17              	.Ltext0:
  18              		.cfi_sections	.debug_frame
  19              		.file 1 "../RC_Controller/ChibiOS_3.0.5/os/common/ports/ARMCMx/compilers/GCC/vectors.c"
  20              		.section	.text._unhandled_exception,"ax",%progbits
  21              		.align	1
  22              		.p2align 4,,15
  23              		.global	_unhandled_exception
  24              		.syntax unified
  25              		.thumb
  26              		.thumb_func
  27              		.type	_unhandled_exception, %function
  28              	_unhandled_exception:
  29              	.LFB112:
  30              		.loc 1 77 33 view -0
  31              		.cfi_startproc
  32              		@ Volatile: function does not return.
  33              		@ args = 0, pretend = 0, frame = 0
  34              		@ frame_needed = 0, uses_anonymous_args = 0
  35              		@ link register save eliminated.
  36              	.L2:
  37              		.loc 1 80 3 view .LVU1
  38              		.loc 1 81 3 view .LVU2
  39              		.loc 1 80 9 view .LVU3
  40 0000 FEE7     		b	.L2
  41              		.cfi_endproc
  42              	.LFE112:
  43              		.size	_unhandled_exception, .-_unhandled_exception
  44              		.weak	Vector1BC
  45              		.thumb_set Vector1BC,_unhandled_exception
  46              		.weak	Vector1B8
  47              		.thumb_set Vector1B8,_unhandled_exception
  48              		.weak	Vector1B4
  49              		.thumb_set Vector1B4,_unhandled_exception
  50              		.weak	Vector1B0
  51              		.thumb_set Vector1B0,_unhandled_exception
  52              		.weak	Vector1AC
  53              		.thumb_set Vector1AC,_unhandled_exception
  54              		.weak	Vector1A8
  55              		.thumb_set Vector1A8,_unhandled_exception
  56              		.weak	Vector1A4
  57              		.thumb_set Vector1A4,_unhandled_exception
ARM GAS  /tmp/ccg97mN0.s 			page 2


  58              		.weak	Vector1A0
  59              		.thumb_set Vector1A0,_unhandled_exception
  60              		.weak	Vector19C
  61              		.thumb_set Vector19C,_unhandled_exception
  62              		.weak	Vector198
  63              		.thumb_set Vector198,_unhandled_exception
  64              		.weak	Vector194
  65              		.thumb_set Vector194,_unhandled_exception
  66              		.weak	Vector190
  67              		.thumb_set Vector190,_unhandled_exception
  68              		.weak	Vector18C
  69              		.thumb_set Vector18C,_unhandled_exception
  70              		.weak	Vector188
  71              		.thumb_set Vector188,_unhandled_exception
  72              		.weak	Vector184
  73              		.thumb_set Vector184,_unhandled_exception
  74              		.weak	Vector180
  75              		.thumb_set Vector180,_unhandled_exception
  76              		.weak	Vector17C
  77              		.thumb_set Vector17C,_unhandled_exception
  78              		.weak	Vector178
  79              		.thumb_set Vector178,_unhandled_exception
  80              		.weak	Vector174
  81              		.thumb_set Vector174,_unhandled_exception
  82              		.weak	Vector170
  83              		.thumb_set Vector170,_unhandled_exception
  84              		.weak	Vector16C
  85              		.thumb_set Vector16C,_unhandled_exception
  86              		.weak	Vector168
  87              		.thumb_set Vector168,_unhandled_exception
  88              		.weak	Vector164
  89              		.thumb_set Vector164,_unhandled_exception
  90              		.weak	Vector160
  91              		.thumb_set Vector160,_unhandled_exception
  92              		.weak	Vector15C
  93              		.thumb_set Vector15C,_unhandled_exception
  94              		.weak	Vector158
  95              		.thumb_set Vector158,_unhandled_exception
  96              		.weak	Vector154
  97              		.thumb_set Vector154,_unhandled_exception
  98              		.weak	Vector150
  99              		.thumb_set Vector150,_unhandled_exception
 100              		.weak	Vector14C
 101              		.thumb_set Vector14C,_unhandled_exception
 102              		.weak	Vector148
 103              		.thumb_set Vector148,_unhandled_exception
 104              		.weak	Vector144
 105              		.thumb_set Vector144,_unhandled_exception
 106              		.weak	Vector140
 107              		.thumb_set Vector140,_unhandled_exception
 108              		.weak	Vector13C
 109              		.thumb_set Vector13C,_unhandled_exception
 110              		.weak	Vector138
 111              		.thumb_set Vector138,_unhandled_exception
 112              		.weak	Vector134
 113              		.thumb_set Vector134,_unhandled_exception
 114              		.weak	Vector130
ARM GAS  /tmp/ccg97mN0.s 			page 3


 115              		.thumb_set Vector130,_unhandled_exception
 116              		.weak	Vector12C
 117              		.thumb_set Vector12C,_unhandled_exception
 118              		.weak	Vector128
 119              		.thumb_set Vector128,_unhandled_exception
 120              		.weak	Vector124
 121              		.thumb_set Vector124,_unhandled_exception
 122              		.weak	Vector120
 123              		.thumb_set Vector120,_unhandled_exception
 124              		.weak	Vector11C
 125              		.thumb_set Vector11C,_unhandled_exception
 126              		.weak	Vector118
 127              		.thumb_set Vector118,_unhandled_exception
 128              		.weak	Vector114
 129              		.thumb_set Vector114,_unhandled_exception
 130              		.weak	Vector110
 131              		.thumb_set Vector110,_unhandled_exception
 132              		.weak	Vector10C
 133              		.thumb_set Vector10C,_unhandled_exception
 134              		.weak	Vector108
 135              		.thumb_set Vector108,_unhandled_exception
 136              		.weak	Vector104
 137              		.thumb_set Vector104,_unhandled_exception
 138              		.weak	Vector100
 139              		.thumb_set Vector100,_unhandled_exception
 140              		.weak	VectorFC
 141              		.thumb_set VectorFC,_unhandled_exception
 142              		.weak	VectorF8
 143              		.thumb_set VectorF8,_unhandled_exception
 144              		.weak	VectorF4
 145              		.thumb_set VectorF4,_unhandled_exception
 146              		.weak	VectorF0
 147              		.thumb_set VectorF0,_unhandled_exception
 148              		.weak	VectorEC
 149              		.thumb_set VectorEC,_unhandled_exception
 150              		.weak	VectorE8
 151              		.thumb_set VectorE8,_unhandled_exception
 152              		.weak	VectorE4
 153              		.thumb_set VectorE4,_unhandled_exception
 154              		.weak	VectorE0
 155              		.thumb_set VectorE0,_unhandled_exception
 156              		.weak	VectorDC
 157              		.thumb_set VectorDC,_unhandled_exception
 158              		.weak	VectorD8
 159              		.thumb_set VectorD8,_unhandled_exception
 160              		.weak	VectorD4
 161              		.thumb_set VectorD4,_unhandled_exception
 162              		.weak	VectorD0
 163              		.thumb_set VectorD0,_unhandled_exception
 164              		.weak	VectorCC
 165              		.thumb_set VectorCC,_unhandled_exception
 166              		.weak	VectorC8
 167              		.thumb_set VectorC8,_unhandled_exception
 168              		.weak	VectorC4
 169              		.thumb_set VectorC4,_unhandled_exception
 170              		.weak	VectorC0
 171              		.thumb_set VectorC0,_unhandled_exception
ARM GAS  /tmp/ccg97mN0.s 			page 4


 172              		.weak	VectorBC
 173              		.thumb_set VectorBC,_unhandled_exception
 174              		.weak	VectorB8
 175              		.thumb_set VectorB8,_unhandled_exception
 176              		.weak	VectorB4
 177              		.thumb_set VectorB4,_unhandled_exception
 178              		.weak	VectorB0
 179              		.thumb_set VectorB0,_unhandled_exception
 180              		.weak	VectorAC
 181              		.thumb_set VectorAC,_unhandled_exception
 182              		.weak	VectorA8
 183              		.thumb_set VectorA8,_unhandled_exception
 184              		.weak	VectorA4
 185              		.thumb_set VectorA4,_unhandled_exception
 186              		.weak	VectorA0
 187              		.thumb_set VectorA0,_unhandled_exception
 188              		.weak	Vector9C
 189              		.thumb_set Vector9C,_unhandled_exception
 190              		.weak	Vector98
 191              		.thumb_set Vector98,_unhandled_exception
 192              		.weak	Vector94
 193              		.thumb_set Vector94,_unhandled_exception
 194              		.weak	Vector90
 195              		.thumb_set Vector90,_unhandled_exception
 196              		.weak	Vector8C
 197              		.thumb_set Vector8C,_unhandled_exception
 198              		.weak	Vector88
 199              		.thumb_set Vector88,_unhandled_exception
 200              		.weak	Vector84
 201              		.thumb_set Vector84,_unhandled_exception
 202              		.weak	Vector80
 203              		.thumb_set Vector80,_unhandled_exception
 204              		.weak	Vector7C
 205              		.thumb_set Vector7C,_unhandled_exception
 206              		.weak	Vector78
 207              		.thumb_set Vector78,_unhandled_exception
 208              		.weak	Vector74
 209              		.thumb_set Vector74,_unhandled_exception
 210              		.weak	Vector70
 211              		.thumb_set Vector70,_unhandled_exception
 212              		.weak	Vector6C
 213              		.thumb_set Vector6C,_unhandled_exception
 214              		.weak	Vector68
 215              		.thumb_set Vector68,_unhandled_exception
 216              		.weak	Vector64
 217              		.thumb_set Vector64,_unhandled_exception
 218              		.weak	Vector60
 219              		.thumb_set Vector60,_unhandled_exception
 220              		.weak	Vector5C
 221              		.thumb_set Vector5C,_unhandled_exception
 222              		.weak	Vector58
 223              		.thumb_set Vector58,_unhandled_exception
 224              		.weak	Vector54
 225              		.thumb_set Vector54,_unhandled_exception
 226              		.weak	Vector50
 227              		.thumb_set Vector50,_unhandled_exception
 228              		.weak	Vector4C
ARM GAS  /tmp/ccg97mN0.s 			page 5


 229              		.thumb_set Vector4C,_unhandled_exception
 230              		.weak	Vector48
 231              		.thumb_set Vector48,_unhandled_exception
 232              		.weak	Vector44
 233              		.thumb_set Vector44,_unhandled_exception
 234              		.weak	Vector40
 235              		.thumb_set Vector40,_unhandled_exception
 236              		.weak	SysTick_Handler
 237              		.thumb_set SysTick_Handler,_unhandled_exception
 238              		.weak	PendSV_Handler
 239              		.thumb_set PendSV_Handler,_unhandled_exception
 240              		.weak	Vector34
 241              		.thumb_set Vector34,_unhandled_exception
 242              		.weak	DebugMon_Handler
 243              		.thumb_set DebugMon_Handler,_unhandled_exception
 244              		.weak	SVC_Handler
 245              		.thumb_set SVC_Handler,_unhandled_exception
 246              		.weak	Vector28
 247              		.thumb_set Vector28,_unhandled_exception
 248              		.weak	Vector24
 249              		.thumb_set Vector24,_unhandled_exception
 250              		.weak	Vector20
 251              		.thumb_set Vector20,_unhandled_exception
 252              		.weak	Vector1C
 253              		.thumb_set Vector1C,_unhandled_exception
 254              		.weak	UsageFault_Handler
 255              		.thumb_set UsageFault_Handler,_unhandled_exception
 256              		.weak	BusFault_Handler
 257              		.thumb_set BusFault_Handler,_unhandled_exception
 258              		.weak	MemManage_Handler
 259              		.thumb_set MemManage_Handler,_unhandled_exception
 260              		.weak	HardFault_Handler
 261              		.thumb_set HardFault_Handler,_unhandled_exception
 262              		.weak	NMI_Handler
 263              		.thumb_set NMI_Handler,_unhandled_exception
 264              		.weak	Reset_Handler
 265              		.thumb_set Reset_Handler,_unhandled_exception
 266              		.global	_vectors
 267 0002 00BF     		.section	.vectors,"aw"
 268              		.align	2
 269              		.type	_vectors, %object
 270              		.size	_vectors, 448
 271              	_vectors:
 272 0000 00000000 		.word	__main_stack_end__
 273 0004 00000000 		.word	Reset_Handler
 274 0008 00000000 		.word	NMI_Handler
 275 000c 00000000 		.word	HardFault_Handler
 276 0010 00000000 		.word	MemManage_Handler
 277 0014 00000000 		.word	BusFault_Handler
 278 0018 00000000 		.word	UsageFault_Handler
 279 001c 00000000 		.word	Vector1C
 280 0020 00000000 		.word	Vector20
 281 0024 00000000 		.word	Vector24
 282 0028 00000000 		.word	Vector28
 283 002c 00000000 		.word	SVC_Handler
 284 0030 00000000 		.word	DebugMon_Handler
 285 0034 00000000 		.word	Vector34
ARM GAS  /tmp/ccg97mN0.s 			page 6


 286 0038 00000000 		.word	PendSV_Handler
 287 003c 00000000 		.word	SysTick_Handler
 288 0040 00000000 		.word	Vector40
 289 0044 00000000 		.word	Vector44
 290 0048 00000000 		.word	Vector48
 291 004c 00000000 		.word	Vector4C
 292 0050 00000000 		.word	Vector50
 293 0054 00000000 		.word	Vector54
 294 0058 00000000 		.word	Vector58
 295 005c 00000000 		.word	Vector5C
 296 0060 00000000 		.word	Vector60
 297 0064 00000000 		.word	Vector64
 298 0068 00000000 		.word	Vector68
 299 006c 00000000 		.word	Vector6C
 300 0070 00000000 		.word	Vector70
 301 0074 00000000 		.word	Vector74
 302 0078 00000000 		.word	Vector78
 303 007c 00000000 		.word	Vector7C
 304 0080 00000000 		.word	Vector80
 305 0084 00000000 		.word	Vector84
 306 0088 00000000 		.word	Vector88
 307 008c 00000000 		.word	Vector8C
 308 0090 00000000 		.word	Vector90
 309 0094 00000000 		.word	Vector94
 310 0098 00000000 		.word	Vector98
 311 009c 00000000 		.word	Vector9C
 312 00a0 00000000 		.word	VectorA0
 313 00a4 00000000 		.word	VectorA4
 314 00a8 00000000 		.word	VectorA8
 315 00ac 00000000 		.word	VectorAC
 316 00b0 00000000 		.word	VectorB0
 317 00b4 00000000 		.word	VectorB4
 318 00b8 00000000 		.word	VectorB8
 319 00bc 00000000 		.word	VectorBC
 320 00c0 00000000 		.word	VectorC0
 321 00c4 00000000 		.word	VectorC4
 322 00c8 00000000 		.word	VectorC8
 323 00cc 00000000 		.word	VectorCC
 324 00d0 00000000 		.word	VectorD0
 325 00d4 00000000 		.word	VectorD4
 326 00d8 00000000 		.word	VectorD8
 327 00dc 00000000 		.word	VectorDC
 328 00e0 00000000 		.word	VectorE0
 329 00e4 00000000 		.word	VectorE4
 330 00e8 00000000 		.word	VectorE8
 331 00ec 00000000 		.word	VectorEC
 332 00f0 00000000 		.word	VectorF0
 333 00f4 00000000 		.word	VectorF4
 334 00f8 00000000 		.word	VectorF8
 335 00fc 00000000 		.word	VectorFC
 336 0100 00000000 		.word	Vector100
 337 0104 00000000 		.word	Vector104
 338 0108 00000000 		.word	Vector108
 339 010c 00000000 		.word	Vector10C
 340 0110 00000000 		.word	Vector110
 341 0114 00000000 		.word	Vector114
 342 0118 00000000 		.word	Vector118
ARM GAS  /tmp/ccg97mN0.s 			page 7


 343 011c 00000000 		.word	Vector11C
 344 0120 00000000 		.word	Vector120
 345 0124 00000000 		.word	Vector124
 346 0128 00000000 		.word	Vector128
 347 012c 00000000 		.word	Vector12C
 348 0130 00000000 		.word	Vector130
 349 0134 00000000 		.word	Vector134
 350 0138 00000000 		.word	Vector138
 351 013c 00000000 		.word	Vector13C
 352 0140 00000000 		.word	Vector140
 353 0144 00000000 		.word	Vector144
 354 0148 00000000 		.word	Vector148
 355 014c 00000000 		.word	Vector14C
 356 0150 00000000 		.word	Vector150
 357 0154 00000000 		.word	Vector154
 358 0158 00000000 		.word	Vector158
 359 015c 00000000 		.word	Vector15C
 360 0160 00000000 		.word	Vector160
 361 0164 00000000 		.word	Vector164
 362 0168 00000000 		.word	Vector168
 363 016c 00000000 		.word	Vector16C
 364 0170 00000000 		.word	Vector170
 365 0174 00000000 		.word	Vector174
 366 0178 00000000 		.word	Vector178
 367 017c 00000000 		.word	Vector17C
 368 0180 00000000 		.word	Vector180
 369 0184 00000000 		.word	Vector184
 370 0188 00000000 		.word	Vector188
 371 018c 00000000 		.word	Vector18C
 372 0190 00000000 		.word	Vector190
 373 0194 00000000 		.word	Vector194
 374 0198 00000000 		.word	Vector198
 375 019c 00000000 		.word	Vector19C
 376 01a0 00000000 		.word	Vector1A0
 377 01a4 00000000 		.word	Vector1A4
 378 01a8 00000000 		.word	Vector1A8
 379 01ac 00000000 		.word	Vector1AC
 380 01b0 00000000 		.word	Vector1B0
 381 01b4 00000000 		.word	Vector1B4
 382 01b8 00000000 		.word	Vector1B8
 383 01bc 00000000 		.word	Vector1BC
 384              		.text
 385              	.Letext0:
 386              		.file 2 "/opt/arm-gnu-toolchain-13.2.Rel1-x86_64-arm-none-eabi/arm-none-eabi/include/machine/_defa
 387              		.file 3 "/opt/arm-gnu-toolchain-13.2.Rel1-x86_64-arm-none-eabi/arm-none-eabi/include/sys/_stdint.h
 388              		.section	.debug_info,"",%progbits
 389              	.Ldebug_info0:
 390 0000 BC010000 		.4byte	0x1bc
 391 0004 0500     		.2byte	0x5
 392 0006 01       		.byte	0x1
 393 0007 04       		.byte	0x4
 394 0008 00000000 		.4byte	.Ldebug_abbrev0
 395 000c 05       		.uleb128 0x5
 396 000d FF010000 		.4byte	.LASF32
 397 0011 0C       		.byte	0xc
 398 0012 BB000000 		.4byte	.LASF33
 399 0016 71000000 		.4byte	.LASF34
ARM GAS  /tmp/ccg97mN0.s 			page 8


 400 001a 0C000000 		.4byte	.LLRL0
 401 001e 00000000 		.4byte	0
 402 0022 00000000 		.4byte	.Ldebug_line0
 403 0026 02       		.uleb128 0x2
 404 0027 01       		.byte	0x1
 405 0028 06       		.byte	0x6
 406 0029 4C030000 		.4byte	.LASF0
 407 002d 02       		.uleb128 0x2
 408 002e 01       		.byte	0x1
 409 002f 08       		.byte	0x8
 410 0030 AD000000 		.4byte	.LASF1
 411 0034 02       		.uleb128 0x2
 412 0035 02       		.byte	0x2
 413 0036 05       		.byte	0x5
 414 0037 F5010000 		.4byte	.LASF2
 415 003b 02       		.uleb128 0x2
 416 003c 02       		.byte	0x2
 417 003d 07       		.byte	0x7
 418 003e 35000000 		.4byte	.LASF3
 419 0042 02       		.uleb128 0x2
 420 0043 04       		.byte	0x4
 421 0044 05       		.byte	0x5
 422 0045 31030000 		.4byte	.LASF4
 423 0049 03       		.uleb128 0x3
 424 004a 42010000 		.4byte	.LASF9
 425 004e 02       		.byte	0x2
 426 004f 4F       		.byte	0x4f
 427 0050 19       		.byte	0x19
 428 0051 55000000 		.4byte	0x55
 429 0055 02       		.uleb128 0x2
 430 0056 04       		.byte	0x4
 431 0057 07       		.byte	0x7
 432 0058 09010000 		.4byte	.LASF5
 433 005c 02       		.uleb128 0x2
 434 005d 08       		.byte	0x8
 435 005e 05       		.byte	0x5
 436 005f B9010000 		.4byte	.LASF6
 437 0063 02       		.uleb128 0x2
 438 0064 08       		.byte	0x8
 439 0065 07       		.byte	0x7
 440 0066 6F010000 		.4byte	.LASF7
 441 006a 06       		.uleb128 0x6
 442 006b 04       		.byte	0x4
 443 006c 05       		.byte	0x5
 444 006d 696E7400 		.ascii	"int\000"
 445 0071 02       		.uleb128 0x2
 446 0072 04       		.byte	0x4
 447 0073 07       		.byte	0x7
 448 0074 59010000 		.4byte	.LASF8
 449 0078 03       		.uleb128 0x3
 450 0079 28030000 		.4byte	.LASF10
 451 007d 03       		.byte	0x3
 452 007e 30       		.byte	0x30
 453 007f 14       		.byte	0x14
 454 0080 49000000 		.4byte	0x49
 455 0084 03       		.uleb128 0x3
 456 0085 00000000 		.4byte	.LASF11
ARM GAS  /tmp/ccg97mN0.s 			page 9


 457 0089 01       		.byte	0x1
 458 008a 2C       		.byte	0x2c
 459 008b 11       		.byte	0x11
 460 008c 90000000 		.4byte	0x90
 461 0090 04       		.uleb128 0x4
 462 0091 95000000 		.4byte	0x95
 463 0095 07       		.uleb128 0x7
 464 0096 08       		.uleb128 0x8
 465 0097 C001     		.2byte	0x1c0
 466 0099 01       		.byte	0x1
 467 009a 31       		.byte	0x31
 468 009b 09       		.byte	0x9
 469 009c 6D010000 		.4byte	0x16d
 470 00a0 01       		.uleb128 0x1
 471 00a1 51000000 		.4byte	.LASF12
 472 00a5 32       		.byte	0x32
 473 00a6 12       		.byte	0x12
 474 00a7 6D010000 		.4byte	0x16d
 475 00ab 00       		.byte	0
 476 00ac 01       		.uleb128 0x1
 477 00ad 98010000 		.4byte	.LASF13
 478 00b1 33       		.byte	0x33
 479 00b2 11       		.byte	0x11
 480 00b3 84000000 		.4byte	0x84
 481 00b7 04       		.byte	0x4
 482 00b8 01       		.uleb128 0x1
 483 00b9 4D010000 		.4byte	.LASF14
 484 00bd 34       		.byte	0x34
 485 00be 11       		.byte	0x11
 486 00bf 84000000 		.4byte	0x84
 487 00c3 08       		.byte	0x8
 488 00c4 01       		.uleb128 0x1
 489 00c5 30010000 		.4byte	.LASF15
 490 00c9 35       		.byte	0x35
 491 00ca 11       		.byte	0x11
 492 00cb 84000000 		.4byte	0x84
 493 00cf 0C       		.byte	0xc
 494 00d0 01       		.uleb128 0x1
 495 00d1 3A030000 		.4byte	.LASF16
 496 00d5 36       		.byte	0x36
 497 00d6 11       		.byte	0x11
 498 00d7 84000000 		.4byte	0x84
 499 00db 10       		.byte	0x10
 500 00dc 01       		.uleb128 0x1
 501 00dd C7010000 		.4byte	.LASF17
 502 00e1 37       		.byte	0x37
 503 00e2 11       		.byte	0x11
 504 00e3 84000000 		.4byte	0x84
 505 00e7 14       		.byte	0x14
 506 00e8 01       		.uleb128 0x1
 507 00e9 A6010000 		.4byte	.LASF18
 508 00ed 38       		.byte	0x38
 509 00ee 11       		.byte	0x11
 510 00ef 84000000 		.4byte	0x84
 511 00f3 18       		.byte	0x18
 512 00f4 01       		.uleb128 0x1
 513 00f5 27010000 		.4byte	.LASF19
ARM GAS  /tmp/ccg97mN0.s 			page 10


 514 00f9 39       		.byte	0x39
 515 00fa 11       		.byte	0x11
 516 00fb 84000000 		.4byte	0x84
 517 00ff 1C       		.byte	0x1c
 518 0100 01       		.uleb128 0x1
 519 0101 66010000 		.4byte	.LASF20
 520 0105 3A       		.byte	0x3a
 521 0106 11       		.byte	0x11
 522 0107 84000000 		.4byte	0x84
 523 010b 20       		.byte	0x20
 524 010c 01       		.uleb128 0x1
 525 010d 86010000 		.4byte	.LASF21
 526 0111 3B       		.byte	0x3b
 527 0112 11       		.byte	0x11
 528 0113 84000000 		.4byte	0x84
 529 0117 24       		.byte	0x24
 530 0118 01       		.uleb128 0x1
 531 0119 8F010000 		.4byte	.LASF22
 532 011d 3C       		.byte	0x3c
 533 011e 11       		.byte	0x11
 534 011f 84000000 		.4byte	0x84
 535 0123 28       		.byte	0x28
 536 0124 01       		.uleb128 0x1
 537 0125 1B010000 		.4byte	.LASF23
 538 0129 3D       		.byte	0x3d
 539 012a 11       		.byte	0x11
 540 012b 84000000 		.4byte	0x84
 541 012f 2C       		.byte	0x2c
 542 0130 01       		.uleb128 0x1
 543 0131 5C000000 		.4byte	.LASF24
 544 0135 3E       		.byte	0x3e
 545 0136 11       		.byte	0x11
 546 0137 84000000 		.4byte	0x84
 547 013b 30       		.byte	0x30
 548 013c 01       		.uleb128 0x1
 549 013d 0D000000 		.4byte	.LASF25
 550 0141 3F       		.byte	0x3f
 551 0142 11       		.byte	0x11
 552 0143 84000000 		.4byte	0x84
 553 0147 34       		.byte	0x34
 554 0148 01       		.uleb128 0x1
 555 0149 16000000 		.4byte	.LASF26
 556 014d 40       		.byte	0x40
 557 014e 11       		.byte	0x11
 558 014f 84000000 		.4byte	0x84
 559 0153 38       		.byte	0x38
 560 0154 01       		.uleb128 0x1
 561 0155 25000000 		.4byte	.LASF27
 562 0159 41       		.byte	0x41
 563 015a 11       		.byte	0x11
 564 015b 84000000 		.4byte	0x84
 565 015f 3C       		.byte	0x3c
 566 0160 01       		.uleb128 0x1
 567 0161 ED010000 		.4byte	.LASF28
 568 0165 42       		.byte	0x42
 569 0166 11       		.byte	0x11
 570 0167 72010000 		.4byte	0x172
ARM GAS  /tmp/ccg97mN0.s 			page 11


 571 016b 40       		.byte	0x40
 572 016c 00       		.byte	0
 573 016d 04       		.uleb128 0x4
 574 016e 78000000 		.4byte	0x78
 575 0172 09       		.uleb128 0x9
 576 0173 84000000 		.4byte	0x84
 577 0177 82010000 		.4byte	0x182
 578 017b 0A       		.uleb128 0xa
 579 017c 71000000 		.4byte	0x71
 580 0180 5F       		.byte	0x5f
 581 0181 00       		.byte	0
 582 0182 03       		.uleb128 0x3
 583 0183 58030000 		.4byte	.LASF29
 584 0187 01       		.byte	0x1
 585 0188 43       		.byte	0x43
 586 0189 03       		.byte	0x3
 587 018a 96000000 		.4byte	0x96
 588 018e 0B       		.uleb128 0xb
 589 018f 62030000 		.4byte	.LASF30
 590 0193 01       		.byte	0x1
 591 0194 55       		.byte	0x55
 592 0195 11       		.byte	0x11
 593 0196 78000000 		.4byte	0x78
 594 019a 0C       		.uleb128 0xc
 595 019b 48000000 		.4byte	.LASF31
 596 019f 01       		.byte	0x1
 597 01a0 D401     		.2byte	0x1d4
 598 01a2 0B       		.byte	0xb
 599 01a3 82010000 		.4byte	0x182
 600 01a7 05       		.uleb128 0x5
 601 01a8 03       		.byte	0x3
 602 01a9 00000000 		.4byte	_vectors
 603 01ad 0D       		.uleb128 0xd
 604 01ae D8010000 		.4byte	.LASF35
 605 01b2 01       		.byte	0x1
 606 01b3 4D       		.byte	0x4d
 607 01b4 06       		.byte	0x6
 608 01b5 00000000 		.4byte	.LFB112
 609 01b9 02000000 		.4byte	.LFE112-.LFB112
 610 01bd 01       		.uleb128 0x1
 611 01be 9C       		.byte	0x9c
 612 01bf 00       		.byte	0
 613              		.section	.debug_abbrev,"",%progbits
 614              	.Ldebug_abbrev0:
 615 0000 01       		.uleb128 0x1
 616 0001 0D       		.uleb128 0xd
 617 0002 00       		.byte	0
 618 0003 03       		.uleb128 0x3
 619 0004 0E       		.uleb128 0xe
 620 0005 3A       		.uleb128 0x3a
 621 0006 21       		.uleb128 0x21
 622 0007 01       		.sleb128 1
 623 0008 3B       		.uleb128 0x3b
 624 0009 0B       		.uleb128 0xb
 625 000a 39       		.uleb128 0x39
 626 000b 0B       		.uleb128 0xb
 627 000c 49       		.uleb128 0x49
ARM GAS  /tmp/ccg97mN0.s 			page 12


 628 000d 13       		.uleb128 0x13
 629 000e 38       		.uleb128 0x38
 630 000f 0B       		.uleb128 0xb
 631 0010 00       		.byte	0
 632 0011 00       		.byte	0
 633 0012 02       		.uleb128 0x2
 634 0013 24       		.uleb128 0x24
 635 0014 00       		.byte	0
 636 0015 0B       		.uleb128 0xb
 637 0016 0B       		.uleb128 0xb
 638 0017 3E       		.uleb128 0x3e
 639 0018 0B       		.uleb128 0xb
 640 0019 03       		.uleb128 0x3
 641 001a 0E       		.uleb128 0xe
 642 001b 00       		.byte	0
 643 001c 00       		.byte	0
 644 001d 03       		.uleb128 0x3
 645 001e 16       		.uleb128 0x16
 646 001f 00       		.byte	0
 647 0020 03       		.uleb128 0x3
 648 0021 0E       		.uleb128 0xe
 649 0022 3A       		.uleb128 0x3a
 650 0023 0B       		.uleb128 0xb
 651 0024 3B       		.uleb128 0x3b
 652 0025 0B       		.uleb128 0xb
 653 0026 39       		.uleb128 0x39
 654 0027 0B       		.uleb128 0xb
 655 0028 49       		.uleb128 0x49
 656 0029 13       		.uleb128 0x13
 657 002a 00       		.byte	0
 658 002b 00       		.byte	0
 659 002c 04       		.uleb128 0x4
 660 002d 0F       		.uleb128 0xf
 661 002e 00       		.byte	0
 662 002f 0B       		.uleb128 0xb
 663 0030 21       		.uleb128 0x21
 664 0031 04       		.sleb128 4
 665 0032 49       		.uleb128 0x49
 666 0033 13       		.uleb128 0x13
 667 0034 00       		.byte	0
 668 0035 00       		.byte	0
 669 0036 05       		.uleb128 0x5
 670 0037 11       		.uleb128 0x11
 671 0038 01       		.byte	0x1
 672 0039 25       		.uleb128 0x25
 673 003a 0E       		.uleb128 0xe
 674 003b 13       		.uleb128 0x13
 675 003c 0B       		.uleb128 0xb
 676 003d 03       		.uleb128 0x3
 677 003e 0E       		.uleb128 0xe
 678 003f 1B       		.uleb128 0x1b
 679 0040 0E       		.uleb128 0xe
 680 0041 55       		.uleb128 0x55
 681 0042 17       		.uleb128 0x17
 682 0043 11       		.uleb128 0x11
 683 0044 01       		.uleb128 0x1
 684 0045 10       		.uleb128 0x10
ARM GAS  /tmp/ccg97mN0.s 			page 13


 685 0046 17       		.uleb128 0x17
 686 0047 00       		.byte	0
 687 0048 00       		.byte	0
 688 0049 06       		.uleb128 0x6
 689 004a 24       		.uleb128 0x24
 690 004b 00       		.byte	0
 691 004c 0B       		.uleb128 0xb
 692 004d 0B       		.uleb128 0xb
 693 004e 3E       		.uleb128 0x3e
 694 004f 0B       		.uleb128 0xb
 695 0050 03       		.uleb128 0x3
 696 0051 08       		.uleb128 0x8
 697 0052 00       		.byte	0
 698 0053 00       		.byte	0
 699 0054 07       		.uleb128 0x7
 700 0055 15       		.uleb128 0x15
 701 0056 00       		.byte	0
 702 0057 27       		.uleb128 0x27
 703 0058 19       		.uleb128 0x19
 704 0059 00       		.byte	0
 705 005a 00       		.byte	0
 706 005b 08       		.uleb128 0x8
 707 005c 13       		.uleb128 0x13
 708 005d 01       		.byte	0x1
 709 005e 0B       		.uleb128 0xb
 710 005f 05       		.uleb128 0x5
 711 0060 3A       		.uleb128 0x3a
 712 0061 0B       		.uleb128 0xb
 713 0062 3B       		.uleb128 0x3b
 714 0063 0B       		.uleb128 0xb
 715 0064 39       		.uleb128 0x39
 716 0065 0B       		.uleb128 0xb
 717 0066 01       		.uleb128 0x1
 718 0067 13       		.uleb128 0x13
 719 0068 00       		.byte	0
 720 0069 00       		.byte	0
 721 006a 09       		.uleb128 0x9
 722 006b 01       		.uleb128 0x1
 723 006c 01       		.byte	0x1
 724 006d 49       		.uleb128 0x49
 725 006e 13       		.uleb128 0x13
 726 006f 01       		.uleb128 0x1
 727 0070 13       		.uleb128 0x13
 728 0071 00       		.byte	0
 729 0072 00       		.byte	0
 730 0073 0A       		.uleb128 0xa
 731 0074 21       		.uleb128 0x21
 732 0075 00       		.byte	0
 733 0076 49       		.uleb128 0x49
 734 0077 13       		.uleb128 0x13
 735 0078 2F       		.uleb128 0x2f
 736 0079 0B       		.uleb128 0xb
 737 007a 00       		.byte	0
 738 007b 00       		.byte	0
 739 007c 0B       		.uleb128 0xb
 740 007d 34       		.uleb128 0x34
 741 007e 00       		.byte	0
ARM GAS  /tmp/ccg97mN0.s 			page 14


 742 007f 03       		.uleb128 0x3
 743 0080 0E       		.uleb128 0xe
 744 0081 3A       		.uleb128 0x3a
 745 0082 0B       		.uleb128 0xb
 746 0083 3B       		.uleb128 0x3b
 747 0084 0B       		.uleb128 0xb
 748 0085 39       		.uleb128 0x39
 749 0086 0B       		.uleb128 0xb
 750 0087 49       		.uleb128 0x49
 751 0088 13       		.uleb128 0x13
 752 0089 3F       		.uleb128 0x3f
 753 008a 19       		.uleb128 0x19
 754 008b 3C       		.uleb128 0x3c
 755 008c 19       		.uleb128 0x19
 756 008d 00       		.byte	0
 757 008e 00       		.byte	0
 758 008f 0C       		.uleb128 0xc
 759 0090 34       		.uleb128 0x34
 760 0091 00       		.byte	0
 761 0092 03       		.uleb128 0x3
 762 0093 0E       		.uleb128 0xe
 763 0094 3A       		.uleb128 0x3a
 764 0095 0B       		.uleb128 0xb
 765 0096 3B       		.uleb128 0x3b
 766 0097 05       		.uleb128 0x5
 767 0098 39       		.uleb128 0x39
 768 0099 0B       		.uleb128 0xb
 769 009a 49       		.uleb128 0x49
 770 009b 13       		.uleb128 0x13
 771 009c 3F       		.uleb128 0x3f
 772 009d 19       		.uleb128 0x19
 773 009e 02       		.uleb128 0x2
 774 009f 18       		.uleb128 0x18
 775 00a0 00       		.byte	0
 776 00a1 00       		.byte	0
 777 00a2 0D       		.uleb128 0xd
 778 00a3 2E       		.uleb128 0x2e
 779 00a4 00       		.byte	0
 780 00a5 3F       		.uleb128 0x3f
 781 00a6 19       		.uleb128 0x19
 782 00a7 03       		.uleb128 0x3
 783 00a8 0E       		.uleb128 0xe
 784 00a9 3A       		.uleb128 0x3a
 785 00aa 0B       		.uleb128 0xb
 786 00ab 3B       		.uleb128 0x3b
 787 00ac 0B       		.uleb128 0xb
 788 00ad 39       		.uleb128 0x39
 789 00ae 0B       		.uleb128 0xb
 790 00af 27       		.uleb128 0x27
 791 00b0 19       		.uleb128 0x19
 792 00b1 11       		.uleb128 0x11
 793 00b2 01       		.uleb128 0x1
 794 00b3 12       		.uleb128 0x12
 795 00b4 06       		.uleb128 0x6
 796 00b5 40       		.uleb128 0x40
 797 00b6 18       		.uleb128 0x18
 798 00b7 7A       		.uleb128 0x7a
ARM GAS  /tmp/ccg97mN0.s 			page 15


 799 00b8 19       		.uleb128 0x19
 800 00b9 00       		.byte	0
 801 00ba 00       		.byte	0
 802 00bb 00       		.byte	0
 803              		.section	.debug_aranges,"",%progbits
 804 0000 1C000000 		.4byte	0x1c
 805 0004 0200     		.2byte	0x2
 806 0006 00000000 		.4byte	.Ldebug_info0
 807 000a 04       		.byte	0x4
 808 000b 00       		.byte	0
 809 000c 0000     		.2byte	0
 810 000e 0000     		.2byte	0
 811 0010 00000000 		.4byte	.LFB112
 812 0014 02000000 		.4byte	.LFE112-.LFB112
 813 0018 00000000 		.4byte	0
 814 001c 00000000 		.4byte	0
 815              		.section	.debug_rnglists,"",%progbits
 816              	.Ldebug_ranges0:
 817 0000 0F000000 		.4byte	.Ldebug_ranges3-.Ldebug_ranges2
 818              	.Ldebug_ranges2:
 819 0004 0500     		.2byte	0x5
 820 0006 04       		.byte	0x4
 821 0007 00       		.byte	0
 822 0008 00000000 		.4byte	0
 823              	.LLRL0:
 824 000c 07       		.byte	0x7
 825 000d 00000000 		.4byte	.LFB112
 826 0011 02       		.uleb128 .LFE112-.LFB112
 827 0012 00       		.byte	0
 828              	.Ldebug_ranges3:
 829              		.section	.debug_line,"",%progbits
 830              	.Ldebug_line0:
 831 0000 48010000 		.section	.debug_str,"MS",%progbits,1
 831      03002901 
 831      00000201 
 831      FB0E0D00 
 831      01010101 
 832              	.LASF11:
 833 0000 6972715F 		.ascii	"irq_vector_t\000"
 833      76656374 
 833      6F725F74 
 833      00
 834              	.LASF25:
 835 000d 76656374 		.ascii	"vector34\000"
 835      6F723334 
 835      00
 836              	.LASF26:
 837 0016 70656E64 		.ascii	"pendsv_handler\000"
 837      73765F68 
 837      616E646C 
 837      657200
 838              	.LASF27:
 839 0025 73797374 		.ascii	"systick_handler\000"
 839      69636B5F 
 839      68616E64 
 839      6C657200 
 840              	.LASF3:
ARM GAS  /tmp/ccg97mN0.s 			page 16


 841 0035 73686F72 		.ascii	"short unsigned int\000"
 841      7420756E 
 841      7369676E 
 841      65642069 
 841      6E7400
 842              	.LASF31:
 843 0048 5F766563 		.ascii	"_vectors\000"
 843      746F7273 
 843      00
 844              	.LASF12:
 845 0051 696E6974 		.ascii	"init_stack\000"
 845      5F737461 
 845      636B00
 846              	.LASF24:
 847 005c 64656275 		.ascii	"debugmonitor_handler\000"
 847      676D6F6E 
 847      69746F72 
 847      5F68616E 
 847      646C6572 
 848              	.LASF34:
 849 0071 2F686F6D 		.ascii	"/home/gunnar/code/rise_sdvp/Embedded/RTCM_Forwarder"
 849      652F6775 
 849      6E6E6172 
 849      2F636F64 
 849      652F7269 
 850 00a4 5F50726F 		.ascii	"_Project\000"
 850      6A656374 
 850      00
 851              	.LASF1:
 852 00ad 756E7369 		.ascii	"unsigned char\000"
 852      676E6564 
 852      20636861 
 852      7200
 853              	.LASF33:
 854 00bb 2E2E2F52 		.ascii	"../RC_Controller/ChibiOS_3.0.5/os/common/ports/ARMC"
 854      435F436F 
 854      6E74726F 
 854      6C6C6572 
 854      2F436869 
 855 00ee 4D782F63 		.ascii	"Mx/compilers/GCC/vectors.c\000"
 855      6F6D7069 
 855      6C657273 
 855      2F474343 
 855      2F766563 
 856              	.LASF5:
 857 0109 6C6F6E67 		.ascii	"long unsigned int\000"
 857      20756E73 
 857      69676E65 
 857      6420696E 
 857      7400
 858              	.LASF23:
 859 011b 7376635F 		.ascii	"svc_handler\000"
 859      68616E64 
 859      6C657200 
 860              	.LASF19:
 861 0127 76656374 		.ascii	"vector1c\000"
 861      6F723163 
ARM GAS  /tmp/ccg97mN0.s 			page 17


 861      00
 862              	.LASF15:
 863 0130 68617264 		.ascii	"hardfault_handler\000"
 863      6661756C 
 863      745F6861 
 863      6E646C65 
 863      7200
 864              	.LASF9:
 865 0142 5F5F7569 		.ascii	"__uint32_t\000"
 865      6E743332 
 865      5F7400
 866              	.LASF14:
 867 014d 6E6D695F 		.ascii	"nmi_handler\000"
 867      68616E64 
 867      6C657200 
 868              	.LASF8:
 869 0159 756E7369 		.ascii	"unsigned int\000"
 869      676E6564 
 869      20696E74 
 869      00
 870              	.LASF20:
 871 0166 76656374 		.ascii	"vector20\000"
 871      6F723230 
 871      00
 872              	.LASF7:
 873 016f 6C6F6E67 		.ascii	"long long unsigned int\000"
 873      206C6F6E 
 873      6720756E 
 873      7369676E 
 873      65642069 
 874              	.LASF21:
 875 0186 76656374 		.ascii	"vector24\000"
 875      6F723234 
 875      00
 876              	.LASF22:
 877 018f 76656374 		.ascii	"vector28\000"
 877      6F723238 
 877      00
 878              	.LASF13:
 879 0198 72657365 		.ascii	"reset_handler\000"
 879      745F6861 
 879      6E646C65 
 879      7200
 880              	.LASF18:
 881 01a6 75736167 		.ascii	"usagefault_handler\000"
 881      65666175 
 881      6C745F68 
 881      616E646C 
 881      657200
 882              	.LASF6:
 883 01b9 6C6F6E67 		.ascii	"long long int\000"
 883      206C6F6E 
 883      6720696E 
 883      7400
 884              	.LASF17:
 885 01c7 62757366 		.ascii	"busfault_handler\000"
 885      61756C74 
ARM GAS  /tmp/ccg97mN0.s 			page 18


 885      5F68616E 
 885      646C6572 
 885      00
 886              	.LASF35:
 887 01d8 5F756E68 		.ascii	"_unhandled_exception\000"
 887      616E646C 
 887      65645F65 
 887      78636570 
 887      74696F6E 
 888              	.LASF28:
 889 01ed 76656374 		.ascii	"vectors\000"
 889      6F727300 
 890              	.LASF2:
 891 01f5 73686F72 		.ascii	"short int\000"
 891      7420696E 
 891      7400
 892              	.LASF32:
 893 01ff 474E5520 		.ascii	"GNU C99 13.2.1 20231009 -mcpu=cortex-m4 -mfpu=fpv4-"
 893      43393920 
 893      31332E32 
 893      2E312032 
 893      30323331 
 894 0232 73702D64 		.ascii	"sp-d16 -mfloat-abi=hard -mfloat-abi=hard -mfpu=fpv4"
 894      3136202D 
 894      6D666C6F 
 894      61742D61 
 894      62693D68 
 895 0265 2D73702D 		.ascii	"-sp-d16 -mno-thumb-interwork -mthumb -march=armv7e-"
 895      64313620 
 895      2D6D6E6F 
 895      2D746875 
 895      6D622D69 
 896 0298 6D2B6670 		.ascii	"m+fp -ggdb -O2 -std=gnu99 -fomit-frame-pointer -fal"
 896      202D6767 
 896      6462202D 
 896      4F32202D 
 896      7374643D 
 897 02cb 69676E2D 		.ascii	"ign-functions=16 -ffunction-sections -fdata-section"
 897      66756E63 
 897      74696F6E 
 897      733D3136 
 897      202D6666 
 898 02fe 73202D66 		.ascii	"s -fno-common -fsingle-precision-constant\000"
 898      6E6F2D63 
 898      6F6D6D6F 
 898      6E202D66 
 898      73696E67 
 899              	.LASF10:
 900 0328 75696E74 		.ascii	"uint32_t\000"
 900      33325F74 
 900      00
 901              	.LASF4:
 902 0331 6C6F6E67 		.ascii	"long int\000"
 902      20696E74 
 902      00
 903              	.LASF16:
 904 033a 6D656D6D 		.ascii	"memmanage_handler\000"
ARM GAS  /tmp/ccg97mN0.s 			page 19


 904      616E6167 
 904      655F6861 
 904      6E646C65 
 904      7200
 905              	.LASF0:
 906 034c 7369676E 		.ascii	"signed char\000"
 906      65642063 
 906      68617200 
 907              	.LASF29:
 908 0358 76656374 		.ascii	"vectors_t\000"
 908      6F72735F 
 908      7400
 909              	.LASF30:
 910 0362 5F5F6D61 		.ascii	"__main_stack_end__\000"
 910      696E5F73 
 910      7461636B 
 910      5F656E64 
 910      5F5F00
 911              		.ident	"GCC: (Arm GNU Toolchain 13.2.rel1 (Build arm-13.7)) 13.2.1 20231009"
ARM GAS  /tmp/ccg97mN0.s 			page 20


DEFINED SYMBOLS
                            *ABS*:00000000 vectors.c
     /tmp/ccg97mN0.s:21     .text._unhandled_exception:00000000 $t
     /tmp/ccg97mN0.s:28     .text._unhandled_exception:00000000 _unhandled_exception
     /tmp/ccg97mN0.s:28     .text._unhandled_exception:00000000 Vector1BC
     /tmp/ccg97mN0.s:28     .text._unhandled_exception:00000000 Vector1B8
     /tmp/ccg97mN0.s:28     .text._unhandled_exception:00000000 Vector1B4
     /tmp/ccg97mN0.s:28     .text._unhandled_exception:00000000 Vector1B0
     /tmp/ccg97mN0.s:28     .text._unhandled_exception:00000000 Vector1AC
     /tmp/ccg97mN0.s:28     .text._unhandled_exception:00000000 Vector1A8
     /tmp/ccg97mN0.s:28     .text._unhandled_exception:00000000 Vector1A4
     /tmp/ccg97mN0.s:28     .text._unhandled_exception:00000000 Vector1A0
     /tmp/ccg97mN0.s:28     .text._unhandled_exception:00000000 Vector19C
     /tmp/ccg97mN0.s:28     .text._unhandled_exception:00000000 Vector198
     /tmp/ccg97mN0.s:28     .text._unhandled_exception:00000000 Vector194
     /tmp/ccg97mN0.s:28     .text._unhandled_exception:00000000 Vector190
     /tmp/ccg97mN0.s:28     .text._unhandled_exception:00000000 Vector18C
     /tmp/ccg97mN0.s:28     .text._unhandled_exception:00000000 Vector188
     /tmp/ccg97mN0.s:28     .text._unhandled_exception:00000000 Vector184
     /tmp/ccg97mN0.s:28     .text._unhandled_exception:00000000 Vector180
     /tmp/ccg97mN0.s:28     .text._unhandled_exception:00000000 Vector17C
     /tmp/ccg97mN0.s:28     .text._unhandled_exception:00000000 Vector178
     /tmp/ccg97mN0.s:28     .text._unhandled_exception:00000000 Vector174
     /tmp/ccg97mN0.s:28     .text._unhandled_exception:00000000 Vector170
     /tmp/ccg97mN0.s:28     .text._unhandled_exception:00000000 Vector16C
     /tmp/ccg97mN0.s:28     .text._unhandled_exception:00000000 Vector168
     /tmp/ccg97mN0.s:28     .text._unhandled_exception:00000000 Vector164
     /tmp/ccg97mN0.s:28     .text._unhandled_exception:00000000 Vector160
     /tmp/ccg97mN0.s:28     .text._unhandled_exception:00000000 Vector15C
     /tmp/ccg97mN0.s:28     .text._unhandled_exception:00000000 Vector158
     /tmp/ccg97mN0.s:28     .text._unhandled_exception:00000000 Vector154
     /tmp/ccg97mN0.s:28     .text._unhandled_exception:00000000 Vector150
     /tmp/ccg97mN0.s:28     .text._unhandled_exception:00000000 Vector14C
     /tmp/ccg97mN0.s:28     .text._unhandled_exception:00000000 Vector148
     /tmp/ccg97mN0.s:28     .text._unhandled_exception:00000000 Vector144
     /tmp/ccg97mN0.s:28     .text._unhandled_exception:00000000 Vector140
     /tmp/ccg97mN0.s:28     .text._unhandled_exception:00000000 Vector13C
     /tmp/ccg97mN0.s:28     .text._unhandled_exception:00000000 Vector138
     /tmp/ccg97mN0.s:28     .text._unhandled_exception:00000000 Vector134
     /tmp/ccg97mN0.s:28     .text._unhandled_exception:00000000 Vector130
     /tmp/ccg97mN0.s:28     .text._unhandled_exception:00000000 Vector12C
     /tmp/ccg97mN0.s:28     .text._unhandled_exception:00000000 Vector128
     /tmp/ccg97mN0.s:28     .text._unhandled_exception:00000000 Vector124
     /tmp/ccg97mN0.s:28     .text._unhandled_exception:00000000 Vector120
     /tmp/ccg97mN0.s:28     .text._unhandled_exception:00000000 Vector11C
     /tmp/ccg97mN0.s:28     .text._unhandled_exception:00000000 Vector118
     /tmp/ccg97mN0.s:28     .text._unhandled_exception:00000000 Vector114
     /tmp/ccg97mN0.s:28     .text._unhandled_exception:00000000 Vector110
     /tmp/ccg97mN0.s:28     .text._unhandled_exception:00000000 Vector10C
     /tmp/ccg97mN0.s:28     .text._unhandled_exception:00000000 Vector108
     /tmp/ccg97mN0.s:28     .text._unhandled_exception:00000000 Vector104
     /tmp/ccg97mN0.s:28     .text._unhandled_exception:00000000 Vector100
     /tmp/ccg97mN0.s:28     .text._unhandled_exception:00000000 VectorFC
     /tmp/ccg97mN0.s:28     .text._unhandled_exception:00000000 VectorF8
     /tmp/ccg97mN0.s:28     .text._unhandled_exception:00000000 VectorF4
     /tmp/ccg97mN0.s:28     .text._unhandled_exception:00000000 VectorF0
     /tmp/ccg97mN0.s:28     .text._unhandled_exception:00000000 VectorEC
ARM GAS  /tmp/ccg97mN0.s 			page 21


     /tmp/ccg97mN0.s:28     .text._unhandled_exception:00000000 VectorE8
     /tmp/ccg97mN0.s:28     .text._unhandled_exception:00000000 VectorE4
     /tmp/ccg97mN0.s:28     .text._unhandled_exception:00000000 VectorE0
     /tmp/ccg97mN0.s:28     .text._unhandled_exception:00000000 VectorDC
     /tmp/ccg97mN0.s:28     .text._unhandled_exception:00000000 VectorD8
     /tmp/ccg97mN0.s:28     .text._unhandled_exception:00000000 VectorD4
     /tmp/ccg97mN0.s:28     .text._unhandled_exception:00000000 VectorD0
     /tmp/ccg97mN0.s:28     .text._unhandled_exception:00000000 VectorCC
     /tmp/ccg97mN0.s:28     .text._unhandled_exception:00000000 VectorC8
     /tmp/ccg97mN0.s:28     .text._unhandled_exception:00000000 VectorC4
     /tmp/ccg97mN0.s:28     .text._unhandled_exception:00000000 VectorC0
     /tmp/ccg97mN0.s:28     .text._unhandled_exception:00000000 VectorBC
     /tmp/ccg97mN0.s:28     .text._unhandled_exception:00000000 VectorB8
     /tmp/ccg97mN0.s:28     .text._unhandled_exception:00000000 VectorB4
     /tmp/ccg97mN0.s:28     .text._unhandled_exception:00000000 VectorB0
     /tmp/ccg97mN0.s:28     .text._unhandled_exception:00000000 VectorAC
     /tmp/ccg97mN0.s:28     .text._unhandled_exception:00000000 VectorA8
     /tmp/ccg97mN0.s:28     .text._unhandled_exception:00000000 VectorA4
     /tmp/ccg97mN0.s:28     .text._unhandled_exception:00000000 VectorA0
     /tmp/ccg97mN0.s:28     .text._unhandled_exception:00000000 Vector9C
     /tmp/ccg97mN0.s:28     .text._unhandled_exception:00000000 Vector98
     /tmp/ccg97mN0.s:28     .text._unhandled_exception:00000000 Vector94
     /tmp/ccg97mN0.s:28     .text._unhandled_exception:00000000 Vector90
     /tmp/ccg97mN0.s:28     .text._unhandled_exception:00000000 Vector8C
     /tmp/ccg97mN0.s:28     .text._unhandled_exception:00000000 Vector88
     /tmp/ccg97mN0.s:28     .text._unhandled_exception:00000000 Vector84
     /tmp/ccg97mN0.s:28     .text._unhandled_exception:00000000 Vector80
     /tmp/ccg97mN0.s:28     .text._unhandled_exception:00000000 Vector7C
     /tmp/ccg97mN0.s:28     .text._unhandled_exception:00000000 Vector78
     /tmp/ccg97mN0.s:28     .text._unhandled_exception:00000000 Vector74
     /tmp/ccg97mN0.s:28     .text._unhandled_exception:00000000 Vector70
     /tmp/ccg97mN0.s:28     .text._unhandled_exception:00000000 Vector6C
     /tmp/ccg97mN0.s:28     .text._unhandled_exception:00000000 Vector68
     /tmp/ccg97mN0.s:28     .text._unhandled_exception:00000000 Vector64
     /tmp/ccg97mN0.s:28     .text._unhandled_exception:00000000 Vector60
     /tmp/ccg97mN0.s:28     .text._unhandled_exception:00000000 Vector5C
     /tmp/ccg97mN0.s:28     .text._unhandled_exception:00000000 Vector58
     /tmp/ccg97mN0.s:28     .text._unhandled_exception:00000000 Vector54
     /tmp/ccg97mN0.s:28     .text._unhandled_exception:00000000 Vector50
     /tmp/ccg97mN0.s:28     .text._unhandled_exception:00000000 Vector4C
     /tmp/ccg97mN0.s:28     .text._unhandled_exception:00000000 Vector48
     /tmp/ccg97mN0.s:28     .text._unhandled_exception:00000000 Vector44
     /tmp/ccg97mN0.s:28     .text._unhandled_exception:00000000 Vector40
     /tmp/ccg97mN0.s:28     .text._unhandled_exception:00000000 SysTick_Handler
     /tmp/ccg97mN0.s:28     .text._unhandled_exception:00000000 PendSV_Handler
     /tmp/ccg97mN0.s:28     .text._unhandled_exception:00000000 Vector34
     /tmp/ccg97mN0.s:28     .text._unhandled_exception:00000000 DebugMon_Handler
     /tmp/ccg97mN0.s:28     .text._unhandled_exception:00000000 SVC_Handler
     /tmp/ccg97mN0.s:28     .text._unhandled_exception:00000000 Vector28
     /tmp/ccg97mN0.s:28     .text._unhandled_exception:00000000 Vector24
     /tmp/ccg97mN0.s:28     .text._unhandled_exception:00000000 Vector20
     /tmp/ccg97mN0.s:28     .text._unhandled_exception:00000000 Vector1C
     /tmp/ccg97mN0.s:28     .text._unhandled_exception:00000000 UsageFault_Handler
     /tmp/ccg97mN0.s:28     .text._unhandled_exception:00000000 BusFault_Handler
     /tmp/ccg97mN0.s:28     .text._unhandled_exception:00000000 MemManage_Handler
     /tmp/ccg97mN0.s:28     .text._unhandled_exception:00000000 HardFault_Handler
     /tmp/ccg97mN0.s:28     .text._unhandled_exception:00000000 NMI_Handler
ARM GAS  /tmp/ccg97mN0.s 			page 22


     /tmp/ccg97mN0.s:28     .text._unhandled_exception:00000000 Reset_Handler
     /tmp/ccg97mN0.s:271    .vectors:00000000 _vectors
     /tmp/ccg97mN0.s:268    .vectors:00000000 $d

UNDEFINED SYMBOLS
__main_stack_end__
